domain:daojia.com
domain:diandao.org
domain:jxedt.com
domain:58antenna.cn
domain:58antenna.com
domain:ganjistatic1.com
domain:58che.com
domain:58control.cn
domain:58corp.com
domain:58dns.org
domain:58lovepet.com
domain:58uxd.com
domain:58v5.cn
domain:58xinghuo.cn
domain:58xinghuo.com
domain:58xueche.com
domain:anjuke.com
domain:anjukestatic.com
domain:chinahr.com
domain:chrstatic.com
domain:ganji.com
domain:58.com
domain:5858.com
domain:jxksw.net
domain:kgdc.cn
domain:kgtest.cn
domain:roomeet.cn
domain:58ganji-corp.com
domain:xinchong.com
domain:xueche.com
domain:zhuancorp.com
domain:zhuaninc.com
domain:zhuanspirit.cn
domain:zhuanspirit.com
domain:zhuanstatic.com
domain:zhuanzhuan.com
domain:kaoshibao.com
domain:zaixiankaoshi.com
domain:58ganji.com
domain:xgo-img.com.cn
domain:58.com.cn
domain:58cdn.com.cn
