full:blizzard.nefficient.co.kr
full:blzddist1-a.akamaihd.net
full:blzddistkr1-a.akamaihd.net
full:bnetcmsus-a.akamaihd.net
full:bnetproduct-a.akamaihd.net
full:bnetshopus.akamaized.net
full:blizzcon-a.akamaihd.net
full:blzmedia-a.akamaihd.net
full:blznav.akamaized.net
domain:candycrush.com
domain:king.com
domain:activisionblizzard.com
domain:activisionblizzardmedia.com
domain:benefitsforeveryworld.com
domain:europeanwarzoneseries.com
domain:activision.com
domain:callofduty.com
domain:callofdutyendowment.com
domain:callofdutyendowment.org
domain:callofdutyleague.com
domain:callofdutymobile.com
domain:crashbandicoot.com
domain:demonware.net
domain:highmoonstudios.com
domain:infinityward.com
domain:ravensoftware.com
domain:sekirothegame.com
domain:sierragames.com
domain:skylanders.com
domain:sledgehammergames.com
domain:solidstate.com
domain:spyrothedragon.com
domain:tonyhawk.com
domain:tonyhawkthegame.com
domain:treyarch.com
domain:worldseriesofwarzone.com
domain:blizzard.com
domain:blizzardgearstore.com
domain:blz-contentstack.com
domain:battle.net
domain:diablo.com
domain:diablo3.com
domain:diablo4.com
domain:diabloimmortal.com
domain:firesidegatherings.com
domain:playhearthstone.com
domain:heroesofthestorm.com
domain:playoverwatch.com
domain:starcraft.com
domain:starcraft2.com
domain:playwarcraft3.com
domain:worldofwarcraft.com
