domain:amplitude.com
domain:api-secure.amplitude.com
domain:api-secure.eu.amplitude.com
domain:api-sr.amplitude.com
domain:api-sr.eu.amplitude.com
domain:api.amplitude.com
domain:api.eu.amplitude.com
domain:api2.amplitude.com
domain:assistant-api.amplitude.com
domain:assistant-api.eu.amplitude.com
domain:cdn.amplitude.com
domain:cdn.eu.amplitude.com
domain:engagement-static.amplitude.com
domain:engagement-static.eu.amplitude.com
domain:gs.amplitude.com
domain:gs.eu.amplitude.com
domain:lab.amplitude.com
domain:lab.eu.amplitude.com
domain:regionconfig.amplitude.com
domain:regionconfig.eu.amplitude.com
domain:sr-client-cfg.amplitude.com
domain:sr-client-cfg.eu.amplitude.com
