domain:nbmzyl.com
domain:auxyl.com
domain:auxcss.com
domain:auxgroup.com
domain:auxshop.cn
domain:auxshop.com
domain:auxwy.com
domain:auxsol.com
domain:solarcloud.top
domain:auxsolcloud.com
domain:sanxing.com
domain:nbyzfeyy.com
domain:mzyygk.com
domain:mzgjbj.com
domain:mzyyfck.com
domain:mzyygb.com
domain:auxtelecom.com
domain:mzyyzl.com
domain:aux-home.com
domain:nbmzyy.com
domain:auxsmart.com.cn
domain:auxauto.com.cn
domain:shuyifuwu.com.cn
domain:auxsolar.com.cn
domain:aufit-air.com
domain:aux-global.com
domain:auxair.com
domain:auxcac.cn
domain:auxsmart.com
domain:sanxingelectric.com
domain:shinflow.com
