domain:aws
domain:awsbraket.com
domain:thinkboxsoftware.com
domain:aesworkshops.com
domain:amazonaws-china.com
domain:amazonaws.biz
domain:amazonaws.com
domain:amazonaws.info
domain:amazonaws.net
domain:amazonaws.org
domain:amazonaws.tv
domain:amazoncognito.com
domain:amazonses.com
domain:amazonwebservices.com
domain:amazonworkdocs.com
domain:amplifyapp.com
domain:amplifyframework.com
domain:aws-iot-hackathon.com
domain:aws.com
domain:aws.dev
domain:awsapprunner.com
domain:awsapps.com
domain:awsautopilot.com
domain:awsautoscaling.com
domain:acmvalidations.com
domain:acmvalidationsaws.com
domain:awscommandlineinterface.com
domain:awseducate.com
domain:awseducate.net
domain:awseducate.org
domain:awsglobalaccelerator.com
domain:awsloft-johannesburg.com
domain:awsloft-stockholm.com
domain:awssecworkshops.com
domain:awsstatic.com
domain:awsthinkbox.com
domain:awstrack.me
domain:awswaf.com
domain:cdkworkshop.com
domain:cloudfront.com
domain:cloudfront.net
domain:containersonaws.com
domain:elasticbeanstalk.com
domain:awsedstart.com
domain:amzndns.com
domain:amzndns.org
domain:amzndns.net
domain:aws.amazon.com
domain:aws.a2z.com
domain:amazonaws.co.uk
domain:amzndns.co.uk
regex:.+\.awsdns-[0-9][0-9]\.(co\.uk|com|net|org)$
domain:a2z.org.cn
domain:amazonaws.cn
domain:amazonaws.com.cn
domain:amazonwebservices.cn
domain:amazonwebservices.com.cn
domain:amazonworkdocs.cn
domain:amazonworkdocs.com.cn
domain:asfiovnxocqpcry.com.cn
domain:aws-border.cn
domain:aws-icp-domain-manager.cn
domain:awsapps.cn
domain:awsapps.com.cn
domain:awsstatic.cn
domain:cloudfront-cn.net
domain:cloudfront-test.cn
domain:cloudfront.cn
domain:nwcdcloud.cn
domain:nwcdcloud.com.cn
domain:nwcddns.cn
domain:nwcdinfosec.cn
domain:route53.cn
domain:sagemaker.com.cn
domain:amzndns-cn.biz
domain:amzndns-cn.cn
domain:amzndns-cn.com
domain:amzndns-cn.net
regex:.+\.awsdns-cn-[0-9][0-9]\.(biz|com|net|top)$
regex:.+\.awsdns-cn-[0-9][a-e0-9]\.cn$
