domain:bilicomic.com
domain:bilicomics.com
domain:maoer.com
domain:missevan.com
domain:acg.tv
domain:acgvideo.com
domain:animetamashi.cn
domain:animetamashi.com
domain:anitama.cn
domain:anitama.net
domain:b23.tv
domain:bigfun.cn
domain:bigfunapp.cn
domain:bili22.cn
domain:bili2233.cn
domain:bili23.cn
domain:bili33.cn
domain:biliapi.com
domain:biliapi.net
domain:bilibili.cc
domain:bilibili.cn
domain:bilibili.com
domain:bilibili.net
domain:bilibilipay.cn
domain:bilibilipay.com
domain:biligo.com
domain:huasheng.cn
domain:im9.com
domain:updream.cn
domain:yo9.com
domain:bilicdn1.com
domain:bilicdn2.com
domain:bilicdn3.com
domain:bilicdn4.com
domain:bilicdn5.com
domain:biliimg.com
domain:bilivideo.cn
domain:bilivideo.com
domain:bilivideo.net
domain:hdslb.com
domain:hdslb.org
domain:maoercdn.com
domain:mincdn.com
domain:bilibiligame.cn
domain:bilibiligame.co
domain:bilibiligame.net
domain:biligame.co
domain:biligame.com
domain:biligame.net
domain:bilibili.tv
domain:biliintl.com
domain:dreamcast.hk
full:upos-hz-mirrorakam.akamaized.net
