domain:canon
domain:canon.lv
domain:canon.ro
domain:canon-cmos-sensors.com
domain:canon-cna.com
domain:canonproprinters.com
domain:canon-emea.com
domain:canon-emirates.ae
domain:canon-europa.com
domain:canon-europe.com
domain:canon-me.com
domain:canon-ois.qa
domain:canonfoundation.org
domain:canon.am
domain:canon.at
domain:canon.az
domain:canon.ba
domain:canon.be
domain:canon.bg
domain:canon.ca
domain:canon.ch
domain:canon.uz
domain:canon.ua
domain:canon.tj
domain:canon.com
domain:canon.sk
domain:canon.si
domain:canon.se
domain:canon.ru
domain:canon.rs
domain:canon.cz
domain:canon.pt
domain:canon.pl
domain:canon.no
domain:canon.de
domain:canon-cee.com
domain:canon.nl
domain:canon.dk
domain:canon.ee
domain:canon.es
domain:canon.fi
domain:canon.fr
domain:canon.ge
domain:canon.gr
domain:canon.hr
domain:canon.hu
domain:canon.ie
domain:canon.it
domain:canon.kz
domain:canon.lt
domain:canon.lu
domain:c-ij.com
domain:canon.me
domain:canon.net
domain:canon.com.au
domain:canon.co.za
domain:canon.com.my
domain:canon.com.mt
domain:canon.com.mk
domain:canon.com.tw
domain:canon-ebm.com.hk
domain:canon.com.cy
domain:canon.com.hk
domain:canon.com.al
domain:canon.com.by
domain:canon.co.uk
domain:canon.co.il
domain:canon-se.com.tw
domain:canon.com.tr
domain:canon.cn
domain:canon.com.cn
