full:medone-education.thieme.com
full:angle.com.tw
full:beck-online.beck.de
full:databank.worldbank.org
full:database.asahi.com
full:dl.begellhouse.com
full:elib.maruzen.co.jp
full:firstsearch.oclc.org
full:muse.jhu.edu
full:t21.nikkei.co.jp
full:t21ipau.nikkei.co.jp
full:ulrichsweb.serialssolutions.com
full:wrds-www.wharton.upenn.edu
full:imperial.insendi.com
full:scholar.google.ae
full:scholar.google.at
full:scholar.google.be
full:scholar.google.bg
full:scholar.google.ca
full:scholar.google.cat
full:scholar.google.ch
full:scholar.google.cl
full:scholar.google.cn
full:scholar.google.co.cr
full:scholar.google.co.id
full:scholar.google.co.il
full:scholar.google.co.in
full:scholar.google.co.jp
full:scholar.google.co.kr
full:scholar.google.co.nz
full:scholar.google.co.th
full:scholar.google.co.uk
full:scholar.google.co.ve
full:scholar.google.co.za
full:scholar.google.com
full:scholar.google.com.ar
full:scholar.google.com.au
full:scholar.google.com.bo
full:scholar.google.com.br
full:scholar.google.com.co
full:scholar.google.com.cu
full:scholar.google.com.do
full:scholar.google.com.ec
full:scholar.google.com.eg
full:scholar.google.com.gt
full:scholar.google.com.hk
full:scholar.google.com.ly
full:scholar.google.com.mx
full:scholar.google.com.my
full:scholar.google.com.ni
full:scholar.google.com.pa
full:scholar.google.com.pe
full:scholar.google.com.ph
full:scholar.google.com.pk
full:scholar.google.com.pr
full:scholar.google.com.py
full:scholar.google.com.sg
full:scholar.google.com.sv
full:scholar.google.com.tr
full:scholar.google.com.tw
full:scholar.google.com.ua
full:scholar.google.com.uy
full:scholar.google.com.vn
full:scholar.google.cz
full:scholar.google.de
full:scholar.google.dk
full:scholar.google.es
full:scholar.google.fi
full:scholar.google.fr
full:scholar.google.gr
full:scholar.google.hn
full:scholar.google.hr
full:scholar.google.hu
full:scholar.google.is
full:scholar.google.it
full:scholar.google.li
full:scholar.google.lt
full:scholar.google.lu
full:scholar.google.lv
full:scholar.google.nl
full:scholar.google.no
full:scholar.google.pl
full:scholar.google.pt
full:scholar.google.ro
full:scholar.google.ru
full:scholar.google.se
full:scholar.google.si
full:scholar.google.sk
full:scholar.googleusercontent.com
full:scholar.l.google.com
domain:mit
domain:b-ok.global
domain:isiknowledge.com
domain:aclweb.org
domain:acm.org
domain:acs.org
domain:agu.org
domain:aiaa.org
domain:aimsciences.org
domain:airiti.com
domain:airitilibrary.com
domain:alexanderstreet.com
domain:alphaxiv.org
domain:altmetric.com
domain:proquest.com
domain:ams.org
domain:analytictech.com
domain:anatomy.tv
domain:annualreviews.org
domain:aps.org
domain:arabidopsis.org
domain:artstor.org
domain:arxiv.org
domain:ascelibrary.org
domain:asha.org
domain:asm.org
domain:asme.org
domain:asminternational.org
domain:asn-online.org
domain:aspbjournals.org
domain:aspenpublishing.com
domain:astm.org
domain:berkeley.edu
domain:biologists.com
domain:biomedcentral.com
domain:bioone.org
domain:biorxiv.org
domain:bloomsburycollections.com
domain:bloomsburydesignlibrary.com
domain:bmj.com
domain:booksinprint.com
domain:brepolis.net
domain:brill.com
domain:bvdinfo.com
domain:cairn.info
domain:capitaliq.com
domain:cas.org
domain:ceicdata.com
domain:chemnetbase.com
domain:choicereviews.org
domain:cios.org
domain:cmu.edu
domain:cochranelibrary.com
domain:computingreviews.com
domain:csrankings.org
domain:degruyter.com
domain:dentalhypotheses.com
domain:ebsco.com
domain:ebscohost.com
domain:electrochem.org
domain:elgaronline.com
domain:elifesciences.org
domain:embase.com
domain:emerald.com
domain:ems-ph.org
domain:eurekaselect.com
domain:europepmc.org
domain:facultyopinions.com
domain:frontiersin.org
domain:gale.com
domain:galegroup.com
domain:geolytics.com
domain:ggsrv.com
domain:global-sci.org
domain:heinonline.org
domain:highwirepress.com
domain:hindawi.com
domain:hotcrp.com
domain:icevirtuallibrary.com
domain:serialssolutions.com
domain:igi-global.com
domain:igpublish.com
domain:vtsociety.org
domain:technologyandsociety.org
domain:informs.org
domain:ioinformatics.org
domain:iop.org
domain:isca-speech.org
domain:iwaponline.com
domain:jamanetwork.com
domain:japanknowledge.com
domain:jbe-platform.com
domain:jmlr.org
domain:jneurosci.org
domain:jove.com
domain:signalprocessingsociety.org
domain:jstor.org
domain:karger.com
domain:kuke.com
domain:photonicssociety.org
domain:lexisnexis.com
domain:literatumonline.com
domain:mdpi.com
domain:medrxiv.org
domain:morganclaypool.com
domain:nature.com
domain:naturemag.org
domain:mtt.org
domain:itsoc.org
domain:nejm.org
domain:neurology.org
domain:ieeesystemscouncil.org
domain:oecd-ilibrary.org
domain:openreview.net
domain:optica.org
domain:osapublishing.org
domain:ovid.com
domain:peerj.com
domain:physiology.org
domain:plos.org
domain:pnas.org
domain:princeton.edu
domain:projecteuclid.org
domain:researchgate.net
domain:routledgehandbooks.com
domain:royalsocietypublishing.org
domain:rsc.org
domain:rupress.org
domain:sae.org
domain:sagepub.com
domain:scholarpedia.org
domain:science.com
domain:science.org
domain:sciencemag.org
domain:scienceonline.org
domain:scientificamerican.com
domain:scitation.org
domain:semanticscholar.org
domain:siam.org
domain:sigcomm.org
domain:sigops.org
domain:silverchair-cdn.com
domain:spiedigitallibrary.org
domain:statsmakemecry.com
domain:thelancet.com
domain:tickdata.com
domain:thieme.de
domain:thieme-connect.com
domain:thieme-connect.de
domain:totalmateria.com
domain:uchicago.edu
domain:ucla.edu
domain:umass.edu
domain:usaco.org
domain:usenix.org
domain:westlaw.com
domain:wiley.com
domain:wolterskluwer.com
domain:worldscientific.com
domain:yale.edu
domain:zenodo.org
domain:oxfordreference.com
domain:oxfordfirstsource.com
domain:oxfordscholarlyeditions.com
domain:blackstonespoliceservice.com
domain:epigeum.com
domain:oed.com
domain:omscr.com
domain:oup.com
domain:ouplaw.com
domain:veryshortintroductions.com
domain:oxfordaasc.com
domain:oxfordartonline.com
domain:oxfordbibliographies.com
domain:oxfordclinicalpsych.com
domain:oxforddnb.com
domain:anb.org
domain:oxfordpoliticstrove.com
domain:amamanualofstyle.com
domain:oxfordmedicine.com
domain:oxfordmusiconline.com
domain:ac.uk
domain:oxfordhandbooks.com
domain:oxfordre.com
domain:oxfordlawtrove.com
domain:oxfordscholarship.com
domain:oxfordwesternmusic.com
domain:sipriyearbook.org
domain:ukwhoswho.com
domain:universitypressscholarship.com
domain:imperialbusiness.school
domain:livinno.org
domain:opac-project.eu
domain:cambridgemaths.org
domain:cambridgedigital.net
domain:cambridge.org
domain:cambridgeschoolshakespeare.com
domain:ieeesmc.org
domain:ieeeoes.org
domain:ieeenano.org
domain:ieeemagnetics.org
domain:jtt.ir
domain:ieeedeis.org
domain:bookfi.net
domain:ieeecss.org
domain:apa.org
domain:psyccareers.com
domain:cell.com
domain:clinicalkey.com
domain:els-cdn.com
domain:elsevier-ae.com
domain:elsevier.com
domain:elsevier.io
domain:engineeringvillage.com
domain:evise.com
domain:fundinginstitutional.com
domain:knovel.com
domain:mendeley.com
domain:reaxys.com
domain:scival.com
domain:scopus.com
domain:ieeecsc.org
domain:mit.edu
domain:mit.net
domain:mitpressjournals.org
domain:apress.com
domain:springer.com
domain:springerlink.com
domain:springernature.com
domain:wkap.nl
domain:tandfonline.com
domain:taylorandfrancis.com
domain:taylorfrancis.com
domain:ieeeaps.org
domain:xn--fiqs8s1byzqyvl.hk
domain:xn--fiqs8s1byzqyvl.xn--j6w193g
domain:hkbu.hk
domain:xn--gdt08a.hk
domain:xn--gdt08a.xn--j6w193g
domain:xn--fiqs8s1bxp3anr7a.hk
domain:xn--fiqs8s1bxp3anr7a.xn--j6w193g
domain:xn--pssu7cv61ahw8aq79bztd.hk
domain:xn--pssu7cv61ahw8aq79bztd.xn--j6w193g
domain:xn--pssu7cv61af1tcs59bnvd.xn--j6w193g
domain:hku.hk
domain:xn--pssu7cv61af44b.hk
domain:xn--pssu7cv61af44b.xn--j6w193g
domain:xn--pssu7cv61af1tcs59bnvd.hk
domain:hkust.hk
domain:xn--pssu7ci2j23mp9ny48b.hk
domain:xn--pssu7ci2j23mp9ny48b.xn--j6w193g
domain:xn--wcvs22d1m.xn--j6w193g
domain:polyu.hk
domain:xn--wcvs22d1m.hk
domain:xn--wcvs22d.xn--j6w193g
domain:xn--wcv22d.xn--j6w193g
domain:xn--wcv22d.hk
domain:cityu.hk
domain:xn--uis44a.xn--j6w193g
domain:eduhk.hk
domain:xn--pssu7cv61ahwcb1p2yk.xn--j6w193g
domain:cuhk.hk
domain:xn--mxtq18a.hk
domain:xn--mxtq18a.xn--j6w193g
domain:edu.hk
domain:xn--pssu7cv61ahwcb1p2yk.hk
domain:ieee-uffc.org
domain:ieee-tems.org
domain:ieee-sensors.org
domain:ieee-ras.org
domain:ieee-pes.org
domain:ieee-pels.org
domain:ieee-npss.org
domain:ieee-ims.org
domain:ieee-ies.org
domain:ieee-edusociety.org
domain:ieee-ceda.org
domain:doi.org
domain:doi.info
domain:sci-hub.se
domain:sci-hub.ee
domain:sci-hub.st
domain:ieee-cas.org
domain:ieee-aess.org
domain:grss-ieee.org
domain:sciencedirect.com
domain:sciencedirectassets.com
domain:bookshome.info
domain:2lib.org
domain:1lib.domains
domain:1lib.education
domain:1lib.eu
domain:1lib.limited
domain:1lib.pl
domain:1lib.sk
domain:1lib.to
domain:1lib.cloud
domain:booksc.xyz
domain:3lib.net
domain:art1lib.com
domain:b-ok.africa
domain:b-ok.asia
domain:b-ok.cc
domain:aacrjournals.org
domain:b-ok.org
domain:book4you.org
domain:emcs.org
domain:booksc.eu
domain:booksc.me
domain:1lib.cz
domain:booksc.org
domain:1lib.tw
domain:bookshome.net
domain:bookshome.world
domain:de1lib.org
domain:zlibcdn2.com
domain:hk1lib.org
domain:libsolutions.app
domain:libsolutions.domains
domain:libsolutions.net
domain:ma1lib.org
domain:sg1lib.org
domain:singlelogin.app
domain:singlelogin.me
domain:singlelogin.re
domain:singlelogin.site
domain:z-lib.fm
domain:z-lib.gd
domain:z-lib.gl
domain:z-lib.org
domain:z-library.sk
domain:z-library.se
domain:zlib.life
domain:zlibcdn.com
domain:embs.org
domain:ac.ir
domain:edu.ir
domain:iranlms.ir
domain:comsoc.org
domain:sanjesh.org
domain:sharif.edu
domain:sharif.ir
domain:srttu.edu
domain:computer.org
domain:clarivate.com
domain:webofknowledge.com
domain:webofscience.com
domain:newisiknowledge.com
domain:techstreet.com
domain:ieee.org
domain:ieee.tv
domain:tryengineering.org
domain:ieee-ccnc.org
domain:ieee-ecce.org
domain:ieeemce.org
domain:standardsuniversity.org
domain:ieee-region6.org
domain:ieee.ca
domain:ieeer10.org
domain:ieeer5.org
domain:ieeer8.org
domain:ieeeusa.org
domain:ieeefoundation.org
domain:ieee-into-focus.org
domain:ieee-vics.org
domain:ieeeday.org
domain:datasheets360.com
domain:globalspec.com
domain:ieee-isto.org
domain:dln1.ncdn.ec
domain:tandf.co.uk
domain:sci.hubg.org
domain:sci-hub.mksa.top
domain:sci-hub.it.nf
domain:ncl.edu.tw
domain:academic.eb.com
domain:amdigital.co.uk
domain:acaric.co.jp
domain:dlib.eastview.com
domain:nii.ac.jp
domain:icsd.fiz-karlsruhe.de
domain:lawdata.com.tw
domain:hanzhen.xmulib.org
domain:infolinker.com.tw
domain:jstage.jst.go.jp
domain:ncbi.nlm.nih.gov
