full:eset-prod-ca48648d0ce7cadf.elb.eu-central-1.amazonaws.com
full:epc-de-agent-proxy.germanywestcentral.cloudapp.azure.com
domain:avast.com
domain:avg.com
domain:avira.com
domain:bitdefender.com
domain:clamwin.com
domain:f-secure.com
domain:mcafee.com
domain:norton.com
domain:pandasecurity.com
domain:comodo.com
domain:comodo.net
domain:drweb.by
domain:drweb.cn
domain:drweb.com
domain:drweb.fr
domain:drweb.kz
domain:drweb.ru
domain:drweb.uz
domain:drweb-av.de
domain:drweb-av.es
domain:drweb-av.it
domain:drweb-av.pl
domain:e5.sk
domain:eset.com
domain:eset.eu
domain:eset.sk
domain:eset.systems
domain:esetsoftware.com
domain:kaspersky.nl
domain:kaspersky.my
domain:kaspersky.be
domain:kaspersky.ca
domain:kaspersky.se
domain:kaspersky.ru
domain:kaspersky.rs
domain:kaspersky.ro
domain:kaspersky-labs.com
domain:kaspersky.ma
domain:kaspersky.com
domain:kaspersky.fi
domain:kaspersky.pt
domain:kaspersky.kz
domain:kaspersky.it
domain:kaspersky.gr
domain:kaspersky.fr
domain:kaspersky.cz
domain:kaspersky.de
domain:kaspersky.dk
domain:kaspersky.dz
domain:kaspersky.es
domain:symantec.com
domain:symantecliveupdate.com
domain:drweb.co.jp
domain:kaspersky.co.uk
domain:kaspersky.com.vn
domain:kaspersky.com.tw
domain:kaspersky.com.tr
domain:kaspersky.com.pl
domain:kaspersky.com.hk
domain:kaspersky.com.br
domain:kaspersky.com.au
domain:kaspersky.co.za
domain:kaspersky.co.th
domain:kaspersky.co.kr
domain:kaspersky.co.jp
domain:kaspersky.co.in
domain:cn.eset.com
domain:kaspersky.com.cn
full:activation-v2.kaspersky.com
full:activation-v2.geo.kaspersky.com
full:activate.activation-v2.kaspersky.com
full:refresh-bkg.activation-v2.kaspersky.com
full:crl.kaspersky.com
full:dc1.ksn.kaspersky-labs.com
full:dc1-cert.ksn.kaspersky-labs.com
full:dc1-file.ksn.kaspersky-labs.com
full:dc1-pp.ksn.kaspersky-labs.com
full:dc1-st.ksn.kaspersky-labs.com
full:dnl-00.geo.kaspersky.com
full:dnl-01.geo.kaspersky.com
full:dnl-02.geo.kaspersky.com
full:dnl-03.geo.kaspersky.com
full:dnl-04.geo.kaspersky.com
full:dnl-05.geo.kaspersky.com
full:dnl-06.geo.kaspersky.com
full:dnl-07.geo.kaspersky.com
full:dnl-08.geo.kaspersky.com
full:dnl-09.geo.kaspersky.com
full:dnl-10.geo.kaspersky.com
full:dnl-11.geo.kaspersky.com
full:dnl-12.geo.kaspersky.com
full:dnl-13.geo.kaspersky.com
full:dnl-14.geo.kaspersky.com
full:dnl-15.geo.kaspersky.com
full:dnl-16.geo.kaspersky.com
full:dnl-17.geo.kaspersky.com
full:dnl-18.geo.kaspersky.com
full:dnl-19.geo.kaspersky.com
full:edge.geo.kaspersky.com
full:ksn-cinfo.geoksn.kaspersky.com
full:ksn-cinfo-geo.kaspersky-labs.com
full:ksn-crypto-info-geo.kaspersky-labs.com
full:ksn-crypto-kas-geo.kaspersky-labs.com
full:ksn-crypto-tcert-geo.kaspersky-labs.com
full:ksn-crypto-url-geo.kaspersky-labs.com
full:ksn-crypto-verdict-geo.kaspersky-labs.com
full:ksn-crypto-wifiplus.geoksn.kaspersky.com
full:ksn-crypto-wifiplus-geo.kaspersky-labs.com
full:ksn-dc1.geoksn.kaspersky.com
full:ksn-dc1-cert.geoksn.kaspersky.com
full:ksn-dc1-file.geoksn.kaspersky.com
full:ksn-file.geoksn.kaspersky.com
full:ksn-file-geo.kaspersky-labs.com
full:ksn-info.geoksn.kaspersky.com
full:ksn-info-geo.kaspersky-labs.com
full:ksn-kas.geoksn.kaspersky.com
full:ksn-mdr.geoksn.kaspersky.com
full:ksn-tcert.geoksn.kaspersky.com
full:ksn-tcert-geo.kaspersky-labs.com
full:ksn-url.geoksn.kaspersky.com
full:ksn-url-geo.kaspersky-labs.com
full:ksn-verdict.geoksn.kaspersky.com
full:ksn-verdict-geo.kaspersky-labs.com
full:mdr.ksn.kaspersky-labs.com
full:p00.upd.kaspersky.com
full:p01.upd.kaspersky.com
full:p02.upd.kaspersky.com
full:p03.upd.kaspersky.com
full:p04.upd.kaspersky.com
full:p05.upd.kaspersky.com
full:p06.upd.kaspersky.com
full:p07.upd.kaspersky.com
full:p08.upd.kaspersky.com
full:p09.upd.kaspersky.com
full:p10.upd.kaspersky.com
full:p11.upd.kaspersky.com
full:p12.upd.kaspersky.com
full:p13.upd.kaspersky.com
full:p14.upd.kaspersky.com
full:p15.upd.kaspersky.com
full:p16.upd.kaspersky.com
full:p17.upd.kaspersky.com
full:p18.upd.kaspersky.com
full:p19.upd.kaspersky.com
full:s00.upd.kaspersky.com
full:s01.upd.kaspersky.com
full:s02.upd.kaspersky.com
full:s03.upd.kaspersky.com
full:s04.upd.kaspersky.com
full:s05.upd.kaspersky.com
full:s06.upd.kaspersky.com
full:s07.upd.kaspersky.com
full:s08.upd.kaspersky.com
full:s09.upd.kaspersky.com
full:s10.upd.kaspersky.com
full:s11.upd.kaspersky.com
full:s12.upd.kaspersky.com
full:s13.upd.kaspersky.com
full:s14.upd.kaspersky.com
full:s15.upd.kaspersky.com
full:s16.upd.kaspersky.com
full:s17.upd.kaspersky.com
full:s18.upd.kaspersky.com
full:s19.upd.kaspersky.com
