domain:3dnews.ru
domain:cnconf.ru
domain:cnews.ru
domain:cnewsforum.ru
domain:durovscode.com
domain:ferra.ru
domain:hacksoft.ru
domain:hardware.ru
domain:iguides.ru
domain:kod.ru
domain:seclab.lat
domain:securitylab.ru
domain:servernews.ru
domain:ixbt.com
domain:ixbt.games
domain:ixbt.pro
domain:ixbt.ru
domain:ixbt.market
domain:ixbt.media
domain:ixbt.shop
domain:ixbt.site
domain:ixbt.video
domain:ovcl.ru
domain:overclockers.ru
domain:overclock.ru
domain:overclocker.ru
domain:overclocking.ru
domain:overi.ru
domain:xn--80aglfyfk.xn--p1ai
domain:xn--80aglzei.xn--p1ai
domain:xn--b1agatafrepfl.xn--p1ai
domain:xn--b1agpaeoen.xn--p1ai
domain:xn--b1agzk.xn--p1ai
domain:xn--b1agzk9c.xn--p1ai
