domain:yili.com
domain:telunsu.net
domain:haidilao.com
domain:hdlcdns.com
domain:kiwa-tech.com
domain:heytea.com
domain:anlaiye.com
domain:yyds.co
domain:imcoming.com
domain:imcome.net
domain:meican.com
domain:meicanstatic.com
domain:nongfuspring.com
domain:luckincoffeecdn.com
domain:lkcoffee.com
domain:whhhealth.com
domain:shuxinyc.com
domain:mxbc.com
domain:mxbc.net
domain:hophing.cn
domain:lppzimg.com
domain:lppz.com
domain:hwwt8.com
domain:qmimg.cn
domain:yumchina.com
domain:qmai.com
domain:vipbcw.com
domain:517lppz.com
domain:bkchina.cn
domain:kemen.cn
domain:micun.com
domain:cofco.com
domain:shuanghui.net
domain:chinabdh.com
domain:hacl.cn
domain:4008117117.com
domain:brightdairy.com
domain:brighticecream.com
domain:chinacow.com
domain:3songshu.com
domain:luhua.cn
domain:qmai.cn
domain:junlebaoruye.com
domain:yihaikerry.net.cn
domain:mengniu.com.cn
domain:greatwallwine.com.cn
domain:chinatea.com.cn
domain:kfc.com.cn
domain:dicos.com.cn
domain:hophing.com.cn
domain:wahaha.com.cn
domain:yst.com.cn
domain:anlaiye.com.cn
domain:logger.qmai.cn
domain:tracking.mcdonalds.com.cn
domain:trackingprd.hwwt8.com
domain:trackserver.shuxinyc.com
domain:starbucks.com.cn
domain:4008-517-517.cn
domain:mcd.cn
domain:mcdchina.net
domain:mcdonalds.com.cn
