domain:viju.ru
domain:restream-media.net
domain:kinescopecdn.net
domain:trbcdn.net
domain:kinorium.com
domain:24h.tv
domain:amediateka.ru
domain:beeline.tv
domain:ivi.ru
domain:ivicdn.tv
domain:premier.one
domain:smotreshka.tv
domain:start.ru
domain:tvigle.ru
domain:cdnvideohub.com
domain:cdnvideo.ru
domain:more.tv
domain:restream.ru
domain:promodj.com
domain:wink.am
domain:wink.ru
domain:rutube.ru
domain:rutubelist.ru
domain:rtbcdn.ru
domain:rutube.sport
domain:kinopoisk.ru
domain:okko.tv
domain:okkoapi.tv
domain:playfamily.ru
domain:okko.sport
domain:kinopoisk-ru.clstorage.net
