domain:b-cdn.net
domain:bunny.net
domain:bunnycdn.com
domain:cdnjs.com
domain:esm.sh
domain:gcdn.co
domain:gcore.com
domain:gcore.pro
domain:pagecdn.com
domain:pagecdn.io
domain:vrcdn.cloud
domain:vrcdn.live
domain:vrcdn.video
domain:esm.run
domain:jsdelivr.com
domain:jsdelivr.net
domain:quantil.com
domain:stackpath.com
domain:stackpath.dev
domain:ak1.net
domain:aka-ai.com
domain:aka-ai.net
domain:akacrypto.net
domain:akadeem.net
domain:akadns.com
domain:akadns.net
domain:akadns6.net
domain:akaeai.com
domain:akafms.net
domain:akagtm.org
domain:akahost.net
domain:akaint.net
domain:akam.net
domain:akamaa.com
domain:akamah.com
domain:akamak.com
domain:akamam.com
domain:akamai-access.com
domain:akamai-access.net
domain:akamai-cdn.com
domain:akamai-platform-internal.net
domain:akamai-platform-staging.com
domain:akamai-platform.net
domain:akamai-regression.net
domain:akamai-staging.net
domain:akamai-sucks.net
domain:akamai-thailand.com
domain:akamai-thailand.net
domain:akamai-trials.com
domain:akamai.net
domain:akamaiedge.net
domain:akamaientrypoint.net
domain:akamaietpcnctest.com
domain:akamaietpcompromisedcnctest.com
domain:akamaietpcompromisedmalwaretest.com
domain:akamaietpmalwaretest.com
domain:akamaietpphishingtest.com
domain:akamaihd-staging.net
domain:akamaihd.com
domain:akamaihd.net
domain:akamaimagicmath.net
domain:akamainewzealand.com
domain:akamaiphillipines.com
domain:akamaiphillipines.net
domain:akamaitech.com
domain:akamaitech.net
domain:akamaitechnologies.com
domain:akamaitechnologies.net
domain:akamaisingapore.net
domain:akamaistream.net
domain:akamaized-staging.net
domain:akamaized.net
domain:akamaizercentral.com
domain:akamci.com
domain:akami.com
domain:akami.net
domain:akamii.com
domain:akamqi.com
domain:akastream.com
domain:akastream.net
domain:akatns.net
domain:akstat.io
domain:edgekey.net
domain:edgesuite.net
domain:iamakamai.com
domain:iamakamai.net
domain:soasta-dswb.com
domain:srtcdn.net
domain:cdn77.com
domain:cdn77.org
domain:argotunnel.com
domain:browser.run
domain:cfargotunnel.com
domain:cfdata.org
domain:cfl.re
domain:cloudflare-dns.com
domain:cloudflare-ech.com
domain:cloudflare-esni.com
domain:cloudflare-gateway.com
domain:cloudflare-quic.com
domain:cloudflare-terms-of-service-abuse.com
domain:cloudflare.app
domain:cloudflare.com
domain:cloudflare.dev
domain:cloudflare.net
domain:cloudflare.pay
domain:cloudflare.tv
domain:cloudflareaccess.com
domain:cloudflareapps.com
domain:cloudflarebolt.com
domain:cloudflarebrowser.com
domain:cloudflarechallenge.com
domain:cloudflareclient.com
domain:cloudflarecp.com
domain:cloudflareinsights.com
domain:cloudflareok.com
domain:cloudflarepartners.com
domain:cloudflareportal.com
domain:cloudflarepreview.com
domain:cloudflareregistrar.com
domain:cloudflareresearch.com
domain:cloudflareresolve.com
domain:cloudflaressl.com
domain:cloudflarestatus.com
domain:cloudflarestorage.com
domain:cloudflarestream.com
domain:cloudflaresupport.com
domain:cloudflaretest.com
domain:cloudflarewarp.com
domain:cloudflareworkers.com
domain:encryptedsni.com
domain:every1dns.net
domain:foundationdns.com
domain:foundationdns.net
domain:foundationdns.org
domain:imagedelivery.net
domain:isbgpsafeyet.com
domain:pacloudflare.com
domain:pages.dev
domain:r2.dev
domain:trycloudflare.com
domain:videodelivery.net
domain:warp.plus
domain:workers.dev
domain:cf-ipfs.com
domain:cloudflare-ipfs.com
domain:fastly-edge.com
domain:fastly-terrarium.com
domain:fastly.com
domain:fastly.io
domain:fastly.net
domain:fastlylabs.com
domain:fastlylb.net
domain:imgix.com
domain:imgix.net
domain:delvenetworks.com
domain:limelight.com
domain:lldns.net
domain:llnw-trials.com
domain:llnw.com
domain:llnw.net
domain:llnwd.net
domain:llnwi.net
domain:akamai.co.kr
domain:one.one.one
domain:accdn.com.cn
domain:akadns88.net
domain:akadns99.net
domain:akamai.com
domain:akcdn.com.cn
domain:aptdn.net
domain:edgekey88.net
domain:janrain.biz
domain:janrainservices.com
domain:skycdn.com.cn
domain:tl88.net
domain:cf-china.info
domain:cf-ns.com
domain:cf-ns.net
domain:cf-ns.site
domain:cf-ns.tech
domain:cftest5.cn
domain:cftest6.cn
domain:cftest7.com
domain:cftest8.com
domain:cloudflare-cn.com
domain:cloudflareanycast.net
domain:cloudflarechina.cn
domain:cloudflarecn.net
domain:cloudflareglobal.net
domain:cloudflareinsights-cn.com
domain:cloudflareperf.com
domain:cloudflareprod.com
domain:cloudflarestaging.com
domain:cloudflarestoragegw.com
