full:standchartbank.sc.omtrdc.net
full:standchartbank.tt.omtrdc.net
full:sberpro.vedomosti.ru
full:edu.tinkoff.ru
full:education.tbank.ru
domain:hsbc
domain:atomyze.tech
domain:ysx-mm.com
domain:tradingview.com
domain:n26.com
domain:number26.de
domain:tech26.de
domain:link.com
domain:stripe-terminal-local-reader.net
domain:stripe.com
domain:stripe.network
domain:stripecdn.com
domain:agri-bank.com
domain:ansarbank.com
domain:bank-maskan.ir
domain:bankmellat.ir
domain:banksepah.ir
domain:bim.ir
domain:blubank.com
domain:bmi.ir
domain:bpi.ir
domain:bsi.ir
domain:cbi.ir
domain:day24.ir
domain:edbi.ir
domain:enbank.ir
domain:ghbi.ir
domain:hibank24.com
domain:izbank.ir
domain:karafarinbank.ir
domain:mebank.ir
domain:mresalat.ir
domain:parsian-bank.com
domain:postbank.ir
domain:qmb.ir
domain:rb24.ir
domain:refah-bank.ir
domain:rqbank.ir
domain:sb24.com
domain:sbank.ir
domain:shahr-bank.ir
domain:shaparak.ir
domain:sinabank.ir
domain:tejaratbank.ir
domain:itiger.com
domain:itigergrowth.com
domain:itigergrowtha.com
domain:itigerup.com
domain:laohu8.com
domain:skytigris.cn
domain:tigerbbs.cn
domain:tigerbbs.com
domain:xiaohu8.com
domain:longbridge.cloud
domain:longbridge.cn
domain:longbridge.com
domain:longbridge.global
domain:longbridge.hk
domain:longbridge.sg
domain:longbridgeapp.com
domain:longbridgehk.com
domain:longportapp.com
domain:lbctrl.com
domain:lbkrs.com
domain:wbrks.com
domain:sc.com
domain:standardchartered.com
domain:a-bank.jp
domain:smtb.jp
domain:sonybank.jp
domain:asia-pay.ru
domain:hsbc-alternatives.de
domain:hsbc-transactionservices.de
domain:hsbc.uk
domain:hsbc-zertifikate.de
domain:hsbc.lk
domain:hsbc.ca
domain:hsbc.com
domain:hsbctrinkaus.de
domain:vv1865.com
domain:hsbc.net
domain:hsbc.bm
domain:hsbc.am
domain:hsbc.ae
domain:hsbcprivatebank.com
domain:hsbc.de
domain:hsbcinnovationbanking.com
domain:hsbc.fr
domain:hsbcnet.com
domain:jivara.global
domain:tpension.ru
domain:tmiaf.ru
domain:tinsurancefuture.ru
domain:tinsurance.ru
domain:tinkoffmobile.com
domain:tinkoffjournal.ru
domain:tinkoffinsurancefuture.ru
domain:tinkoffinsurance.ru
domain:tinkoffcapital.ru
domain:tinkoff.ru
domain:tinkoff.ai
domain:tinkoff-group.com
domain:time-messenger.ru
domain:tdev.by
domain:tcsbank.ru
domain:atb.su
domain:tconf.ru
domain:tbank.ru
domain:tbank-online.com
domain:tb-esim.ru
domain:t.finance
domain:t-tolk.ru
domain:t-technologies.ru
domain:t-tech.team
domain:t-tech.ru
domain:t-tech.dev
domain:t-stekovka.ru
domain:t-static.ru
domain:t-pulse.ru
domain:t-ofp.ru
domain:t-j.ru
domain:t-investlab.ru
domain:t-human.ru
domain:t-finance.ru
domain:t-finance.group
domain:t-dengi.ru
domain:autokreditbank.ru
domain:t-cpa.ru
domain:t-capital-funds.ru
domain:t-calls.ru
domain:t-bank.by
domain:t-bank-app.su
domain:t-bank-app.ru
domain:t-access.ru
domain:sgcheck.ru
domain:sage-observability.tech
domain:safeliner.tech
domain:rusfinancebank.ru
domain:rusfinance.ru
domain:rosbank.ru
domain:rosbank-leasing.ru
domain:rosbank-dom.ru
domain:rosbank-credit.com
domain:rosbank-capital.ru
domain:rosbank-auto.ru
domain:rf-sim-mobile.ru
domain:rbcredit.ru
domain:rbcollect.ru
domain:private-banking.ru
domain:mql5.com
domain:phoenix-ca.ru
domain:fibank.bg
domain:meawallet.app
domain:myfin.bg
domain:aboutschwab.com
domain:schwab.com
domain:schwabassetmanagement.com
domain:schwabplan.com
domain:my-tbank.ru
domain:mfk-t-finance.ru
domain:max-tcs.ru
domain:transferwise.com
domain:wise.com
domain:futu.cn
domain:futu.link
domain:futu5.com
domain:futuau.com
domain:futuesop.com
domain:futufin.com
domain:futuhk.com
domain:futuhk1.com
domain:futuhk2.com
domain:futuhkapp.com
domain:futuhn.com
domain:futuholdings.com
domain:futuniuniu.com
domain:futunn.com
domain:futuoa.com
domain:futusg.com
domain:futustatic.com
domain:fututrade.com
domain:moomoo.com
domain:moomooequity.com
domain:moomootrustee.com
domain:interactivebrokers.com
domain:interactivebrokers.ca
domain:interactivebrokers.ie
domain:ibkr.com
domain:interactivebrokers.eu
domain:ibkr.ca
domain:ibllc.com
domain:ibkr.eu
domain:ibkr.ie
domain:ibkrguides.com
domain:malotogo.ru
domain:lifestyle-tec.ru
domain:koshelek.app
domain:karta-banka-rf.ru
domain:karmahelp.ru
domain:jumpwork.ru
domain:jump.taxi
domain:jira-tcsbank.ru
domain:jfn.su
domain:it-piknik.ru
domain:it-picnic.ru
domain:ifastgp.com
domain:fundsupermart.com
domain:ifastcorp.com
domain:ifastgb.com
domain:fsmone.com
domain:ifastnetwork.com
domain:ifasttv.com
domain:it-katok.ru
domain:gosdolgi.ru
domain:gainstech.ru
domain:etna.ai
domain:era-invest.ru
domain:enterly.ru
domain:tuncommercialbank.com
domain:kbzpay.com
domain:agdbank.com
domain:ayabank.com
domain:xn--90aifd0azb.xn--p1acf
domain:yomabank.com
domain:ablmm.com
domain:nptsibinbank.com
domain:mmtourismbank.com
domain:kbzbank.com
domain:shwebank.com
domain:mabbank.com
domain:mwdbank.com
domain:mdbankpublic.com
domain:mobmyanmar.com
domain:electronicsignature.ru
domain:dolyame.ru
domain:depository.ru
domain:deltacredit.ru
domain:data-tscbank.ru
domain:custody.ru
domain:codeseason.by
domain:cdn-tinkoff.ru
domain:cardsmobile.ru
domain:capitalt.ru
domain:booking-tec.ru
domain:bankline.ru
domain:babki.ru
domain:fxcorporate.com
domain:atomyze.ru
domain:jivochat.es
domain:bfa.ru
domain:alfabank.st
domain:alfadirect.ru
domain:myapelsin.ru
domain:bbr.ru
domain:bcs.ru
domain:bcs-bank.ru
domain:broker.ru
domain:dbmoscow.ru
domain:deutsche-bank.ru
domain:deutschebank.ru
domain:domrfbank.ru
domain:xn--d1aqf.xn--p1ai
domain:gazprombank.com
domain:gazprombank.investments
domain:gazprombank.ru
domain:gid.ru
domain:gpb.ru
domain:mhcb.ru
domain:mhcbr.ru
domain:mkb.ru
domain:dbo-dengi.online
domain:mtsbank.ru
domain:mtsdengi.ru
domain:otpbank.ru
domain:payment.ru
domain:psb-ocenka.ru
domain:psb.ru
domain:psbank.ru
domain:abr.ru
domain:raiffeisen-media.ru
domain:raiffeisen.ru
domain:rshb.ru
domain:sovcombank.ru
domain:tochka-tech.com
domain:tochka.com
domain:pochtabank.ru
domain:vtb-direct.com
domain:vtb.ru
domain:vtbglobalperspectives.com
domain:credit-zenit.ru
domain:zenit-card.ru
domain:zenit.ru
domain:nspk.ru
domain:absolutbank.ru
domain:akbars.ru
domain:alfa.me
domain:ankb.ru
domain:4epenaxa.com
domain:4c.ru
domain:2w.ru
domain:avangard.ru
domain:aversbank.ru
domain:bank-arzamas.ru
domain:bank-credit-suisse-moscow.ru
domain:bank131.com
domain:bankermak.ru
domain:best2pay.net
domain:jivochat.ng
domain:blanc.ru
domain:bm-bank.ru
domain:bspb.ru
domain:commerzbank.ru
domain:finambank.ru
domain:forshtadt.ru
domain:homecredit.ru
domain:hva.im
domain:ibamoscow.ru
domain:jpmorgan.ru
domain:korona.com
domain:kubankredit.ru
domain:mfk-bank.ru
domain:mvs-bank.ru
domain:noosferabank.ru
domain:primbank.ru
domain:prvbank.ru
domain:pskb.ru
domain:pvubank.com
domain:rbsgate.com
domain:rbsuat.com
domain:rencapbank.ru
domain:rencredit.ru
domain:rncoluminis.ru
domain:sbibankllc.ru
domain:seb.ru
domain:selkombank.ru
domain:sinara.ru
domain:slavbank.ru
domain:smbcr-bank.ru
domain:solid.ru
domain:tagbank.ru
domain:tatsotsbank.ru
domain:tinkoff-edu.ru
domain:tkbbank.ru
domain:jivochat.ru
domain:uralsib.ru
domain:vlb100.ru
domain:westernunion.ru
domain:yoobusiness.ru
domain:ziraatbank.ru
domain:getsynapse.io
domain:spasibo.market
domain:sber.ru
domain:sberbank.com
domain:sberbank.ru
domain:sbrf.ru
domain:id.ru
domain:megamarket.ru
domain:megamarket.tech
domain:sberauto.com
domain:sberbank-insurance.ru
domain:sberbank-tele.com
domain:sberbankaktivno.ru
domain:sberbankins.ru
domain:sbercloud.ru
domain:sbercloud.tech
domain:sberdevices.ru
domain:sberdisk.ru
domain:sberfactoring.ru
domain:sberhealth.ru
domain:sberindex.ru
domain:sberleasing.ru
domain:sberlogistics.ru
domain:sbermegamarket.ru
domain:okko.tv
domain:sberpb.ru
domain:sbertroika.ru
domain:afisha.ru
domain:citydrive.ru
domain:cloud.ru
domain:cloudru.cn
domain:eaptechka.online
domain:eapteka.ru
domain:21-school.ru
domain:kuper.ru
domain:restnproducts.ru
domain:samokat.ru
domain:giga.chat
domain:gitverse.ru
domain:jivo.chat
domain:jivo.ru
domain:okko.sport
domain:sbermobile.ru
domain:sber-bank.by
domain:2gis.ru
domain:playfamily.ru
domain:okkoapi.tv
domain:2gis.ge
domain:jivochat.de
domain:alefbank.com
domain:alfabank.ru
domain:ubs.com
domain:jivosite.com
domain:jivosite.ru
domain:payecom.ru
domain:platiecom.ru
domain:otello.ru
domain:sber.pro
domain:cplsb.ru
domain:sberspasibo.ru
domain:spasibo.digital
domain:jivochat.com
domain:spasibobonus.ru
domain:spasibosb.ru
domain:spasibosberbank.ru
domain:accesspoint.uz
domain:bps-sberbank.by
domain:sbertech.ru
domain:zvuk-b2b.com
domain:zvuk.com
domain:2gis.cz
domain:2gis.uz
domain:2gis.az
domain:2gis.by
domain:2gis.com
domain:2gis.tech
domain:2gis.kg
domain:2gis.ae
domain:2gis.am
domain:2gis.kz
domain:2gis.tj
domain:prodcontest.com
domain:cu.ru
domain:centraluniversity.ru
domain:xn--h1ao.site
domain:xn--d1abkf4ap.fun
domain:xn--b1aechhj6bof8g5a.site
domain:xn--90aifd0az.shop
domain:unidraw.io
domain:travel-tec.ru
domain:xn----7sbhmncai5a0arm7c1e.xn--p1ai
domain:xn----8sbkfzespdwig.xn--p1ai
domain:xn----8sbwjbxyd.xn--p1ai
domain:yamanashibank.co.jp
domain:saninbank.co.jp
domain:kinki.co.jp
domain:114bank.co.jp
domain:cbbank.com.mm
domain:cbm.com.mm
domain:waveomoney.com.mm
domain:uab.com.mm
domain:chid.com.mm
domain:smedevelopmentbank.com.mm
domain:abank.com.mm
domain:gbank.com.mm
domain:mcb.com.mm
domain:meb.gov.mm
domain:micb.gov.mm
domain:mminsurance.gov.mm
domain:mmftb.gov.mm
domain:mmbbank.com.mm
domain:firstprivatebank.com.mm
domain:ifastgp.com.hk
domain:ifastfinancial.co.in
domain:ifastfinancial.com.hk
domain:ifastcapital.com.my
domain:fsmone.com.my
domain:fsmone.com.hk
domain:ibkr.co.uk
domain:ibkr.com.au
domain:interactivebrokers.com.sg
domain:interactivebrokers.com.hk
domain:interactivebrokers.com.au
domain:ibkr.com.hk
domain:interactivebrokers.co.uk
domain:interactivebrokers.co.jp
domain:interactivebrokers.co.in
domain:ibkr.co.in
domain:ibkr.com.sg
domain:schwab.com.sg
domain:schwab.com.hk
domain:schwab.co.uk
domain:yokohamabank.co.jp
domain:yamaguchibank.co.jp
domain:yamagatabank.co.jp
domain:tsukubabank.co.jp
domain:toyobank.co.jp
domain:tottoribank.co.jp
domain:tomibank.co.jp
domain:tohoku-bank.co.jp
domain:tohobank.co.jp
domain:tochigibank.co.jp
domain:tajimabank.co.jp
domain:surugabank.co.jp
domain:smbctb.co.jp
domain:smbc.co.jp
domain:shonai.co.jp
domain:shokochukin.co.jp
domain:shizuokabank.co.jp
domain:shinwabank.co.jp
domain:shimizubank.co.jp
domain:shikokubank.co.jp
domain:shigagin.co.jp
domain:sevenbank.co.jp
domain:sbishinseibank.co.jp
domain:saitama-resona.co.jp
domain:sagabank.co.jp
domain:ryukyubank.co.jp
domain:resonabank.co.jp
domain:rakuten-bank.co.jp
domain:paypay-bank.co.jp
domain:okinawabank.co.jp
domain:oitabank.co.jp
domain:ogakikyoritsu.co.jp
domain:nochubank.or.jp
domain:nishinipponbank.co.jp
domain:nantobank.co.jp
domain:musashinobank.co.jp
domain:mizuhobank.co.jp
domain:miyazakibank.co.jp
domain:mie.co.jp
domain:michinokubank.co.jp
domain:kyotobank.co.jp
domain:kiyobank.co.jp
domain:kitakyushubank.co.jp
domain:kagobank.co.jp
domain:juroku.co.jp
domain:juhachibank.co.jp
domain:jp-bank.japanpost.jp
domain:joyobank.co.jp
domain:jibunbank.co.jp
domain:jfc.go.jp
domain:iyobank.co.jp
domain:iwatebank.co.jp
domain:ikedashinsen.co.jp
domain:hyakugo.co.jp
domain:hokuyobank.co.jp
domain:hokutobank.co.jp
domain:hokuetsubank.co.jp
domain:hokkoku.co.jp
domain:jivochat.co.za
domain:jivochat.co.in
domain:jivochat.com.co
domain:jivochat.com.pe
domain:2gis.com.cy
domain:jivochat.com.tr
domain:jivochat.com.br
domain:ssb.msk.ru
domain:ru.ccb.com
domain:vtb-grants.fut.ru
domain:hiroshimabank.co.jp
domain:higobank.co.jp
domain:gunmabank.co.jp
domain:fukuokabank.co.jp
domain:fukuibank.co.jp
domain:daiichibank.co.jp
domain:citibank.co.jp
domain:chugokubank.co.jp
domain:chikubank.co.jp
domain:chibakogyo-bank.co.jp
domain:chibabank.co.jp
domain:boj.or.jp
domain:bk.mufg.jp
domain:awabank.co.jp
domain:ashikagabank.co.jp
domain:aozorabank.co.jp
domain:akita-bank.co.jp
domain:82bank.co.jp
domain:77bank.co.jp
domain:hsbc.co.mu
domain:hsbc.com.vn
domain:hsbc.com.br
domain:hsbc.com.eg
domain:hsbc.com.hk
domain:hsbc.com.mo
domain:hsbc.com.mt
domain:hsbc.com.mx
domain:hsbc.com.my
domain:hsbcamanah.com.my
domain:hsbc.com.ph
domain:hsbc.com.sg
domain:hsbc.com.tr
domain:hsbc.com.tw
domain:hsbc.com.uy
domain:hsbc.com.bh
domain:hsbc.com.bd
domain:hsbc.com.au
domain:hsbc.com.ar
domain:hsbc.co.uk
domain:hsbc.co.th
domain:hsbc.co.nz
domain:hsbc.co.jp
domain:hsbc.co.kr
domain:hsbc.co.in
domain:hsbc.co.id
domain:hsbc.com.cn
domain:hsbcqh.com.cn
domain:hsbcinsurance.com.cn
domain:ifastps.com.cn
domain:ads.sber.ru
domain:clickstream.sberbank.ru
domain:neon.click
domain:sbermarketing.ru
full:error-tracking.megamarket.tech
full:metrics.21-school.ru
full:sentry.sberauto.com
full:tracing-http.megamarket.tech
full:visor.sberbank.ru
