domain:mosgorzdrav.ru
domain:aptekiplus.ru
domain:zdravcity.ru
domain:emias.ru
domain:vipmed.ru
domain:reso-med.com
domain:reso-med.ru
domain:mgfoms.ru
domain:spboms.ru
domain:uteka.ru
domain:zub.ru
domain:medsi-premium.ru
domain:medsi.com
domain:medsi.pro
domain:medsi.ru
domain:smartmed.pro
domain:emias.info
domain:polyclinika.ru
domain:mofoms.ru
domain:b17.ru
domain:reaviz.com
domain:reaviz.ru
domain:stolichki.ru
domain:apteka.ru
domain:apteka-april.ru
domain:klinikabudzdorov.ru
domain:farmlend.ru
domain:gorzdrav.org
domain:megapteka.ru
domain:planetazdorovo.ru
domain:pz.help
domain:gorzdrav.spb.ru
domain:oms.karelia.ru
domain:emias.mos.ru
