full:checkip.amazonaws.com
full:checkip.dyndns.org
full:checkip.dyn.com
full:checkip.global.api.aws
full:ip-check-perf.radar.cloudflare.com
full:ip.comss.net
full:ipv4-check-perf.radar.cloudflare.com
full:ipv6-check-perf.radar.cloudflare.com
full:myip.dnsomatic.com
full:whatismyip.akamai.com
domain:l2.io
domain:whoer.net
domain:2ip.ua
domain:51degrees.com
domain:abstractapi.com
domain:addr.tools
domain:apiip.net
domain:apivoid.com
domain:bgp.tools
domain:bigdatacloud.net
domain:browserleaks.com
domain:check-host.net
domain:checkip.org
domain:checkip.ru
domain:checkip.sh
domain:checkmyip.now
domain:country.is
domain:criminalip.io
domain:curlmyip.net
domain:dadata.ru
domain:db-ip.com
domain:dnsleaktest.com
domain:extreme-ip-lookup.com
domain:find-my-ip.com
domain:find-my-ip.net
domain:findip.net
domain:flagfox.net
domain:fraudguard.io
domain:fraudlogix.com
domain:freegeoip.app
domain:freeipapi.com
domain:geodatatool.com
domain:geojs.io
domain:geolocation-db.com
domain:geoplugin.com
domain:geoplugin.net
domain:get-ipv4.com
domain:get-ipv6.com
domain:getipintel.net
domain:getjsonip.com
domain:greip.io
domain:hackertarget.com
domain:httpbin.org
domain:i.pn
domain:icanhazip.com
domain:ident.me
domain:ifconfig.co
domain:ifconfig.es
domain:ifconfig.io
domain:ifconfig.me
domain:infosniper.net
domain:ip-adress.com
domain:ip-api.com
domain:ip-api.io
domain:ip-api.ru
domain:ip-check.info
domain:ip-score.com
domain:mon-ip.com
domain:ip.sb
domain:ip2c.org
domain:ip2location.com
domain:ip2location.io
domain:ip2ruscity.com
domain:ip4.me
domain:ip6.me
domain:ip6only.me
domain:ip8.com
domain:ipaddr.site
domain:ipaddress.com
domain:ipaddress.my
domain:ipaddress.sh
domain:ipaddress.to
domain:ipapi.co
domain:ipapi.com
domain:ipapi.is
domain:ipbase.com
domain:ipbot.com
domain:ipcalf.com
domain:ipcheck.ing
domain:ipchicken.com
domain:ipdata.co
domain:ipecho.net
domain:ipfind.io
domain:ipfinder.io
domain:ipgeolocation.io
domain:ipify.org
domain:ipinfo.app
domain:ipinfo.io
domain:ipleak.net
domain:ipligence.com
domain:iplocate.io
domain:iplocation.com
domain:iplocation.io
domain:iplocation.net
domain:iplookup.it
domain:ipme.co
domain:ipme.in
domain:ipqualityscore.com
domain:ipquery.io
domain:ipregistry.co
domain:iproyal.com
domain:ipsimple.org
domain:ipstack.com
domain:ipverify.com
domain:ipwho.is
domain:ipwhois.io
domain:ipxapi.com
domain:jsonip.com
domain:nodedata.io
domain:2ip.ru
domain:ip.me
domain:monip.org
domain:my-ip.io
domain:myexternalip.com
domain:myip.ae
domain:myip.at
domain:myip.by
domain:myip.ch
domain:myip.com
domain:myip.cx
domain:myip.dk
domain:myip.eu
domain:myip.expert
domain:myip.fi
domain:myip.ge
domain:myip.hk
domain:myip.id
domain:myip.is
domain:myip.kz
domain:myip.link
domain:myip.lt
domain:myip.lv
domain:myip.ma
domain:myip.md
domain:myip.mk
domain:myip.mn
domain:myip.ms
domain:myip.mx
domain:myip.my
domain:myip.ng
domain:myip.nl
domain:myip.pw
domain:myip.qa
domain:myip.ro
domain:myip.rs
domain:myip.ru
domain:myip.sg
domain:myip.sh
domain:myip.sk
domain:myip.wtf
domain:myipaddress.com
domain:myiplookup.com
domain:mylocation.org
domain:2ip.io
domain:nossl.sh
domain:osint.sh
domain:proxycheck.io
domain:realip.cc
domain:reallyfreegeoip.org
domain:seeip.org
domain:showip.net
domain:showmyip.com
domain:showmyipaddress.com
domain:spur.us
domain:sxgeo.city
domain:sypexgeo.net
domain:thatsmyip.com
domain:tnx.nl
domain:tracemyip.org
domain:trustmyip.com
domain:wgetip.com
domain:whatismyip.com
domain:whatismyip.io
domain:whatismyip.net
domain:whatismyip.org
domain:whatismyipaddress.com
domain:whatismyipaddress.net
domain:whatismyisp.com
domain:whatismyv6.com
domain:whatsmyip.com
domain:whatsmyip.org
domain:where-am-i.co
domain:maxmind.com
domain:whoerip.com
domain:whoisxmlapi.com
domain:wieistmeineip.de
domain:wtfismyip.com
domain:ipv6ready.me
domain:test-ipv6.cl
domain:ipip.net
domain:testipv6.de
domain:test-ipv6.se
domain:test-ipv6.com
domain:test-ipv6.run
domain:test-ipv6.nl
domain:test-ipv6.jp
domain:test-ipv6.cz
domain:ip.hetzner.com
domain:checkip.com.vn
domain:bgp.he.net
domain:test-ipv6.noroutetohost.net
domain:test-ipv6.roedu.net
domain:test-ipv6.arauc.br
domain:test-ipv6.alpinedc.ch
domain:test.version6.ru
domain:ip.mail.ru
domain:test-ipv6.fratec.net
domain:ipv6-internet.yandex.net
domain:ip.nic.ru
domain:ipv4-internet.yandex.net
domain:ip.pe.kr
domain:ip.tyk.nu
domain:ipgeo.vercel.app
domain:geoip.noc.gov.ru
domain:ipv4.internet.yandex.net
domain:test-ipv6.csclub.uwaterloo.ca
domain:ipv6.internet.yandex.net
domain:test-ipv6.ams.vr.org
domain:ipify.cn
domain:iplark.com
domain:ipw.cn
domain:testipv6.cn
domain:whois.pconline.com.cn
domain:myip.la
