full:hb.imgix.net
full:d1unuk07s6td74.cloudfront.net
full:roblox-load-generator-configuration.s3.us-east-2.amazonaws.com
full:roblox-poc.global.ssl.fastly.net
full:robloxcorp.s.llnwi.net
full:pubg1.battleye.com
full:steamcommunity-a.akamaihd.net.edgesuite.net
full:a4e8s8k3.map2.ssl.hwcdn.net
full:f3b7q2p3.ssl.hwcdn.net
full:steambroadcast.akamaized.net
full:steamcdn-a.akamaihd.net
full:steamcommunity-a.akamaihd.net
full:steammobile.akamaized.net
full:steampipe-kr.akamaized.net
full:steampipe-partner.akamaized.net
full:steampipe.akamaized.net
full:steamstore-a.akamaihd.net
full:steamusercontent-a.akamaihd.net
full:steamuserimages-a.akamaihd.net
full:steamvideo-a.akamaihd.net
full:steamcloudsweden.blob.core.windows.net
full:steamugcquincy.blob.core.windows.net
full:blizzard.nefficient.co.kr
full:blzddist1-a.akamaihd.net
full:blzddistkr1-a.akamaihd.net
full:bnetcmsus-a.akamaihd.net
full:bnetproduct-a.akamaihd.net
full:bnetshopus.akamaized.net
full:blizzcon-a.akamaihd.net
full:blzmedia-a.akamaihd.net
full:blznav.akamaized.net
full:ea.tt.omtrdc.net
full:eaassets-a.akamaihd.net
full:cloudsync-prod.s3.amazonaws.com
full:origin-a.akamaihd.net
full:rtm.tnt-ea.com
full:ssl-lvlt.cdn.ea.com
full:supercell.helpshift.com
full:supercell.zendesk.com
full:gog-cdn-lumen.secure2.footprint.net
full:gog-cdn.akamaized.net
full:gamedownloads-rockstargames-com.akamaized.net
full:media-rockstargames-com.akamaized.net
full:videos-rockstargames-com.akamaized.net
full:ubisoft-uplay-savegames.s3.amazonaws.com
full:ubisoft-orbit-savegames.s3.amazonaws.com
full:ubistatic1-a.akamaihd.net
full:ubistatic2-a.akamaihd.net
full:ubistatic3-a.akamaihd.net
full:ubistatic4-a.akamaihd.net
full:ubistatic5-a.akamaihd.net
full:ubistatic6-a.akamaihd.net
full:ubistatic7-a.akamaihd.net
full:ubistatic8-a.akamaihd.net
full:ubistatic9-a.akamaihd.net
full:ubistatic10-a.akamaihd.net
full:ubistatic11-a.akamaihd.net
full:ubistatic12-a.akamaihd.net
full:ubistatic13-a.akamaihd.net
full:ubistatic14-a.akamaihd.net
full:ubistatic15-a.akamaihd.net
full:ubistatic16-a.akamaihd.net
full:ubistatic17-a.akamaihd.net
full:ubistatic18-a.akamaihd.net
full:ubistatic19-a.akamaihd.net
full:ubistatic20-a.akamaihd.net
full:ubistatic21-a.akamaihd.net
full:ubistatic22-a.akamaihd.net
full:ubistatic23-a.akamaihd.net
full:ubistatic24-a.akamaihd.net
full:ubisoft.siteintercept.qualtrics.com
full:flightsimulator.azureedge.net
full:prodforza.blob.core.windows.net
full:opgg-static.akamaized.net
full:prd-priconne-redive.akamaized.net
full:lolstatic-a.akamaihd.net
full:a.ppy.sh
full:assets.ppy.sh
full:c.ppy.sh
full:osu.ppy.sh
full:m1.ppy.sh
full:lazer.ppy.sh
full:notify.ppy.sh
full:sentry.ppy.sh
full:spectator.ppy.sh
full:avatargarenanow-a.akamaihd.net
full:cdngarenanow-a.akamaihd.net
full:dlgarenanow-a.akamaihd.net
full:dlmobilegarena-a.akamaihd.net
full:datarouter.apps.netherrealm.com
full:wb-agora-hydra-file-storage-k1.s3.amazonaws.com
domain:xbox
domain:playstation
domain:biowarestore.com
domain:roblox.cl
domain:fabricmc.net
domain:fanatical.com
domain:ficgs.com
domain:fitgirl-repacks.site
domain:game-repack.site
domain:joinsquad.com
domain:loverslab.com
domain:minecraft.wiki
domain:minecraftforge.net
domain:muvluv-girls-garden.com
domain:namemc.com
domain:neoforged.net
domain:nexus-cdn.com
domain:nexusmods.com
domain:noxygames.com
domain:offworldindustries.com
domain:offworldindustries.net
domain:optifine.net
domain:papermc.io
domain:planetminecraft.com
domain:prismlauncher.org
domain:protondb.com
domain:quiltmc.org
domain:rayark.download
domain:rayark.net
domain:speedrun.com
domain:spigotmc.org
domain:steamdb.info
domain:modrinth.com
domain:chunkbase.com
domain:pinkcore.net
domain:curseforge.com
domain:forgecdn.net
domain:humblebundle.com
domain:roblox.com
domain:goblocks.com
domain:goblox.com
domain:gooblox.com
domain:humancoexperience.com
domain:rblx.co
domain:rblx.com
domain:rblx.org
domain:rbx.com
domain:rbxcdn.com
domain:rbxinfra.net
domain:rbxlabs.com
domain:rbxtrk.com
domain:ro-blox.com
domain:roadblocks.com
domain:roblocks.com
domain:rowblox.com
domain:roblox.ca
domain:roblox.cc
domain:eamythic.com
domain:blox.com
domain:rowblocks.com
domain:robloxlabs.com
domain:roblox.de
domain:roblox.dk
domain:roblox.eu
domain:roblox.fr
domain:roblox.hu
domain:roblox.it
domain:roblox.jp
domain:roblox.kr
domain:roblox.mx
domain:roblox.net
domain:roblox.org
domain:roblox.ph
domain:roblox.pt
domain:roblox.sk
domain:roblox.tv
domain:roblox.uk
domain:roblox.us
domain:roblox.vn
domain:kraftonde.com
domain:playbattlegrounds.com
domain:pubg.com
domain:sih-db.com
domain:sih.app
domain:steaminventoryhelper.com
domain:gamesplanet.com
domain:gametap.com
domain:gpstatic.com
domain:nikke-de.com
domain:nikke-en.com
domain:nikke-fr.com
domain:nikke-jp.com
domain:nikke-kr.com
domain:nikke-sea.com
domain:fireemblemawakening.com
domain:nintendo.fi
domain:ayudanintendo.com
domain:bowsersinsidestory.com
domain:excitebots.com
domain:flipnotestudio.com
domain:gloryofheracles.com
domain:hackyourconsole.com
domain:kirbysuperstarultra.com
domain:kirbysepicyarn.com
domain:miitomo.com
domain:miiverse.com
domain:nentindo.net
domain:nintendo-europe-sales.com
domain:nintendo-europe.com
domain:nintendo.at
domain:nintendo.be
domain:nintendo.ch
domain:nintendo.com
domain:nintendo.de
domain:nintendo.dk
domain:nintendo.es
domain:nintendo.eu
domain:xenoblade.com
domain:wiivc.net
domain:fire-emblem-heroes.com
domain:nintendo.fr
domain:nintendo.it
domain:nintendo.net
domain:nintendo.nl
domain:nintendo.no
domain:nintendo.pt
domain:nintendo.ru
domain:nintendo.se
domain:nintendo.tw
domain:nintendo3ds.com
domain:nintendodsi.com
domain:nintendoeurope.com
domain:nintendonetwork.net
domain:nintendonyc.com
domain:nintendostore.com
domain:nintendoswitch.com
domain:nintendoswitch.net
domain:nintendoswitchtogether.com
domain:personaltrainermath.com
domain:playnintendo.com
domain:thelegendarystarfy.com
domain:thewonderful101.com
domain:donkeykongcountryreturns.com
domain:wariowarediy.com
domain:yoshisnewisland.com
domain:ac-pocketcamp.com
domain:diddykongracing.com
domain:dkr.com
domain:wariolandshakeit.com
domain:amiibo.com
domain:100classicbooks.com
domain:dialga.com
domain:giratina.com
domain:kyurem.com
domain:pokedex3d.com
domain:pokemon-moon.com
domain:pokemon-sun.com
domain:pokemon-sunmoon.com
domain:pokemon-unitepgame.com
domain:pokemon.com
domain:pokemonbank.com
domain:pokemonblackwhite.com
domain:pokemonbw.com
domain:pokemonchampionships.com
domain:pokemongoldsilver.com
domain:pokemonhome.com
domain:pokemonletsgoeevee.com
domain:pokemonletsgopikachu.com
domain:pokemonmysterydungeon.com
domain:pokemonpicross.com
domain:pokemonplatinum.com
domain:pokemonrubysapphire.com
domain:pokemonsunmoon.com
domain:pokemonswordshield.com
domain:pokemonultrasunmoon.com
domain:pokemonvgc.com
domain:pokemonwifi.net
domain:xn--mts47c3w9b1qr.net
domain:splatoon2tournament.com
domain:starfox.com
domain:drmario-world.com
domain:marioandluigidreamteam.com
domain:mariobroswii.com
domain:mariokart7.com
domain:mariokart8.com
domain:mariosupersluggers.com
domain:newsupermariobrosu.com
domain:supermario.com
domain:supermario3dworld.com
domain:supermariogalaxy.com
domain:supermariorun.com
domain:superpapermario.com
domain:nintendowii.com
domain:wii-u.com
domain:wiifit.com
domain:wiifitu.com
domain:wiipartyu.com
domain:wiisports.com
domain:wiisportsresort.com
domain:wiiugamepad.com
domain:stellasora.jp
domain:stellasora.global
domain:stargazer-games.com
domain:yostarplat.com
domain:yostar.net
domain:yo-star.com
domain:wbinsights.com
domain:wbgames.com
domain:wbagora.com
domain:warnerbrosgames.com
domain:itch.zone
domain:itch.io
domain:snk-corp.info
domain:snkplaymore.info
domain:seagroup.com
domain:steamstatic.com
domain:steamgames.com
domain:steam.tv
domain:steam-api.com
domain:steam-chat.com
domain:steamcommunity.com
domain:steamcontent.com
domain:steamconnecttest.com
domain:steamdeck.com
domain:playartifact.com
domain:steampowered.com
domain:underlords.com
domain:s.team
domain:steamusercontent.com
domain:steamserver.net
domain:valve.net
domain:valvesoftware.com
domain:dota2.com
domain:garenanow.com
domain:garena.vn
domain:garena.tw
domain:garena.tv
domain:garena.sg
domain:garena.ph
domain:garena.my
domain:garena.live
domain:garena.com
domain:steamunlocked.net
domain:candycrush.com
domain:king.com
domain:activisionblizzard.com
domain:activisionblizzardmedia.com
domain:benefitsforeveryworld.com
domain:europeanwarzoneseries.com
domain:activision.com
domain:callofduty.com
domain:callofdutyendowment.com
domain:callofdutyendowment.org
domain:callofdutyleague.com
domain:callofdutymobile.com
domain:crashbandicoot.com
domain:demonware.net
domain:highmoonstudios.com
domain:infinityward.com
domain:ravensoftware.com
domain:sekirothegame.com
domain:sierragames.com
domain:skylanders.com
domain:sledgehammergames.com
domain:solidstate.com
domain:spyrothedragon.com
domain:tonyhawk.com
domain:tonyhawkthegame.com
domain:treyarch.com
domain:worldseriesofwarzone.com
domain:blizzard.com
domain:blizzardgearstore.com
domain:blz-contentstack.com
domain:battle.net
domain:diablo.com
domain:diablo3.com
domain:diablo4.com
domain:diabloimmortal.com
domain:firesidegatherings.com
domain:playhearthstone.com
domain:heroesofthestorm.com
domain:playoverwatch.com
domain:starcraft.com
domain:starcraft2.com
domain:playwarcraft3.com
domain:worldofwarcraft.com
domain:bluearchive.jp
domain:escapefromtarkov.com
domain:cygames.jp
domain:worldflipper.jp
domain:eft-store.com
domain:tarkov.com
domain:reachthefinals.com
domain:awayoutgame.com
domain:battlefieldbadcompany2.com
domain:battlefront2.com
domain:battlefrontii.com
domain:bejewled-stars.com
domain:bejeweledstars.com
domain:capitalgames.com
domain:chillingo.com
domain:conquerwithcharacter.com
domain:crysis.jp
domain:dawngatechronicles.com
domain:dicela.com
domain:dicela.net
domain:ea-anz-press.com
domain:ea.com
domain:eaaccess.com
domain:eacashcard.com
domain:eacodigos.com
domain:eamobile.com
domain:eanordic.com
domain:eaplay.com
domain:easports.com
domain:easports.jp
domain:easportsactive.com
domain:easportsactiveonline.com
domain:easportsfootball.com
domain:easportsfootballclub.com
domain:easportsmma.com
domain:easportsworld.com
domain:electronicarts.com
domain:electronicarts.fr
domain:futpromos.com
domain:futunited.com
domain:ghostgames.com
domain:heroesofdragonage.com
domain:hutpromos.com
domain:maddenchampionship.com
domain:maddenrewards.com
domain:maddenseason.info
domain:maddenseason.net
domain:maddenseason.org
domain:maxis.com
domain:mysimsracing.com
domain:play4free.com
domain:playapex.com
domain:pogo.com
domain:pogobeta.com
domain:popcap.com
domain:speedhunters.com
domain:spore.com
domain:ssx3.com
domain:starwarsbattlefront.com
domain:starwarsbattlefront2.com
domain:tiburon.com
domain:tnt-ea.com
domain:ultimaforever.com
domain:unravel2.com
domain:unraveltwo.com
domain:visceralgames.com
domain:yogify.com
domain:anthemgame.com
domain:anthemthegame.com
domain:apexlegends.com
domain:projectapex.com
domain:battlefield.com
domain:battlefield1943.com
domain:battlefield3.com
domain:battlefield4.com
domain:battlefield5.com
domain:battlefieldheroes.com
domain:battlefieldv.com
domain:battlelog.com
domain:bioware.com
domain:pinkcore.com
domain:dodi-repacks.site
domain:wargaming.com
domain:cncrivals.com
domain:commandandconquer.com
domain:tiberiumalliances.com
domain:camelot-europe.com
domain:camelotherald.com
domain:camelotherald.net
domain:daoc.net
domain:darkageofcamelot.com
domain:darkness-risen.com
domain:deadspacegame.com
domain:dice.se
domain:dragonage.com
domain:dragonagekeep.com
domain:dragonagemovie.com
domain:thedreadwolfrises.com
domain:dungeonkeeper.cn
domain:dungeonkeeper.com
domain:eafootballworld.com
domain:fifastreet.com
domain:fifastreet3.com
domain:frostbite.com
domain:industrialtoys.com
domain:masseffect.com
domain:masseffectarchives.com
domain:eamirrorsedge.com
domain:mirrorsedge.com
domain:mirrorsedge.jp
domain:mirrorsedge.net
domain:mirrorsedge2.com
domain:mirrorsedge2d.com
domain:blackboxgames.com
domain:eablackbox.com
domain:needforspeed.com
domain:needforspeedboost.com
domain:needforspeeddriftkings.com
domain:needforspeedeliminator.com
domain:needforspeedlightning.com
domain:needforspeedoverdrive.com
domain:needforspeedproven.com
domain:needforspeedredline.com
domain:needforspeedshowdown.com
domain:needforspeedstreetkings.com
domain:needforspeedtakedown.com
domain:needforspeedtherun.com
domain:needforspeedtimeattack.com
domain:needforspeedundergroundeast.com
domain:nfsworld.com
domain:teamneedforspeed.com
domain:plantsvszombies2.com
domain:pvzgw2.com
domain:pvzheroes.com
domain:seaofsolitude.com
domain:simcity-buildit.com
domain:simcity.com
domain:skate2.com
domain:spearhead.kr
domain:starwarsfallenorder.com
domain:starwarsjedifallenorder.com
domain:starwarstheoldrepublic.com
domain:swjedifallenorder.com
domain:swjfo.com
domain:swtor.com
domain:swtor.net
domain:mysims.com
domain:thesims.com
domain:thesims3.com
domain:thesims4.com
domain:thesimssocial.com
domain:titanfall.com
domain:mythicentertainment.com
domain:mythicentertainment.net
domain:mythicgames.com
domain:ultimaonline.com
domain:uo.com
domain:uoherald.com
domain:xdsummit.com
domain:dawngate.com
domain:eastore.com
domain:lordofultima.com
domain:origin.com
domain:origin.tv
domain:embark.games
domain:embark-studios.com
domain:faceit.com
domain:faceit-cdn.net
domain:acesofthunder.net
domain:activematter.game
domain:artstorm.com
domain:crossout.net
domain:crsed.net
domain:cubicodyssey.game
domain:enlisted.net
domain:gaijin.net
domain:gaijinent.com
domain:modernwarships.com
domain:star-conflict.com
domain:warthunder.com
domain:wtmobile.com
domain:lowiro.com
domain:boombeach.com
domain:brawlstars.com
domain:brawlstarsgame.com
domain:clash.com
domain:clashmini.com
domain:clashofclans.com
domain:clashroyale.com
domain:clashroyaleapp.com
domain:gamesfirsthelsinki.com
domain:hayday.com
domain:haydaygame.com
domain:mo.co
domain:seeurlpcl.com
domain:squadbusters.com
domain:supercell.com
domain:supercell.net
domain:supercellcreators.com
domain:supercellgames.com
domain:supercellid.com
domain:supercellstore.com
domain:supr.cl
domain:arma3.com
domain:armaplatform.com
domain:bistudio.com
domain:bohemia.net
domain:dayz.com
domain:makearmanotwar.com
domain:silicagame.com
domain:vigorgame.com
domain:ylands.com
domain:gog.com
domain:gog-services.com
domain:gog-statics.com
domain:gogalaxy.com
domain:genshinimpact.com
domain:honkaiimpact3.com
domain:honkaistarrail.com
domain:hoyo.link
domain:hoyolab.com
domain:hoyoverse.com
domain:n0vadesktop.com
domain:zenlesszonezero.com
domain:take2games.com
domain:zynga.com
domain:zyngaplayersupport.com
domain:zyngapoker.com
domain:2k.com
domain:2kcoretech.online
domain:2kct.onl
domain:2kgames.com
domain:2ksports.com
domain:2kweb.online
domain:rockstargames.com
domain:rockstarnorth.com
domain:rsg.ms
domain:rsg.sc
domain:ubi.com
domain:ubisoft.com
domain:ubisoftconnect.com
domain:uplay.com
domain:masteroforion.com
domain:eamythic.net
domain:wargaming.net
domain:wgcdn.co
domain:wgcrowd.io
domain:worldoftanks.com
domain:worldoftanks.eu
domain:worldofwarplanes.com
domain:worldofwarships.com
domain:wotblitz.com
domain:wowsblitz.com
domain:dodi-repacks.download
domain:gamepass.com
domain:orithegame.com
domain:renovacionxboxlive.com
domain:tellmewhygame.com
domain:xbox.co
domain:xbox.com
domain:xbox.eu
domain:xbox.org
domain:xbox360.co
domain:xbox360.com
domain:xbox360.eu
domain:xbox360.org
domain:xboxab.com
domain:xboxgamepass.com
domain:xboxgamestudios.com
domain:xboxlive.com
domain:xboxone.co
domain:xboxone.com
domain:xboxone.eu
domain:xboxplayanywhere.com
domain:xboxservices.com
domain:xboxstudios.com
domain:xbx.lv
domain:asobostudio.com
domain:flightsimulator.com
domain:beth.games
domain:bethesda.net
domain:bethesdagamestudios.com
domain:bethsoft.com
domain:doom.com
domain:elderscrolls.com
domain:forza.net
domain:forzamotorsport.net
domain:forzaracingchampionship.com
domain:forzarc.com
domain:callersbane.com
domain:minecraft-services.net
domain:minecraft.net
domain:minecraftservices.com
domain:minecraftshop.com
domain:mojang.com
domain:ynoproject.net
domain:nexon.com
domain:nexon.io
domain:nexon.net
domain:arcraiders.com
domain:sonyentertainmentnetwork.com
domain:playstation.net
domain:op.gg
domain:joyjoy.net
domain:pandanet-igs.com
domain:priconne-redive.jp
domain:playstation.com
domain:dinopoloclub.com
domain:leagueoflegends.com
domain:ulol.com
domain:historyofdota.org
domain:instituteofwar.org
domain:molesports.com
domain:rgpub.io
domain:riot-games.com
domain:riot.com
domain:riot.net
domain:riotcdn.net
domain:riotgames.com
domain:riotgames.info
domain:riotgames.jp
domain:riotgames.net
domain:riotgames.tv
domain:riotpin.com
domain:riotpoints.com
domain:rstatic.net
domain:supremacy.com
domain:supremacy.net
domain:championshipseriesleague.com
domain:lcsmerch.com
domain:leaguehighschool.com
domain:leagueoflegends.ca
domain:historyofdota.net
domain:historyofdota.com
domain:lolespor.com
domain:leagueoflegends.net
domain:leagueoflegends.org
domain:leagueoflegendsscripts.com
domain:leaguesharp.info
domain:leaguoflegends.com
domain:learnwithleague.com
domain:lol-europe.com
domain:lolclub.org
domain:leagueoflegends.kr
domain:lolesports.com
domain:lolfanart.net
domain:lolpcs.com
domain:lolstatic.com
domain:lolusercontent.com
domain:convrgencegame.com
domain:pvp.net
domain:pvp.tv
domain:leagueoflegends.info
domain:playvalorant.com
domain:riotforgegames.com
domain:ruinedking.com
domain:resellablue.com
domain:resella.jp
domain:konamistyle.jp
domain:vrchat.cloud
domain:vrchat.com
domain:vrchat.net
domain:playparagon.com
domain:shadowcomplex.com
domain:cubicmotion.com
domain:battlebreakers.com
domain:eac-cdn.com
domain:easy.ac
domain:easyanticheat.net
domain:epicgames.com
domain:epicgames.dev
domain:epicgamescdn.com
domain:fab.com
domain:fortnite.com
domain:hyprsense.com
domain:paragon.com
domain:capturingreality.com
domain:3lateral.com
domain:spyjinx.com
domain:radgametools.com
domain:realityscan.com
domain:roborecall.com
domain:quixel.com
domain:sketchfab.com
domain:quixel.se
domain:twinmotion.com
domain:unrealengine.com
domain:unrealtournament.com
domain:artstationmedia.com
domain:artstation.com
domain:konamisportsclub.jp
domain:konamiopen.jp
domain:konamionline.com
domain:konamigaming.net
domain:kiwi.jp
domain:konamigaming.com
domain:yugioh-card.com
domain:konami.com
domain:konami.net
domain:konami.org
domain:kgisystems.com
domain:konamicrossmedia.com
domain:konami-igaming.online
domain:konamigaming.online
domain:573.jp
domain:egdownload.fastly-edge.com
domain:nintendo.com.pt
domain:lolshop.co.kr
domain:leagueoflegends.co.kr
domain:riotgames.co.kr
domain:konami.co.jp
domain:nexongames.co.kr
domain:nexoncdn.co.kr
domain:nexon.co.jp
domain:dungeonkeeper.com.cn
domain:eakorea.co.kr
domain:umamusume.akamaized.net
domain:worldflipper.akamaized.net
domain:cygames.co.jp
domain:yostar-pictures.co.jp
domain:yostar.co.jp
domain:mobimon.com.tw
domain:fortnite-vod.akamaized.net
domain:roblox.co.uk
domain:roblox.co.jp
domain:roblox-api.arkoselabs.com
domain:nintendo.co.kr
domain:nintendo.co.jp
domain:snk-corp.co.jp
domain:garena.co.id
domain:garena.co.th
domain:pjsekai.sega.jp
domain:sekai.colorfulpalette.org
domain:nintendo.co.uk
domain:nintendo.com.hk
domain:nintendo.co.za
domain:steam.apac.qtlglb.com
domain:steam.eca.qtlglb.com
domain:steam.naeu.qtlglb.com
domain:steam.ru.qtlglb.com
domain:steam.cdn.on.net
domain:steam.cdn.webra.ru
domain:edge.steam-dns.top.comcast.net
domain:steam.cdn.slingshot.co.nz
domain:steam.cdn.orcon.net.nz
regex:^epicgames-download\d\.akamaized\.net$
domain:legendofzelda.cn
domain:legendofzelda.com.cn
domain:miitomo.com.cn
domain:nintendolabo.cn
domain:nintendoswitch.cn
domain:nintendoswitch.com.cn
domain:supersmashbros.cn
domain:supersmashbros.com.cn
domain:xn--mts47c3w9b1qr.cn
domain:mariokart.cn
domain:mariokart.com.cn
domain:supermariobros.com.cn
domain:csgo.com.cn
domain:csgo.wmsj.cn
domain:dota2.com.cn
domain:dota2.wmsj.cn
domain:wmsjsteam.com
domain:client-update.queniuqe.com
domain:dl.steam.clngaa.com
domain:st.dl.bscstorage.net
domain:st.dl.eccdnx.com
domain:st.dl.pinyuncloud.com
domain:steampowered.com.8686c.com
domain:steamstatic.com.8686c.com
full:alibaba.cdn.steampipe.steamcontent.com
full:lv.queniujq.cn
full:xz.pphimalayanrt.com
domain:steamchina.com
domain:gstore.val.manlaxy.com
domain:bluearchive-cn.com
full:gog.qtlglb.com
domain:insights-collector.gog.com
domain:log-upload-os.hoyoverse.com
domain:xboxlive.cn
domain:leagueoflegends.cn
domain:lpl.com.cn
regex:^cdn\d-epicgames-\d+\.file\.myqcloud\.com$
regex:^epicgames-download\d-\d+\.file\.myqcloud\.com$
domain:yostar.cn
