full:cueme-api.quark.cn
full:ai.zhaomi.cn
domain:skillhub.cn
domain:coze.email
domain:liblib.tv
domain:rwkv.cn
domain:rwkv.com
domain:tapnow.top
domain:qianwen.com
domain:qianwenai.com
domain:qwen.ai
domain:qwenlm.ai
domain:tongyi.com
domain:antafu.com
domain:antaq.com
domain:aorizon.cn
domain:happyhorse.cn
domain:happyshrimp.cn
domain:sleeplesshorizon.cn
domain:dumate.cn
domain:miaoda.cn
domain:api-building.fun
domain:mcpworld.com
domain:tiangong.cn
domain:bigmodel.cn
domain:chatglm.cn
domain:z.ai
domain:zhipuai.cn
domain:zhipucn.com
domain:kimi.com
domain:moonshot.cn
domain:pixeldance.com
domain:picpic-ai.cn
domain:obricclouddw.com
domain:hailuoai.com
domain:minimaxi.com
domain:xingyeai.com
domain:codebuddy.cn
domain:workbuddy.cn
domain:obriccloud.com
domain:oceancloudapi.com
domain:myparallelstory.com
domain:baichuan-ai.com
domain:cueme.cn
domain:n.cn
domain:namiso.com
domain:miaoyanai.com
domain:faxingbao.com
domain:kechuangai.com
domain:kling-ai.com
domain:klingai.com
domain:meta.law
domain:metaso.cn
domain:xiezuocat.com
domain:aispeech.com
domain:dui.ai
domain:duiopen.com
domain:clawhub-mirror.com
domain:liblib.cloud
domain:maoxiangai.com
domain:liblib.art
domain:linka2a.net
domain:yzsgo.com
domain:shunjing.xin
domain:doudou.com
domain:marscode.cn
domain:mcbaas.work
domain:mcdemo.show
domain:mchost.guru
domain:mcprev.cn
domain:tcwqqdy.guru
domain:trae.cn
domain:trae.guru
domain:yoma.cn
domain:hi-butterfly.cn
domain:safeskill.cn
domain:miaibox.com
domain:xiaoaiassist.com
domain:xiaomimimo.com
domain:askdiandian.com
domain:diandianlife.top
domain:deepseek.com
domain:deepseeksvc.com
domain:butterfly-static.cn
domain:butterflyai.cn
domain:coze-dns-01.com
domain:coze.cn
domain:zhiexa.com
domain:coze.site
domain:cozeapp.net
domain:cozebaas.cn
domain:cozebuild.com
domain:cozecdn.com
domain:cozedeploy.com
domain:cozefn.cn
domain:cozeide.cn
domain:cozesdk.com
domain:cozetest.cn
domain:cozetest2.cn
domain:cozetest3.cn
domain:dbbuilding.fun
domain:building.fun
domain:instreet.com
domain:doubao-dev.com
domain:doubao.com
domain:doubaocdn.com
domain:marscode.com.cn
domain:trae.com.cn
domain:yuanqi.tencent.com
domain:yuanbao.tencent.com
domain:hunyuan.tencent.com
domain:xinghuo.xfyun.cn
domain:yiyan.baidu.com
domain:tongyi.aliyun.com
domain:qianwen.aliyun.com
