full:bbs.boingboing.net
full:www.quora.com.cdn.cloudflare.net
domain:18p2p.com
domain:8chan.moe
domain:avsforum.com
domain:disp.cc
domain:doom9.org
domain:eyny.com
domain:gab.com
domain:hydrogenaud.io
domain:mewe.com
domain:parler.com
domain:pincong.rocks
domain:safechat.com
domain:sis001.com
domain:v2ex.com
domain:2ch.hk
domain:2ch.life
domain:2ch.org
domain:2ch.su
domain:4cdn.org
domain:4chan.org
domain:4channel.org
domain:2ch.net
domain:5ch.io
domain:5ch.net
domain:6park.com
domain:6parkbbs.com
domain:6parknews.com
domain:cool18.com
domain:popo8.com
domain:parkvv.com
domain:xwbo.com
domain:ck101.com
domain:ckcdn.com
domain:ckck.fun
domain:dzen.ru
domain:dzeninfra.ru
domain:22112211.xyz
domain:deepflood.com
domain:nodeget.com
domain:nodeimage.com
domain:nodequality.com
domain:nodeseek.com
domain:pimg.tw
domain:pixanalytics.com
domain:pixfs.net
domain:pixnet.cc
domain:pixnet.net
domain:pixnet.pro
domain:pixnet.tw
domain:pixplug.in
domain:dcard.cc
domain:dcard.io
domain:dcard.link
domain:dcard.tw
domain:hkgolden.com
domain:hkgolden.media
domain:redd.it
domain:reddit.com
domain:redditblog.com
domain:reddithelp.com
domain:redditinc.com
domain:redditmail.com
domain:redditmedia.com
domain:redditspace.com
domain:redditstatic.com
domain:redditstatus.com
domain:maintracker.org
domain:rutracker.cc
domain:rutracker.cr
domain:rutracker.me
domain:rutracker.net
domain:rutracker.nl
domain:rutracker.org
domain:rutracker.wiki
domain:rutrk.org
domain:soyjak.party
domain:soyjak.st
domain:xda-cdn.com
domain:xda-developers.com
domain:xdaforums.com
domain:xdaimages.com
domain:5i01.com
domain:mobile01.com
domain:habr.com
domain:habrastorage.org
domain:linux.do
domain:ldstatic.com
domain:qr.ae
domain:quora.com
domain:quoracdn.net
domain:poe.com
domain:poecdn.net
domain:broadbandreports.com
domain:dslr.net
domain:dslreports.com
domain:lih.kg
domain:lihkg.com
domain:livejournal.com
domain:livejournal.net
domain:ptt.cc
domain:ptt2.cc
domain:ptt3.cc
domain:pixinsight.com.tw
domain:reddit.app.link
domain:reddit.map.fastly.net
domain:log.dzen.ru
domain:ms.dzen.ru
