full:sberpro.vedomosti.ru
full:edu.tinkoff.ru
full:education.tbank.ru
domain:jivochat.es
domain:bfa.ru
domain:alfabank.st
domain:alfadirect.ru
domain:myapelsin.ru
domain:bbr.ru
domain:bcs.ru
domain:bcs-bank.ru
domain:broker.ru
domain:dbmoscow.ru
domain:deutsche-bank.ru
domain:deutschebank.ru
domain:domrfbank.ru
domain:xn--d1aqf.xn--p1ai
domain:gazprombank.com
domain:gazprombank.investments
domain:gazprombank.ru
domain:gid.ru
domain:gpb.ru
domain:mhcb.ru
domain:mhcbr.ru
domain:mkb.ru
domain:dbo-dengi.online
domain:mtsbank.ru
domain:mtsdengi.ru
domain:otpbank.ru
domain:payment.ru
domain:psb-ocenka.ru
domain:psb.ru
domain:psbank.ru
domain:abr.ru
domain:raiffeisen-media.ru
domain:raiffeisen.ru
domain:rshb.ru
domain:sovcombank.ru
domain:tochka-tech.com
domain:tochka.com
domain:pochtabank.ru
domain:vtb-direct.com
domain:vtb.ru
domain:vtbglobalperspectives.com
domain:credit-zenit.ru
domain:zenit-card.ru
domain:zenit.ru
domain:nspk.ru
domain:absolutbank.ru
domain:akbars.ru
domain:alfa.me
domain:ankb.ru
domain:asia-pay.ru
domain:atb.su
domain:autokreditbank.ru
domain:avangard.ru
domain:aversbank.ru
domain:bank-arzamas.ru
domain:bank-credit-suisse-moscow.ru
domain:bank131.com
domain:bankermak.ru
domain:best2pay.net
domain:jivochat.ng
domain:blanc.ru
domain:bm-bank.ru
domain:bspb.ru
domain:commerzbank.ru
domain:finambank.ru
domain:forshtadt.ru
domain:homecredit.ru
domain:hva.im
domain:ibamoscow.ru
domain:jpmorgan.ru
domain:korona.com
domain:kubankredit.ru
domain:mfk-bank.ru
domain:mvs-bank.ru
domain:noosferabank.ru
domain:primbank.ru
domain:prvbank.ru
domain:pskb.ru
domain:pvubank.com
domain:rbsgate.com
domain:rbsuat.com
domain:rencapbank.ru
domain:rencredit.ru
domain:rncoluminis.ru
domain:sbibankllc.ru
domain:seb.ru
domain:selkombank.ru
domain:sinara.ru
domain:slavbank.ru
domain:smbcr-bank.ru
domain:solid.ru
domain:tagbank.ru
domain:tatsotsbank.ru
domain:tinkoff-edu.ru
domain:tkbbank.ru
domain:jivochat.ru
domain:uralsib.ru
domain:vlb100.ru
domain:westernunion.ru
domain:yoobusiness.ru
domain:ziraatbank.ru
domain:getsynapse.io
domain:spasibo.market
domain:sber.ru
domain:sberbank.com
domain:sberbank.ru
domain:sbrf.ru
domain:id.ru
domain:megamarket.ru
domain:megamarket.tech
domain:sberauto.com
domain:sberbank-insurance.ru
domain:sberbank-tele.com
domain:sberbankaktivno.ru
domain:sberbankins.ru
domain:sbercloud.ru
domain:sbercloud.tech
domain:sberdevices.ru
domain:sberdisk.ru
domain:sberfactoring.ru
domain:sberhealth.ru
domain:sberindex.ru
domain:sberleasing.ru
domain:sberlogistics.ru
domain:sbermegamarket.ru
domain:okko.tv
domain:sberpb.ru
domain:sbertroika.ru
domain:afisha.ru
domain:citydrive.ru
domain:cloud.ru
domain:cloudru.cn
domain:eaptechka.online
domain:eapteka.ru
domain:21-school.ru
domain:kuper.ru
domain:restnproducts.ru
domain:samokat.ru
domain:giga.chat
domain:gitverse.ru
domain:jivo.chat
domain:jivo.ru
domain:okko.sport
domain:sbermobile.ru
domain:sber-bank.by
domain:2gis.ru
domain:playfamily.ru
domain:okkoapi.tv
domain:2gis.ge
domain:jivochat.de
domain:alefbank.com
domain:alfabank.ru
domain:ubs.com
domain:jivosite.com
domain:jivosite.ru
domain:payecom.ru
domain:platiecom.ru
domain:otello.ru
domain:sber.pro
domain:cplsb.ru
domain:sberspasibo.ru
domain:spasibo.digital
domain:jivochat.com
domain:spasibobonus.ru
domain:spasibosb.ru
domain:spasibosberbank.ru
domain:accesspoint.uz
domain:bps-sberbank.by
domain:sbertech.ru
domain:zvuk-b2b.com
domain:zvuk.com
domain:2gis.cz
domain:2gis.uz
domain:2gis.az
domain:2gis.by
domain:2gis.com
domain:2gis.tech
domain:2gis.kg
domain:2gis.ae
domain:2gis.am
domain:2gis.kz
domain:2gis.tj
domain:prodcontest.com
domain:cu.ru
domain:centraluniversity.ru
domain:xn--h1ao.site
domain:xn--d1abkf4ap.fun
domain:xn--b1aechhj6bof8g5a.site
domain:xn--90aifd0az.shop
domain:unidraw.io
domain:travel-tec.ru
domain:xn----7sbhmncai5a0arm7c1e.xn--p1ai
domain:xn----8sbkfzespdwig.xn--p1ai
domain:xn----8sbwjbxyd.xn--p1ai
domain:xn--90aifd0azb.xn--p1acf
domain:2w.ru
domain:4c.ru
domain:4epenaxa.com
domain:atomyze.ru
domain:atomyze.tech
domain:babki.ru
domain:bankline.ru
domain:booking-tec.ru
domain:capitalt.ru
domain:cardsmobile.ru
domain:cdn-tinkoff.ru
domain:codeseason.by
domain:custody.ru
domain:data-tscbank.ru
domain:deltacredit.ru
domain:depository.ru
domain:dolyame.ru
domain:electronicsignature.ru
domain:enterly.ru
domain:era-invest.ru
domain:etna.ai
domain:gainstech.ru
domain:gosdolgi.ru
domain:it-katok.ru
domain:it-picnic.ru
domain:it-piknik.ru
domain:jfn.su
domain:jira-tcsbank.ru
domain:jump.taxi
domain:jumpwork.ru
domain:karmahelp.ru
domain:karta-banka-rf.ru
domain:koshelek.app
domain:lifestyle-tec.ru
domain:malotogo.ru
domain:max-tcs.ru
domain:mfk-t-finance.ru
domain:my-tbank.ru
domain:phoenix-ca.ru
domain:private-banking.ru
domain:rbcollect.ru
domain:rbcredit.ru
domain:rf-sim-mobile.ru
domain:rosbank-auto.ru
domain:rosbank-capital.ru
domain:rosbank-credit.com
domain:rosbank-dom.ru
domain:rosbank-leasing.ru
domain:rosbank.ru
domain:rusfinance.ru
domain:rusfinancebank.ru
domain:safeliner.tech
domain:sage-observability.tech
domain:sgcheck.ru
domain:t-access.ru
domain:t-bank-app.ru
domain:t-bank-app.su
domain:t-bank.by
domain:t-calls.ru
domain:t-capital-funds.ru
domain:t-cpa.ru
domain:t-dengi.ru
domain:t-finance.group
domain:t-finance.ru
domain:t-human.ru
domain:t-investlab.ru
domain:t-j.ru
domain:t-ofp.ru
domain:t-pulse.ru
domain:t-static.ru
domain:t-stekovka.ru
domain:t-tech.dev
domain:t-tech.ru
domain:t-tech.team
domain:t-technologies.ru
domain:t-tolk.ru
domain:t.finance
domain:tb-esim.ru
domain:tbank-online.com
domain:tbank.ru
domain:tconf.ru
domain:tcsbank.ru
domain:tdev.by
domain:time-messenger.ru
domain:tinkoff-group.com
domain:tinkoff.ai
domain:tinkoff.ru
domain:tinkoffcapital.ru
domain:tinkoffinsurance.ru
domain:tinkoffinsurancefuture.ru
domain:tinkoffjournal.ru
domain:tinkoffmobile.com
domain:tinsurance.ru
domain:tinsurancefuture.ru
domain:tmiaf.ru
domain:tpension.ru
domain:jivochat.co.za
domain:jivochat.co.in
domain:jivochat.com.co
domain:jivochat.com.pe
domain:2gis.com.cy
domain:jivochat.com.tr
domain:jivochat.com.br
domain:ssb.msk.ru
domain:ru.ccb.com
domain:vtb-grants.fut.ru
domain:ads.sber.ru
domain:clickstream.sberbank.ru
domain:neon.click
domain:sbermarketing.ru
full:error-tracking.megamarket.tech
full:metrics.21-school.ru
full:sentry.sberauto.com
full:tracing-http.megamarket.tech
full:visor.sberbank.ru
