domain:andfx.net
domain:cmicapm.com
domain:chinamobile.com
domain:chinamobileltd.com
domain:cmread.com
domain:cmvideo.cn
domain:migu.cn
domain:migucloud.com
domain:migufun.com
domain:miguvideo.com
domain:zdsdp.com
domain:cmpay.com
domain:cmcc-cs.cn
domain:online-cmcc.cn
domain:5gxcx.net
domain:andfx.cn
domain:139.com
domain:cmicrwx.cn
domain:10086.cn
domain:cmicvip.cn
domain:cmpassport.com
domain:fxltsbl.com
domain:fetion-portal.com
domain:fetionpic.com
domain:hfx.net
domain:mmarket.com
domain:mmarket6.com
domain:komect.com
domain:chinamobiledevice.com
domain:cmdcxls.com
domain:cxzx10086.cn
domain:cytxl.com.cn
domain:cmft.com.cn
domain:speedtest.hk.chinamobile.com
domain:speedtestbb.hk.chinamobile.com
