full:ping.archlinux.org
full:redirect.archlinux.org
full:nmcheck.gnome.org
full:connectivitycheck.gstatic.com
full:networkcheck.kde.org
full:edge-http.microsoft.com
full:www.qualcomm.com
full:connectivity-check.ubuntu.com
domain:kuketz.de
domain:msftconnecttest.com
domain:msftncsi.com
domain:cp.cloudflare.com
domain:network-test.debian.org
domain:detectportal.firefox.com
domain:ipv6check-http.steamserver.net
domain:ipv6check-udp.steamserver.net
domain:test.steampowered.com
domain:captive.apple.com
full:www.gstatic.com
full:connectivitycheck.platform.hihonorcloud.com
full:connectivitycheck.platform.hicloud.com
full:connect.rom.miui.com
full:conn1.oppomobile.com
full:conn2.oppomobile.com
full:www.qualcomm.cn
full:connectivity.samsung.com.cn
full:wifi.vivo.com.cn
