domain:dettol-prize.com
domain:dettol.com
domain:dettol.be
domain:dettol.ru
domain:dettol.cl
domain:dettolthailand.com
domain:dettolcleannaija.com
domain:dettolarabia.com
domain:dettol.at
domain:dettol.cz
domain:dettol.ch
domain:dettol.pt
domain:dettol.pl
domain:dettol.pk
domain:dettol.nl
domain:dettol.net
domain:dettol.ie
domain:dettol.hu
domain:dettol.fr
domain:dettol.co.nz
domain:dettol.com.sg
domain:dettol.com.ng
domain:dettol.com.my
domain:dettol.com.hk
domain:dettol.com.eg
domain:dettol.com.br
domain:dettol.com.bd
domain:dettol.com.au
domain:dettol.co.uk
domain:dettol.co.ke
domain:dettol.co.in
domain:dettolsitishield.co.in
domain:dettol.co.id
domain:espadoldettol.com.ar
domain:dettol.com.cn
