domain:epochtimes.eu
domain:ntd.tv
domain:edninfo.com
domain:epoch.cloud
domain:velkaepocha.cz
domain:epochbase.com
domain:epochbuy.com
domain:epochcar.com
domain:epochhk.com
domain:epochmall.com
domain:epochmediagroup.com
domain:epochshop.com
domain:epochstories.com
domain:epochtime.com
domain:epochtimes-bg.com
domain:epochtimes-romania.com
domain:epochtimes.bg
domain:dajiyuan.com
domain:theepochtimessubscribe.com
domain:theepochtimes.com
domain:epochtimes.com
domain:renminbao.com
domain:persianepochtimes.com
domain:ntdvn.com
domain:ntdvideo.tw
domain:ntdtvla.com
domain:dajiyuan.eu
domain:epochtimes.cz
domain:ntdtv-dc.com
domain:epochtimes.fr
domain:epochtimes.it
domain:epochtimes.jp
domain:epochtimes.nl
domain:epochtimes.pl
domain:epochtimes.ru
domain:epochtimes.se
domain:epochtimeshk.org
domain:epochtimestr.com
domain:epochweek.com
domain:epochweekly.com
domain:erabaru.net
domain:etviet.com
domain:lagranepoca.com
domain:minghui.org
domain:ntd.com
domain:epochtimes.de
domain:ntdca.com
domain:ntdimg.com
domain:ntdtv.kr
domain:ntdtv.ca
domain:ntdtv.se
domain:ntdtv.ru
domain:ntdtv.com
domain:ntdtv.org
domain:ntdtv.fr
domain:ntdtv.jp
domain:epochtimes.co.il
domain:ntdtv.com.tw
domain:ntdtv.co.kr
domain:ntdtv.co.il
domain:epochtimes.com.ua
domain:epochtimes.com.tw
domain:epochtimes.com.sg
domain:epochtimes.com.br
domain:epochtimes.com.au
domain:epochtimes.co.uk
domain:epochtimes.co.kr
domain:epoch.org.il
