domain:theepochtimes.com
domain:aboluowang.com
domain:bannedbook.org
domain:broadpressinc.com
domain:epochtimes.com
domain:dafahao.com
domain:donatecarsoh.org
domain:dongtaiwang.com
domain:falundafa.org
domain:falundafamuseum.org
domain:falungong.club
domain:faluninfo.net
domain:fawanghuihui.org
domain:fayuanbooks.com
domain:fgmtv.org
domain:ganjing.com
domain:ganjing.world
domain:ganjingworld.com
domain:guangming.org
domain:mhradio.org
domain:ninecommentaries.com
domain:starp2p.com
domain:tiandixing.org
domain:tiantibooks.org
domain:tuidang.org
domain:upholdjustice.org
domain:renminbao.com
domain:xinsheng.net
domain:yuanming.net
domain:zhengjian.org
domain:zhengwunet.org
domain:zhenxiang.biz
domain:zhuichaguoji.org
domain:shenyun.com
domain:shenyun.org
domain:shenyuncreations.com
domain:shenyunperformingarts.org
domain:bayvoice.net
domain:ozvoice.org
domain:sohcradio.com
domain:sohfrance.org
domain:soundofhope.eu
domain:soundofhope.kr
domain:soundofhope.org
domain:wanokokorosoh.com
domain:epochtimes.eu
domain:ntd.tv
domain:edninfo.com
domain:epoch.cloud
domain:velkaepocha.cz
domain:epochbase.com
domain:epochbuy.com
domain:epochcar.com
domain:epochhk.com
domain:epochmall.com
domain:epochmediagroup.com
domain:epochshop.com
domain:epochstories.com
domain:epochtime.com
domain:epochtimes-bg.com
domain:epochtimes-romania.com
domain:epochtimes.bg
domain:dajiyuan.com
domain:theepochtimessubscribe.com
domain:chinaaffairs.org
domain:bannedbook.net
domain:wujieliulan.com
domain:persianepochtimes.com
domain:ntdvn.com
domain:ntdvideo.tw
domain:ntdtvla.com
domain:dajiyuan.eu
domain:epochtimes.cz
domain:ntdtv-dc.com
domain:epochtimes.fr
domain:epochtimes.it
domain:epochtimes.jp
domain:epochtimes.nl
domain:epochtimes.pl
domain:epochtimes.ru
domain:epochtimes.se
domain:epochtimeshk.org
domain:epochtimestr.com
domain:epochweek.com
domain:epochweekly.com
domain:erabaru.net
domain:etviet.com
domain:lagranepoca.com
domain:minghui.org
domain:ntd.com
domain:epochtimes.de
domain:ntdca.com
domain:ntdimg.com
domain:ntdtv.kr
domain:ntdtv.ca
domain:ntdtv.se
domain:ntdtv.ru
domain:ntdtv.com
domain:ntdtv.org
domain:ntdtv.fr
domain:ntdtv.jp
domain:es-visiontimes.com
domain:kannewyork.com
domain:watchinese.com
domain:vtvan.com
domain:visiontimesjp.com
domain:visiontimes.net
domain:visiontimes.it
domain:visiontimes.fr
domain:visiontimes.de
domain:visiontimes.com
domain:vct.news
domain:trithucvn.org
domain:trithucvn.net
domain:secretchina.com
domain:kanzhongguo.com
domain:kanzhongguo.eu
domain:epochtimes.co.il
domain:epochtimes.co.kr
domain:epochtimes.com.br
domain:epochtimes.com.sg
domain:epochtimes.com.tw
domain:epochtimes.co.uk
domain:ntdtv.com.tw
domain:ntdtv.co.kr
domain:epochtimes.com.au
domain:ntdtv.co.il
domain:yuming.qxbbs.org
domain:falundafa.org.tw
domain:epochtimes.com.ua
domain:epoch.org.il
