domain:finish.sk
domain:finish.ro
domain:yarininsuyu.com
domain:finishwin.be
domain:finishkilpailu.fi
domain:finishinfo.se
domain:finishinfo.ru
domain:finishinfo.no
domain:finish.de
domain:finish.es
domain:finish.fr
domain:finish.gr
domain:finish.hu
domain:finish.lv
domain:finish.pl
domain:finish.pt
domain:finisharabia.com
domain:finish.si
domain:finish.bg
domain:finish.at
domain:finishinfo.be
domain:finishdishwashing.ca
domain:finishdishwashing.com
domain:finishinfo.nl
domain:finishinfo.cl
domain:finishinfo.com
domain:finishinfo.jp
domain:finishinfo.it
domain:finishinfo.cz
domain:finishinfo.fi
domain:finishinfo.com.au
domain:finishinfo.com.ar
domain:finishbrasil.com.br
domain:finish.com.tr
domain:finish.com.hr
domain:finish.co.za
domain:finish.co.uk
domain:finish.co.nz
domain:finish.co.kr
domain:dishwashingexpert.com.cn
domain:finish.com.cn
