domain:gisplanning.com
domain:globalriskregulator.com
domain:exec-appointments.com
domain:fdiintelligence.com
domain:financialadvisoriq.com
domain:ft.com
domain:ftadviser.com
domain:ftchinese.com
domain:ftiecla.com
domain:ignites.com
domain:excedo.com
domain:agendaweek.com
domain:fundfire.com
domain:ignitesasia.com
domain:igniteseurope.com
domain:thenextweb.com
domain:mandatewire.com
domain:pensions-expert.com
domain:pwmnet.com
domain:thebanker.com
domain:thebankerdatabase.com
domain:investorschronicle.co.uk
