domain:groupib.ae
domain:group-ib.us
domain:cert-gib.com
domain:cert-gib.ru
domain:cybercrimecon.com
domain:gibdev.net
domain:g-ib.ae
domain:g-ib.ru
domain:g-ib.sg
domain:g-ib.us
domain:gib-global.com
domain:gib.sg
domain:gibtds.ru
domain:group-ib.ae
domain:antiphishing.ru
domain:future-cs.ru
domain:groupib.sg
domain:group-ib.eu
domain:group-ib.ru
domain:group-ib.sg
domain:group-ib.com
domain:antiphishing.nl
domain:group-ib.de
domain:groupib.us
domain:f6.dev
domain:f6.ru
domain:f6.security
domain:facct.email
domain:facct.ru
domain:group-ib.co.uk
