domain:harpercollins.com
domain:harpercollinschristian.com
domain:collins.in
domain:shelfstuff.com
domain:epicreads.com
domain:harperacademic.com
domain:harperapps.com
domain:harpercollins.ca
domain:librarylovefest.com
domain:hcpdts.com
domain:harpercollinsadvantage.com
domain:harpercollinsspeakersbureau.com
domain:bookclubgirl.com
domain:collins.co.uk
domain:harpercollinschildrensbooks.co.uk
domain:harpercollins.com.au
domain:harpercollins.co.in
domain:harpercollins.co.uk
domain:natgeokidsbooks.co.uk
domain:egmontbooks.co.uk
