domain:interactivebrokers.com
domain:interactivebrokers.ca
domain:interactivebrokers.ie
domain:ibkr.com
domain:interactivebrokers.eu
domain:ibkr.ca
domain:ibllc.com
domain:ibkr.eu
domain:ibkr.ie
domain:ibkrguides.com
domain:ibkr.com.sg
domain:ibkr.co.in
domain:interactivebrokers.co.in
domain:interactivebrokers.co.jp
domain:interactivebrokers.co.uk
domain:ibkr.com.hk
domain:interactivebrokers.com.au
domain:interactivebrokers.com.hk
domain:interactivebrokers.com.sg
domain:ibkr.com.au
domain:ibkr.co.uk
