domain:intuit
domain:quickbooks.com
domain:myproseries.com
domain:gopayments.com
domain:intuit-gopayment.com
domain:intuit.ca
domain:turbotax.com
domain:intuit.com
domain:turbo.com
domain:intuit.fr
domain:intuitaffiliate.com
domain:payroll.com
domain:intuitcdn.net
domain:intuitfullservicepayroll.com
domain:intuitinnovationday.com
domain:intuitlabs.com
domain:intuitpayments.com
domain:gopayment.com
domain:mailchimp.com
domain:intuitbenefits.com
domain:proseries.com
domain:quickbooksonline.com
domain:quickbooksenligne.ca
domain:quickbooks2000.com
domain:creditkarma.com
domain:quickbooks.in
domain:quickbooks.fr
domain:quickbooks.com.br
domain:quickbooks.com.au
domain:quickbooks.co.za
domain:quickbooks.co.uk
domain:quickbooksgetconnected.co.za
domain:quickbook.com.br
domain:intuit.com.au
domain:intuit.co.uk
