domain:itunes.hk
domain:ituneslogin.net
domain:12diasderegalosdeitunes.co
domain:wwwitunes.com
domain:iutunes.com
domain:itunesu.net
domain:12diasderegalosdeitunes.com
domain:itunesu.com
domain:itunesstore.co
domain:12diasdepresentesdeitunes.com
domain:itunes.com
domain:12diasderegalosdeitunes.cr
domain:12diasderegalosdeitunes.gt
domain:12diasderegalosdeitunes.hn
domain:12diasderegalosdeitunes.pe
domain:12joursdecadeauxdeitunes.com
domain:itun.es
domain:itunbes.com
domain:ituneas.com
domain:itunes-radio.net
domain:itunes.ca
domain:itunes.co
domain:12diasderegalosdeitunes.cl
domain:itunesradio.tw
domain:itunesradio.tv
domain:itunes.mx
domain:itunes.org
domain:itunes.rio
domain:itunes.us
domain:itunes12days.com
domain:itunesessentials.com
domain:itunesfestivals.com
domain:itunesiradio.com
domain:ituneslatino.com
domain:itunesradio.rio
domain:itunesmatch.com
domain:itunesparty.com
domain:itunesradio.com
domain:itunes.co.th
domain:12diasderegalosdeitunes.com.ni
domain:12diasderegalosdeitunes.com.ve
domain:12diasderegalosdeitunes.com.hn
domain:12diasderegalosdeitunes.com.co
domain:12diasderegalosdeitunes.co.ve
domain:12diasderegalosdeitunes.co.ni
domain:12diasderegalosdeitunes.co.cr
domain:itunes.apple.com
domain:itunes-apple.com.akadns.net
domain:apple-itunes.cn
domain:itunes-apple.cn
domain:itunesapple.cn
domain:itunesradio.cn
domain:itunesradio.com.cn
full:amp-api-edge-lb-cn.itunes-apple.com.akadns.net
full:amp-api-edge-lb.itunes-apple.com.akadns.net
full:aod-ssl.itunes.apple.com
full:aod.itunes.apple.com
full:apptrailers.itunes.apple.com
full:bag.itunes.apple.com
full:bookkeeper.itunes.apple.com
full:client-api.itunes.apple.com
full:cma.itunes.apple.com
full:downloaddispatch.itunes.apple.com
full:entitlements-edge.itunes.apple.com
full:fpinit.itunes.apple.com
full:inappcheck-cn.itunes-apple.com.akadns.net
full:inappcheck-lb.itunes-apple.com.akadns.net
full:inappcheck.itunes.apple.com
full:init.itunes.apple.com
full:iosapps.itunes.apple.com
full:misc-assets.itunes.apple.com
full:mvod.itunes.apple.com
full:myapp.itunes.apple.com
full:np-edge.itunes.apple.com
full:osxapps.itunes.apple.com
full:pd-nk.itunes.apple.com
full:pd.itunes.apple.com
full:play-edge.itunes.apple.com
full:play.itunes.apple.com
full:podcasts.itunes.apple.com
full:se-edge.itunes.apple.com
full:se2.itunes.apple.com
full:search.itunes.apple.com
full:sf-api-token-service.itunes.apple.com
full:sp.itunes.apple.com
full:streamingaudio.itunes.apple.com
full:su.itunes.apple.com
full:sync.itunes.apple.com
full:tf-feedback.itunes.apple.com
full:universal-activity-service.itunes.apple.com
full:upp.itunes.apple.com
full:bag-cdn.itunes-apple.com.akadns.net
full:iosapps.itunes.g.aaplimg.com
full:is-ssl.mzstatic.com-cn-lb.itunes-apple.com.akadns.net
full:itunes-apple.com.akadns.net
full:itunes.apple.com
full:itunesconnect.apple.com
full:osxapps.itunes.g.aaplimg.com
