domain:kimg.cn
domain:kingsoft-office-service.com
domain:kingsoft.com
domain:ks-live.com
domain:ksmobile.com
domain:ksord.com
domain:ksosoft.com
domain:kcdnvip.com
domain:ks-cdn.com
domain:ks-cdn1.com
domain:ksyun.com
domain:ksyuncdn.com
domain:ksyungslb.com
domain:cheetahfun.com
domain:cmcm.com
domain:cmcmcdn.com
domain:liebao.cn
domain:drivergenius.com
domain:duba.com
domain:duba.net
domain:ijinshan.com
domain:keniu.com
domain:seasungames.cn
domain:seasungames.com
domain:seasunwbl.com
domain:xishanju.com
domain:xoyo.com
domain:xoyocdn.com
domain:cbjq.com
domain:testplus.cn
domain:wps.cn
domain:wps.com
domain:wpscdn.cn
domain:wpscdn.com
domain:qwps.cn
domain:kimxz.com
domain:51dzt.com
domain:iciba.com
domain:docer.com
domain:kdocs.cn
domain:wpsmail.net
domain:papocket.com
domain:wpspdf.cn
