domain:feishuhuiyi.com
domain:feishuapp.com
domain:byteoc.com
domain:bytewebservice.com
domain:bytexns.cn
domain:bytexns.com
domain:bytexns.net
domain:bytexopen.com
domain:bytexservice.com
domain:meegobeta.com
domain:okr.cn
domain:okr.com
domain:statusfeishu.cn
domain:vscenevideo.com
domain:larkofficecdn.com
domain:larkofficepkg.com
domain:lark.cn
domain:larkcloud.com
domain:larkcloud.net
domain:larkfn.com
domain:larkmeetings.cn
domain:larkmeetings.com
domain:larkoffice.com
domain:thelarkcloud.com
domain:securityfs.cn
domain:larkofficeapp-pre.com
domain:larkofficeapp.com
domain:larkofficeboe.com
domain:lark-passport-qa-sg.net
domain:statuslarkoffice.com
domain:larkrooms.cn
domain:larkofficepre.com
domain:larkofficeimg.com
domain:larkrooms.com
domain:larksuite-pre.com
domain:larksuite.com
domain:larkvc.com
domain:larksuiteimg.com
domain:larksuitecdn.com
domain:larksuiteimg-boe.com
domain:larksuiteimg-pre.com
domain:securityfeishu.cn
domain:larkofficeapp-boe.com
domain:bytecloud.com
domain:getfeishu.cn
domain:anycross.com
domain:blmpb.com
domain:bytedancehermestest.com
domain:falconsending.com
domain:fei-shu.cn
domain:feishu-3rd-party-services.com
domain:feishu-boe.net
domain:feishu-customer.cn
domain:feishu-pre.cn
domain:feishu-pre.net
domain:feishu-psc.cn
domain:feishu-staging.cn
domain:feishu.cn
domain:feishu.net
domain:feishuapp-cdn.net
domain:feishuapp.cn
domain:lackvc.cn
domain:feishucdn.com
domain:feishudoc.cn
domain:feishudoc.com
domain:feishuhuiyi.cn
domain:baseopendev.com
domain:feishuimg-boe.com
domain:feishuimg-pre.com
domain:feishuimg.com
domain:feishukacdn.com
domain:feishumeetings.cn
domain:feishumeetings.com
domain:feishuoffice.cn
domain:feishuoffice.com
domain:feishuopenplatformrecord.com
domain:feishupkg.com
domain:feishustatus.cn
domain:feishuvc.cn
domain:feishuvc.com
domain:getsays.com
domain:getfeishu.com
domain:getsays.cn
domain:okr.com.cn
domain:larkoffice.com.bytedns1.com
domain:frontier-lark-lb-v3.lf.bytelb.net
domain:larksuite.com.ttdns2.com
domain:larksuite.com.ttdns1.com
