domain:mindgeek.com
domain:pornhub-deutsch.net
domain:digitalplaygroundnetwork.com
domain:porniq.com
domain:pornmd.com
domain:seancody.com
domain:thumbzilla.com
domain:twistys.com
domain:webcams.tv
domain:whynotbi.com
domain:brazzer.com
domain:brazzers.com
domain:brazzers.xxx
domain:brazzersnetwork.com
domain:mofos.com
domain:digitalplayground.com
domain:pornhubapparel.com
domain:mydirtyhobby.com
domain:mdhcdn.com
domain:gaytube.com
domain:phncdn.com
domain:phprcdn.com
domain:porngub.com
domain:men.com
domain:babes.com
domain:extremetube.com
domain:pornhub.org
domain:pornhubpremium.com
domain:tube8.com
domain:tube8.fr
domain:nutaku.com
domain:nutaku.net
domain:realitykings.com
domain:rk.com
domain:livehdcams.com
domain:redtube.com
domain:redtubepremium.com
domain:rdtcdn.com
domain:ypncdn.com
domain:pornhub.com
domain:keezmovies.com
domain:youporn.com
domain:youporngay.com
domain:youpornpremium.com
domain:youpornru.com
domain:yopornshop.com
domain:redtube.com.br
