domain:motorolacareers.com
domain:motorola.com
domain:motorola.ca
domain:motorola.cl
domain:motorola.co
domain:motorolasolutions.com
domain:hellomoto.com
domain:motorolanews.com
domain:moto.com
domain:motorola.vn
domain:motorola.gr
domain:motorola.net
domain:motorola.it
domain:motorola.in
domain:motorola.de
domain:motorola.es
domain:motorola.fr
domain:motorola.co.jp
domain:motorola.com.pr
domain:motorola.com.pe
domain:motorola.com.co
domain:motorola.com.au
domain:motorola.co.uk
domain:motorola.co.th
domain:motorola.co.id
