domain:naver.com
domain:naver.me
domain:naver.net
domain:navercorp.com
domain:nheos.com
domain:pstatic.net
domain:clova.ai
domain:navercloudcorp.com
domain:naverncp.com
domain:ncloud.com
domain:worksmobile.com
domain:naverfincorp.com
domain:snow.me
domain:snowcorp.com
domain:vday.io
domain:studiolico.com
domain:studioncorp.com
domain:wattpad.com
domain:webtoons.com
domain:webtoonscorp.com
domain:band.us
domain:grafolio.com
domain:modoo.at
domain:naver.jp
domain:naverads.com
domain:naverlabs.com
domain:plug.game
domain:prismlive.com
domain:linemobile.com
domain:lin.ee
domain:line-apps-beta.com
domain:line-apps-rc.com
domain:line-apps.com
domain:line-beta.me
domain:line-cdn.net
domain:line-scdn.net
domain:line.me
domain:line.biz
domain:linefriends.com
domain:linecorp.com
domain:nhncorp.jp
domain:linetv.tw
domain:linegame.jp
domain:gcld-line.com
domain:linemyshop.com
domain:lineshoppingseller.com
domain:linefriends.com.tw
domain:naver.com.akadns.net
domain:naverads.com.akadns.net
