domain:lf127.net
domain:188.com
domain:126.net
domain:127.com
domain:127.net
domain:163.com
domain:163cn.tv
domain:163industry.com
domain:163jiasu.com
domain:163mail.com
domain:163qiyukf.com
domain:163yun.com
domain:166.com
domain:166.net
domain:lf126.net
domain:321fenx.com
domain:haowu.link
domain:icourse163.org
domain:126.link
domain:kada.com
domain:netease.im
domain:lofter.com
domain:nease.net
domain:netease-inc.com
domain:netease.com
domain:126.com
domain:netstatic.net
domain:qiyukf.com
domain:qiyukf.net
domain:yysls.cn
domain:static163.net
domain:weiyang.cn
domain:ydstatic.com
domain:yeah.net
domain:youdao.com
domain:yunxindns.com
domain:yunxinfw.com
domain:zhuanzfx.com
domain:yjwujian.cn
domain:qiyukf.net.cn
domain:easebar.com
domain:youdaoads.com
domain:a.youdao.com
domain:admusicpic.music.126.net
domain:ads.music.126.net
domain:analytics.163.com
domain:crash.163.com
domain:crashlytics.163.com
domain:g.163.com
domain:iadmat.nosdn.127.net
domain:iadmatapk.nosdn.127.net
domain:iadmusicmat.music.126.net
domain:iadmusicmatvideo.music.126.net
domain:sentry.music.163.com
