full:nurofensk-prod-env.eu-west-1.elasticbeanstalk.com
domain:nurofen.fr
domain:nurofen.pl
domain:nurofengel.com
domain:nurofen.ru
domain:nurofen.sk
domain:nurofen.hr
domain:nurofen.com
domain:nurofen.pt
domain:nurofen.hu
domain:nurofen.cz
domain:nurofen.de
domain:nurofen.es
domain:nurofen.bg
domain:nurofen.ro
domain:nurofen.at
domain:nurofen.ie
domain:nurofen.it
domain:nurofen.net
domain:nurofen.no
domain:nurofen.com.sg
domain:nurofen.com.au
domain:nurofen.co.za
domain:nurofen.co.uk
domain:nurofen.co.nz
domain:nurofen.co.il
domain:nurofen.cn
domain:nurofen.com.cn
