domain:realmemobile.com
domain:realme.net
domain:allawntech.com
domain:coloros.com
domain:coloros.net
domain:finzfin.com
domain:heytap.com
domain:heytapcs.com
domain:heytapdownload.com
domain:heytapimage.com
domain:heytapmobi.com
domain:h2os.com
domain:ioppo.net
domain:keke.cn
domain:myoppo.com
domain:oneplusmobile.com
domain:opdwz.cn
domain:oppo.cn
domain:oppo.com
domain:oppo.mobi
domain:oppodigital.com
domain:allawno.com
domain:oppocoloros.com
domain:oneplusbbs.com
domain:oppoer.me
domain:oppomobile.cn
domain:oppomobile.com
domain:oppopay.com
domain:opposhop.cn
domain:oppowork.com
domain:realme.com
domain:oppocolor.com
domain:realmebbs.com
domain:allawnfs.com
domain:shopoppo.cn
domain:opstatics.com
domain:wanyol.com
domain:oneplus.com
domain:oneplus.cn
domain:oneplus.net
domain:shopoppo.com.cn
domain:oppodigital.com.cn
domain:nearme.com.cn
domain:ioppo.com.cn
full:community.oneplus.com
