domain:ozon.tm
domain:ozon.tech
domain:o3t.ru
domain:o3team.ru
domain:o-courier.ru
domain:ocourier.ru
domain:ozon-dostavka.ru
domain:ozon-credit.ru
domain:ozon-tech.ru
domain:ozon.app
domain:ozon.by
domain:ozon.com
domain:xn--e1adjldbbpv.xn--90ais
domain:ozoncamp.pro
domain:ozon.dev
domain:ozon.travel
domain:ozon.global
domain:ozon.kz
domain:ozon.li
domain:ozon.market
domain:rocketozon.by
domain:o3.ru
domain:ozon.ru
domain:ozon.express
domain:xn--80aafgovrgbc7am.xn--p1ai
domain:ozoncard.ru
domain:ozoncom.by
domain:ozoncorporate.ru
domain:ozone.ru
domain:ozonglobalevents.com
domain:ozonpartners.by
domain:ozonpartners.ru
domain:ozonrocet.by
domain:ozonroket.by
domain:xn----8sbahiqzthbd0bn.xn--p1ai
domain:ozonru.com
domain:ozonru.eu
domain:ozonru.me
domain:ozonsport.ru
domain:ozonstatus.ru
domain:ozonusercontent.com
domain:ozon.com.by
domain:ozonru.co.il
domain:ozon.com.kz
domain:ewisdom.us.kg
full:ad.ozone.ru
full:adv.ozon.ru
full:agency-adv.ozon.ru
full:analytics-adv.ozon.ru
full:beginners-adv.ozon.ru
full:google-analytics-suite.ozon.ru
full:loyalnost-adv.ozon.ru
full:new-adv.ozon.ru
full:prodvizhenie-adv.ozon.ru
full:questions-adv.ozon.ru
full:sentry.ozon.ru
full:xapi.ozon.by
full:xapi.ozon.com
full:xapi.ozon.com.by
full:xapi.ozon.com.kz
full:xapi.ozon.kz
full:xapi.ozon.ru
full:xapi.ozonru.me
