domain:pinterest.nz
domain:pinterest.ru
domain:pinterest.at
domain:pinterest.be
domain:pinterest.ca
domain:pinterest.ch
domain:pinterest.cl
domain:pinterest.co
domain:pinterestmail.com
domain:pinterest.vn
domain:pinterest.uk
domain:pinterest.tw
domain:pinterest.es
domain:pinterest.com
domain:pinterest.th
domain:pinterest.se
domain:pinterest.engineering
domain:pinterest.pt
domain:pinterest.ph
domain:pinterest.pe
domain:pin.it
domain:pinterest.nl
domain:pinterest.de
domain:pinterest.dk
domain:pinimg.com
domain:pinterest.ec
domain:pinterest.net
domain:pinterest.fr
domain:pinterest.hu
domain:pinterest.id
domain:pinterest.ie
domain:pinterest.in
domain:pinterest.info
domain:pinterest.it
domain:pinterest.jp
domain:pinterest.kr
domain:pinterest.mx
domain:pinterest.com.au
domain:pinterest.co.kr
domain:pinterest.com.uy
domain:pinterest.com.py
domain:pinterest.com.pe
domain:pinterest.co.uk
domain:pinterest.com.vn
domain:pinterest.com.ec
domain:pinterest.com.mx
domain:pinterest.co.nz
domain:pinterest.com.bo
domain:pinterest.co.in
domain:pinterest.co.at
domain:pinterest.map.fastly.net
domain:pinimg.com.cdn.cloudflare.net
