full:nurofensk-prod-env.eu-west-1.elasticbeanstalk.com
domain:nurofen.ie
domain:veet.ch
domain:rb.com
domain:rb.net
domain:rbbusinessshop.com
domain:rbdigitalab.com
domain:rbdigitallab.com
domain:rbeuroinfo.com
domain:rbgrads.com
domain:rbgraduates.com
domain:rbmavericks.com
domain:rbnainternational.com
domain:rbplc.com
domain:rbrandlibrary.com
domain:rbspeakup.com
domain:reckitt.net
domain:reckittbenckiser.com
domain:reckittbenckiser.net
domain:reckittbenckiser.tv
domain:reckittprofessional.com
domain:aerogardcn.com
domain:woolitecarpet.com
domain:clearasil.us
domain:durex.pt
domain:durex.es
domain:durex-shop.ch
domain:durex-shopline.com
domain:durex-slovenia.si
domain:durex.at
domain:durex.be
domain:durex.cl
domain:trydurex.tv
domain:trydurex.net
domain:shopdurex.com
domain:playbydurex.com
domain:lovesexdurex.com
domain:durexusa.com
domain:durex.com
domain:durexukraine.com
domain:durexloveclub.com
domain:durexindia.com
domain:durexchina.com
domain:durexcanada.com
domain:durexcam.com
domain:durex.us
domain:durex.se
domain:durex.ru
domain:durex.dk
domain:dewitwithdurex.com
domain:durex.cz
domain:durex.de
domain:dotherex.com
domain:durex.no
domain:durex.ro
domain:durex.fi
domain:durex.fr
domain:durex.hu
domain:durex.ie
domain:durex.it
domain:durex.jp
domain:durex.lv
domain:durex.mx
domain:durex.nl
domain:durex.ee
domain:durex.pl
domain:woolite.us
domain:woolite.pl
domain:woolite.com
domain:woolite.ca
domain:veet.de
domain:veet.es
domain:veet.fi
domain:veet.se
domain:veet.hu
domain:veet.jp
domain:veet.nl
domain:veet.no
domain:veet.pt
domain:veet.ro
domain:veet.dk
domain:veet.ru
domain:veet.be
domain:mortein.com
domain:morteincam.com
domain:pifpafarabia.com
domain:veet.com
domain:veet.at
domain:veet.us
domain:veetarabia.com
domain:veetbangladesh.com
domain:veetcentroamerica.com
domain:veetclub.it
domain:keepmovingwithmovefree.com
domain:move-free.net
domain:movefrees.com
domain:movefreeoffers.com
domain:movefreerewards.com
domain:schiffvitamins.com
domain:airwick.fi
domain:airwick.pl
domain:airwick.ca
domain:airwick.ch
domain:airwick.cl
domain:vipoo.es
domain:airwickarabia.com
domain:airwick.us
domain:airwick.tv
domain:airwick.com
domain:airwick.sk
domain:airwick.si
domain:airwick.se
domain:airwick.ru
domain:airwick.cz
domain:airwick.de
domain:airwick.fr
domain:airwick.es
domain:airwick.be
domain:airwick.dk
domain:airwick.it
domain:airwick.hu
domain:airwick.ie
domain:airwick.hr
domain:airwick.jp
domain:airwick.net
domain:airwick.nl
domain:airwick.no
domain:airwick.at
domain:airwick.pt
domain:airwick.ro
domain:veet.cl
domain:veet.ca
domain:veet.fr
domain:veet.tv
domain:enfamil.com
domain:enfamil.es
domain:enfamil.pl
domain:enfamil.pt
domain:meadjohnson.com
domain:meadjohnson.net
domain:enfasmart.com
domain:enspireformula.com
domain:strepsils.ru
domain:cepacol.com
domain:dobendan.de
domain:strepsilsarabia.com
domain:repsils.no
domain:strepsils.at
domain:strepsils.ch
domain:cepacol.ca
domain:strepsils.si
domain:strepsils.us
domain:strepsils.pt
domain:strepsils.ro
domain:strepsils.hr
domain:strepsils.pl
domain:strepsils.net
domain:strepsils.ie
domain:strepsils.hu
domain:strepsils.es
domain:strepsils.fi
domain:strepsils.fr
domain:enfabebe.com
domain:enfababy.com
domain:enfaaplus.com
domain:nutramigen.net
domain:nutramigen.pl
domain:enfagrow4.com
domain:calgoncarbon-china.com
domain:calgon.tv
domain:calgon.at
domain:calgon.pt
domain:calgon.nl
domain:vanish.se
domain:vanish.de
domain:powerofresolve.com
domain:spraynwash.com
domain:vanish.hu
domain:vanish.be
domain:vanish.ch
domain:vanish.cl
domain:vanishstains.com
domain:vanishinfo.cz
domain:vanishcentroamerica.com
domain:vanisharabia.com
domain:powerofresolve.ca
domain:vanish.sk
domain:vanish.at
domain:vanish.ru
domain:vanish.ro
domain:vanish.pt
domain:vanish.pl
domain:vanish.no
domain:vanish.nl
domain:vanish.it
domain:vanish.ie
domain:vanish.si
domain:vanish.dk
domain:vanish.es
domain:vanish.fi
domain:vanish.fr
domain:calgon.ie
domain:calgon.it
domain:calgon.be
domain:calgon.es
domain:calgon.de
domain:calgoncarbon.com
domain:calgon.com
domain:calgonit.com
domain:calgon.ch
domain:calgon.ru
domain:calgon.fr
domain:nurofen.no
domain:enfamil.ca
domain:rb-crisis.com
domain:nurofen.net
domain:nurofen.it
domain:digital-rb.com
domain:nurofen.at
domain:dettol-prize.com
domain:dettol.com
domain:dettol.be
domain:dettol.ru
domain:dettol.cl
domain:dettolthailand.com
domain:dettolcleannaija.com
domain:dettolarabia.com
domain:dettol.at
domain:dettol.cz
domain:dettol.ch
domain:dettol.pt
domain:dettol.pl
domain:dettol.pk
domain:dettol.nl
domain:dettol.net
domain:dettol.ie
domain:dettol.hu
domain:dettol.fr
domain:nurofen.ro
domain:nurofen.bg
domain:nurofen.es
domain:nurofen.de
domain:nurofen.cz
domain:nurofen.hu
domain:nurofen.pt
domain:nurofen.com
domain:nurofen.hr
domain:nurofen.sk
domain:nurofen.ru
domain:nurofengel.com
domain:nurofen.pl
domain:nurofen.fr
domain:mucinexprofessional.com
domain:finish.sk
domain:finish.ro
domain:yarininsuyu.com
domain:finishwin.be
domain:finishkilpailu.fi
domain:finishinfo.se
domain:finishinfo.ru
domain:finishinfo.no
domain:finish.de
domain:finish.es
domain:finish.fr
domain:finish.gr
domain:finish.hu
domain:finish.lv
domain:finish.pl
domain:finish.pt
domain:finisharabia.com
domain:finish.si
domain:finish.bg
domain:finish.at
domain:finishinfo.be
domain:finishdishwashing.ca
domain:finishdishwashing.com
domain:finishinfo.nl
domain:finishinfo.cl
domain:finishinfo.com
domain:finishinfo.jp
domain:finishinfo.it
domain:finishinfo.cz
domain:finishinfo.fi
domain:mucinex.tv
domain:mucinex.net
domain:mucinex.com
domain:mucinex.cn
domain:mucinex.ca
domain:lysol.net
domain:lysol.com
domain:lysol.cl
domain:lysol.ca
domain:airwick.co.uk
domain:lysol.co.cr
domain:finish.co.kr
domain:finish.co.za
domain:lizol.co.in
domain:mortein.com.ng
domain:lysol.com.mx
domain:finish.com.hr
domain:finish.com.tr
domain:finishbrasil.com.br
domain:finishinfo.com.ar
domain:finishinfo.com.au
domain:espadoldettol.com.ar
domain:mucinex.co.nz
domain:mucinex.com.cn
domain:dettol.co.id
domain:dettolsitishield.co.in
domain:dettol.co.in
domain:dettol.co.ke
domain:dettol.co.uk
domain:dettol.com.au
domain:dettol.com.bd
domain:dettol.com.br
domain:dettol.com.eg
domain:dettol.com.hk
domain:dettol.com.my
domain:dettol.com.ng
domain:dettol.com.sg
domain:dettol.co.nz
domain:vanishstains.com.au
domain:vanish.co.id
domain:vanish.co.il
domain:vanish.com.tr
domain:vanish.co.uk
domain:nurofen.com.sg
domain:nurofen.com.au
domain:nurofen.co.za
domain:nurofen.co.uk
domain:nurofen.co.nz
domain:nurofen.co.il
domain:vanish.co.za
domain:vanish.com.ar
domain:vanish.com.br
domain:vanish.com.co
domain:vanish.com.hr
domain:vanish.com.mx
domain:vanish.com.my
domain:vanish.com.pe
domain:vanish.com.sg
domain:vanish.co.in
domain:vanish.co.nz
domain:graneodin.com.mx
domain:strepsils.co.nz
domain:strepsils.co.za
domain:strepsils.com.ar
domain:strepsils.com.br
domain:calgon.com.tr
domain:calgon.co.uk
domain:o2action.co.kr
domain:strepsils.com.au
domain:strepsils.com.hk
domain:strepsils.com.ph
domain:strepsils.com.tw
domain:airwick.co.nz
domain:meadjohnson.com.tw
domain:meadjohnson.com.hk
domain:airwick.co.in
domain:strepsils.co.kr
domain:finish.co.uk
domain:finish.co.nz
domain:strepsils.com.co
domain:enfagrow.co.in
domain:enfabebe.com.ve
domain:enfagrow.com.bn
domain:enfagrow.com.my
domain:enfagrow.com.ph
domain:enfagrow.com.sg
domain:enfabebe3.com.ar
domain:enfamama.com.ar
domain:enfamama.com.ph
domain:bebepremium3.com.bo
domain:enfabebe.com.pe
domain:enfabebe.com.mx
domain:enfabebe.com.ec
domain:enfabebe.com.do
domain:enfabebe.com.co
domain:enfabebe.com.br
domain:enfa.com.vn
domain:enfa.co.id
domain:airwick.com.au
domain:airwick.com.br
domain:airwick.com.mx
domain:vanishbancaseulook.com.br
domain:airwick.com.tr
domain:mortein.com.pk
domain:airwick.co.za
domain:mortein.com.br
domain:mortein.com.au
domain:mortein.co.za
domain:mortein.co.nz
domain:mortein.co.in
domain:durex.co.id
domain:durex.co.il
domain:durex.co.nz
domain:durex.co.th
domain:durex.co.uk
domain:durex.co.za
domain:durex.com.hr
domain:durex.com.au
domain:durex.com.sg
domain:durex.com.tr
domain:durex.com.my
domain:durex.com.ng
domain:durex.com.pe
domain:veet.co.za
domain:veet.com.tr
domain:veet.com.sg
domain:veet.com.pk
domain:veet.com.ph
domain:veet.com.my
domain:veet.com.mx
domain:veet.com.hk
domain:veet.com.co
domain:veet.com.br
domain:veet.com.bd
domain:veet.com.au
domain:veet.com.ar
domain:veet.co.uk
domain:veet.co.nz
domain:veet.co.kr
domain:veet.co.in
domain:veet.co.id
domain:durex.com.ph
domain:durex.com.pk
domain:durex.com.co
domain:durex.com.bd
domain:aerogard.com.au
domain:reckittbenckiser.cn
domain:reckittbenckiser.com.cn
domain:aerogard.com.cn
domain:clearasil.cn
domain:clearasil.com.cn
domain:durex.com.cn
domain:durexchina.com.cn
domain:lovesexdurex.cn
domain:mortein.cn
domain:movefree.cn
domain:airwick.com.cn
domain:enfinitas.com.cn
domain:meadjohnson.com.cn
domain:strepsils.cn
domain:strepsils.com.cn
domain:vanish.cn
domain:dettol.com.cn
domain:dishwashingexpert.com.cn
domain:finish.com.cn
domain:lysol.cn
domain:lysol.com.cn
domain:nurofen.cn
domain:nurofen.com.cn
domain:calgon.cn
domain:veet.cn
domain:veet.com.cn
domain:woolite.cn
domain:woolite.com.cn
