domain:realtor.com
domain:rea-group.com
domain:thinkofliving.com
domain:housing.com
domain:housingcdn.com
domain:smartexpos.com
domain:ippstatic.com
domain:iproperty.com
domain:rea-asia.com
domain:rumah123.com
domain:makaan.com
domain:move.com
domain:moveaws.com
domain:myfun.com
domain:reastatic.net
domain:rea.tech
domain:rea.io
domain:proptiger.com
domain:rea.design
domain:rea.global
domain:iproperty.com.my
domain:property.com.au
domain:realcommercial.com.au
domain:realestate.com.au
domain:flatmates.com.au
domain:hackday.com.au
domain:iproperty.com.sg
domain:inventorship.com.au
domain:smartline.com.au
domain:spacely.com.au
domain:squarefoot.com.hk
domain:hometrack.com.au
