domain:samsung
domain:xn--cg4bki
domain:galaxyappstore.com
domain:galaxymobile.jp
domain:game-platform.net
domain:knoxemm.com
domain:ospserver.net
domain:samsung.com
domain:samsungapps.com
domain:samsungcloud.com
domain:samsungconsent.com
domain:samsungdm.com
domain:samsunggalaxyfriends.com
domain:samsunghealth.com
domain:samsungiotcloud.com
domain:samsungiots.com
domain:samsungknox.com
domain:samsungosp.com
domain:samsungqbe.com
domain:samsungrs.com
domain:smartthings.com
domain:samsung.com.cn
domain:samsungadhub.com
domain:samsungads.com
domain:samsungcloudcn.com
domain:samsungeshop.com.cn
domain:samsunghealthcn.com
