domain:sogoucdndl.com
domain:sogouimecdn.com
domain:ggowan.com
domain:go2map.com
domain:pinyin.cn
domain:qd.ink
domain:sg.cn
domain:sgtmos.com
domain:binglianhuajianzhan.com
domain:sgyouxi.com
domain:sogo.com
domain:sogou.cn
domain:sogou.com
domain:yuweikuijianzhan.com
domain:ggoplay.com
domain:sogou.net
domain:sgyeyou.com
domain:sogoucdn.com
domain:sogou-inc.com
domain:sogou-op.org
domain:soso.com
domain:yidianliulan.com
domain:sososnap.com
domain:teemo.cn
domain:wannianqingjianzhan.com
domain:xiangrikuijianzhan.com
domain:xiangrikuisite.com
domain:xinyan.cn
domain:yeyousg.com
domain:yidianliulan.cn
domain:soso.com.cn
domain:sogou.com.cn
domain:inte.sogou.com
domain:inte.sogoucdn.com
domain:lu.sogou.com
domain:lu.sogoucdn.com
domain:pb.i.sogou.com
domain:theta.sogoucdn.com
domain:uranus.sogou.com
domain:wuliao.epro.sogou.com
