domain:starbucksathome.com
domain:starbuckscard.ph
domain:starbucks.es
domain:starbucks.ad
domain:starbucks.at
domain:starbucks.be
domain:starbucks.bg
domain:starbucks.ca
domain:starbucks.ch
domain:starbuckssummergame.com
domain:starbuckssummergame.ca
domain:starbucksslovakia.sk
domain:starbucksrtd.com
domain:starbucksromania.ro
domain:starbucksrewardsstarland.com
domain:starbucks.com
domain:starbucksrewardsstarland.ca
domain:starbucksreserve.com
domain:starbuckspoq.com
domain:starbucksforlife.com
domain:starbucksforlife.ca
domain:starbuckscoffeegearstore.com
domain:starbuckscoffeegear.com
domain:starbuckscoffee.cz
domain:starbuckscardb2b.com
domain:sbuxcard.com
domain:starbucksavie.ca
domain:starbucks.vn
domain:starbucks.tt
domain:starbucks.se
domain:starbucks.de
domain:starbucks.dk
domain:starbucks-stars.com
domain:starbucks.hu
domain:starbucks.pl
domain:starbucks.ie
domain:starbucks.in
domain:starbucks.it
domain:starbucks.nl
domain:starbucks.no
domain:starbucks.ph
domain:starbucks.fr
domain:starbucks.pt
domain:starbucks.rs
domain:starbucks.ru
domain:starbucks.com.gr
domain:starbucks.com.kh
domain:starbucks.com.sg
domain:sbux.com.my
domain:starbucks.com.pe
domain:starbucks.com.my
domain:starbucks.com.mx
domain:starbucks.com.kz
domain:starbucks.com.cy
domain:starbucks.com.uy
domain:starbucks.com.tr
domain:starbucks.com.co
domain:starbucks.com.hk
domain:starbucks.com.bn
domain:starbucks.com.ar
domain:starbucks.co.za
domain:starbucks.co.uk
domain:starbucks.co.th
domain:starbucks.co.nz
domain:starbucks.co.jp
domain:starbucks.co.id
domain:starbucks.com.cn
