domain:uncnn.cn
domain:rumt-zh.com
domain:acimg.cn
domain:apcdns.net
domain:foxmail.com
domain:gtimg.cn
domain:gtimg.com
domain:idqqimg.com
domain:imqq.com
domain:iot-tencent.com
domain:myapp.com
domain:qlivecdn.com
domain:qlogo.cn
domain:qpic.cn
domain:qq.com
domain:qq.wang
domain:yuewen.com
domain:xxsypro.com
domain:xxsy.net
domain:qqmail.com
domain:qzone.com
domain:xs8.cn
domain:xs.cn
domain:servicewechat.com
domain:tencent.cn
domain:tencent.com
domain:tingbook.com
domain:tencent.net
domain:rongshuxia.com
domain:tencentmiying.com
domain:tengmed.com
domain:tenpay.com
domain:tfogc.com
domain:wechat.com
domain:wechatpay.cn
domain:weishi.com
domain:weixin.com
domain:weixinsxy.com
domain:weiyun.com
domain:wxcloudrun.com
domain:wxgateway.com
domain:wxlivecdn.com
domain:mmbizurl.cn
domain:url.cn
domain:wxaurl.cn
domain:wxmpurl.cn
domain:alloyteam.com
domain:imweb.io
domain:ivweb.io
domain:fyeds.com
domain:fyeds0.com
domain:fyeds1.com
domain:fyeds3.com
domain:fyeds4.com
domain:fyeds5.com
domain:fyeds6.com
domain:fyeds7.com
domain:fyeds8.com
domain:fyeds9.com
domain:fymall0.com
domain:fymall1.com
domain:fymall4.com
domain:fymall7.com
domain:fymall9.com
domain:fymallqa0.com
domain:fymallqa1.com
domain:fymallqa2.com
domain:fymallqa3.com
domain:fymallqa4.com
domain:fymallqa7.com
domain:fymallqa9.com
domain:tdnsdl1.cn
domain:readnovel.com
domain:tdnsdl2.cn
domain:qidian.com
domain:tdnsdl3.cn
domain:qdmm.com
domain:tdnsdl4.cn
domain:hongxiu.com
domain:tdnsdl5.cn
domain:dishu3.com
domain:tencentclb.com
domain:tcdnvodbak.com
domain:aitransfy.com
domain:apaas-zone-test.com
domain:apdcdn.com
domain:apdcdn.net
domain:apigwtencent.com
domain:bkapigw.com
domain:bkapps.com
domain:bkclouds.cc
domain:bktencent.com
domain:build9s.io
domain:byodonline.com
domain:cdn-go.cn
domain:cdndoctor.com
domain:cdngot.com
domain:cdntip.com
domain:cdntips.com
domain:cdntips.net
domain:cdnv1.cn
domain:cdnv2.cn
domain:cdnv3.cn
domain:cloud-industry-delivery.site
domain:cloudbase.cn
domain:cloudbase.net
domain:cloudidaas.com
domain:cloudsite.vip
domain:cncqcloud.com
domain:computeinit.com
domain:coolsite.vip
domain:dcloudlive.com
domain:dcloudlive.net
domain:dcloudsp.com
domain:dcloudsp.net
domain:dcloudstc.com
domain:dcloudstc.net
domain:dcloudvod.com
domain:dcloudvod.net
domain:dnsv1.com
domain:dothework.cn
domain:ectencent.cn
domain:edgeone.cool
domain:edgeonedy1.com
domain:essurl.com
domain:exmailgz.com
domain:fsphere.cn
domain:gaapqcloud.com
domain:gitdrone.cn
domain:gmedev.cn
domain:govqcloud.com
domain:gsadds.com
domain:gtm.pub
domain:hr-welink.com
domain:idcgcloudcs.com
domain:iemiq.com
domain:igtm-meeting-tencent.com
domain:igtm.pub
domain:isd.com
domain:ispqcloud.com
domain:itopsdk.com
domain:my-imcloud.com
domain:my-qcloud.com
domain:discuz.org
domain:myelasticsearch.com
domain:tencentcloud-aiot.com
domain:onexmail.com
domain:openapp.run
domain:ovscdns.com
domain:ovscdns.net
domain:pn1waq.com
domain:qcloud-edumall.com
domain:qcloud.com
domain:qcloud.la
domain:qcloudapps.com
domain:qcloudcdn.com
domain:qcloudcdntest.cn
domain:qcloudclass.com
domain:qcloudcos.cn
domain:qcloudcos.com
domain:discuz.net
domain:comsenz.com
domain:dnspod.org
domain:qclouder.com
domain:qcloudgme.com
domain:qcloudimg.com
domain:qcloudipv6.com
domain:qcloudmarket.com
domain:qcloudns.com
domain:qcloudsmartiot.com
domain:qcloudtcic.com
domain:qcloudtiw.com
domain:qcloudtrip.com
domain:qcloudtt.com
domain:qcloudwaf.com
domain:qdwebim.com
domain:qeodns.com
domain:qeodns.net
domain:qqmra.cn
domain:qqmra.com
domain:qyunapp.com
domain:serverlesscloud.cn
domain:smtcdns.com
domain:smtcdns.net
domain:spcdntip.com
domain:acctdns.com
domain:spcloudhw.com
domain:spcloudhw.net
domain:srmkp.cn
domain:starlakelab.com
domain:tapd.cn
domain:tcdlive.com
domain:tcdnhw.com
domain:tcdnkcbak.com
domain:tcdnlive.com
domain:tcdnlivebak1.com
domain:tcdnlivebak2.com
domain:tcdnos.com
domain:tcdnos.net
domain:tcdntip.com
domain:tcdnvod.com
domain:dnsv5.com
domain:tcloudbase.com
domain:tcloudbase.net
domain:tcloudbaseapp.com
domain:tcloudbi.com
domain:tclouddrive.com
domain:tcloudedu.com
domain:tcloudhw.com
domain:tcloudhw.net
domain:tcloudscdn.com
domain:tcloudscdn.net
domain:tdnsstic1.cn
domain:tdnsx1.com
domain:techo.chat
domain:tefscloud.com
domain:tefscloud.net
domain:tenant-zone-dev.com
domain:tencdns.net
domain:tencent-cloud.com
domain:tencent-cloud.net
domain:tencentapps.com
domain:tencentbyod.com
domain:tencentcdb.cn
domain:tencentcdb.com
domain:dns.pub
domain:tencentclb.cn
domain:spcdntipbak.com
domain:acctdns.net
domain:myqcloud.com
domain:tencentcloudapi.com
domain:tencentcloudclub.com
domain:tencentcloudcr.com
domain:tencentcloudmarket.com
domain:tencentcloudns.com
domain:tencentcloudsec.com
domain:tencentcloudses.com
domain:tencentcos.cn
domain:tencentcos.com
domain:dnsv3.com
domain:tencentcs.cn
domain:tencentcs.com
domain:tencentdayu.com
domain:tencentdb.com
domain:tencentdevices.com
domain:tencentdigitalassistant.com
domain:tencentdms.com
domain:tencenteiam.com
domain:tencentelasticsearch.com
domain:tencentid.com
domain:tencentidentity.com
domain:tencentproxy.com
domain:tencentrio.com
domain:tencenttid.com
domain:tencentwemeet.club
domain:tencentwepark.com
domain:tencentyun.com
domain:tendbcluster.com
domain:tendis.net
domain:dnsapi.cn
domain:testmeet.cn
domain:testwaf.com
domain:tgovcloud.com
domain:tidaas.com
domain:doh.pub
domain:timmerse.com
domain:tlivecdn.com
domain:tlivemcdn.com
domain:tlivepush.com
domain:tlivesource.com
domain:tourismshow.cn
domain:tourismuser.cn
domain:tsparkling.com
domain:tx-exhibition.com
domain:txbyod.com
domain:txidc.wang
domain:txlivecdn.com
domain:txtyxg.com
domain:haydaypop.cn
domain:chatyuewen.cn
domain:xn--r70as2s.xn--fiqs8s
domain:vcloudstc.com
domain:vcloudstc.net
domain:vcloudvod.com
domain:vodtcbk.com
domain:vxo7tu.com
domain:wework-studio.com
domain:xqymuy.com
domain:yufuid.com
domain:dnsv2.com
domain:yufuid.net
domain:yunjitele.com
domain:dnse0.cn
domain:dnse1.cn
domain:dnse2.cn
domain:dnse3.cn
domain:dnse4.cn
domain:dnse5.cn
domain:dnse0.com
domain:dnse1.com
domain:dnse2.com
domain:dnse3.com
domain:dnse4.com
domain:dnse5.com
domain:tdnsv1.com
domain:tdnsv2.com
domain:tdnsv3.com
domain:tdnsv4.com
domain:tdnsv5.com
domain:tdnsv6.com
domain:tdnsv7.com
domain:tdnsv8.com
domain:tdnsv9.com
domain:tdnsv10.com
domain:tdnsv11.com
domain:tdnsv12.com
domain:tdnsv13.com
domain:tdnsv14.com
domain:tdnsv15.com
domain:tdnsv1.net
domain:tdnsv2.net
domain:tdnsv3.net
domain:tdnsv4.net
domain:tdnsv5.net
domain:tdnsv6.net
domain:tdnsv7.net
domain:tdnsv8.net
domain:tdnsv9.net
domain:tdnsv10.net
domain:tdnsv11.net
domain:tdnsv12.net
domain:tdnsv13.net
domain:tdnsv14.net
domain:tdnsv15.net
domain:dnspod.mobi
domain:dot.pub
domain:dnspod.com
domain:dnspod.cn
domain:dnsv4.com
domain:dnspod.net
domain:qq.xn--fiqs8s
domain:tamaegis.com
domain:ym.run
domain:um.run
domain:oracle-tencent.cn
domain:oracle-tencent.com
domain:ma.run
domain:oracle-tencent.net
domain:m9.run
domain:m1.run
domain:m6.run
domain:chatxiaoxiang.com
domain:chatwrite.net
domain:chattext.cn
domain:chatqidian.net
domain:chatqidian.cn
domain:chatdrama.net
domain:chatdrama.cn
domain:aireads.cn
domain:koowo.com
domain:koowo.cn
domain:kugouyouth.com
domain:kugouvoice.com
domain:kugoustore.com
domain:kugousenior.com
domain:kugouringtone.com
domain:kugouliveshow.com
domain:kugoukid.com
domain:kugouipv6.com
domain:kugouaudio.com
domain:kugoo.com
domain:97ting.com
domain:ktv.com
domain:tencentmusic.com
domain:kglink.cn
domain:sogoucdndl.com
domain:sogouimecdn.com
domain:ggowan.com
domain:go2map.com
domain:pinyin.cn
domain:qd.ink
domain:sg.cn
domain:sgtmos.com
domain:binglianhuajianzhan.com
domain:sgyouxi.com
domain:sogo.com
domain:sogou.cn
domain:sogou.com
domain:yuweikuijianzhan.com
domain:ggoplay.com
domain:sogou.net
domain:sgyeyou.com
domain:sogoucdn.com
domain:sogou-inc.com
domain:sogou-op.org
domain:soso.com
domain:yidianliulan.com
domain:sososnap.com
domain:teemo.cn
domain:wannianqingjianzhan.com
domain:xiangrikuijianzhan.com
domain:xiangrikuisite.com
domain:xinyan.cn
domain:yeyousg.com
domain:yidianliulan.cn
domain:kgimg.com
domain:fanxingliveshow.com
domain:openmidas.com
domain:qq.design
domain:qqgamedesign.com
domain:tencent-cloud.cn
domain:tencent.design
domain:tencentcloud.com
domain:tjstats.com
domain:wegamedeveloper.com
domain:weixinbridge.com
domain:weui.io
domain:cnb.cool
domain:coding.me
domain:coding.net
domain:videoxiaoyouxi.com
domain:wegame.com
domain:gameloop.com
domain:gcloudcs.com
domain:gcloudcstest.com
domain:gcloudcstestonly.com
domain:gclouddolphin.com
domain:gcloudsdk.com
domain:gcloudsvcs.com
domain:yxdmgame.com
domain:goto-game.com
domain:goto-game.mobi
domain:goto-game.org
domain:happyhlddz.com
domain:hdyxgame.com
domain:hkgcloudcs.com
domain:ihappystudio.cn
domain:ihappystudio.com
domain:in.th
domain:ludosuperstar.cn
domain:ludoworld.net
domain:mahjongai.net
domain:battlecare.net
domain:mahjongcup.com
domain:mahjongcup.net
domain:metalrevolution.com
domain:midasbuy.com
domain:nagcloudcs.com
domain:proximabeta.com
domain:pubghelper.com
domain:pubgno1.cn
domain:pubgtool.com
domain:qqgameapp.com
domain:rmwxgame.com
domain:skydweller.cn
domain:syxlgame.com
domain:tencent-gcloud.com
domain:tencentstart.com
domain:texasholdemcup.cn
domain:texasholdemcup.com
domain:texasholdemcup.net
domain:timibase.com
domain:mahjongcup.cn
domain:gameitop.com
domain:gdtimg.com
domain:yximg.cn
domain:yxwsgame.com
domain:yzyxgame.com
domain:zcjbgame.com
domain:zhuoyuegame.com
domain:xn--owtw8cc49ajfl.cn
domain:roblox.cn
domain:robloxdev.cn
domain:nextstudios.com
domain:nextworkshop.net
domain:mszdld.cn
domain:mszdld.com
domain:mszdld.net
domain:gamebonfire.com
domain:ffbuddy.com
domain:gotolink.net
domain:17roco.com
domain:gtgres.com
domain:realcybertron.com
domain:wcbygame.com
domain:anticheatexpert.com
domain:tcfmglobal.com
domain:bcfmglobal.com
domain:wegameplus.com
domain:codm.com
domain:brawlstars.cn
domain:txyscdn.com
domain:labycore.cn
domain:sccreator.cn
domain:sccreators.cn
domain:scescdn.cn
domain:scid.cn
domain:scsentry.cn
domain:supercellcommunity.cn
domain:supercellsupport.cn
domain:ultimatemusic.cn
domain:tingmall.com
domain:qqmusic.com
domain:wting.info
domain:txyscdn.net
domain:mting.info
domain:kugou.com
domain:kugou.net
domain:xmcdn.com
domain:ximalaya.com
domain:kuwo.cn
domain:lrts.me
domain:oracle-tencent.com.cn
domain:qq.cn.com
domain:wegame.com.cn
domain:werepository.com.cn
domain:sogou.com.cn
domain:soso.com.cn
domain:foxmail.com.cn
domain:gtimg.com.cn
domain:yufuid.com.cn
domain:tencentcdb.com.cn
domain:testjrzk.net.cn
domain:timatrix.com.cn
domain:tencentcos.com.cn
domain:qcloudcos.com.cn
domain:rtx.com.cn
domain:qq.com.cn
domain:oracle-tencent.net.cn
domain:jrzk.net.cn
domain:ectencent.com.cn
domain:dnsv1.com.cn
domain:dnspod.com.cn
domain:tencentclb.com.cn
domain:goto-game.net.cn
domain:tdnsdl5.com.cn
domain:tdnsdl4.com.cn
domain:tdnsdl3.com.cn
domain:tdnsdl2.com.cn
domain:tdnsdl1.com.cn
domain:tencent.net.cn
domain:tencent.com.cn
domain:tencent.co.id
domain:tencent.com.hk
domain:wetv.vip
domain:wetvinfo.com
full:wetv.qq.com
domain:ad.browser.qq.com
domain:ad.qq.com
domain:ad.qun.qq.com
domain:ad.weixin.qq.com
domain:adfilter.imtt.qq.com
domain:adnet.qq.com
domain:adping.qq.com
domain:adpm.app.qq.com
domain:adsclick.qq.com
domain:adsfile.qq.com
domain:adshmmsg.qq.com
domain:adslvfile.qq.com
domain:adslvseed.qq.com
domain:adsmind.apdcdn.tc.qq.com
domain:adsqqclick.qq.com
domain:adstestview.qq.com
domain:adsview.qq.com
domain:adsview2.qq.com
domain:adv.app.qq.com
domain:adver.qq.com
domain:beacon.cdn.qq.com
domain:beacon.qq.com
domain:beaconcdn.qq.com
domain:btrace.qq.com
domain:bugly.qq.com
domain:e.qq.com
domain:gdt.qq.com
domain:hq-tracking.qq.com
domain:htrace.wetvinfo.com
domain:isdspeed.qq.com
domain:log.tbs.qq.com
domain:mdt.qq.com
domain:monitor.uu.qq.com
domain:mpush.qq.com
domain:mtrace.qq.com
domain:pgdt.gtimg.cn
domain:pingjs.qq.com
domain:pmir.3g.qq.com
domain:push.qq.com
domain:qqdata.ab.qq.com
domain:report.qqweb.qq.com
domain:rmonitor.qq.com
domain:sngmta.qq.com
domain:tajs.qq.com
domain:tcss.qq.com
domain:tpstelemetry.tencent.com
domain:trace.qq.com
domain:ugdtimg.com
domain:wit.qq.com
domain:intltencentcos.com
domain:ap-hongkong.myqcloud.com
domain:ap-singapore.myqcloud.com
domain:ap-mumbai.myqcloud.com
domain:ap-jakarta.myqcloud.com
domain:ap-seoul.myqcloud.com
domain:ap-bangkok.myqcloud.com
domain:ap-tokyo.myqcloud.com
domain:na-siliconvalley.myqcloud.com
domain:na-ashburn.myqcloud.com
domain:na-toronto.myqcloud.com
domain:sa-saopaulo.myqcloud.com
domain:eu-frankfurt.myqcloud.com
domain:eu-moscow.myqcloud.com
domain:ap-hongkong.tencentcos.cn
domain:ap-hongkong.tencentcos.com
domain:ap-hongkong.tencentcos.com.cn
domain:ap-singapore.tencentcos.cn
domain:ap-singapore.tencentcos.com
domain:ap-singapore.tencentcos.com.cn
domain:ap-mumbai.tencentcos.cn
domain:ap-mumbai.tencentcos.com
domain:ap-mumbai.tencentcos.com.cn
domain:ap-jakarta.tencentcos.cn
domain:ap-jakarta.tencentcos.com
domain:ap-jakarta.tencentcos.com.cn
domain:ap-seoul.tencentcos.cn
domain:ap-seoul.tencentcos.com
domain:ap-seoul.tencentcos.com.cn
domain:ap-bangkok.tencentcos.cn
domain:ap-bangkok.tencentcos.com
domain:ap-bangkok.tencentcos.com.cn
domain:ap-tokyo.tencentcos.cn
domain:ap-tokyo.tencentcos.com
domain:ap-tokyo.tencentcos.com.cn
domain:na-siliconvalley.tencentcos.cn
domain:na-siliconvalley.tencentcos.com
domain:na-siliconvalley.tencentcos.com.cn
domain:na-ashburn.tencentcos.cn
domain:na-ashburn.tencentcos.com
domain:na-ashburn.tencentcos.com.cn
domain:na-toronto.tencentcos.cn
domain:na-toronto.tencentcos.com
domain:na-toronto.tencentcos.com.cn
domain:sa-saopaulo.tencentcos.cn
domain:sa-saopaulo.tencentcos.com
domain:sa-saopaulo.tencentcos.com.cn
domain:eu-frankfurt.tencentcos.cn
domain:eu-frankfurt.tencentcos.com
domain:eu-frankfurt.tencentcos.com.cn
domain:eu-moscow.tencentcos.cn
domain:eu-moscow.tencentcos.com
domain:eu-moscow.tencentcos.com.cn
domain:coshk.myqcloud.com
domain:cossgp.myqcloud.com
domain:cosca.myqcloud.com
domain:cosger.myqcloud.com
domain:hk.file.myqcloud.com
domain:sgp.file.myqcloud.com
domain:ca.file.myqcloud.com
domain:ger.file.myqcloud.com
domain:rumt-sg.com
domain:rumt-us.com
domain:inte.sogou.com
domain:inte.sogoucdn.com
domain:lu.sogou.com
domain:lu.sogoucdn.com
domain:pb.i.sogou.com
domain:theta.sogoucdn.com
domain:uranus.sogou.com
domain:wuliao.epro.sogou.com
domain:badjs.weixinbridge.com
domain:ad.tencentmusic.com
domain:adstats.tencentmusic.com
domain:monitor.music.qq.com
domain:report.tencentmusic.com
domain:stat.y.qq.com
domain:tmead.y.qq.com
domain:tmeadcomm.y.qq.com
domain:ads.service.kugou.com
domain:adserviceretry.kglink.cn
domain:adserviceretry.kugou.com
domain:adbehavior.ximalaya.com
domain:adse.wsa.ximalaya.com
domain:adse.ximalaya.com
domain:webnovel.com
