domain:ucoz.ru
domain:ucoz.site
domain:ucoz.co
domain:uweb.ru
domain:usocial.pro
domain:ucoz.ua
domain:ucoztemplates.com
domain:ucozmail.com
domain:ucoz.de
domain:ucoz.es
domain:ucoz.fr
domain:ucoz.hu
domain:ucoz.kz
domain:ucoz.lv
domain:ucoz.md
domain:ucoz.net
domain:ucoz.org
domain:ucoz.pl
domain:ucoz.club
domain:ucoz.ae
domain:ucoz.com
domain:ukoz.ru
domain:ucozmedia.com
domain:ucozmedia.ru
domain:uguide.ru
domain:uguide.su
domain:ukit.ai
domain:ukit.com
domain:ukit.group
domain:ukit.me
domain:at.ua
domain:narod.ru
domain:scripts-for-ucoz.ru
domain:ucoz.com.ro
domain:ucoz.com.br
domain:ucoz.co.uk
domain:ucoz.co.il
