domain:vanish.se
domain:vanish.de
domain:powerofresolve.com
domain:spraynwash.com
domain:vanish.hu
domain:vanish.be
domain:vanish.ch
domain:vanish.cl
domain:vanishstains.com
domain:vanishinfo.cz
domain:vanishcentroamerica.com
domain:vanisharabia.com
domain:powerofresolve.ca
domain:vanish.sk
domain:vanish.at
domain:vanish.ru
domain:vanish.ro
domain:vanish.pt
domain:vanish.pl
domain:vanish.no
domain:vanish.nl
domain:vanish.it
domain:vanish.ie
domain:vanish.si
domain:vanish.dk
domain:vanish.es
domain:vanish.fi
domain:vanish.fr
domain:vanish.co.nz
domain:vanish.com.tr
domain:vanish.com.sg
domain:vanish.com.pe
domain:vanish.com.my
domain:vanish.com.mx
domain:vanish.com.hr
domain:vanish.com.co
domain:vanish.com.br
domain:vanish.com.ar
domain:vanish.co.za
domain:vanish.co.uk
domain:o2action.co.kr
domain:vanishbancaseulook.com.br
domain:vanish.co.in
domain:vanish.co.il
domain:vanish.co.id
domain:vanishstains.com.au
domain:vanish.cn
