domain:vercel.blog
domain:zeit.co
domain:hyper.is
domain:nextjs.org
domain:now.sh
domain:skills.sh
domain:static.fun
domain:title.sh
domain:turborepo.org
domain:vercel-dns.com
domain:vercel-status.com
domain:vercel.dev
domain:err.sh
domain:ai-sdk.dev
domain:vercel.app
domain:vercel.events
domain:vercel.live
domain:vercel.pub
domain:vercel.sh
domain:vercel.store
domain:zeitworld.com
domain:zeit-world.com
domain:zeit-world.net
domain:zeit-world.org
domain:vercel.com
domain:zeit.sh
domain:zeit-world.co.uk
