domain:mvk.com
domain:vk.cc
domain:vk.com
domain:vk.design
domain:vk.link
domain:vk.ru
domain:vkontakte.com
domain:vkontakte.ru
domain:cdn-vk.net
domain:cdn-vk.ru
domain:userapi.com
domain:userapi.ru
domain:vk-cdn.me
domain:vk-cdn.net
domain:vk-portal.net
domain:vkcache.com
domain:vkcdnservice.com
domain:vkcloud-static.ru
domain:vktech-static.ru
domain:vkuser.net
domain:vkusercdn.ru
domain:vkuserphoto.ru
domain:vkuseraudio.com
domain:vkuseraudio.net
domain:vkuseraudio.ru
domain:vkuserlive.com
domain:vkuserlive.net
domain:vkuservideo.com
domain:vkuservideo.net
domain:vkuservideo.ru
domain:vk.me
domain:vkmessenger.app
domain:vkmessenger.com
domain:vkpay.app
domain:vkpay.com
domain:vkpay.io
domain:vkpay.ru
domain:adv.vk.com
domain:analytics.vk.com
domain:ms.vk.com
domain:ms.vk.ru
domain:target.vk.ru
domain:vk-analytics.ru
full:adblogger.vk.com
full:adblogger.vk.ru
full:ads.vk.com
full:ads.vk.ru
full:adv.vk.ru
full:advk.vk.ru
full:analytics.vk.ru
full:stats.vk-portal.net
full:target.vk.com
