domain:digital-wb.ru
domain:digitalwb.ru
domain:etradebook.ru
domain:geobasket.ru
domain:mp.world
domain:onlyjobs.ru
domain:paywb.com
domain:paywb.ru
domain:russoutdoor.ru
domain:rwb.ru
domain:rwbautomation.ru
domain:rwbautomation.tech
domain:rwbgeo.ru
domain:vamzakaz.ru
domain:vsemrabota.ru
domain:warehouse.domains
domain:wb-bank.ru
domain:wb-basket.ru
domain:wb-cloud.ru
domain:wb-sale.ru
domain:wb.am
domain:wb.kg
domain:wb.kz
domain:wb.ru
domain:wbautomation.ru
domain:wbautomation.tech
domain:wbbasket.ru
domain:wbcontent.net
domain:wbdubna.ru
domain:wbkids.ru
domain:wbmail.ru
domain:wbmotivator.ru
domain:wbpay.ru
domain:wbr.by
domain:wbrep.ru
domain:wbstatic.net
domain:wbstatic.ru
domain:wbtek.ru
domain:wbwh.ru
domain:wbwh.tech
domain:wibes.com
domain:wibes.ru
domain:wildberries.am
domain:wildberries.by
domain:wildberries.es
domain:wildberries.eu
domain:wildberries.ge
domain:wildberries.kg
domain:wildberries.kz
domain:wildberries.lt
domain:wildberries.ru
domain:wildberries.tj
domain:wildberries.tm
domain:wildberries.uz
domain:xn--90ab.com
domain:velberis.ru
domain:vildberis.ru
domain:waildberies.ru
domain:waldberies.ru
domain:waldberis.ru
domain:walderis.ru
domain:wallberis.ru
domain:weildberries.ru
domain:welberris.ru
domain:weldberies.ru
domain:weldberres.ru
domain:weldberric.ru
domain:wellberes.ru
domain:wellberies.ru
domain:widberri.ru
domain:widberris.ru
domain:wieldberris.ru
domain:wilberes.ru
domain:wilberies.ru
domain:wilberris.ru
domain:wilberry.ru
domain:wildbaries.ru
domain:wildbarries.ru
domain:wildbeeries.ru
domain:wildberdes.ru
domain:wildberiss.ru
domain:wildberr.ru
domain:wildberriess.ru
domain:wildberrise.ru
domain:wildbiries.ru
domain:wildbirris.ru
domain:wildbress.ru
domain:wildbries.ru
domain:wildbrris.ru
domain:wildeberies.ru
domain:wildeberris.ru
domain:wiliberes.ru
domain:willberiess.ru
domain:willberis.ru
domain:wldberris.ru
domain:wolfberries.ru
domain:xn--80acbjgmges7ca.xn--p1ai
domain:xn--80acbjgsdq2cl.xn--p1ai
domain:wildberries.co.il
full:ads-gate.wildberries.ru
full:ads-media.wildberries.ru
full:ads.wildberries.ru
full:advert-api.wb.ru
full:advert-api-sandbox.wb.ru
full:advert-media-api.wb.ru
full:advert-api.wildberries.ru
full:advert-api-sandbox.wildberries.ru
full:advert-media-api.wildberries.ru
full:analytics-stage.wildberries.ru
full:analytics.wildberries.ru
full:marketing-info.wildberries.ru
full:marketplace-sentry.wb.ru
full:sentry.wb.ru
full:web-analytics.wildberries.ru
