domain:a.mts.ru
domain:a.wb.ru
domain:ad.intl.xiaomi.com
domain:ad.mail.ru
domain:adfox.ru
domain:adriver.ru
domain:ads.vk.com
domain:ads.x5media.ru
domain:alt-ad.mail.ru
domain:amc.yandex.ru
domain:an.yandex.ru
domain:analytics.us.tiktok.com
domain:api-x.tutu.ru
domain:api16-access-ttp-b.tiktokpangle.us
domain:api16-access-ttp.tiktokpangle-b.us
domain:api16-access-ttp.tiktokpangle.us
domain:apmplus.volces.com
domain:app-analytics-services-att.com
domain:app-analytics-services.com
domain:app-measurement.com
domain:applovin.com
domain:applvn.com
domain:appmetrica.yandex.net
domain:appsflyersdk.com
domain:appsgrowthpromo-pa.googleapis.com
domain:apptracer.ru
domain:beacons.gvt3.com
domain:beacons2.gvt3.com
domain:beacons3.gvt3.com
domain:beacons4.gvt3.com
domain:beacons5.gvt3.com
domain:bstream.kzhi.tech
domain:cdn-exp-sg-recommend.pt.xiaomi.com
domain:collector.github.com
domain:cota-service-sg.allawnos.com
domain:crash.ant.sberbank.ru
domain:crashlyticsreports-pa.googleapis.com
domain:csp.yandex.net
domain:dit.whatsapp.net
domain:edge.ads.twitch.tv
domain:federatedcompute-pa.googleapis.com
domain:findapi.micloud.xiaomi.net
domain:firebase-settings.crashlytics.com
domain:firebaselogging-pa.googleapis.com
domain:firebaselogging.googleapis.com
domain:gator.volces.com
domain:google-analytics.com
domain:googleads.g.doubleclick.net
domain:goya.rutube.ru
domain:graph-fallback.instagram.com
domain:graph.instagram.com
domain:graph.whatsapp.com
domain:graph.whatsapp.net
domain:growth-pa.googleapis.com
domain:gvt2.com
domain:iadsdk.apple.com
domain:log.rutube.ru
domain:log.strm.yandex.ru
domain:log16-normal-alisg.tiktokv.com
domain:log16-normal-useast5.tiktokv.us
domain:log16-normal-useast8.tiktokv.us
domain:log16-platform-ycru.tiktokv.com
domain:log22-normal-alisg.tiktokv.com
domain:log32-normal-sg.capcutapi.com
domain:mc.yandex.ru
domain:mediation.goog
domain:metrics.icloud.com
domain:mobile.pipe.aria.microsoft.com
domain:mon-boot.tiktokv.com
domain:mon-ru.tiktokv.com
domain:mon-sg.tiktokv.com
domain:mon-v2-boot.capcutapi.com
domain:mon.tiktokv.com
domain:mon16-normal-alisg.tiktokv.com
domain:mradx.net
domain:ms.vk.com
domain:ms.vk.ru
domain:mssdk-ru.tiktokv.com
domain:pagead2.googlesyndication.com
domain:pangle.io
domain:rtlog-ru.tiktokv.com
domain:s1.bss.2gis.com
domain:sage-collector.tbank.ru
domain:sdkconfig.ad.rus.xiaomi.com
domain:spade.twitch.tv
domain:stacks.vk-portal.net
domain:startup-mobile.ap.yandex-net.ru
domain:startup.mobile.yandex.net
domain:stats.avito.ru
domain:stats.mos.ru
domain:stats.rustore.ru
domain:stats.vk-portal.net
domain:tab.volces.com
domain:tnc-boot.tiktokv.com
domain:tnc-sg.capcutapi.com
domain:tnc-v2-boot.capcutapi.com
domain:tnc0-normal-alisg.tiktokv.com
domain:tnc16-normal-useast8.tiktokv.us
domain:tnc16-normal-ycru.tiktokv.com
domain:tnc19-normal-useast5.tiktokv.us
domain:tns-counter.ru
domain:trace-flow.ru
domain:tracking.intl.miui.com
domain:tracking.rus.miui.com
domain:trk.pinterest.com
domain:vk-analytics.ru
domain:xray.mail.ru
domain:xy.fbcdn.net
domain:xz.fbcdn.net
domain:yadro.ru
domain:yandexadexchange.net
full:ads.mozilla.org
