domain:2gis.com
domain:2gis.ru
domain:rzd.ru
domain:taximaxim.ru
full:aeroflot.ru
full:assets.otello.ru
full:belkacar.ru
full:cdn.taxsee.ru
full:cdn1.tu-tu.ru
full:cdn2.tu-tu.ru
full:cdn4.tu-tu.ru
full:chat-widget-iframe.tutu.ru
full:chat.s7.ru
full:chat.taxsee.ru
full:chatsocket.taxsee.ru
full:citydrive.ru
full:client.crrpay.ru
full:delimobil.ru
full:dellin.ru
full:flypobeda.ru
full:frontlog.tutu.ru
full:grandtrain.ru
full:hotel.tutu.ru
full:id.tutu.ru
full:main-page.tutu.ru
full:otello.ru
full:parking.spb.ru
full:portal.s7cdn.online
full:public.s7cdn.online
full:s3-portal.s7cdn.online
full:s7.ru
full:taxsee.com
full:taxsee.pro
full:taxsee.ru
full:tutu.ru
full:user-api.tutu.ru
full:ux.tutu.ru
full:whoosh.bike
full:www.s7.ru
full:www.tutu.ru
full:xn--d1abb2a.xn--p1ai
