domain:rt.avito.ru
full:00.img.avito.st
full:10.img.avito.st
full:20.img.avito.st
full:30.img.avito.st
full:40.img.avito.st
full:50.img.avito.st
full:60.img.avito.st
full:70.img.avito.st
full:80.img.avito.st
full:90.img.avito.st
full:a.lmcdn.ru
full:api-n.goldapple.ru
full:api.prod.digital.uni.rest
full:api.samokat.ru
full:app.avito.ru
full:auchan.ru
full:auto.ru
full:av.ru
full:avito.ru
full:avitostat.avito.com
full:azbukavkusa.ru
full:burgerkingrus.ru
full:c.dns-shop.ru
full:ccdn.goldapple.ru
full:cdn.dodostatic.net
full:code-push-api.samokat.ru
full:core-colibri-api.samokat.ru
full:cs.avito.ru
full:damcdn.samokat.ru
full:detmir.ru
full:dixy.ru
full:dns-shop.ru
full:dodopizza.com
full:dodopizza.ru
full:dodopizza.threads.im
full:dostavista.ru
full:edu.burgerkingrus.ru
full:error-tracking.samokat.ru
full:esapi.dodois.io
full:event-stream-api.magnit.ru
full:fda.middle-api.magnit.ru
full:fix-price.com
full:frontlogger.dodois.io
full:g0.sunlight.net
full:g1.sunlight.net
full:g2.sunlight.net
full:g3.sunlight.net
full:g4.sunlight.net
full:g5.sunlight.net
full:g6.sunlight.net
full:g7.sunlight.net
full:g8.sunlight.net
full:g9.sunlight.net
full:globalapi.dodopizza.com
full:go.detmir.st
full:goldapple.ru
full:grpc.prod.digital.uni.rest
full:health.samokat.ru
full:i.letu.ru
full:id.magnit.ru
full:images-foodtech.magnit.ru
full:images.cdn-cian.ru
full:imgproxy.kuper.ru
full:imgproxy.prod.ya.magnit.ru
full:kuper.ru
full:lamoda.ru
full:lenta.com
full:lenta.tech
full:letu.ru
full:m.avito.ru
full:ma-prod.cdn.vkusnoitochka.ru
full:magnit-api-cdn.prod.ya.magnit.ru
full:magnit.ru
full:mapi.dns-shop.ru
full:mapi.dodois.io
full:mapi.dodois.ru
full:mcdn.goldapple.ru
full:media.dodostatic.net
full:megamarket.ru
full:metro-cc.ru
full:middle-api.magnit.ru
full:mobile-api.vkusnoitochka.ru
full:mvideo.ru
full:myspar.ru
full:notifier.burgerkingrus.ru
full:okmarket.ru
full:orderapp-app-static.burgerkingrus.ru
full:orderapp.burgerkingrus.ru
full:pay.dodois.io
full:pcdn.goldapple.ru
full:petrovich.ru
full:robot.dostavista.ru
full:rostics.ru
full:samokat.ru
full:sbermarket.ru
full:sntr.avito.ru
full:socket.avito.ru
full:sokolov.ru
full:ssp-gw.kuper.ru
full:st.aliexpress.ru
full:static-catalog.sokolov.ru
full:static.avito.ru
full:static.cdn-cian.ru
full:sting.samokat.ru
full:tsum.com
full:tsum.ru
full:vcdn.goldapple.ru
full:vkusnoitochka.ru
full:vkusvill.ru
full:web-static.samokat.ru
full:www.avito.ru
full:www.avito.st
full:www.detmir.ru
full:www.dns-shop.ru
full:www.lamoda.ru
full:www.letu.ru
full:youla.io
full:youla.ru
