full:alfabank.ru
full:android-mb.vtb.ru
full:async-online4.vtb.ru
full:banki.ru
full:cbr.ru
full:cdn.credistory.ru
full:certs.t-bank-app.ru
full:chat1.vtb.ru
full:chat3.sbpvtb.ru
full:credistory.ru
full:dc.otpbank.ru
full:esia.credistory.ru
full:esmdtpep.sbpvtb.ru
full:esmdtpep.vtb.ru
full:gazprombank.ru
full:headless-cms5.vtb.ru
full:modulbank.ru
full:moex.com
full:netmonet.co
full:nspk.ru
full:online.sbpvtb.ru
full:online.vtb.ru
full:otpbank.ru
full:pay.mironline.ru
full:psbank.ru
full:s.vtb.ru
full:s2.sbpvtb.ru
full:sso-app5.vtb.ru
full:static.yoomoney.ru
full:vtb.ru
full:www.alfabank.ru
full:www.otpbank.ru
full:xn--90ab2c.xn--p1ai
full:yoomoney.ru
