full:1tv.ru
full:360tv.ru
full:5-tv.ru
full:aif.ru
full:cdn-asset.ura.news
full:ctc.ru
full:domashniy.ru
full:dumatv.ru
full:friday.ru
full:gazeta.ru
full:iz.ru
full:kommersant.ru
full:kp.ru
full:lenta.ru
full:matchtv.ru
full:mirtv.ru
full:mk.ru
full:muz-tv.ru
full:ntv.ru
full:otr-online.ru
full:rambler.ru
full:rbc.ru
full:rg.ru
full:ria.ru
full:rt.com
full:smotrim.ru
full:spastv.ru
full:sport24.ru
full:tass.com
full:tass.ru
full:tnt-online.ru
full:tv3.ru
full:tvc.ru
full:ura.news
full:ura.ru
full:vedomosti.ru
full:vmeste-rf.tv
