domain:alidns.com
domain:aliyunhttpdns.com
domain:cloudflare-dns.com
domain:dns.apple.com
domain:dns.apple.com.v.aaplimg.com
domain:dns.google
domain:dns.google.com
domain:doh.pub
domain:httpdns-api.aliyuncs.com
domain:httpdns.alicdn.com
domain:httpdns.baidu.com
domain:httpdns.baidubce.com
domain:httpdns.browser.miui.com
domain:httpdns.huaweicloud.com
domain:httpdns.ocloud.heytapmobi.com
domain:httpdns.ocloud.oppomobile.com
domain:httpdns.platform.dbankcloud.cn
domain:httpdns.platform.dbankcloud.com
domain:httpdns.push.oppomobile.com
domain:httpdns.volcengineapi.com
domain:mask-canary.icloud.com
domain:mask-h2.icloud.com
domain:mask.icloud.com
domain:one.one.one.one
domain:resolvers-cn.httpdns.aliyuncs.com
