domain:hh.ru
domain:sk.ru
full:1c.ru
full:api.setka.ru
full:app.gid.ru
full:auth.gid.ru
full:bitrix.info
full:boxberry.ru
full:cdek.ru
full:cdn-assets.setka.ru
full:cdn.uxfeedback.ru
full:cdn3.uxfeedback.ru
full:chat-ct.pochta.ru
full:crpt.ru
full:dnevnik.ru
full:dobro.ru
full:dom.ufanet.ru
full:ds.kaspersky.com
full:energo.app
full:eraglonass.ru
full:ff.setka.ru
full:foxford.ru
full:gid.ru
full:gismeteo.ru
full:hhcdn.ru
full:hr-link.ru
full:img.hhcdn.ru
full:kaspersky.com
full:kazanexpress.ru
full:khl.ru
full:kontur.ru
full:ksn-ca-geo.kaspersky-labs.com
full:ksn-cinfo-geo.kaspersky-labs.com
full:ksn-ml-geo.kaspersky-labs.com
full:mm.ru
full:mobile-api.energo.app
full:my.kaspersky.com
full:passport.pochta.ru
full:pervye.ru
full:pikabu.ru
full:pochta.ru
full:set.ki
full:setka.ru
full:st.gismeteo.st
full:static-sso.gid.ru
full:static.pochta.ru
full:sutochno.ru
full:timeweb.cloud
full:unleash.internal.setka.work
full:uxfeedback.ru
full:webium.ru
full:widget.uxfeedback.ru
full:www.gismeteo.ru
full:www.kaspersky.com
full:www.pochta.ru
full:xn--80ajghhoc2aj1c8b.xn--p1ai
full:xn--90acagbhgpca7c8c7f.xn--p1ai
full:xn--90af4abj.xn--p1ai
full:znanierussia.ru
full:zvuk.com
