domain:2gis.com
domain:2gis.ru
domain:beeline.ru
domain:cdn-vk.net
domain:cdn-vk.ru
domain:clck.ru
domain:dom.ru
domain:dzen.ru
domain:dzeninfra.ru
domain:ertelecom.ru
domain:fasten.ru
domain:geobasket.ru
domain:gosuslugi.ru
domain:hh.ru
domain:imgsmail.ru
domain:kinopoisk.ru
domain:mail.ru
domain:max.ru
domain:megafon.ru
domain:mts.ru
domain:mycdn.me
domain:naydex.net
domain:ok.ru
domain:okcdn.ru
domain:oneme.ru
domain:ozon.com
domain:ozon.ru
domain:ozon.tech
domain:ozone.ru
domain:ozonru.me
domain:ozonusercontent.com
domain:paywb.com
domain:rostaxi.org
domain:rt.avito.ru
domain:rt.ru
domain:rtbcdn.ru
domain:rustore.ru
domain:rzd.ru
domain:sk.ru
domain:static-storage.net
domain:t2.ru
domain:taximaxim.ru
domain:tele2.ru
domain:userapi.com
domain:vk-cdn.net
domain:vk-portal.net
domain:vk.cc
domain:vk.com
domain:vk.me
domain:vk.ru
domain:vkuser.net
domain:vkuseraudio.net
domain:vkuseraudio.ru
domain:vkuserphoto.ru
domain:vkvideo.ru
domain:wb.ru
domain:wbbasket.ru
domain:wbstatic.net
domain:wbwh.tech
domain:wibes.ru
domain:wildberries.com
domain:wildberries.ru
domain:ya.ru
domain:yandex
domain:yandex-images.clstorage.net
domain:yandex-net.ru
domain:yandex.com
domain:yandex.fi
domain:yandex.net
domain:yandex.ru
domain:yandexcloud.net
domain:yantp.net
domain:yastatic-net.ru
domain:yastatic.net
domain:yccdn.ru
domain:yndx.net
domain:yota.ru
full:00.img.avito.st
full:10.img.avito.st
full:1c.ru
full:1tv.ru
full:20.img.avito.st
full:30.img.avito.st
full:360tv.ru
full:40.img.avito.st
full:5-tv.ru
full:50.img.avito.st
full:5d.5ka.ru
full:5ka-media.x5static.net
full:5ka.ru
full:60.img.avito.st
full:70.img.avito.st
full:80.img.avito.st
full:90.img.avito.st
full:a.lmcdn.ru
full:aeroflot.ru
full:aif.ru
full:alfabank.ru
full:android-mb.vtb.ru
full:api-n.goldapple.ru
full:api-omni.x5.ru
full:api.prod.digital.uni.rest
full:api.samokat.ru
full:api.setka.ru
full:app-mobile.medtochka.ru
full:app.avito.ru
full:app.gid.ru
full:app.medtochka.ru
full:apteka.ru
full:assets.otello.ru
full:async-online4.vtb.ru
full:auchan.ru
full:auth.gid.ru
full:auto.ru
full:av.ru
full:avito.ru
full:avitostat.avito.com
full:azbukavkusa.ru
full:banki.ru
full:belkacar.ru
full:bitrix.info
full:boxberry.ru
full:burgerkingrus.ru
full:c.dns-shop.ru
full:catalog-images.x5static.net
full:cbr.ru
full:ccdn.goldapple.ru
full:cdek.ru
full:cdn-asset.ura.news
full:cdn-assets.setka.ru
full:cdn.credistory.ru
full:cdn.dodostatic.net
full:cdn.er.ru
full:cdn.taxsee.ru
full:cdn.uxfeedback.ru
full:cdn1.tu-tu.ru
full:cdn2.tu-tu.ru
full:cdn3.uxfeedback.ru
full:cdn4.tu-tu.ru
full:certs.t-bank-app.ru
full:chat-ct.pochta.ru
full:chat-widget-iframe.tutu.ru
full:chat.mos.ru
full:chat.s7.ru
full:chat.taxsee.ru
full:chat1.vtb.ru
full:chat3.sbpvtb.ru
full:chatsocket.taxsee.ru
full:chizhik.club
full:citydrive.ru
full:client.crrpay.ru
full:code-push-api.samokat.ru
full:core-colibri-api.samokat.ru
full:credistory.ru
full:crpt.ru
full:cs.avito.ru
full:ctc.ru
full:damcdn.samokat.ru
full:dc.otpbank.ru
full:delimobil.ru
full:dellin.ru
full:detmir.ru
full:dixy.ru
full:dnevnik.ru
full:dns-shop.ru
full:dobro.ru
full:dodopizza.com
full:dodopizza.ru
full:dodopizza.threads.im
full:dom.ufanet.ru
full:domashniy.ru
full:dostavista.ru
full:ds.kaspersky.com
full:dumatv.ru
full:eapteka.ru
full:ebs.ru
full:edu.burgerkingrus.ru
full:emias.info
full:energo.app
full:er.ru
full:eraglonass.ru
full:error-tracking.samokat.ru
full:esapi.dodois.io
full:esia.credistory.ru
full:esmdtpep.sbpvtb.ru
full:esmdtpep.vtb.ru
full:event-stream-api.magnit.ru
full:fda.middle-api.magnit.ru
full:ff.setka.ru
full:fix-price.com
full:flypobeda.ru
full:foxford.ru
full:friday.ru
full:frontlog.tutu.ru
full:frontlogger.dodois.io
full:g0.sunlight.net
full:g1.sunlight.net
full:g2.sunlight.net
full:g3.sunlight.net
full:g4.sunlight.net
full:g5.sunlight.net
full:g6.sunlight.net
full:g7.sunlight.net
full:g8.sunlight.net
full:g9.sunlight.net
full:gazeta.ru
full:gazprombank.ru
full:gid.ru
full:gismeteo.ru
full:globalapi.dodopizza.com
full:go.detmir.st
full:goldapple.ru
full:gov.ru
full:grandtrain.ru
full:grpc.prod.digital.uni.rest
full:gu-st.ru
full:gw-fl5.x5.ru
full:headless-cms5.vtb.ru
full:health.samokat.ru
full:hhcdn.ru
full:homepage.5ka.ru
full:hotel.tutu.ru
full:hr-link.ru
full:i.letu.ru
full:id.magnit.ru
full:id.tutu.ru
full:id.x5.ru
full:images-foodtech.magnit.ru
full:images.cdn-cian.ru
full:img.hhcdn.ru
full:imgproxy.kuper.ru
full:imgproxy.prod.ya.magnit.ru
full:info-mobile.medtochka.ru
full:ivi.ru
full:iz.ru
full:kaspersky.com
full:kazanexpress.ru
full:khl.ru
full:kion.ru
full:kommersant.ru
full:kontur.ru
full:kp.ru
full:ksn-ca-geo.kaspersky-labs.com
full:ksn-cinfo-geo.kaspersky-labs.com
full:ksn-ml-geo.kaspersky-labs.com
full:kuper.ru
full:lamoda.ru
full:lenta.com
full:lenta.ru
full:lenta.tech
full:letu.ru
full:login.mos.ru
full:m.avito.ru
full:ma-prod.cdn.vkusnoitochka.ru
full:magnit-api-cdn.prod.ya.magnit.ru
full:magnit.ru
full:main-page.tutu.ru
full:mamadeti.ru
full:mapi.dns-shop.ru
full:mapi.dodois.io
full:mapi.dodois.ru
full:matchtv.ru
full:mcdn.goldapple.ru
full:media.dodostatic.net
full:medsi.ru
full:meet.medtochka.ru
full:megamarket.ru
full:metro-cc.ru
full:middle-api.magnit.ru
full:mirtv.ru
full:mk.ru
full:mm.ru
full:mobile-api.energo.app
full:mobile-api.vkusnoitochka.ru
full:modulbank.ru
full:moex.com
full:mos.ru
full:motiv.me
full:motivtelecom.ru
full:mts-link.ru
full:mtsbank.ru
full:muz-tv.ru
full:mvd.ru
full:mvideo.ru
full:my.kaspersky.com
full:myapelsin.ru
full:mymts.ru
full:myspar.ru
full:nalog.ru
full:netmonet.co
full:nextmobile.ru
full:notifier.burgerkingrus.ru
full:nspk.ru
full:ntv.ru
full:observability.x5.ru
full:okko.ru
full:okko.sport
full:okko.tv
full:okmarket.ru
full:online.sbpvtb.ru
full:online.vtb.ru
full:orderapp-app-static.burgerkingrus.ru
full:orderapp.burgerkingrus.ru
full:otello.ru
full:otpbank.ru
full:otr-online.ru
full:parking.spb.ru
full:passport.pochta.ru
full:pay.dodois.io
full:pay.mironline.ru
full:pcdn.goldapple.ru
full:perekrestok.ru
full:pervye.ru
full:petrovich.ru
full:pikabu.ru
full:pixel.id.x5.ru
full:pochta.ru
full:portal.s7cdn.online
full:premier.one
full:prodoctorov.ru
full:profile-mobile.medtochka.ru
full:psbank.ru
full:public.s7cdn.online
full:rambler.ru
full:rbc.ru
full:rg.ru
full:ria.ru
full:robot.dostavista.ru
full:rostics.ru
full:rt.com
full:rutube.ru
full:s.vtb.ru
full:s2.sbpvtb.ru
full:s3-portal.s7cdn.online
full:s7.ru
full:samokat.ru
full:sbermarket.ru
full:sbermobile.ru
full:set.ki
full:setka.ru
full:smotrim.ru
full:sntr.avito.ru
full:socket.avito.ru
full:sokolov.ru
full:spastv.ru
full:sport24.ru
full:sso-app5.vtb.ru
full:ssp-gw.kuper.ru
full:st.aliexpress.ru
full:st.gismeteo.st
full:static-catalog.sokolov.ru
full:static-sso.gid.ru
full:static.apteka.ru
full:static.avito.ru
full:static.cdn-cian.ru
full:static.pochta.ru
full:static.yoomoney.ru
full:static3.mos.ru
full:sting.samokat.ru
full:sutochno.ru
full:tass.com
full:tass.ru
full:taxsee.com
full:taxsee.pro
full:taxsee.ru
full:ticketland.ru
full:timeweb.cloud
full:tnt-online.ru
full:tsum.com
full:tsum.ru
full:tsx.x5static.net
full:tutu.ru
full:tv3.ru
full:tvc.ru
full:unleash.internal.setka.work
full:ura.news
full:ura.ru
full:urent.ru
full:user-api.tutu.ru
full:ux.tutu.ru
full:uxfeedback.ru
full:vcdn.goldapple.ru
full:vedomosti.ru
full:vkusnoitochka.ru
full:vkusvill.ru
full:vmeste-rf.tv
full:vprok.ru
full:vtb.ru
full:vtbmobile.ru
full:web-static.samokat.ru
full:webium.ru
full:whoosh.bike
full:widget.uxfeedback.ru
full:wink.ru
full:www.alfabank.ru
full:www.avito.ru
full:www.avito.st
full:www.detmir.ru
full:www.dns-shop.ru
full:www.gismeteo.ru
full:www.kaspersky.com
full:www.lamoda.ru
full:www.letu.ru
full:www.mos.ru
full:www.otpbank.ru
full:www.perekrestok.ru
full:www.pochta.ru
full:www.s7.ru
full:www.tutu.ru
full:www.yabloko.ru
full:x5m-cdn-stage.x5static.net
full:x5m-cdn.x5static.net
full:x5m.x5.ru
full:xn--80ajghhoc2aj1c8b.xn--p1ai
full:xn--90ab2c.xn--p1ai
full:xn--90acagbhgpca7c8c7f.xn--p1ai
full:xn--90af4abj.xn--p1ai
full:xn--b1aew.xn--p1ai
full:xn--d1abb2a.xn--p1ai
full:yabloko.ru
full:yoomoney.ru
full:youla.io
full:youla.ru
full:znanierussia.ru
full:zvuk.com
