domain:a2z.org.cn
domain:amazonaws.cn
domain:amazonaws.com.cn
domain:amazonwebservices.cn
domain:amazonwebservices.com.cn
domain:amazonworkdocs.cn
domain:amazonworkdocs.com.cn
domain:asfiovnxocqpcry.com.cn
domain:aws-border.cn
domain:aws-icp-domain-manager.cn
domain:awsapps.cn
domain:awsapps.com.cn
domain:awsstatic.cn
domain:cloudfront-cn.net
domain:cloudfront-test.cn
domain:cloudfront.cn
domain:nwcdcloud.cn
domain:nwcdcloud.com.cn
domain:nwcddns.cn
domain:nwcdinfosec.cn
domain:route53.cn
domain:sagemaker.com.cn
domain:amzndns-cn.biz
domain:amzndns-cn.cn
domain:amzndns-cn.com
domain:amzndns-cn.net
regex:.+\.awsdns-cn-[0-9][0-9]\.(biz|com|net|top)$
regex:.+\.awsdns-cn-[0-9][a-e0-9]\.cn$
