full:p1-juejin.byteimg.com
full:p2-juejin.byteimg.com
full:p3-juejin.byteimg.com
full:p4-juejin.byteimg.com
full:p5-juejin.byteimg.com
full:p6-juejin.byteimg.com
full:p7-juejin.byteimg.com
full:p8-juejin.byteimg.com
full:p9-juejin.byteimg.com
full:p3-novel.byteimg.com
full:p6-novel.byteimg.com
domain:speedifyvolcaiv2.com
domain:byteq5k.com
domain:activity-dy.com
domain:activity01.com
domain:activity02.com
domain:activity03.com
domain:activity04.com
domain:activity05.com
domain:activitybyte.com
domain:ali-api-test.net
domain:ali-gtm-01.net
domain:ali-gtm-pressure.com
domain:ali-restore.net
domain:arco.design
domain:baikevod.com
domain:bdactivity.com
domain:bdgslb.com
domain:bdispatch.com
domain:bdispatch.net
domain:bdns-api-test.net
domain:bdns-boe.com
domain:bdns-boe.net
domain:bdns-gtm-01.net
domain:bdns-gtm-pressure.com
domain:bdns-restore.net
domain:bdns-test.com
domain:bdns-test.net
domain:bdppe.net
domain:bdsagslb.com
domain:bdsagslbtest.com
domain:bdzjdsagslb.com
domain:betaband.net
domain:betadance.net
domain:bfcdnbf.com
domain:bfcdnrd.com
domain:bfcdnsc.com
domain:bvfcdn.com
domain:bx0byte.com
domain:byte-edge.com
domain:byte-edgeworker.com
domain:byte-gslb.com
domain:byte-test.cn
domain:byte-test.com
domain:byte-test.net
domain:byte00.com
domain:byte00.net
domain:byte000.com
domain:byte008.com
domain:byte7bw.net
domain:byteac.com
domain:byteacct.com
domain:byteacctimg.com
domain:byteactivity.com
domain:byteactivity11.com
domain:byteactivity12.com
domain:byteactivity13.com
domain:byteactivity14.com
domain:byteactivity15.com
domain:byteactivity16.com
domain:byteapi.com
domain:bytecdn.cn
domain:bytecdn.com
domain:bytecdn.net
domain:bytecdntp.com
domain:bytecimg.com
domain:byted-dast.com
domain:byted-edu.com
domain:byted-static.com
domain:byted-ug.com
domain:byted.org
domain:bytedance-boe.net
domain:bytedance.cn
domain:bytedance.com
domain:bytedance.net
domain:bytedance.org
domain:bytedanceapi.com
domain:bytedcdn.com
domain:bytedeliver.com
domain:bytedgames.com
domain:bytedns.com
domain:bytedns.net
domain:bytedns1.com
domain:bytedns2.com
domain:bytedns3.com
domain:bytedns4.com
domain:bytedns5.com
domain:bytedns6.com
domain:bytedns7.com
domain:bytednsdoc.com
domain:bytedsocial.com
domain:qznovelvod.com
domain:bytefast.net
domain:bytefcdn.com
domain:bytefcdnrd.com
domain:bytegecko.com
domain:bytegeckoext.com
domain:bytegoofy.com
domain:bytegqpo.net
domain:bytegrowth.com
domain:bytegslb.com
domain:bytehwm.com
domain:byteics.com
domain:byteics.net
domain:byteimg.com
domain:byteimgc.com
domain:byteintl.net
domain:bytelb.com
domain:bytelb.net
domain:bytelb000.net
domain:bytemaimg.com
domain:bytemastatic.com
domain:bytemedi.com
domain:bytenewst.com
domain:byteorg.com
domain:byteorge.com
domain:dcarapi.com
domain:byteq8u.net
domain:bytescm.com
domain:bytespeech.com
domain:bytesslb.net
domain:bytetcc.com
domain:bytetech.info
domain:bytetos.com
domain:bytetraffic.net
domain:bytetstatic.com
domain:bytetstatic.net
domain:byteurl.cn
domain:bytevalk.com
domain:bytevcloudapi.com
domain:bytevcloudvod.com
domain:bytexservice.com
domain:cdnbuild.com
domain:cdnbuild.net
domain:cdndns1.com
domain:cdndns2.com
domain:doubo03.com
domain:draftstatic.com
domain:druid.vip
domain:fedlearner.net
domain:feelgood.cn
domain:gcloudcache.com
domain:gslbdns.com
domain:gslbdns.net
domain:huaxiong.com
domain:hypercachenet.com
domain:ibytedapm.com
domain:icphoto.cn
domain:iluckysf.net
domain:itmanager.club
domain:itoutiaoliving.com
domain:jokecommunity.cn
domain:jokecommunity.com
domain:jokecommunity.net
domain:jstti.com
domain:jtamac.com
domain:livecdnstatic.com
domain:local-ip.online
domain:luckysf.net
domain:modernjs.cn
domain:myimis.com
domain:ndcpp.com
domain:neihancommunity.cn
domain:neihancommunity.com
domain:neihancommunity.net
domain:neyetwatcher.com
domain:oortgslb.com
domain:openbcs.com
domain:openve.cn
domain:originalimg.com
domain:originalstatic.com
domain:originalvod.com
domain:pacmantwo.com
domain:pstatp.com
domain:qingfuwucdn.net
domain:qualitycloud.top
domain:samasty.com
domain:searchstatic.com
domain:searchtoutiaolive.com
domain:shidianguji.com
domain:sinf-test.net
domain:sinf.net
domain:sinflb.net
domain:snssdk.com
domain:tekkenthree.com
domain:tetrisone.com
domain:tiapi.cn
domain:tiapi.net
domain:tlbapm.com
domain:toscdn.com
domain:toutiao11.com
domain:toutiao12.com
domain:toutiao13.com
domain:toutiao14.com
domain:toutiao15.com
domain:toutiaocdn.cn
domain:toutiaocdn.net
domain:toutiaocloud.cn
domain:toutiaojisu.com
domain:toutiaolite.com
domain:toutiaolite1.com
domain:toutiaolite2.com
domain:toutiaoliving.com
domain:toutiaopic.com
domain:toutiaowap.cn
domain:toutiaowap.com
domain:toutiaowap.net
domain:tr-test-ali.net
domain:tr-test.net
domain:tr-testboe.net
domain:ttbyte.cn
domain:ttbyte.com
domain:ttbyte.net
domain:ttjisu.com
domain:ttwebview.com
domain:ugshare-img.com
domain:vcloud-byte.com
domain:vcloudapi.com
domain:vestack-beta.com
domain:vestack-cicd.com
domain:vestack-preview.com
domain:vestack-sandbox.com
domain:vfcdnrd.com
domain:volcanicengine.com
domain:volcdns-test.com
domain:volcdns-test.net
domain:voleai.com
domain:wtturl.cn
domain:xsgtvacct.com
domain:yhgfb-cn-static.com
domain:zijieapi.cn
domain:zijieapi.com
domain:zijieapi.net
domain:zijiecdn.cn
domain:zijiecdn.com
domain:zijiecdn.net
domain:zijiedj.com
domain:zijieimg.cn
domain:zijieimg.com
domain:zijieimg.net
domain:zijietiaodong.com
domain:zijieurl.cn
domain:zijieurl.com
domain:zijieurl.net
domain:zijiewap.cn
domain:zijiewap.com
domain:zijiewap.net
domain:zilrms.com
domain:ziyrta.com
domain:zjbyte.cn
domain:zjbyte.com
domain:zjbyte.net
domain:zjcdn.com
domain:zjfcdn.com
domain:zjgslb.com
domain:zlinkurl.cn
domain:jianying.com
domain:jimeng.com
domain:vlabimg.com
domain:vlabstatic.com
domain:vlabvod.com
domain:capcut.cn
domain:toutiao.com
domain:toutiaoapi.com
domain:toutiaocdn.com
domain:toutiaocloud.com
domain:toutiaocloud.net
domain:toutiaohao.com
domain:toutiaohao.net
domain:toutiaoimg.cn
domain:toutiaoimg.com
domain:toutiaoimg.net
domain:toutiaopage.com
domain:toutiaostatic.com
domain:toutiaovod.com
domain:bdxiguaimg.com
domain:bdxigualive.com
domain:bdxiguastatic.com
domain:bdxiguavod.com
domain:ibdxiguaimg.com
domain:ibdxigualive.com
domain:ibdxiguastatic.com
domain:ibdxiguavod.com
domain:ixgvideo.com
domain:ixigua.com
domain:ixiguavideo.com
domain:xiguaapp.cn
domain:xiguaapp.com
domain:xiguashipin.cn
domain:xiguashipin.net
domain:xiguavideo.cn
domain:xiguavideo.net
domain:baike.com
domain:wukong.com
domain:wukongwenda.cn
domain:wukongwenda.com
domain:365yg.com
domain:qznovelstatic.com
domain:gogokid.com
domain:hapierxia.com
domain:hapipixia.com
domain:hapiyixia.com
domain:kuailepipixia.com
domain:pipix.com
domain:pipixiaha.com
domain:piyipiba.com
domain:ppxhhh.com
domain:ppximg.com
domain:ppxstatic.com
domain:ppxvod.com
domain:xiaoxiaapi.com
domain:dailygn.com
domain:nvsgames.cn
domain:buydouke.com
domain:ecombdapi.com
domain:ecombdimg.com
domain:ecombdstatic.com
domain:ecombdvod.com
domain:jinritemai.com
domain:faceu.com
domain:faceu.mobi
domain:ulikecam.com
domain:rsproxy.cn
domain:oceanengine.com
domain:baseopendev.com
domain:bytecloud.com
domain:byteoc.com
domain:bytewebservice.com
domain:bytexns.cn
domain:bytexns.com
domain:bytexns.net
domain:bytexopen.com
domain:meegobeta.com
domain:okr.cn
domain:okr.com
domain:vscenevideo.com
domain:anycross.com
domain:blmpb.com
domain:bytedancehermestest.com
domain:falconsending.com
domain:fei-shu.cn
domain:feishu-3rd-party-services.com
domain:feishu-boe.net
domain:feishu-customer.cn
domain:feishu-pre.cn
domain:feishu-pre.net
domain:feishu-psc.cn
domain:feishu-staging.cn
domain:feishu.cn
domain:feishu.net
domain:feishuapp-cdn.net
domain:feishuapp.cn
domain:feishuapp.com
domain:feishucdn.com
domain:feishudoc.cn
domain:feishudoc.com
domain:feishuhuiyi.cn
domain:feishuhuiyi.com
domain:feishuimg-boe.com
domain:feishuimg-pre.com
domain:feishuimg.com
domain:feishukacdn.com
domain:feishumeetings.cn
domain:feishumeetings.com
domain:feishuoffice.cn
domain:feishuoffice.com
domain:feishuopenplatformrecord.com
domain:feishupkg.com
domain:feishustatus.cn
domain:feishuvc.cn
domain:feishuvc.com
domain:getfeishu.cn
domain:getfeishu.com
domain:getsays.cn
domain:getsays.com
domain:lackvc.cn
domain:securityfeishu.cn
domain:securityfs.cn
domain:statusfeishu.cn
domain:larkofficecdn.com
domain:thelarkcloud.com
domain:larkofficeimg.com
domain:larkcloud.com
domain:larkcloud.net
domain:larkfn.com
domain:larkmeetings.cn
domain:larkmeetings.com
domain:larkoffice.com
domain:statuslarkoffice.com
domain:larkofficeapp-boe.com
domain:larkofficeapp-pre.com
domain:larkofficeapp.com
domain:larkofficeboe.com
domain:lark.cn
domain:larkofficepkg.com
domain:lark-passport-qa-sg.net
domain:larkofficepre.com
domain:larkrooms.cn
domain:larkrooms.com
domain:larksuite-pre.com
domain:larksuite.com
domain:larkvc.com
domain:larksuiteimg.com
domain:larksuitecdn.com
domain:larksuiteimg-boe.com
domain:larksuiteimg-pre.com
domain:qznovelpic.com
domain:qznovel.com
domain:novelfmvod.com
domain:novelfmstatic.com
domain:novelfmpic.com
domain:doudou.com
domain:marscode.cn
domain:mcbaas.work
domain:mcdemo.show
domain:mchost.guru
domain:mcprev.cn
domain:tcwqqdy.guru
domain:trae.cn
domain:trae.guru
domain:yoma.cn
domain:novelfm.com
domain:bytefae.com
domain:99uri.com
domain:dcarimg.com
domain:dcarlive.com
domain:dcarstatic.com
domain:dcarvod.com
domain:dcdapp.com
domain:dongchedi.com
domain:dongchediapp.com
domain:butterfly-static.cn
domain:butterflyai.cn
domain:coze-dns-01.com
domain:coze.cn
domain:coze.email
domain:coze.site
domain:cozeapp.net
domain:cozebaas.cn
domain:cozebuild.com
domain:cozecdn.com
domain:cozedeploy.com
domain:cozefn.cn
domain:cozeide.cn
domain:cozesdk.com
domain:cozetest.cn
domain:cozetest2.cn
domain:cozetest3.cn
domain:dbbuilding.fun
domain:building.fun
domain:instreet.com
domain:doubao-dev.com
domain:doubao.com
domain:doubaocdn.com
domain:hi-butterfly.cn
domain:maoxiangai.com
domain:myparallelstory.com
domain:oceancloudapi.com
domain:obriccloud.com
domain:obricclouddw.com
domain:picpic-ai.cn
domain:pixeldance.com
domain:api-building.fun
domain:activity-wbsj.com
domain:aihst8.com
domain:amemv.cn
domain:amemv.com
domain:amemv.net
domain:awemeughun.com
domain:awemeuglang.com
domain:awemeugsoul.com
domain:awemeugwave.com
domain:betastar.cn
domain:boxdouyin.com
domain:cookicut.com
domain:douyin.com
domain:douyinact.com
domain:douyinact.net
domain:douyincdn.com
domain:douyinfe.com
domain:douyinliving.com
domain:douyinpic.com
domain:douyinstatic.com
domain:douyinvod.com
domain:duoshan.com
domain:huoshan.com
domain:huoshancdn.com
domain:huoshangroup.com
domain:huoshanimg.com
domain:huoshanlive.com
domain:huoshanparty.com
domain:huoshanstatic.com
domain:huoshante8.com
domain:huoshanvideo.cn
domain:huoshanvideo.net
domain:huoshanvod.com
domain:huoshanxiaoshipin.cn
domain:huoshanxiaoshipin.net
domain:huoshanzhibo.cn
domain:huoshanzhibo.com
domain:huoshanzhibo.net
domain:hypercachenode.com
domain:idouyinliving.com
domain:idouyinpic.com
domain:idouyinstatic.com
domain:idouyinvod.com
domain:iesdouyin.com
domain:iesdouyin.net
domain:ieshuodong.cn
domain:ieshuodong.net
domain:ihst8.com
domain:ihuoshanimg.com
domain:ihuoshanlive.com
domain:ihuoshanstatic.com
domain:ihuoshanvod.com
domain:kesong.co
domain:kolbuyer.cn
domain:nextvid.net
domain:ppkankan01.com
domain:qishui.cn
domain:qishui.com
domain:qishuimusic.cn
domain:supercachenet.com
domain:supercachenode.com
domain:ultracachenode.com
domain:woaihuoshan.com
domain:wohst8.com
domain:douyinec.com
domain:douyinpay.com
domain:ulpay.com
domain:lifexue.com
domain:open-douyin.com
domain:muyewx.com
domain:ihaohaoxuexi.com
domain:juejin.cn
domain:juejin.im
domain:xitu.io
domain:volcanoarkshare.com
domain:clawhubmirror.com
domain:aigc-cloud.com
domain:aka815.net
domain:ark-doc-resources.cn
domain:auto-validation.com
domain:bdcglb.com
domain:bdcgslb.com
domain:bdcgtm.com
domain:bdeglb.com
domain:bdegnine.com
domain:bdegslb.com
domain:bdegtm.com
domain:bhgslb.com
domain:bhgtm.com
domain:bpgslbcn.com
domain:bpigagtm.com
domain:bpigagtm.net
domain:bplslb.com
domain:bpltm.com
domain:bvfcdn2.com
domain:bvfcdn3.com
domain:bvglb.com
domain:bvgslb.com
domain:bvgtm.com
domain:byte-dns.com
domain:byte-dns.net
domain:bytefcdnrd-tob.com
domain:bytehiservice.com
domain:bytehouse.cn
domain:byteinspire.cn
domain:byteinspire.com
domain:byteplus-api-test.com
domain:byteplusapi-test.com
domain:bytepluses-test.com
domain:bytepluspcs-test.com
domain:bytertcmedia.com
domain:zvip.cn
domain:zml81.cn
domain:zjytxp.cn
domain:zjytxd.cn
domain:bytevdn-boe.com
domain:bytevdn.com
domain:cache4ever.com
domain:cache666.com
domain:celersyn.com
domain:clawhub-mirror.com
domain:volcapig.com
domain:clawsentry.cn
domain:cloudendpoint.cn
domain:commonpcs-test.com
domain:commonpcs.com
domain:datawindexmarket.com
domain:volcapp.com
domain:douyincloud.run
domain:dycloud.run
domain:dycloudbk.com
domain:edgeceler.com
domain:emr-volces.com
domain:feilian.cn
domain:findskill.com
domain:flgff.cn
domain:hsz71.cn
domain:huoshanfake.com
domain:ibytepluses-test.com
domain:zebracdn.com
domain:ytxptz.cn
domain:ytxptd.cn
domain:iccvlog.com
domain:ifeilian.cn
domain:ifeilian.com
domain:iga-pages.com
domain:inspirecloud.cn
domain:inspirecloud.com
domain:isealsuite.com
domain:ivolces-test.com
domain:ivolces.cn
domain:ivolces.com
domain:juneyaotravelvolc.com
domain:kfcbest.com
domain:kych5.com
domain:livesaascdn.com
domain:livesaasvolccdn.com
domain:mediaainet.com
domain:multilingual-volc.com
domain:omini-shield.com
domain:openviking.net
domain:qingfuwu.cn
domain:qingfuwu.com
domain:qingfuwuapi.cn
domain:qingfuwucdn.com
domain:sealsuite.com
domain:sealsuite.net
domain:slbauto.com
domain:sms18.com
domain:speedifyvolcai.com
domain:99uri.cn
domain:szacq.cn
domain:toutiaopan.com
domain:toutiaopanapi.com
domain:ttgslb.com
domain:ttgtm.com
domain:v2ig.cn
domain:v2mg.cn
domain:v2xg.cn
domain:ve-imcloud.com
domain:xyf61.cn
domain:ve-trafficroute.com
domain:ve-trafficroute.net
domain:vecdnlb.com
domain:vecloudgame.com
domain:vedcdnlb.com
domain:vedsalb.com
domain:veefdev.com
domain:veew-alb-cn1.com
domain:veew-alb-cn2.com
domain:veew-alb-ts.com
domain:vegalb.com
domain:vegslb.com
domain:vegtm.net
domain:veicplive.com
domain:veigagslb.com
domain:veigagslb.net
domain:vemarsdev.com
domain:vemarsstatic.com
domain:vemarsweb.com
domain:vertciot.com
domain:vestack.cloud
domain:vol1.cn
domain:vol6.cn
domain:volc-dns.com
domain:volc-dns.net
domain:volc-dns.pub
domain:volc-embed.com
domain:volcadocean.com
domain:volcadvc.com
domain:volcalb.com
domain:volcanoaisearchshare.com
domain:volclivebyte.com
domain:ai-kaleidoscope.com
domain:douyincloud.net
domain:volcappbuilder.com
domain:volcautovod.com
domain:volcbiz.com
domain:volcca.cn
domain:volcca.com
domain:volcca.net
domain:volccdn.cn
domain:volccdn.com
domain:volccdn1.com
domain:volccdn2.com
domain:volccloudidentity.com
domain:volcdcdnlb.net
domain:volcddos.com
domain:volcddos001.com
domain:volcdem.com
domain:volcdlspace.cn
domain:volcdn.com
domain:volcdns.com
domain:volcdns.pub
domain:volcdsagslb.net
domain:volcdsalb.net
domain:volceapi.com
domain:volceapplog.com
domain:volcecr.com
domain:volcecw.com
domain:volcenginapi.com
domain:volcengine-api-test.com
domain:volcengine-api.cn
domain:volcengine-api.com
domain:volcengine-dns.com
domain:volcengine-dns.net
domain:volcengine.cn
domain:volcengine.com
domain:volcengine.net
domain:volcenginealb.com
domain:volcengineapi-test.com
domain:volcengineapi.cn
domain:volcengineapi.com
domain:volcenginedns.com
domain:volcenginedns.net
domain:volcenginepaas.com
domain:volces-test.com
domain:volces.cn
domain:volces.com
domain:volcfake.com
domain:volcfcdn.com
domain:volcfcdnbyte.com
domain:volcfcdndvs.com
domain:volcfcdndvs1.com
domain:volcfcdndvs2.com
domain:volcfcdndvs3.com
domain:volcfcdnplus.com
domain:volcfcdnrd.com
domain:volcfcdnsc.com
domain:volcfxgjrtm.com
domain:volcgalb.net
domain:volcgroup.com
domain:volcgslb-b.com
domain:volcgslb-mlt.com
domain:volcgslb-mltb.com
domain:volcgslb.com
domain:volcgtm-b.com
domain:volcgtm.com
domain:volciad.com
domain:volcimagex.cn
domain:volcimagex.com
domain:volcimagex.net
domain:volcimagextest.com
domain:volcisms.com
domain:ai-guardrail.com
domain:volclivedemo.com
domain:volclivedvs.com
domain:volcliveplus.com
domain:volclivesaas01.com
domain:volclivesaas02.com
domain:volclivesaas03.com
domain:volclivesaas04.com
domain:volclivesaas05.com
domain:volclivesaasbp.com
domain:volclivesaascdn.com
domain:volcmagicpage.com
domain:volcmcdn1.com
domain:volcmcdn2.com
domain:volcmcdn3.com
domain:volcmcdn4.com
domain:volcmcdnalias.com
domain:volcmcdnalias1.com
domain:volcmcdnalias2.com
domain:volcmcdnsched1.com
domain:volcmcdnsched2.com
domain:volcmcp.com
domain:volcmedialive.com
domain:volcmedialivecn.com
domain:volcmedialivecnn.com
domain:volcmgs.com
domain:volcmlt-b.com
domain:volcmlt.com
domain:volcmusecdn.com
domain:volcocic.com
domain:volcopjrtm.com
domain:volcpartner.com
domain:volcpartner.net
domain:volcpcs-test.com
domain:volcpcs.com
domain:volcproxy-boe.net
domain:volcproxy-test.net
domain:volcproxy.net
domain:volcsdns-test.com
domain:volcsdns.cn
domain:volcsdns.com
domain:volcsdns.net
domain:volcsirius.com
domain:volcsiriusbd.com
domain:volcspaceeduc.com
domain:volcstack.com
domain:volctracer.com
domain:volctrack.com
domain:volctraffic.com
domain:volctranscdn.com
domain:volcvehicle.com
domain:volcvideo.com
domain:volcvms.com
domain:volcvod.com
domain:volcwaf.com
domain:volcwaf001.com
domain:volx.cn
domain:writingo-editor.com
domain:writingo.net
domain:xck31.cn
domain:xflowedge.com
domain:fqopenplatform.com
domain:fqnovelvod.com
domain:fqnovelstatic.com
domain:fqnovelpic.com
domain:fqnovelop.com
domain:fqnovelim.com
domain:fqnovel.com
domain:fqnovel-op.com
domain:activity-zhendingtech.com
domain:changdunovel.com
domain:fanqiecopyright.com
domain:fanqienovel.com
domain:fanqieopen.com
domain:fanqieopenpic.com
domain:fanqieopenstatic.com
domain:fanqieopenvod.com
domain:fanqiesdk.com
domain:fanqiesdkpic.com
domain:fanqiesdkstatic.com
domain:fanqiesdkvod.com
domain:trae.com.cn
domain:byteplus-api.com.cn
domain:marscode.com.cn
domain:qishui.com.cn
domain:byteplusapi.com.cn
domain:bytepluses.com.cn
domain:ibytepluses.com.cn
domain:byteplus-api-test.com.cn
domain:qishuimusic.com.cn
domain:ve-omnishield.com.cn
domain:byteplusapi-test.com.cn
domain:ai-guardrail.com.cn
domain:gogokid.com.cn
domain:okr.com.cn
domain:larksuite.com.ttdns2.com
domain:larksuite.com.ttdns1.com
domain:byteglb.com
domain:byteoversea.com
domain:byteoversea.net
domain:ibytedtos.com
domain:ibyteimg.com
full:bytedance.map.fastly.net
domain:capcut.com
domain:capcutcdn-us.com
domain:ad.toutiao.com
domain:bds.snssdk.com
domain:byteadverts.com
domain:csjplatform.com
domain:ctobsnssdk.com
domain:dig.bdurl.net
domain:extlog.snssdk.com
domain:i.snssdk.com
domain:log.zijieapi.com
domain:mcs.snssdk.com
domain:pangle.cn
domain:pangolin-dsp-toutiao-b.com
domain:pangolin-dsp-toutiao.com
domain:pangolin-hl.snssdk.com
domain:pangolin-lf.snssdk.com
domain:pangolin-lq.snssdk.com
domain:pangolin-sdk-toutiao-b.com
domain:pangolin-sdk-toutiao.com
domain:pangolin-sdk-toutiao1.com
domain:pangolin.snssdk.com
domain:panplayable-toutiao-b.com
domain:panplayable-toutiao.com
domain:pglstatp-sdk-toutiao.com
domain:pglstatp-snssdk-toutiao.com
domain:pglstatp-toutiao-b.com
domain:pglstatp-toutiao.com
domain:sf3-ttcdn-tos.pstatp.com
domain:shoppingads.cn
domain:bytedapm.com
domain:muscdn.com
domain:musical.ly
domain:tik-tokapi.com
domain:tiktok-minis.com
domain:tiktok-row.net
domain:tiktok.com
domain:tiktokcdn-eu.com
domain:tiktokcdn-us.com
domain:tiktokcdn.com
domain:tiktokd.net
domain:tiktokd.org
domain:tiktokeu-cdn.com
domain:tiktokglobalshopv.com
domain:tiktokminis.us
domain:tiktokrow-cdn.com
domain:tiktokv.com
domain:tiktokv.eu
domain:tiktokv.us
domain:tiktokw.eu
domain:tiktokw.us
domain:ttcdn-us.com
domain:ttlivecdn.com
domain:ttoverseaus.net
domain:ttwstatic.com
domain:tiktokcdn-us.com.edgesuite.net
domain:tiktokcdn.com.akamaized.net
domain:tiktokcdn.com.edgesuite.net
domain:tiktokv.com.edgekey.net
domain:tiktokv.com.edgesuite.net
full:p16-tiktokcdn-com.akamaized.net
full:roovza-launches.appsflyersdk.com
full:roovza.inapps.appsflyersdk.com
full:roovza.launches.appsflyersdk.com
full:roovza.skadsdk.appsflyersdk.com
domain:analytics.tiktok.com
domain:coze.com
domain:marscode.com
domain:trae.ai
domain:cici.com
domain:ciciai.com
domain:ciciaicdn.com
domain:dola.com
full:ads3-normal-hl.zijieapi.com
full:ads3-normal.zijieapi.com
full:ads5-normal-hl.zijieapi.com
full:ads5-normal.zijieapi.com
full:log3-applog-hl.fqnovel.com
full:log3-applog.fqnovel.com
full:log5-applog-hl.fqnovel.com
full:log5-applog.fqnovel.com
full:p3-ad-sign.byteimg.com
full:p6-ad-sign.byteimg.com
full:p9-ad-sign.byteimg.com
full:rtlog3-applog-hl.fqnovel.com
full:rtlog3-applog.fqnovel.com
full:rtlog5-applog-hl.fqnovel.com
full:rtlog5-applog.fqnovel.com
