full:fbcdn-a.akamaihd.net
full:e122475.dscg.akamaiedge.net
full:licdn.cn.cdn20.com
full:linkedin.sc.omtrdc.net
full:st-ok-pts.cdn-vk.ru
full:st-ok.cdn-vk.ru
domain:faceebot.com
domain:facwebook.com
domain:joinmastodon.org
domain:mastodon.online
domain:mastodon.social
domain:pawoo.net
domain:bsky.app
domain:bsky.network
domain:bsky.social
domain:threads.com
domain:threads.net
domain:twitter.jp
domain:x.com
domain:cms-twdigitalassets.com
domain:t.co
domain:tellapart.com
domain:tweetdeck.com
domain:twimg.com
domain:twitpic.com
domain:twitter.biz
domain:twittercommunity.com
domain:pscp.tv
domain:periscope.tv
domain:twitter.com
domain:twitterflightschool.com
domain:twitterinc.com
domain:twitteroauth.com
domain:twitterstat.us
domain:twtrdns.net
domain:twttr.com
domain:twttr.net
domain:twvid.com
domain:vine.co
domain:mvk.com
domain:vk.cc
domain:vk.com
domain:vk.design
domain:vk.link
domain:vk.ru
domain:vkontakte.com
domain:vkontakte.ru
domain:cdn-vk.net
domain:cdn-vk.ru
domain:userapi.com
domain:userapi.ru
domain:vk-cdn.me
domain:vk-cdn.net
domain:vk-portal.net
domain:vkcache.com
domain:vkcdnservice.com
domain:vkcloud-static.ru
domain:vktech-static.ru
domain:vkuser.net
domain:vkusercdn.ru
domain:vkuserphoto.ru
domain:vkuseraudio.com
domain:vkuseraudio.net
domain:vkuseraudio.ru
domain:vkuserlive.com
domain:vkuserlive.net
domain:vkuservideo.com
domain:vkuservideo.net
domain:vkuservideo.ru
domain:vk.me
domain:vkmessenger.app
domain:vkmessenger.com
domain:vkpay.app
domain:vkpay.com
domain:vkpay.io
domain:vkpay.ru
domain:aboutfacebook.com
domain:accessfacebookfromschool.com
domain:acebooik.com
domain:acebook.com
domain:advancediddetection.com
domain:askfacebook.net
domain:askfacebook.org
domain:atdmt2.com
domain:atlasdmt.com
domain:atlasonepoint.com
domain:buyingfacebooklikes.com
domain:careersatfb.com
domain:celebgramme.com
domain:china-facebook.com
domain:click-url.com
domain:como-hackearfacebook.com
domain:crowdtangle.com
domain:dacebook.com
domain:dlfacebook.com
domain:dotfacebook.com
domain:dotfacebook.net
domain:expresswifi.com
domain:faacebok.com
domain:faacebook.com
domain:faasbook.com
domain:facbebook.com
domain:facbeok.com
domain:facboo.com
domain:facbook.com
domain:facbool.com
domain:facboox.com
domain:faccebook.com
domain:faccebookk.com
domain:facdbook.com
domain:facdebook.com
domain:face-book.com
domain:faceabook.com
domain:facebboc.com
domain:facebbook.com
domain:facebboook.com
domain:facebcook.com
domain:facebdok.com
domain:facebgook.com
domain:facebhook.com
domain:facebkkk.com
domain:onlyfans.com
domain:faceboak.com
domain:facebock.com
domain:facebocke.com
domain:facebof.com
domain:faceboik.com
domain:facebok.com
domain:facebokbook.com
domain:facebokc.com
domain:facebokk.com
domain:facebokok.com
domain:faceboks.com
domain:facebol.com
domain:facebolk.com
domain:facebomok.com
domain:faceboo.com
domain:facebooa.com
domain:faceboob.com
domain:faceboobok.com
domain:facebooc.com
domain:faceboock.com
domain:facebood.com
domain:facebooe.com
domain:faceboof.com
domain:facebooi.com
domain:facebooik.com
domain:facebooik.org
domain:facebooj.com
domain:facebook-corp.com
domain:facebook-covid-19.com
domain:facebook-ebook.com
domain:facebook-forum.com
domain:facebook-hardware.com
domain:facebook-inc.com
domain:facebook-login.com
domain:facebook-newsroom.com
domain:facebook-newsroom.org
domain:facebook-pmdcenter.com
domain:facebook-pmdcenter.net
domain:facebook-pmdcenter.org
domain:facebook-privacy.com
domain:facebook-program.com
domain:facebook-studio.com
domain:facebook-support.org
domain:facebook-texas-holdem.com
domain:facebook-texas-holdem.net
domain:facebook.br
domain:facebook.ca
domain:facebook.cc
domain:facebook.com
domain:facebook.design
domain:facebook.net
domain:facebook.hu
domain:facebook.in
domain:fecebook.net
domain:facebook.nl
domain:facebook.org
domain:facebook.se
domain:facebook.shop
domain:facebook.tv
domain:facebook.us
domain:facebook.wang
domain:facebook123.org
domain:facebook30.com
domain:facebook30.net
domain:facebook30.org
domain:facebook4business.com
domain:facebookadvertisingsecrets.com
domain:faceebok.com
domain:facebookawards.com
domain:facebookblueprint.net
domain:facebookbrand.com
domain:facebookbrand.net
domain:facebookcanadianelectionintegrityinitiative.com
domain:facebookcareer.com
domain:facebookcheats.com
domain:facebookck.com
domain:facebookclub.com
domain:facebookcom.com
domain:facebookconsultant.org
domain:facebookcoronavirus.com
domain:facebookcovers.org
domain:facebookcredits.info
domain:facebookdating.net
domain:facebookdusexe.org
domain:facebookemail.com
domain:facebookenespanol.com
domain:facebookexchange.com
domain:facebookexchange.net
domain:facebookfacebook.com
domain:facebookflow.com
domain:facebookgames.com
domain:facebookgraphsearch.com
domain:facebookgraphsearch.info
domain:facebookgroups.com
domain:facebookhome.cc
domain:facebookhome.com
domain:facebookhome.info
domain:facebookhub.com
domain:facebooki.com
domain:facebookinc.com
domain:facebookland.com
domain:facebooklikeexchange.com
domain:facebooklive.com
domain:facebooklivestaging.net
domain:facebooklivestaging.org
domain:facebooklogin.com
domain:facebooklogin.info
domain:facebookloginhelp.net
domain:facebooklogs.com
domain:facebookmail.com
domain:facebookmail.tv
domain:facebookmanager.info
domain:facebookmarketing.info
domain:facebookmarketingpartner.com
domain:facebookmarketingpartners.com
domain:facebookmobile.com
domain:facebookmsn.com
domain:facebooknews.com
domain:facebooknfl.com
domain:facebooknude.com
domain:facebookofsex.com
domain:facebookook.com
domain:facebookpaper.com
domain:facebookpay.com
domain:facebookphonenumber.net
domain:facebookphoto.com
domain:facebookphotos.com
domain:facebookpmdcenter.com
domain:facebookpoke.net
domain:facebookpoke.org
domain:facebookpoker.info
domain:facebookpokerchips.info
domain:facebookporn.net
domain:facebookporn.org
domain:facebookporno.net
domain:facebookportal.com
domain:facebooks.com
domain:facebooksafety.com
domain:facebooksecurity.net
domain:facebookshop.com
domain:facebooksignup.net
domain:facebooksite.net
domain:facebookstories.com
domain:facebookstudios.net
domain:facebookstudios.org
domain:facebooksupplier.com
domain:facebooksuppliers.com
domain:facebookswagemea.com
domain:facebookswagstore.com
domain:facebooksz.com
domain:facebookthreads.net
domain:facebooktv.net
domain:facebooktv.org
domain:facebookvacation.com
domain:facebookw.com
domain:facebookworld.com
domain:facebool.com
domain:facebool.info
domain:facebooll.com
domain:faceboom.com
domain:faceboon.com
domain:faceboonk.com
domain:faceboooik.com
domain:faceboook.com
domain:faceboop.com
domain:faceboot.com
domain:faceboox.com
domain:facebopk.com
domain:facebpook.com
domain:facebuk.com
domain:facebuok.com
domain:facebvook.com
domain:facebyook.com
domain:facebzook.com
domain:facecbgook.com
domain:facecbook.com
domain:facecbook.org
domain:facecook.com
domain:facecook.org
domain:facedbook.com
domain:facebookatschool.com
domain:truthsocial.com
domain:facebo-ok.com
domain:facegbok.com
domain:facegbook.com
domain:faceobk.com
domain:faceobok.com
domain:faceobook.com
domain:faceook.com
domain:facerbooik.com
domain:facerbook.com
domain:facesbooc.com
domain:facesounds.com
domain:facetook.com
domain:facevbook.com
domain:facewbook.co
domain:facewook.com
domain:facfacebook.com
domain:facfebook.com
domain:fackebook.com
domain:facnbook.com
domain:facrbook.com
domain:facvebook.com
domain:faceebook.com
domain:facxebook.com
domain:fadebook.com
domain:faebok.com
domain:faebook.com
domain:faebookc.com
domain:faeboook.com
domain:faecebok.com
domain:faesebook.com
domain:fafacebook.com
domain:faicbooc.com
domain:fasebokk.com
domain:fasebook.com
domain:faseboox.com
domain:favebook.com
domain:faycbok.com
domain:fb.careers
domain:fb.com
domain:fb.gg
domain:fb.me
domain:fb.watch
domain:fbacebook.com
domain:fbbmarket.com
domain:fbboostyourbusiness.com
domain:fbcdn.com
domain:fbcdn.net
domain:fbfeedback.com
domain:fbhome.com
domain:fbidb.io
domain:fbinc.com
domain:fbinnovation.com
domain:fbmarketing.com
domain:fbreg.com
domain:fbrpms.com
domain:fbsbx.com
domain:fbsbx.net
domain:fbsupport-covid.net
domain:fbthirdpartypixel.com
domain:fbthirdpartypixel.net
domain:fbthirdpartypixel.org
domain:fburl.com
domain:fbwat.ch
domain:fbworkmail.com
domain:fcacebook.com
domain:fcaebook.com
domain:fcebook.com
domain:fcebookk.com
domain:fcfacebook.com
domain:fdacebook.info
domain:feacboo.com
domain:feacbook.com
domain:feacbooke.com
domain:feacebook.com
domain:fecbbok.com
domain:fecbooc.com
domain:fecbook.com
domain:feceboock.com
domain:feceboox.com
domain:fececbook.com
domain:feook.com
domain:ferabook.com
domain:fescebook.com
domain:fesebook.com
domain:ffacebook.com
domain:fgacebook.com
domain:ficeboock.com
domain:fmcebook.com
domain:fnacebook.com
domain:fosebook.com
domain:fpacebook.com
domain:fqcebook.com
domain:fracebook.com
domain:freeb.com
domain:freebasics.com
domain:freebasics.net
domain:freebs.com
domain:freefacebook.com
domain:freefacebook.net
domain:freefacebookads.net
domain:freefblikes.com
domain:freindfeed.com
domain:friendbook.info
domain:friendfed.com
domain:friendfeed-api.com
domain:friendfeed-media.com
domain:friendfeed.com
domain:friendfeedmedia.com
domain:fsacebok.com
domain:fscebook.com
domain:fundraisingwithfacebook.com
domain:funnyfacebook.org
domain:futureofbusinesssurvey.org
domain:gacebook.com
domain:gameroom.com
domain:gfacecbook.com
domain:groups.com
domain:hackerfacebook.com
domain:hackfacebook.com
domain:hackfacebookid.com
domain:hifacebook.info
domain:howtohackfacebook-account.com
domain:hsfacebook.com
domain:httpfacebook.com
domain:httpsfacebook.com
domain:httpwwwfacebook.com
domain:i.org
domain:internet.org
domain:klik.me
domain:liverail.com
domain:liverail.tv
domain:login-account.net
domain:markzuckerberg.com
domain:midentsolutions.com
domain:mobilefacebook.com
domain:moneywithfacebook.com
domain:myfbfans.com
domain:newsfeed.com
domain:nextstop.com
domain:online-deals.net
domain:opencreate.org
domain:reachtheworldonfacebook.com
domain:shopfacebook.com
domain:sportsfacebook.com
domain:sportstream.com
domain:supportfacebook.com
domain:terragraph.com
domain:thefacebook.com
domain:thefacebook.net
domain:thefind.com
domain:toplayerserver.com
domain:viewpointsfromfacebook.com
domain:whyfacebook.com
domain:worldhack.com
domain:www-facebook.com
domain:wwwfacebok.com
domain:wwwfacebook.com
domain:wwwmfacebook.com
domain:zuckerberg.com
domain:zuckerberg.net
domain:facebookwork.com
domain:redkix.com
domain:workplace.com
domain:workplaceusecases.com
domain:achat-followers-instagram.com
domain:acheter-followers-instagram.com
domain:acheterdesfollowersinstagram.com
domain:acheterfollowersinstagram.com
domain:bookstagram.com
domain:carstagram.com
domain:cdninstagram.com
domain:chickstagram.com
domain:ig.me
domain:igcdn.com
domain:igsonar.com
domain:igtv.com
domain:imstagram.com
domain:imtagram.com
domain:instaadder.com
domain:instachecker.com
domain:instafallow.com
domain:instafollower.com
domain:instagainer.com
domain:instagda.com
domain:instagify.com
domain:instagmania.com
domain:instagor.com
domain:instagram-brand.com
domain:instagram-engineering.com
domain:instagram-help.com
domain:instagram-press.com
domain:instagram-press.net
domain:instagram.com
domain:instagramci.com
domain:instagramcn.com
domain:instagramdi.com
domain:instagramhashtags.net
domain:instagramhilecim.com
domain:instagramhilesi.org
domain:instagramium.com
domain:instagramizlenme.com
domain:instagramkusu.com
domain:instagramlogin.com
domain:instagramm.com
domain:instagramn.com
domain:instagrampartners.com
domain:instagramphoto.com
domain:instagramq.com
domain:instagramsepeti.com
domain:instagramtakipcisatinal.net
domain:instagramtakiphilesi.com
domain:instagramtips.com
domain:instagramtr.com
domain:instagran.com
domain:instagranm.com
domain:instagrem.com
domain:instagrm.com
domain:instagtram.com
domain:instagy.com
domain:instamgram.com
domain:instangram.com
domain:instanttelegram.com
domain:instaplayer.net
domain:instastyle.tv
domain:instgram.com
domain:intagram.com
domain:intagrm.com
domain:intgram.com
domain:kingstagram.com
domain:lnstagram-help.com
domain:theinstagramhack.com
domain:oninstagram.com
domain:online-instagram.com
domain:onlineinstagram.com
domain:web-instagram.net
domain:wwwinstagram.com
domain:bizographics.com
domain:licdn.com
domain:linkedin.at
domain:linkedin.com
domain:lnkd.in
domain:misskey.io
domain:misskeyusercontent.jp
domain:oekakiskey.com
domain:maniakey.homes
domain:misskey.gg
domain:trpger.us
domain:misskey-square.net
domain:mfmf.club
domain:sushi.ski
domain:nijimiss.moe
domain:gyutte.site
domain:buicha.social
domain:submarin.online
domain:misskey.stream
domain:misskey.art
domain:misskey.cloud
domain:misskey.design
domain:misskey.flowers
domain:9ineverse.com
domain:mixi.jp
domain:mixi.net
domain:oktech.ru
domain:okl.lt
domain:ok.ru
domain:ok.me
domain:odnoklassniki.tj
domain:okcdn.ru
domain:insideok.ru
domain:odkl.ru
domain:odnoklassniki.ru
domain:odnoklassniki.by
domain:odnoklassniki.am
domain:odnoklassniki.lv
domain:odnoklasniki.by
domain:apiok.ru
domain:odnoklasniki.ua
domain:odnoklassniki.eu
domain:mi.mashiro.site
domain:l-0005.dc-msedge.net
domain:misskey.yukineko.me
domain:mk.shrimpia.network
domain:mi.nakn.jp
domain:misskey.04.si
domain:msk.kitazawa.me
domain:labo.wovs.tk
domain:mof.kemomi.me
domain:mk.yopo.work
domain:msk.ilnk.info
domain:mi.kochudaho.me
domain:misskey.always-we-need.games
domain:misskey.ranranhome.info
domain:misskey.noellabo.jp
domain:misskey.gamelore.fun
domain:l-0005.l-msedge.net
domain:mixi.co.jp
domain:odnoklassniki.co.ee
domain:twitter.map.fastly.net
domain:ads-twitter.com
domain:adv.vk.com
domain:analytics.vk.com
domain:ms.vk.com
domain:ms.vk.ru
domain:target.vk.ru
domain:vk-analytics.ru
full:adblogger.vk.com
full:adblogger.vk.ru
full:ads.vk.com
full:ads.vk.ru
full:adv.vk.ru
full:advk.vk.ru
full:analytics.vk.ru
full:stats.vk-portal.net
full:target.vk.com
domain:analytics.facebook.com
domain:facebookads.com
domain:pixel.facebook.com
domain:graph.instagram.com
domain:graph-fallback.instagram.com
domain:licdn.cn
domain:linkedin.cn
