full:paper-attachments.s3.amazonaws.com
domain:dropboxapi.com
domain:dropbox.com
domain:getdropbox.com
domain:bestclouddrive.com
domain:1drv.ms
domain:livefilestore.com
domain:onedrive.co
domain:onedrive.com
domain:onedrive.eu
domain:onedrive.net
domain:1024terabox.com
domain:dropboxusercontent.com
domain:freeterabox.com
domain:dropboxstatic.com
domain:mypikpak.com
domain:mypikpak.net
domain:pickpackapp.com
domain:pikpak.io
domain:pikpak.me
domain:pikpakdrive.com
domain:onedrive.org
domain:1drv.com
domain:dropboxpartners.com
domain:nephobox.com
domain:terabox.com
domain:terabox1024.com
domain:teraboxcdn.com
domain:userdrive.org
domain:usersdrive.com
domain:db.tt
domain:dropbox-dns.com
domain:mega.nz
domain:dropbox.tech
domain:mega.io
domain:dropboxbusiness.com
domain:dropboxcaptcha.com
domain:dropboxforum.com
domain:dropboxforums.com
domain:dropboxinsiders.com
domain:dropboxmail.com
domain:onedrive.live.com
domain:storage.live.com
domain:onedrive.co.uk
domain:mega.co.nz
full:o4504926511693824.ingest.sentry.io
