domain:ymtc.cn
domain:uniswdc.com
domain:avermedia.cn
domain:boe.com
domain:zxhgroup.com
domain:bouffalolab.com
domain:cxmt.com
domain:eda.cn
domain:elecfans.com
domain:hqchip.com
domain:hqdoc.com
domain:hqpcb.com
domain:infineon.cn
domain:gosinoic.com
domain:h3c.com
domain:moedu.com
domain:thunis.com
domain:fa-part.com
domain:tsingtengms.com
domain:unicloud.com
domain:zs-jlc.com
domain:uniscan.cn
domain:unisdigital.com
domain:unisemicon.com
domain:unisoc.com
domain:unispc.com
domain:szlcsc.com
domain:listenai.com
domain:quecmall.cn
domain:szjlc.cn
domain:iotronic.tech
domain:rock-chips.com
domain:seeed.cn
domain:seeed.cc
domain:sz-jlc.com
domain:sanweihou.com
domain:sipeed.com
domain:maixhub.com
domain:oshwhub.com
domain:wch.cn
domain:wch-ic.com
domain:ymtc.com
domain:jlc-dfm.com
domain:arrow.cn
domain:tsinghuaic.com
domain:forface3d.com
domain:jlc-3dp.cn
domain:jlc-3dp.com
domain:jlc-bbs.com
domain:jlc-cad.com
domain:jlc-cam.com
domain:jlc-cnc.com
domain:analog.com
domain:jlc-drm.com
domain:jlc-ecad.com
domain:jlc-erp.com
domain:jlc-fpc.com
domain:jlc-gw.com
domain:jlc-jh.com
domain:jlc-layout.com
domain:jlc-pcb.com
domain:jlc-smt.com
domain:jlc-zh.com
domain:jlc.com
domain:jlc3dp.cn
domain:jlccad.com
domain:jlccam.com
domain:jlccnc.com
domain:jlcdfm.com
domain:jlcecad.com
domain:jlceda.cn
domain:jlceda.com
domain:jlcerp.com
domain:jlcfa.com
domain:jlcgroup.cn
domain:jlcops.com
domain:jlcsj.com
domain:jlcsmt.com
domain:lceda.cn
domain:lckfb.com
domain:ti.com.cn
domain:seeedstudio.com.cn
domain:seeed.com.cn
domain:quectel.com.cn
domain:ymtc.com.cn
domain:unigroup.com.cn
domain:boe.com.cn
