full:himalaya-exchange.zendesk.com
full:aod-pod-uk-live.akamaized.net
full:as-dash-uk-live.akamaized.net
full:as-hls-uk-live.akamaized.net
full:ve-dash-uk-live.akamaized.net
full:ve-uhd-push-uk-live.akamaized.net
full:vod-dash-uk-live.akamaized.net
full:vod-dash-ww-live.akamaized.net
full:vod-hls-uk-live.akamaized.net
full:vod-sub-uk-live.akamaized.net
full:vod-thumb-uk-live.akamaized.net
full:vod-thumb-ww-live.akamaized.net
full:vs-cmaf-push-uk-live.akamaized.net
full:vs-cmaf-pushb-ww-live.akamaized.net
full:vs-hls-push-uk-live.akamaized.net
full:vs-hls-pushb-uk-live.akamaized.net
full:asahishimbun.sc.omtrdc.net
full:cbsi.live.ott.irdeto.com
full:cbsplaylistserver.aws.syncbak.com
full:cbsservice.aws.syncbak.com
full:link.theplatform.com
full:zeenews-fonts.s3.amazonaws.com
full:deutschewelle.h-cdn.com
full:foxnewsplayer-a.akamaihd.net
domain:bbc
domain:bloomberg
domain:fox
domain:sky
domain:nhk
domain:singtao.com
domain:rtespanol.com
domain:businessfocus.io
domain:nna.jp
domain:newsmart.jp
domain:caijinglengyan.com
domain:chinadecoding.com
domain:chinadigitaltimes.net
domain:chinaeconomicreview.com
domain:kyodonews.net
domain:kyodonews.jp
domain:cnyes.com
domain:cool3c.com
domain:kyodoimages.jp
domain:kyodo-d.jp
domain:kyodo-d.info
domain:d100.net
domain:donga.com
domain:47news.jp
domain:ettoday.net
domain:eventsinfocus.org
domain:factwire.org
domain:fortuneinsight.com
domain:freebeacon.com
domain:gbnews.uk
domain:getnews.jp
domain:hk01.com
domain:hkcitizenmedia.com
domain:hkcnews.com
domain:hkej.com
domain:hkgpao.com
domain:hongkongfp.com
domain:infoq.com
domain:inmediahk.net
domain:inquirer.net
domain:47gyosei.jp
domain:mytvsuper.com
domain:jfengtime.com
domain:landofhope.tv
domain:limedia.tw
domain:localpresshk.com
domain:tvbweekly.com
domain:macaodaily.com
domain:maidonanews.jp
domain:mdnkids.com
domain:tvbusa.com
domain:mirrormedia.mg
domain:tvb.com
domain:my-formosa.com
domain:newtalk.tw
domain:newyorker.com
domain:nextapple.com
domain:nownews.com
domain:npr.org
domain:on.cc
domain:passiontimes.hk
domain:peoplenews.tw
domain:post852.com
domain:qmap.pub
domain:realvision.com
domain:rfa.org
domain:rfi.fr
domain:rsf.org
domain:rtings.com
domain:shuziyimin.org
domain:neigbuy.com
domain:sinoinsider.com
domain:socrec.org
domain:storm.mg
domain:taipeitimes.com
domain:encoretvb.com
domain:theaffairs.com
domain:theatlantic.com
domain:thegatewaypundit.com
domain:thenationalpulse.com
domain:thenewslens.com
domain:thestandnews.com
domain:tnntoday.com
domain:bigbigshop.com
domain:tvbanywhere.com
domain:twgreatnews.com
domain:twreporter.org
domain:unwire.hk
domain:upmedia.mg
domain:theguardiandns.com
domain:warroom.org
domain:washingtonpost.com
domain:theguardian.com
domain:guardianapis.com
domain:weiyuksj.com
domain:wenzhao.ca
domain:wired.com
domain:gu-web.net
domain:yibaochina.com
domain:youlucky.com
domain:zerohedge.com
domain:zoomingin.tv
domain:machigoto.jp
domain:mainichi-athletepartners.jp
domain:mainichi.jp
domain:mainichibooks.com
domain:meijinsen.jp
domain:mirailab.tech
domain:mottainai.info
domain:newsgawakaru.com
domain:weekly-economist.com
domain:dev-theguardian.com
domain:banned.video
domain:infowars.com
domain:infowarsmedia.com
domain:now.com
domain:nowe.com
domain:nowe.hk
domain:now-tv.com
domain:now-ashare.com
domain:dev-guardianapis.com
domain:g-tvapp.com
domain:gclubs.com
domain:gettr.com
domain:gfashion.com
domain:gnews.org
domain:gtv.org
domain:gtv1.org
domain:gtvmediagroupfairfund.com
domain:guo.media
domain:gwiki.net
domain:gwins.org
domain:himalaya.exchange
domain:hpayshop.com
domain:nfsc.global
domain:nfscdict.com
domain:nfscofficial.com
domain:rexcha.com
domain:rolfoundation.org
domain:rolsociety.org
domain:yiqiedoushiganggangkaishi.org
domain:setn.com
domain:bbc-reporting-api.app
domain:bbcverticals.com
domain:bbc.com
domain:bbc.in
domain:bbcpersian.com
domain:forbesimg.com
domain:forbes.com
domain:waa.tw
domain:watchout.tw
domain:usatodaynetworkservice.com
domain:usatoday.com
domain:gannettdigital.com
domain:mailonsunday.ie
domain:dailym.ai
domain:mailhealth.com
domain:dailymail.com
domain:thismon.ee
domain:dailymail.dk
domain:dailymailonline.com
domain:mailonline.com
domain:mol.im
domain:gannett.com
domain:gannett-cdn.com
domain:thebankerdatabase.com
domain:thebanker.com
domain:pwmnet.com
domain:pensions-expert.com
domain:mandatewire.com
domain:agendaweek.com
domain:mingpaomonthly.com
domain:mingpaocanada.com
domain:mediachinese.com
domain:mingpaovan.com
domain:mingpaotor.com
domain:enanyang.my
domain:mysinchew.com
domain:mings-fashion.com
domain:mingpao.com
domain:yzzk.com
domain:mings.hk
domain:omghk.com
domain:sinchew.my
domain:mingshengbao.com
domain:mingwatch.com
domain:mpfinance.com
domain:mpweekly.com
domain:igniteseurope.com
domain:ignitesasia.com
domain:ftiecla.com
domain:excedo.com
domain:myradio.hk
domain:thenextweb.com
domain:bbgwatch.com
domain:nhk.jp
domain:nhkworld.jp
domain:fundfire.com
domain:udn.com
domain:udndata.com
domain:udnfunlife.com
domain:ignites.com
domain:chuokoron.jp
domain:fujinkoron.jp
domain:hochi.news
domain:yomilogi.com
domain:the-japan-news.com
domain:ftchinese.com
domain:ftadviser.com
domain:ft.com
domain:financialadvisoriq.com
domain:fdiintelligence.com
domain:globalriskregulator.com
domain:exec-appointments.com
domain:gisplanning.com
domain:ajplus.net
domain:aljazeera.com
domain:aljazeera.net
domain:palestineremix.com
domain:sarajevopodopsadom.com
domain:srebrenica360.com
domain:syhacked.com
domain:andysparis.com
domain:newsmax.com
domain:newsmax.in
domain:newsmaxtv.com
domain:nyt.com
domain:nyt.net
domain:nytchina.com
domain:nytcn.me
domain:nytco.com
domain:nyti.ms
domain:nytimes.com
domain:nytstyle.com
domain:timestalks.com
domain:aweencore.com
domain:awetv.com
domain:herringnetwork.com
domain:oanencore.com
domain:oann.com
domain:thomsonreuters.ru
domain:reuters.com
domain:elite.com
domain:legaltracker.com
domain:reuters.tv
domain:reutersagency.cn
domain:reut.rs
domain:thomsonreuters.ca
domain:thomsonreuters.cn
domain:tr.com
domain:tmsnrt.rs
domain:thomsonreutersmexico.com
domain:aranzadi.es
domain:thomsonreuters.com
domain:reutersmedia.net
domain:corepublishingsolutions.com
domain:thomsonreuters.in
domain:thomsonreuters.es
domain:xwbo.com
domain:parkvv.com
domain:popo8.com
domain:cool18.com
domain:6parknews.com
domain:6parkbbs.com
domain:6park.com
domain:i-scmp.com
domain:scmp.com
domain:mattersprotocol.io
domain:matters.town
domain:matters.one
domain:matters.news
domain:mi9cdn.com
domain:cstatic.net
domain:curbed.com
domain:eater.com
domain:funnyordie.com
domain:meridian.net
domain:polygon.com
domain:racked.com
domain:recode.net
domain:sbnation.com
domain:theverge.com
domain:vox-cdn.com
domain:vox.com
domain:voxcreative.com
domain:voxfieldguide.com
domain:voxmedia.com
domain:voxops.net
domain:4gtv.tv
domain:9cdn.net
domain:afpforum.com
domain:huffingtonpost.jp
domain:huffingtonpost.es
domain:huffingtonpost.gr
domain:huffingtonpost.in
domain:huffingtonpost.fr
domain:huffpostbrasil.com
domain:huffingtonpost.de
domain:huffpost.com
domain:huffpostmaghreb.com
domain:huffpostarabi.com
domain:huffingtonpost.com
domain:huffingtonpost.it
domain:huffingtonpost.ca
domain:huffingtonpost.kr
domain:afp.com
domain:szabadeuropa.hu
domain:svobodnaevropa.bg
domain:svoboda.org
domain:i-cablecomm.com
domain:fantv.hk
domain:hkopentv.com
domain:hoy.tv
domain:i-cable.com
domain:svaboda.org
domain:manoto1.tv
domain:manototv.com
domain:gendai.net
domain:nikkan-gendai.com
domain:realclear.com
domain:realclearbooks.com
domain:realcleardefense.com
domain:realcleareducation.com
domain:realclearenergy.org
domain:realclearfoundation.org
domain:realclearhealth.com
domain:realclearhistory.com
domain:realclearinvestigations.com
domain:realclearlife.com
domain:realclearmarkets.com
domain:realclearpolicy.com
domain:realclearpolitics.com
domain:realclearpublicaffairs.com
domain:realclearreligion.org
domain:realclearscience.com
domain:realclearworld.com
domain:1prime.ru
domain:rossiyasegodnya.com
domain:ria.ru
domain:jinrieluosi.cn
domain:arctic.ru
domain:baltnews.com
domain:baltnews.lt
domain:inosmi.ru
domain:ukraina.ru
domain:pressria.ru
domain:xn--c1acbl2abdlkab1og.xn--p1ai
domain:radiosputnik.ru
domain:sputnikglobe.com
domain:sputnikimages.com
domain:sputnikmediabank.com
domain:sputniknews.com
domain:tok.media
domain:slobodnaevropa.mk
domain:globalvoices.org
domain:globalvoicesonline.org
domain:cnn.com
domain:cnn.io
domain:cnn.it
domain:cnnarabic.com
domain:cnnlabs.com
domain:cnnmoney.ch
domain:cnnmoney.com
domain:cnnmoneystream.com
domain:cnnpolitics.com
domain:businessinsider.jp
domain:businessinsider.my
domain:insiderintelligence.com
domain:insider.com
domain:insider-intelligence.com
domain:businessinsider.es
domain:businessinsider.com
domain:businessinsider.fr
domain:businessinsider.de
domain:businessinsider.mx
domain:businessinsider.in
domain:businessinsider.nl
domain:businessinsider.sg
domain:sibreal.org
domain:severreal.org
domain:radiotavisupleba.ge
domain:aiasahi.jp
domain:asagaku.com
domain:asahi.com
domain:asahicom.jp
domain:nikkansports.com
domain:radiosvoboda.org
domain:boxun.com
domain:bowenpress.com
domain:cbs.com
domain:cbscorporation.com
domain:cbsi.com
domain:cbsi.video
domain:cbsiam.com
domain:cbsig.net
domain:cbsimg.net
domain:cbsinteractive.com
domain:cbsistatic.com
domain:cbsivideo.com
domain:cbsnews.com
domain:cbspressexpress.com
domain:cbssports.com
domain:cbsstatic.com
domain:cbssvideo.com
domain:viacbs.com
domain:viacom.com
domain:viacomcbs.com
domain:viacomcbspressexpress.com
domain:paramount.com
domain:amlg.io
domain:cbsaavideo.com
domain:mtvnservices.com
domain:paramountplus.com
domain:pplusstatic.com
domain:theinitium.com
domain:init.shop
domain:zaobao.com
domain:zaobao.sg
domain:radiomarsho.com
domain:bgr.in
domain:bollywoodlife.com
domain:careerfundas.com
domain:cricketcountry.com
domain:dnai.in
domain:dnaindia.com
domain:earngeek.com
domain:ekhindi.com
domain:ind.sh
domain:india.com
domain:indiancolleges.com
domain:itripto.com
domain:oncars.in
domain:prepsure.com
domain:thehealthsite.com
domain:wionews.com
domain:yo1health.com
domain:zee.com
domain:zeebiz.com
domain:zeeentertainment.com
domain:zeenews.com
domain:ap.org
domain:apnews.com
domain:cnbc.com
domain:cnbcfm.com
domain:nbcuni.com
domain:nbcudigitaladops.com
domain:dw.com
domain:economist.com
domain:economistgroup.com
domain:economistgroupcareers.com
domain:eiu.com
domain:freedomplatform.tv
domain:londonreal.tv
domain:radiofarda.com
domain:ozodlik.org
domain:dreamworks.com
domain:msnbc.com
domain:nbc.co
domain:nbc.com
domain:nbcnews.com
domain:nbcolympics.com
domain:nbcsports.com
domain:nbcuniversal.com
domain:s-nbcnews.com
domain:peacocktv.com
domain:universalorlando.com
domain:universalpictures.com
domain:universalpicturesinternational.com
domain:universalstudioshollywood.com
domain:c-span.org
domain:c-spanvideo.org
domain:medium.com
domain:medium.systems
domain:rea.global
domain:harperapps.com
domain:adhelpnews.com
domain:api.news
domain:dowjones.io
domain:bigcharts.com
domain:dowjones.com
domain:djreprints.com
domain:wsjbarrons.com
domain:barrons.com
domain:barrons-conferences.com
domain:barrons-advisor.com
domain:wsjwine.com
domain:wsjshop.com
domain:fnlondon.com
domain:wsjplus.com
domain:wsjmediakit.com
domain:wsj.net
domain:huanyuju.com
domain:wsj.jobs
domain:wsj.com
domain:mansionglobal.com
domain:marketwatch.com
domain:startupjournal.com
domain:realestatejournal.com
domain:opinionjournal.com
domain:getwsj.com
domain:collegejournal.com
domain:careerjournal.com
domain:nypost.com
domain:timesmembership.com
domain:thetimes.ie
domain:thesun.ie
domain:talksport.com
domain:newssyndication.com
domain:newscorp.com
domain:newscorpaustralia.com
domain:dreamteamfc.com
domain:newsamerica.com
domain:dowjoneson.com
domain:page3.com
domain:newsukadops.com
domain:rea-group.com
domain:nlm.io
domain:ippstatic.com
domain:rea.tech
domain:thinkofliving.com
domain:storyful.com
domain:myfun.com
domain:moveaws.com
domain:move.com
domain:makaan.com
domain:rea.io
domain:rumah123.com
domain:iproperty.com
domain:rea-asia.com
domain:smartexpos.com
domain:housingcdn.com
domain:wireless.radio
domain:housing.com
domain:harpercollins.com
domain:librarylovefest.com
domain:collins.in
domain:hcpdts.com
domain:epicreads.com
domain:harperacademic.com
domain:rea.design
domain:bookclubgirl.com
domain:shelfstuff.com
domain:harpercollinsspeakersbureau.com
domain:harpercollins.ca
domain:harpercollinschristian.com
domain:harpercollinsadvantage.com
domain:proptiger.com
domain:reastatic.net
domain:realtor.com
domain:nypostreprints.com
domain:nypost.help
domain:ozodi.org
domain:mashaalradio.com
domain:krymr.com
domain:kavkazr.com
domain:idelreal.org
domain:factograph.info
domain:evropaelire.org
domain:europalibera.org
domain:ekhokavkaza.com
domain:currenttime.tv
domain:azatutyun.am
domain:azattyq.org
domain:azattyk.org
domain:azatliq.org
domain:azathabar.com
domain:azadliq.org
domain:azadiradio.com
domain:rferl.org
domain:hketgroup.com
domain:hket.com
domain:etwealth.com
domain:tictoc.video
domain:techatbloomberg.com
domain:quicktake.video
domain:newenergyfinance.com
domain:neweconomyforum.com
domain:londonmithraeum.com
domain:gotraffic.net
domain:citylab.com
domain:bwbx.io
domain:businessweekmag.com
domain:businessweek.com
domain:bnef.com
domain:bmia.org
domain:blpprofessional.com
domain:blpevents.com
domain:blpcareers.com
domain:bloombergview.com
domain:bloombergvault.com
domain:bloombergtv.mn
domain:bloombergtradingchallenge.com
domain:bloombergtaxtech.com
domain:bloombergtax1.com
domain:bloombergtax.com
domain:bloombergsurvey.com
domain:bloombergstatus.com
domain:bloombergspace.com
domain:bloombergsef.com
domain:bloombergradio.com
domain:bloombergquint.com
domain:bloombergprep.com
domain:bloombergpolarlake.com
domain:bloombergnext.com
domain:bloombergmedia.com
domain:bloomberglp.com
domain:bloomberglive.com
domain:bloomberglaw.com
domain:bloomberglabs.com
domain:bloombergindustry.com
domain:bloombergindices.com
domain:bloomberggovernment.com
domain:bloombergforeducation.com
domain:bloombergenvironment.com
domain:bloombergchina.com
domain:bloombergbriefs.com
domain:bloombergbreakaway.com
domain:bloombergbna.com
domain:bloombergbeta.com
domain:singtaonewscorp.com
domain:bloombergarcade.com
domain:bloombergapps.com
domain:bloomberg.tv
domain:bloomberg.fm
domain:bloomberg.com
domain:nikkei.com
domain:nikkei.jp
domain:nikkei4946.com
domain:bloomberg.cn
domain:bgov.com
domain:bbthat.com
domain:asiangooglenetwork.com
domain:rt.com
domain:rtnewsru.com
domain:rtrunews.com
domain:rtxv.ru
domain:runewsrt.com
domain:rurtnews.com
domain:russiatoday.com
domain:russiatoday.net
domain:russiatoday.tv
domain:swentr.site
domain:watchingthehawks.com
domain:arabicrt.ru
domain:rtarabic.com
domain:rtarabic.net
domain:rtarabic.org
domain:rtarabic.ru
domain:rtenafrique.tv
domain:rtenfrancais.tv
domain:rtenfrance.tv
domain:rtfrance.tv
domain:russieactuelle.fr
domain:de-rt.com
domain:de-rt.org
domain:de-rtnews.com
domain:de-rtnews.net
domain:dert.online
domain:dert.site
domain:dert.tech
domain:freeassange.tech
domain:freede.tech
domain:freedert.online
domain:rtde.agency
domain:rtde.expert
domain:rtde.express
domain:rtde.info
domain:rtde.life
domain:rtde.live
domain:rtde.me
domain:rtde.media
domain:rtde.online
domain:rtde.org
domain:rtde.press
domain:rtde.site
domain:rtde.team
domain:rtde.tech
domain:rtde.website
domain:rtde.world
domain:rtde.xyz
domain:rtdefree.info
domain:rtdefree.me
domain:rtdefree.online
domain:rtdefree.tech
domain:rtnewsde.com
domain:rtnewsde.online
domain:rtnewsde.pro
domain:rtnewsde.site
domain:rtnewsde.tech
domain:rtbrasil.com
domain:rtbrasil.info
domain:russiatoday.ru
domain:rt.rs
domain:actualidad-rt.com
domain:es-rt.com
domain:esrt.online
domain:esrt.press
domain:esrt.space
domain:esrt.tech
domain:noticias-rt.com
domain:notimundo.press
domain:my-magazine.me
domain:sn-esp.site
domain:b37mrtl.ru
domain:esrt.site
domain:esrt.website
domain:green-box-tv.com
domain:rttv.com
domain:rttv.ru
domain:rteam.dev
domain:rteam.tech
domain:ktech.team
domain:shop-rt.com
domain:1917live.red
domain:ahilesva.info
domain:book-catalog.ru
domain:book1917.live
domain:drobbox.pro
domain:kanzlerdaddy.ru
domain:khangar.net
domain:pobeda.page
domain:premiumlive.site
domain:romanovs100.com
domain:worldcuprussia.com
domain:baranky.com
domain:gatewaytorussia.ru
domain:gw2ru.com
domain:oknovrossiu.ru
domain:rbth.com
domain:russiabeyond.com
domain:russiaislove.com
domain:slavicstar.com
domain:artel.watch
domain:arteldoc.com
domain:arteldoc.tv
domain:rtdoc.tv
domain:rtdocumentary.online
domain:rtfestival.ru
domain:rt-school.online
domain:ruptly.agency
domain:ruptly.tv
domain:ruptly.video
domain:bbhub.io
domain:etvonline.hk
domain:rthk.hk
domain:sankei-ad-info.com
domain:innovations-i.com
domain:sankei-ad.net
domain:ironna.jp
domain:tvnaviweb.jp
domain:japan-forward.com
domain:keiba.net
domain:business-i.jp
domain:seiron-sankei.com
domain:mostly.jp
domain:sankei.com
domain:ign.jp
domain:metropolitana.tokyo
domain:sankei-call.jp
domain:seasidestory.tokyo
domain:sanspo.com
domain:sankeishop.jp
domain:sankei-kurashi.com
domain:sankei-shougakukai.jp
domain:sankei-tours.com
domain:sankeibiz.jp
domain:sankei.jp
domain:bbgevent.com
domain:nextmedia.com
domain:nextmgz.com
domain:nextwork.hk
domain:nextwork.tw
domain:omoplanet.com
domain:next.hk
domain:privilege.hk
domain:hkheadline.com
domain:epochtimes.it
domain:applefruity.com
domain:breitbart.com
domain:singtaola.com
domain:singtaousa.com
domain:stheadline.com
domain:singtaoopo.com
domain:headlinejobs.hk
domain:sing68.com
domain:singtaobooks.com
domain:eduplus.hk
domain:bastillepost.com
domain:bestmallawards.com
domain:twnextdigital.com
domain:sharpdaily.tw
domain:appledaily.com
domain:appledaily.hk
domain:cnbeta.com
domain:cnbetacdn.com
domain:tomonews.net
domain:amerikaninsesi.com
domain:amerikaninsesi.org
domain:amerikaovozi.com
domain:amerikayidzayn.com
domain:amerikiskhma.com
domain:bbg.gov
domain:dandalinvoa.com
domain:darivoa.com
domain:dengeamerika.com
domain:dengiamerika.com
domain:glasamerike.net
domain:golos-ameriki.ru
domain:golosameriki.com
domain:insidevoa.com
domain:pashtovoa.com
domain:persagg.com
domain:radiyoyacuvoa.com
domain:urduvoa.com
domain:voa.gov
domain:voaafaanoromoo.com
domain:voaafrique.com
domain:voabambara.com
domain:voabangla.com
domain:voacambodia.com
domain:voacantonese.com
domain:voachinese.com
domain:voadeewanews.com
domain:voadeewaradio.com
domain:voahausa.com
domain:voaindonesia.com
domain:voakorea.com
domain:voalingala.com
domain:voandebele.com
domain:voanews.com
domain:voanews.eu
domain:voanoticias.com
domain:voanouvel.com
domain:voaportugues.com
domain:voashona.com
domain:voasomali.com
domain:voaswahili.com
domain:voathai.com
domain:voatibetan.com
domain:voatibetanenglish.com
domain:voatiengviet.com
domain:voatour.com
domain:voazimbabwe.com
domain:zeriamerikes.com
domain:wantblogger.com
domain:chinatimes.com
domain:loveparents.org
domain:want-media.com
domain:ctwant.com
domain:lecoin.cc
domain:benliton.com
domain:zwtvusa.com
domain:atnext.com
domain:privilege.tw
domain:tospo-keiba.jp
domain:vanithaveedu.com
domain:vanitha.in
domain:vanitaonline.com
domain:axios.com
domain:sky.com
domain:skyassets.com
domain:skymansion.net
domain:skyoceanrescue.com
domain:skyoceanrescue.de
domain:skyoceanrescue.it
domain:skysports.com
domain:skysports.fr
domain:skysports.ie
domain:skysportsonline.com
domain:skysportsracing.com
domain:theepochtimes.com
domain:upholdjustice.org
domain:bannedbook.org
domain:broadpressinc.com
domain:chinaaffairs.org
domain:dafahao.com
domain:donatecarsoh.org
domain:dongtaiwang.com
domain:falundafa.org
domain:falundafamuseum.org
domain:falungong.club
domain:faluninfo.net
domain:fawanghuihui.org
domain:fayuanbooks.com
domain:fgmtv.org
domain:ganjing.com
domain:ganjing.world
domain:ganjingworld.com
domain:guangming.org
domain:mhradio.org
domain:ninecommentaries.com
domain:starp2p.com
domain:tiandixing.org
domain:tiantibooks.org
domain:tuidang.org
domain:epochtimes.com
domain:wujieliulan.com
domain:xinsheng.net
domain:yuanming.net
domain:zhengjian.org
domain:zhengwunet.org
domain:zhenxiang.biz
domain:zhuichaguoji.org
domain:shenyun.com
domain:shenyun.org
domain:shenyuncreations.com
domain:shenyunperformingarts.org
domain:bayvoice.net
domain:ozvoice.org
domain:sohcradio.com
domain:sohfrance.org
domain:soundofhope.eu
domain:soundofhope.kr
domain:soundofhope.org
domain:wanokokorosoh.com
domain:epochtimes.eu
domain:ntdtv.ru
domain:edninfo.com
domain:epoch.cloud
domain:velkaepocha.cz
domain:epochbase.com
domain:epochbuy.com
domain:epochcar.com
domain:epochhk.com
domain:epochmall.com
domain:epochmediagroup.com
domain:epochshop.com
domain:epochstories.com
domain:epochtime.com
domain:renminbao.com
domain:epochtimes-romania.com
domain:epochtimes.bg
domain:dajiyuan.com
domain:theepochtimessubscribe.com
domain:epochtimes.ru
domain:bannedbook.net
domain:epochtimes-bg.com
domain:persianepochtimes.com
domain:ntdvn.com
domain:ntdvideo.tw
domain:ntdtvla.com
domain:ntdtv.org
domain:dajiyuan.eu
domain:aboluowang.com
domain:epochtimes.fr
domain:881903.com
domain:epochtimes.jp
domain:epochtimes.nl
domain:epochtimes.pl
domain:ntdtv.kr
domain:epochtimes.se
domain:epochtimeshk.org
domain:epochtimestr.com
domain:epochweek.com
domain:epochweekly.com
domain:erabaru.net
domain:etviet.com
domain:lagranepoca.com
domain:minghui.org
domain:ntd.com
domain:ntd.tv
domain:ntdca.com
domain:ntdimg.com
domain:ntdtv-dc.com
domain:ntdtv.ca
domain:ntdtv.se
domain:epochtimes.de
domain:ntdtv.com
domain:epochtimes.cz
domain:ntdtv.fr
domain:ntdtv.jp
domain:es-visiontimes.com
domain:kannewyork.com
domain:watchinese.com
domain:vtvan.com
domain:visiontimesjp.com
domain:visiontimes.net
domain:visiontimes.it
domain:visiontimes.fr
domain:visiontimes.de
domain:visiontimes.com
domain:vct.news
domain:trithucvn.org
domain:trithucvn.net
domain:secretchina.com
domain:kanzhongguo.com
domain:kanzhongguo.eu
domain:theweek.in
domain:theman.in
domain:radiomango.fm
domain:onmanorama.com
domain:manoramayearbook.in
domain:manoramaonline.com
domain:manoramanews.com
domain:manorama.com
domain:malayalamanorama.com
domain:gshow.com
domain:globo.com
domain:autoesporte.com
domain:revistaepoca.com
domain:revistapegn.com
domain:americasvoice.news
domain:foxsoccershop.com
domain:fox7.com
domain:fox.com
domain:fox.tv
domain:fox10.tv
domain:fox10news.com
domain:fox10phoenix.com
domain:fox11.com
domain:fox13memphis.com
domain:fox13news.com
domain:fox23.com
domain:fox23maine.com
domain:fox247.com
domain:fox247.tv
domain:fox26.com
domain:fox26houston.com
domain:fox28media.com
domain:fox29.com
domain:fox2detroit.com
domain:fox2news.com
domain:fox32.com
domain:fox32chicago.com
domain:fox35orlando.com
domain:fox38corpuschristi.com
domain:fox42kptm.com
domain:foxsports-chicago.com
domain:fox46charlotte.com
domain:fox47.com
domain:fox49.tv
domain:fox4news.com
domain:fox51tns.net
domain:fox5atlanta.com
domain:fox5dc.com
domain:fox5ny.com
domain:fox5storm.com
domain:fox6now.com
domain:fox-corporation.com
domain:fox7austin.com
domain:fox9.com
domain:foxacrossamerica.com
domain:foxaffiliateportal.com
domain:foxandfriends.com
domain:foxbet.com
domain:foxbusiness.com
domain:foxbusiness.tv
domain:foxbusinessgo.com
domain:foxcanvasroom.com
domain:foxcareers.com
domain:foxcharlotte.com
domain:foxcincy.com
domain:foxcincy.jobs
domain:foxcincy.net
domain:foxcollegesports.com
domain:foxcorporation.com
domain:foxcreativeuniversity.com
domain:foxcredit.com
domain:foxcredit.org
domain:foxd.tv
domain:foxdcg.com
domain:foxdeportes.com
domain:foxdeportes.net
domain:foxdeportes.tv
domain:foxdigitalmovies.com
domain:foxdoua.com
domain:foxentertainment.com
domain:foxest.com
domain:foxfaq.com
domain:foxfdm.com
domain:foxfiles.com
domain:foxinc.com
domain:foxkansas.com
domain:foxla.com
domain:foxla.tv
domain:foxlexington.com
domain:foxmediacloud.com
domain:foxnation.com
domain:foxnebraska.com
domain:foxneo.com
domain:foxneodigital.com
domain:foxnetworks.info
domain:foxnetworksinfo.com
domain:foxnews.cc
domain:foxnews.com
domain:foxnews.net
domain:foxnews.org
domain:foxnews.tv
domain:foxnewsaffiliates.com
domain:foxnewsaroundtheworld.com
domain:foxnewsb2b.com
domain:foxnewschannel.com
domain:foxnewsgo.net
domain:foxnewsgo.org
domain:foxnewsgo.tv
domain:foxnewshealth.com
domain:foxsoccerplus.tv
domain:foxnewsmagazine.com
domain:foxnewsnetwork.com
domain:foxnewsopinion.com
domain:foxnewspodcasts.com
domain:foxnewspolitics.com
domain:foxnewsradio.com
domain:foxnewsrundown.com
domain:foxnewssunday.com
domain:foxon.com
domain:foxphiladelphia.com
domain:foxplus.com
domain:foxpoker.com
domain:foxrad.io
domain:foxredeem.com
domain:foxrelease.com
domain:foxrichmond.com
domain:foxrobots.com
domain:foxsmallbusinesscenter.com
domain:foxsmallbusinesscenter.net
domain:foxsmallbusinesscenter.org
domain:foxsoccer.net
domain:foxsoccer.tv
domain:foxsoccermatchpass.com
domain:foxsoccerplus.com
domain:foxsoccerplus.net
domain:foxnewslatino.com
domain:fox-news.com
domain:fox46.com
domain:foxsports-newyork.com
domain:foxsports-world.com
domain:foxsports.cl
domain:foxsports.co
domain:foxsports.com
domain:foxsports.gt
domain:foxsports.info
domain:foxsports.net
domain:foxsports.pe
domain:tubitv.com
domain:tubi.video
domain:tubi.tv
domain:tubi.io
domain:wogx.com
domain:woflthenewsstation.com
domain:wofl.tv
domain:whosthehost.com
domain:whatthefox.com
domain:thegeorgiascene.com
domain:thefoxnation.com
domain:theclasshroom.com
domain:foxsports.sv
domain:foxsports.uy
domain:foxsports2.com
domain:foxsportsflorida.com
domain:foxsportsgo.com
domain:foxsportsla.com
domain:foxsportsnetmilwaukee.com
domain:foxsportsneworleans.com
domain:foxsportsracing.com
domain:foxsportssupports.com
domain:foxsportsuniversity.com
domain:foxsportsworld.com
domain:foxstudiolot.com
domain:foxsuper6.com
domain:foxtel.com
domain:testonfox.com
domain:teenchoice.com
domain:foxtelevisionstations.com
domain:foxtv.com
domain:foxtvdvd.com
domain:foxuv.com
domain:foxweatherwatch.com
domain:fssta.com
domain:fxn.ws
domain:bentobox.tv
domain:kicu.tv
domain:ktvu.com
domain:myfoxsanfran.com
domain:afewmomentswith.com
domain:anidom.com
domain:casoneexchange.com
domain:coronavirusnow.com
domain:fse.tv
domain:geraldoatlarge.com
domain:gooddaychicago.com
domain:joeswall.com
domain:kilmeadeandfriends.com
domain:maskedsingerfox.com
domain:my13la.com
domain:my20dc.com
domain:my20houston.com
domain:my29tv.com
domain:my45.com
domain:my9nj.com
domain:myfoxatlanta.com
domain:myfoxaustin.com
domain:myfoxboston.com
domain:myfoxcharlotte.com
domain:myfoxchicago.com
domain:myfoxdc.com
domain:myfoxdetroit.com
domain:myfoxdfw.com
domain:myfoxhouston.com
domain:myfoxhurricane.com
domain:myfoxla.com
domain:myfoxlosangeles.com
domain:myfoxlubbock.com
domain:myfoxmaine.com
domain:myfoxny.com
domain:myfoxorlando.com
domain:myfoxphilly.com
domain:myfoxphoenix.com
domain:myfoxtampa.com
domain:myfoxtampabay.com
domain:myfoxtwincities.com
domain:myfoxzone.com
domain:myq2.com
domain:newsnowfox.com
domain:orlandohurricane.com
domain:paradisehotelquizfox.com
domain:q13.com
domain:q13fox.com
domain:realamericanstories.com
domain:realamericanstories.info
domain:realamericanstories.net
domain:realamericanstories.org
domain:realamericanstories.tv
domain:realmilwaukeenow.com
domain:rprimelab.com
domain:shopspeedtv.com
domain:soccermatchpass.com
domain:speeddreamride.com
domain:speedfantasybid.com
domain:speedracegear.com
domain:speedxtra.com
domain:techtudo.com
domain:umsoplaneta.com
domain:valorinveste.com
domain:globoplay.com
domain:pegn.com
domain:startupschool.org
domain:typeisbeautiful.com
domain:thetype.com
domain:spaceexplored.com
domain:electrek.co
domain:dronedj.com
domain:9to5toys.com
domain:9to5terminal.com
domain:9to5mac.com
domain:neow.in
domain:neowin.net
domain:zdnet.com
domain:engadget.com
domain:androidauthority.com
domain:digitaltrends.com
domain:ycombinator.com
domain:macrumors.com
domain:slashdot.org
domain:9to5google.com
domain:techradar.com
domain:techspot.com
domain:tomsguide.com
domain:appleinsider.com
domain:androidpolice.com
domain:technews.tw
domain:flatmates.com.au
domain:hackday.com.au
domain:foxsports.com.bo
domain:realestate.com.au
domain:foxsports.com.co
domain:foxsports.com.br
domain:foxsports.com.pe
domain:foxsports.net.br
domain:foxtel.com.au
domain:zdnet.redvideo.io
domain:foxsports.com.py
domain:foxsports.com.uy
domain:foxsports.com.ve
domain:foxsports.com.mx
domain:foxsports.com.gt
domain:foxsports.co.ve
domain:epochtimes.co.kr
domain:falundafa.org.tw
domain:ntdtv.com.tw
domain:epochtimes.co.il
domain:umsoplaneta.com.br
domain:revistagalileu.com.br
domain:globoradio.com.br
domain:globoreporter.com.br
domain:globorural.com.br
domain:globo.com.br
domain:gshow.com.br
domain:g1.com.br
domain:epocanegocios.com.br
domain:autoesporte.com.br
domain:infoglobo.com.br
domain:pegn.com.br
domain:radioglobo.com.br
domain:oghost.com.br
domain:revistaepoca.com.br
domain:globoplay.com.br
domain:epoca.com.br
domain:revistapegn.com.br
domain:revistaquem.com.br
domain:revistavalor.com.br
domain:sgr.com.br
domain:cbn.com.br
domain:techtudo.com.br
domain:cartola.com.br
domain:oglobo.com.br
domain:valor.com.br
domain:valoreconomico.com.br
domain:bhfm.com.br
domain:valorinveste.com.br
domain:xuxaverso.com.br
domain:yuming.qxbbs.org
domain:epochtimes.com.ua
domain:epochtimes.com.au
domain:epochtimes.co.uk
domain:epochtimes.com.tw
domain:epochtimes.com.sg
domain:epochtimes.com.br
domain:ntdtv.co.il
domain:ntdtv.co.kr
domain:superstation.com.tw
domain:chinatimes.com.tw
domain:ctee.com.tw
domain:ctv.com.tw
domain:tokyo-sports.co.jp
domain:ctitv.com.tw
domain:infotimes.com.tw
domain:cnbeta.com.tw
domain:thestandard.com.hk
domain:eastweek.com.hk
domain:jobmarket.com.hk
domain:pcmarket.com.hk
domain:easttouch.com.hk
domain:cnivogue.com.au
domain:zakzak.co.jp
domain:iza.ne.jp
domain:sankei-books.co.jp
domain:sankei-digital.co.jp
domain:sankei-eiga.co.jp
domain:sankei-kaihatsu.co.jp
domain:sankei.co.jp
domain:nextmedia.com.tw
domain:nextmag.com.tw
domain:nextplus.com.hk
domain:nexttv.com.tw
domain:nextwork.com.hk
domain:nextwork.com.tw
domain:nextfilm.com.hk
domain:nextdigital.com.tw
domain:nxtdig.com.hk
domain:nxtdig.com.tw
domain:nextdigital.com.hk
domain:eracom.com.tw
domain:deluxe.com.hk
domain:applehealth.com.hk
domain:appledaily.com.tw
domain:appledaily.com.hk
domain:am730.com.hk
domain:knowswho.co.jp
domain:gazetarussa.com.br
domain:nikkeibp.co.jp
domain:nikkei.co.jp
domain:nikkei-cnbc.co.jp
domain:adelaidenow.com.au
domain:bestrecipes.com.au
domain:bodyandsoul.com.au
domain:bridge-studio.co.uk
domain:cairnspost.com.au
domain:couriermail.com.au
domain:dailytelegraph.com.au
domain:delicious.com.au
domain:escape.com.au
domain:geelongadvertiser.com.au
domain:goldcoastbulletin.com.au
domain:heraldsun.com.au
domain:intheknow.com.au
domain:kidspot.com.au
domain:nativeincolour.com.au
domain:newcastlenewslocal.com.au
domain:news.co.uk
domain:news.com.au
domain:news.net.au
domain:newsadds.com.au
domain:thetimes.co.uk
domain:thesundaytimes.co.uk
domain:the-tls.co.uk
domain:sportswomenoftheyear.co.uk
domain:sportswomanoftheyear.co.uk
domain:mytimesplus.co.uk
domain:driving.co.uk
domain:newsapi.com.au
domain:newscareers.co.uk
domain:thesun.co.uk
domain:thescottishsun.co.uk
domain:sunbingo.co.uk
domain:newscdn.com.au
domain:newscommercial.co.uk
domain:newsconcierge.com.au
domain:newslicensing.co.uk
domain:property.com.au
domain:squarefoot.com.hk
domain:hometrack.com.au
domain:smartline.com.au
domain:inventorship.com.au
domain:money-link.com.tw
domain:epoch.org.il
domain:foxsports.com.ar
domain:foxsports.com.ec
domain:realcommercial.com.au
domain:businessinsider.com.au
domain:spacely.com.au
domain:newsprestigenetwork.com.au
domain:newsprinters.co.uk
domain:newsxtend.com.au
domain:ntnews.com.au
domain:bloomberg.co.jp
domain:bloomberg.co.kr
domain:bloomberg.com.br
domain:placemyad.com.au
domain:savvyshopper.net.au
domain:supercoach.com.au
domain:apexprint.com.hk
domain:eprc.com.hk
domain:etbc.com.hk
domain:etnet.com.hk
domain:etpress.com.hk
domain:ettrade.com.hk
domain:ulifestyle.com.hk
domain:umagazine.com.hk
domain:taste.com.au
domain:theaustralian.com.au
domain:thechronicle.com.au
domain:themercury.com.au
domain:themessengeradelaide.com.au
domain:townsvillebulletin.com.au
domain:weeklytimesnow.com.au
domain:whereilive.com.au
domain:whimn.com.au
domain:wirelessgroup.co.uk
domain:harpercollinschildrensbooks.co.uk
domain:harpercollins.com.au
domain:collins.co.uk
domain:1degree.com.au
domain:harpercollins.co.uk
domain:natgeokidsbooks.co.uk
domain:harpercollins.co.in
domain:egmontbooks.co.uk
domain:yes123.com.tw
domain:ltn.com.tw
domain:zaobao.com.sg
domain:asakonet.co.jp
domain:iproperty.com.sg
domain:businessinsider.com.pl
domain:businessinsider.co.za
domain:cabletv.com.hk
domain:huffingtonpost.com.au
domain:huffingtonpost.co.uk
domain:huffingtonpost.co.za
domain:huffingtonpost.com.mx
domain:ftvnews.com.tw
domain:ftv.com.tw
domain:thomsonreuters.com.ar
domain:9now.com.au
domain:9news.com.au
domain:freeviewplus.net.au
domain:mi9.com.au
domain:9nation.com.au
domain:nine.com.au
domain:nineentertainment.com.au
domain:nineentertainmentco.com.au
domain:ninemediaroom.com.au
domain:ninemsn.com.au
domain:static9.net.au
domain:yourtv.com.au
domain:livrariart.com.br
domain:thomsonreuters.com.au
domain:thomsonreuters.co.kr
domain:thomsonreuters.co.jp
domain:thomsonreuters.com.br
domain:sweetandmaxwell.co.uk
domain:thomsonreuters.com.pe
domain:thomsonreuters.com.my
domain:thomsonreuters.com.hk
domain:thomsonreuters.com.tr
domain:thomsonreuters.com.sg
domain:thomsonreuters.co.uk
domain:thomsonreuters.co.nz
domain:yomiuri.co.jp
domain:yomiuri-systec.co.jp
domain:yomiuri-shimbun.pressreader.com
domain:yomiuri-ryokou.co.jp
domain:yomiuri-johkai.co.jp
domain:ryokoyomiuri.co.jp
domain:ync.ne.jp
domain:yomikyo.or.jp
domain:udn.com.tw
domain:nhk.or.jp
domain:myradio.com.hk
domain:guangming.com.my
domain:sinchew.com.my
domain:soccerfanz.com.my
domain:chinapress.com.my
domain:mailonline.co.uk
domain:thisismoney.co.uk
domain:dailymail.co.uk
domain:metro.co.uk
domain:anm.co.uk
domain:mailonsunday.co.uk
domain:investorschronicle.co.uk
domain:dmgmediaprivacy.co.uk
domain:dailymail.com.au
domain:businesstoday.com.tw
domain:bidi.net.uk
domain:bbc.co.uk
domain:bbc.mp-pxcdn.com
domain:bbcmedia.co.uk
domain:bbci.co.uk
domain:bbc.net.uk
domain:bnext.com.tw
domain:settv.com.tw
domain:now.com.hk
domain:sponichi.co.jp
domain:ydn.com.tw
domain:wealth.com.tw
domain:businessweekly.com.tw
domain:vjmedia.com.hk
domain:guardianapps.co.uk
domain:guim.co.uk
domain:guimcode.co.uk
domain:tvmost.com.hk
domain:tvbs.com.tw
domain:taiwannews.com.tw
domain:singpao.com.hk
domain:iproperty.com.my
domain:mirrormedia.com.tw
domain:ltsports.com.tw
domain:itmedia.co.jp
domain:tvb.com.au
domain:bigbigchannel.com.hk
domain:tvbanywhere.com.sg
domain:tvbeventpower.com.hk
domain:tvmedia.net.au
domain:inside.com.tw
domain:ebc.net.tw
domain:cw.com.tw
domain:cup.com.hk
domain:coolloud.org.tw
domain:cna.com.tw
domain:cmmedia.com.tw
domain:watch.impress.co.jp
domain:bbcfmt.s.llnwi.net
domain:cn-cdn1.skymansion.net
domain:thetype.cloud
domain:etnet.com.cn
domain:etnetchina.com.cn
domain:tvbc.com.cn
