full:st-ok-pts.cdn-vk.ru
full:st-ok.cdn-vk.ru
full:bilet.nspk.ru
full:metro.spb.ru
full:mos.transport.vtb.ru
full:podorozhnik.spb.ru
full:transport.mos.ru
full:arenda.yandex.ru
full:taxi.yandex.ru
full:mvideo.edna.io
full:sberpro.vedomosti.ru
full:edu.tinkoff.ru
full:education.tbank.ru
domain:yandex
domain:xn--p1ai
domain:xn--p1acf
domain:xn--d1acj3b
domain:xn--c1avg
domain:xn--80aswg
domain:xn--80asehdb
domain:xn--80adxhks
domain:tatar
domain:su
domain:ru
domain:moscow
domain:tips.tips
domain:adygtelecom.com
domain:3ebra.net
domain:apptrackpets.com
domain:flomni.com
domain:foto-planeta.com
domain:ngenix.net
domain:ognihome.com
domain:randomgodbot.com
domain:srv-hub.org
domain:t1.cloud
domain:taxsee.com
domain:vimu.tv
domain:yourgood.app
domain:corp.express
domain:express.ms
domain:public.express
domain:xlnk.ms
domain:mfa.center
domain:genetic-technologies.am
domain:genotek.am
domain:genotek.es
domain:genotek.eu
domain:genotek.health
domain:eligens.cl
domain:eligens.io
domain:armgs.team
domain:bargipsy.com
domain:boosty.to
domain:donationalerts.com
domain:lovina.app
domain:mcs.st
domain:memealerts.com
domain:movika.com
domain:tamtam.chat
domain:vk-apps.com
domain:vk.company
domain:vk.kz
domain:vk.team
domain:vkclips.app
domain:vkcs.cloud
domain:vkgo.app
domain:vklive.app
domain:vkworkspace.kz
domain:yclients.com
domain:justveryok.com
domain:keyboardmen.com
domain:rabbitcounter.com
domain:sayeasy.eu
domain:mytrk.link
domain:attachmy.com
domain:bizmrg.com
domain:datacloudmy.com
domain:mpgw-my.com
domain:mradx.net
domain:mycdn.me
domain:mytopf.com
domain:smailru.net
domain:staticmy.com
domain:vmailru.net
domain:cups.online
domain:algoritmika.org
domain:skbx.pro
domain:skillbox.pro
domain:umschool.net
domain:epicevents.gg
domain:esforce.com
domain:ruhub.tv
domain:ciciq.net
domain:goicq.org
domain:icq-download.com
domain:icq-mobile.com
domain:icq-online.com
domain:icq-phone.com
domain:icq-phone.org
domain:icq.asia
domain:icq.at
domain:icq.biz
domain:icq.com
domain:icq.de
domain:icq.eu
domain:icq.fr
domain:icq.im
domain:icq.lt
domain:icq.mobi
domain:icq.org
domain:icq.sg
domain:icq2mobile.com
domain:icq5.com
domain:icqanywhere.com
domain:icqbrasil.com
domain:icqbrazil.com
domain:icqchat.com
domain:icqflirting.com
domain:icqgame.com
domain:icqgames.com
domain:icqkids.com
domain:icqmail.com
domain:icqmail.net
domain:icqonline.com
domain:icqpassword.com
domain:icqpeople.com
domain:icqservers.com
domain:icqservice.com
domain:icqsupportteam.com
domain:icqsystem.com
domain:icqsystems.com
domain:icqtoday.com
domain:icqtutor.com
domain:icqvideo.com
domain:mailicq.org
domain:mirabilis.com
domain:mirandaicq.com
domain:mobile-icq.com
domain:mobileicq.com
domain:xn-----6kc7adj0c9esa.com
domain:xn----7sbaba0dc6cdn7cxcj.com
domain:xn----7sbabae2a0bnvtsfr4loc.com
domain:xn----7sbbab6bregnh7b8if5b.com
domain:xn----7sbbamm1bv2bh7i.com
domain:xn----8sbaroledu6bi7j.com
domain:xn----8sbeoy5bze.com
domain:xn--80aqcf7a6do.com
domain:dev-my.com
domain:my.com
domain:dev-my.games
domain:it-territory.com
domain:knightspeak.com
domain:my.games
domain:pixonic.com
domain:prod-my.games
domain:rustore.team
domain:rustore.tv
domain:tarantool.io
domain:aodahl.com
domain:dahlmessenger.com
domain:telega.info
domain:telega.me
domain:uma.media
domain:viqeo.tv
domain:viqeotv.com
domain:vkcloud-static.kz
domain:vkcloud.kz
domain:vkplay.live
domain:youla.io
domain:odnoklassniki.eu
domain:odnoklasniki.ua
domain:odnoklasniki.by
domain:odnoklassniki.lv
domain:odnoklassniki.am
domain:odnoklassniki.by
domain:odnoklassniki.tj
domain:ok.me
domain:okl.lt
domain:mvk.com
domain:vk.cc
domain:vk.com
domain:vk.design
domain:vk.link
domain:vkontakte.com
domain:cdn-vk.net
domain:userapi.com
domain:vk-cdn.me
domain:vk-cdn.net
domain:vk-portal.net
domain:vkcache.com
domain:vkcdnservice.com
domain:vkuser.net
domain:vkuseraudio.com
domain:vkuseraudio.net
domain:vkuserlive.com
domain:vkuserlive.net
domain:vkuservideo.com
domain:vkuservideo.net
domain:vk.me
domain:vkmessenger.app
domain:vkmessenger.com
domain:vkpay.app
domain:vkpay.com
domain:vkpay.io
domain:netcraze.club
domain:netcraze.link
domain:netcraze.pro
domain:chipcore.com
domain:haicomdc.com
domain:selcdn.net
domain:selectel.academy
domain:selectel.blog
domain:selectel.com
domain:selectel.dev
domain:selectel.info
domain:selectel.io
domain:selectel.live
domain:servercore.com
domain:servercore.live
domain:slc.tl
domain:tehnodom.com
domain:vscale.blog
domain:vscale.io
domain:copymonkey.app
domain:gerwin.io
domain:giga.chat
domain:polza.ai
domain:robotext.io
domain:rugpt.io
domain:tokenator.top
domain:comss.club
domain:comss.info
domain:comss.me
domain:comss.net
domain:comss.news
domain:comss.one
domain:comss.online
domain:comss.org
domain:greywallpass.com
domain:avs.io
domain:aviasales.com
domain:mosmetro.tech
domain:carrot-mail.io
domain:carrotquest-mail.io
domain:carrotquest.app
domain:carrotquest.io
domain:carrottrack.app
domain:dashly.app
domain:dashly.help
domain:dashly.io
domain:dashly.me
domain:dashlytrack.app
domain:mail-carrotquest.io
domain:pushgrow.io
domain:drweb.by
domain:drweb.cn
domain:drweb.com
domain:drweb.fr
domain:drweb.kz
domain:drweb.uz
domain:drweb-av.de
domain:drweb-av.es
domain:drweb-av.it
domain:drweb-av.pl
domain:groupib.ae
domain:cert-gib.com
domain:group-ib.com
domain:cybercrimecon.com
domain:gibdev.net
domain:g-ib.ae
domain:g-ib.sg
domain:g-ib.us
domain:gib-global.com
domain:gib.sg
domain:group-ib.ae
domain:group-ib.de
domain:group-ib.eu
domain:group-ib.sg
domain:group-ib.us
domain:antiphishing.nl
domain:groupib.sg
domain:groupib.us
domain:f6.dev
domain:f6.security
domain:facct.email
domain:ideco.dev
domain:megafon.com
domain:rutube.sport
domain:trbcdn.net
domain:kinorium.com
domain:24h.tv
domain:beeline.tv
domain:ivicdn.tv
domain:premier.one
domain:smotreshka.tv
domain:kinescopecdn.net
domain:cdnvideohub.com
domain:promodj.com
domain:okkoapi.tv
domain:okko.sport
domain:okko.tv
domain:restream-media.net
domain:more.tv
domain:wink.am
domain:fon.promo
domain:reso-med.com
domain:medsi.com
domain:medsi.pro
domain:smartmed.pro
domain:emias.info
domain:reaviz.com
domain:gorzdrav.org
domain:pz.help
domain:fon.bet
domain:bk6bba-resources.com
domain:mts-ws.net
domain:dbo-dengi.online
domain:wildberries.by
domain:tvoyodbo.online
domain:timeweb.cloud
domain:timeweb.com
domain:yandex.lt
domain:yandex.fr
domain:cabconnect.org
domain:clstorage.net
domain:driveawaytaxi.org
domain:gogettaxi.org
domain:goup.ai
domain:hayya.ae
domain:meteum.ai
domain:my-manager-account.com
domain:naydex.net
domain:rostaxi.org
domain:shedevrum.ai
domain:sourcecraft.dev
domain:static-storage.net
domain:support-uber.com
domain:taxiaid.org
domain:taxiguru.org
domain:taxitax.org
domain:turbopages.org
domain:ya.cc
domain:yandex.md
domain:yandex-bank.net
domain:yandex.aero
domain:yandex.asia
domain:yandex.az
domain:yandex.by
domain:yandex.cloud
domain:yandex.com
domain:yandex.de
domain:yandex.ee
domain:yandex.eu
domain:yandex.fi
domain:yandex.lv
domain:yandex.mobi
domain:yandex.jobs
domain:yandex.kg
domain:yandex.kz
domain:yndx.net
domain:yandex.net
domain:yandex.org
domain:yandex.pl
domain:yandex.st
domain:yandex.sx
domain:yandex.tj
domain:yandex.tm
domain:yandex.tr
domain:yandex.ua
domain:yandex.uz
domain:yandexadexchange.net
domain:yandexcloud.net
domain:yandexcom.net
domain:yandexgo.com
domain:yandexwebcache.net
domain:yandexwebcache.org
domain:yango-b2b.com
domain:yango-team.com
domain:yango-tech.com
domain:yango.africa
domain:yango.ao
domain:yango.bh
domain:yastatic.net
domain:yastat.net
domain:yangofellowship.com
domain:yango.com
domain:yango.fi
domain:yango.qa
domain:yango.taxi
domain:yango.tech
domain:mobile-bb.com
domain:ru.net
domain:moex.com
domain:dodois.com
domain:dodois.io
domain:dodopizza.com
domain:dodostatic.net
domain:evrasia.rest
domain:fix-price.com
domain:lenta.com
domain:lenta.tech
domain:ostin.com
domain:uni.rest
domain:unirest.tech
domain:sokolov.io
domain:magnit.com
domain:acmvid.com
domain:oskelly.co
domain:5post.market
domain:chizhik.club
domain:okolo.app
domain:perekrestok.com
domain:x5.ai
domain:x5.com
domain:x5.digital
domain:x5.group
domain:x5.media
domain:x5.team
domain:x5.tech
domain:x5static.net
domain:botmechanic.io
domain:mindbox.cloud
domain:mindbox.group
domain:mindbox.site
domain:mindbox.so
domain:popmechanic.io
domain:cdek.shopping
domain:hh.by
domain:hh.kz
domain:rabota.by
domain:servicepipe.tech
domain:usocial.pro
domain:ucoz.co
domain:ucoz.ae
domain:ucoz.com
domain:ucoz.site
domain:ucoztemplates.com
domain:ucoz.de
domain:ucoz.es
domain:ucoz.fr
domain:ucoz.hu
domain:ucoz.kz
domain:ucoz.lv
domain:ucoz.md
domain:ucoz.net
domain:ucoz.org
domain:ucoz.pl
domain:ucozmail.com
domain:ucoz.club
domain:ucoz.ua
domain:ucozmedia.com
domain:ukit.ai
domain:ukit.com
domain:ukit.group
domain:ukit.me
domain:at.ua
domain:sistema-capital.com
domain:autoru.me
domain:cm.expert
domain:avito.st
domain:cian.site
domain:poudobnee.com
domain:flowwow-images.com
domain:flowwow.com
domain:funpay.com
domain:sfunpay.com
domain:ozon.tm
domain:ozon.tech
domain:ozon.app
domain:ozon.by
domain:ozon.com
domain:ozon.travel
domain:ozon.dev
domain:ozon.express
domain:ozon.global
domain:ozoncamp.pro
domain:ozon.li
domain:ozon.market
domain:xn--e1adjldbbpv.xn--90ais
domain:rocketozon.by
domain:ozon.kz
domain:ozoncom.by
domain:ozonglobalevents.com
domain:ozonpartners.by
domain:ozonrocet.by
domain:ozonroket.by
domain:ozonru.com
domain:ozonru.eu
domain:ozonru.me
domain:ozonusercontent.com
domain:mp.world
domain:paywb.com
domain:rwbautomation.tech
domain:warehouse.domains
domain:wb.am
domain:wb.kg
domain:wb.kz
domain:wbautomation.tech
domain:wbcontent.net
domain:wbr.by
domain:wbstatic.net
domain:ru.com
domain:wbwh.tech
domain:wibes.com
domain:tinkoffmobile.com
domain:netmonet.co
domain:wildberries.eu
domain:wildberries.ge
domain:wildberries.kg
domain:wildberries.kz
domain:wildberries.lt
domain:wildberries.tj
domain:wildberries.tm
domain:wildberries.uz
domain:xn--90ab.com
domain:wildberries.es
domain:whoosh.bike
domain:myoffice.team
domain:beget.com
domain:jivochat.es
domain:sber-bank.by
domain:alfabank.st
domain:gazprombank.com
domain:gazprombank.investments
domain:tochka-tech.com
domain:tochka.com
domain:vtb-direct.com
domain:vtbglobalperspectives.com
domain:alefbank.com
domain:bank131.com
domain:best2pay.net
domain:hva.im
domain:korona.com
domain:pvubank.com
domain:rbsgate.com
domain:rbsuat.com
domain:ubs.com
domain:getsynapse.io
domain:sberbank.com
domain:megamarket.tech
domain:sberauto.com
domain:sberbank-tele.com
domain:sbercloud.tech
domain:jivochat.com
domain:cloudru.cn
domain:eaptechka.online
domain:jivo.chat
domain:jivochat.ng
domain:2gis.uz
domain:2gis.tj
domain:jivochat.de
domain:jivosite.com
domain:sber.pro
domain:spasibo.digital
domain:spasibo.market
domain:accesspoint.uz
domain:bps-sberbank.by
domain:zvuk-b2b.com
domain:zvuk.com
domain:2gis.cz
domain:2gis.ae
domain:2gis.az
domain:2gis.by
domain:2gis.com
domain:2gis.tech
domain:2gis.am
domain:2gis.ge
domain:2gis.kz
domain:2gis.kg
domain:prodcontest.com
domain:xn--h1ao.site
domain:xn--d1abkf4ap.fun
domain:xn--b1aechhj6bof8g5a.site
domain:xn--90aifd0az.shop
domain:unidraw.io
domain:4epenaxa.com
domain:atomyze.tech
domain:codeseason.by
domain:etna.ai
domain:jump.taxi
domain:koshelek.app
domain:rosbank-credit.com
domain:safeliner.tech
domain:sage-observability.tech
domain:t-bank.by
domain:alfa.me
domain:t-finance.group
domain:t-tech.dev
domain:t-tech.team
domain:t.finance
domain:tbank-online.com
domain:tdev.by
domain:tinkoff-group.com
domain:tinkoff.ai
domain:wildberries.am
domain:kontur-inc.com
domain:kontur.host
domain:ixbt.video
domain:ixbt.site
domain:ixbt.shop
domain:ixbt.media
domain:ixbt.market
domain:ixbt.pro
domain:gismeteo.by
domain:gismeteo.com
domain:gismeteo.net
domain:gismeteo.st
domain:meteofor.com
domain:meteofor.st
domain:kaspersky.nl
domain:kaspersky.be
domain:kaspersky.my
domain:kaspersky.ca
domain:kaspersky.se
domain:kaspersky.rs
domain:kaspersky.ro
domain:kaspersky.ma
domain:kaspersky.pt
domain:kaspersky.es
domain:kaspersky.com
domain:kaspersky-labs.com
domain:kaspersky.kz
domain:kaspersky.it
domain:kaspersky.gr
domain:kaspersky.fr
domain:kaspersky.cz
domain:kaspersky.de
domain:kaspersky.dk
domain:kaspersky.dz
domain:kaspersky.fi
domain:ixbt.games
domain:ixbt.com
domain:ptsecurity.com
domain:standoff365.com
domain:reg.cloud
domain:reg.com
domain:tilda.cc
domain:tilda.ws
domain:tildaapi.com
domain:tildacdn.com
domain:tildacdn.net
domain:gramotei.online
domain:mel.fm
domain:tak-pravilno.com
domain:callbackkiller.com
domain:cbkiller.com
domain:envybox.company
domain:envybox.family
domain:envybox.io
domain:envybox.kg
domain:envycdp.com
domain:envycrm.com
domain:saas-support.com
domain:whitesaas.com
domain:edu22.info
domain:netschool.website
domain:volganet.net
domain:sky.pro
domain:opennet.dev
domain:yaplakal.com
domain:eadaily.com
domain:eadaily.info
domain:eadaily.net
domain:eadaily.org
domain:rossiyasegodnya.com
domain:jinrieluosi.cn
domain:baltnews.com
domain:baltnews.lt
domain:sputnikglobe.com
domain:sputnikimages.com
domain:sputnikmediabank.com
domain:sputniknews.com
domain:tok.media
domain:asiangooglenetwork.com
domain:rt.com
domain:rtnewsru.com
domain:rtrunews.com
domain:runewsrt.com
domain:rurtnews.com
domain:russiatoday.com
domain:russiatoday.net
domain:russiatoday.tv
domain:swentr.site
domain:watchingthehawks.com
domain:rtarabic.com
domain:rtarabic.net
domain:rtarabic.org
domain:rtenafrique.tv
domain:rtenfrancais.tv
domain:rtenfrance.tv
domain:rtfrance.tv
domain:russieactuelle.fr
domain:de-rt.com
domain:de-rt.org
domain:de-rtnews.com
domain:de-rtnews.net
domain:dert.online
domain:dert.site
domain:dert.tech
domain:freeassange.tech
domain:freede.tech
domain:freedert.online
domain:rtde.agency
domain:rtde.expert
domain:rtde.express
domain:rtde.info
domain:rtde.life
domain:rtde.live
domain:rtde.me
domain:rtde.media
domain:rtde.online
domain:rtde.org
domain:rtde.press
domain:rtde.site
domain:rtde.team
domain:rtde.tech
domain:rtde.website
domain:rtde.world
domain:rtde.xyz
domain:rtdefree.info
domain:rtdefree.me
domain:rtdefree.online
domain:rtdefree.tech
domain:rtnewsde.com
domain:rtnewsde.online
domain:rtnewsde.pro
domain:rtnewsde.site
domain:rtnewsde.tech
domain:rtbrasil.com
domain:rtbrasil.info
domain:rt.rs
domain:actualidad-rt.com
domain:es-rt.com
domain:esrt.online
domain:esrt.press
domain:esrt.space
domain:esrt.tech
domain:noticias-rt.com
domain:notimundo.press
domain:rtespanol.com
domain:sn-esp.site
domain:esrt.site
domain:esrt.website
domain:green-box-tv.com
domain:rttv.com
domain:rteam.dev
domain:rteam.tech
domain:ktech.team
domain:shop-rt.com
domain:1917live.red
domain:ahilesva.info
domain:book1917.live
domain:drobbox.pro
domain:khangar.net
domain:pobeda.page
domain:premiumlive.site
domain:romanovs100.com
domain:worldcuprussia.com
domain:baranky.com
domain:gw2ru.com
domain:rbth.com
domain:russiabeyond.com
domain:russiaislove.com
domain:slavicstar.com
domain:artel.watch
domain:arteldoc.com
domain:arteldoc.tv
domain:rtdoc.tv
domain:rtdocumentary.online
domain:rt-school.online
domain:ruptly.agency
domain:ruptly.tv
domain:ruptly.video
domain:durovscode.com
domain:seclab.lat
domain:jivochat.co.za
domain:kaspersky.co.in
domain:kaspersky.co.jp
domain:kaspersky.co.kr
domain:kaspersky.co.th
domain:kaspersky.co.za
domain:kaspersky.com.au
domain:kaspersky.com.br
domain:kaspersky.com.hk
domain:kaspersky.com.pl
domain:kaspersky.com.tr
domain:kaspersky.com.tw
domain:kaspersky.com.vn
domain:kaspersky.co.uk
domain:ru.ccb.com
domain:jivochat.com.tr
domain:jivochat.com.pe
domain:2gis.com.cy
domain:gazetarussa.com.br
domain:jivochat.co.in
domain:jivochat.com.br
domain:odnoklassniki.co.ee
domain:jivochat.com.co
domain:yandex.com.am
domain:ozonru.co.il
domain:ozon.com.by
domain:ucoz.co.uk
domain:ucoz.com.br
domain:ewisdom.us.kg
domain:ucoz.co.il
domain:yandex.co.il
domain:ozon.com.kz
domain:yandex.com.ge
domain:yandex.com.tr
domain:yandex.com.ua
domain:yango.co.il
domain:group-ib.co.uk
domain:drweb.co.jp
domain:wildberries.co.il
domain:ucoz.com.ro
domain:eligens.com.br
domain:mcc250.pub.3gppnetwork.org
domain:adriver.ru
domain:flocktory.com
domain:roistat.com
domain:targetads.io
domain:ad.mail.ru
domain:ads.viqeo.tv
domain:adsadvisor.io
domain:alt-ad.mail.ru
domain:apptracer.ru
domain:cxhub.ru
domain:metrics.viqeo.tv
domain:myadx.net
domain:r.mail.ru
domain:radar.imgsmail.ru
domain:relap.mail.ru
domain:target.my.com
domain:top-fwz1.mail.ru
domain:trace-flow.ru
domain:tracker-api.my.com
domain:tracker.my.com
full:1l-hit.mail.ru
full:1l-hit.vkplay.ru
full:ad4.mail.ru
full:ads-integration.rustore.ru
full:ads.dahlmessenger.com
full:ads.icq.com
full:ads.rustore.ru
full:adsapp.dahlmessenger.com
full:adsapp.telega.info
full:adsapp.stage.telega.info
full:adv.rustore.ru
full:alt-r.my.com
full:an.mail.ru
full:b2.mail.ru
full:bs.mail.ru
full:click.rustore.ru
full:pixel.rustore.ru
full:r0.mail.ru
full:r0.mradx.net
full:r1.mail.ru
full:reklama.mail.ru
full:rs.mail.ru
full:sentry-ng.g.smailru.net
full:srch-telemeter10.g.smailru.net
full:sentry.dev-my.com
full:sentry.dev-my.games
full:sentry.rustore.ru
full:sentry.viqeo.tv
full:stacks.vk-portal.net
full:stats.dahlmessenger.com
full:stats.dev.telega.info
full:stats.rustore.ru
full:stats.telega.info
full:t.mail.ru
full:top-staging.mail.ru
full:whiteline.mail.ru
full:xray.mail.ru
domain:log.dzen.ru
domain:ms.dzen.ru
domain:adv.vk.com
domain:analytics.vk.com
domain:ms.vk.com
domain:ms.vk.ru
domain:target.vk.ru
domain:vk-analytics.ru
full:adblogger.vk.com
full:adblogger.vk.ru
full:ads.vk.com
full:ads.vk.ru
full:adv.vk.ru
full:advk.vk.ru
full:analytics.vk.ru
full:stats.vk-portal.net
full:target.vk.com
full:api-eu.carrotquest.app
full:api-eu.carrotquest.io
full:api-ru.carrotquest.app
full:api-ru.carrotquest.io
full:api-secure.carrotquest.app
full:api-secure.carrottrack.app
full:api.carrotquest.app
full:api.carrotquest.io
full:api.carrottrack.app
full:api.dashly.app
full:api.dashlytrack.app
domain:a.mts.ru
domain:obs.mts.ru
domain:adfox.ru
domain:adfox.yandex.ru
domain:admetrica.ru
domain:ads.yandex
domain:ads.yandex.ru
domain:adv.yandex.com
domain:adv.yandex.ru
domain:an.yandex.ru
domain:appmetrica.yandex.com
domain:appmetrica.yandex.net
domain:appmetrica.yandex.ru
domain:appmetrica.yango.com
domain:bs.yandex.ru
domain:clck.yandex.ru
domain:counter.yandex.ru
domain:mc.yandex.ru
domain:metrika.yandex.com
domain:metrika.yandex.net
domain:metrika.yandex.ru
domain:webvisor.com
domain:webvisor.org
domain:yabs.yandex.ru
domain:yads.tech
domain:yandex-metrica.ru
domain:yandexmetrica.com
domain:yango-ads.com
full:adfstat.yandex.ru
full:ads.yandex.com
full:ads.yango.com
full:adsdk.yandex.ru
full:amc.yandex.ru
full:analytics.mobile.yandex.net
full:clck.yandex.com
full:clck.yandex.net
full:clck.yango.com
full:informer.yandex.ru
full:log.strm.yandex.ru
full:mc.yandex.com
full:mc.yandex.net
full:mc.yango.com
full:pixel.yandex.com
full:report.ap.yandex-net.ru
full:ads.x5.ru
full:ads.x5media.ru
full:sentry.x5.ru
domain:e.mindbox.ru
domain:g.mindbox.ru
domain:s.mindbox.ru
full:api-js.mindbox.ru
full:api-ru.mindbox.cloud
full:api-staging.mindbox.ru
full:api.mindbox.cloud
full:api.mindbox.ru
full:sentry.mindbox.ru
full:sentry.popmechanic.ru
full:stats.avito.ru
full:ad.ozone.ru
full:adv.ozon.ru
full:agency-adv.ozon.ru
full:analytics-adv.ozon.ru
full:beginners-adv.ozon.ru
full:google-analytics-suite.ozon.ru
full:loyalnost-adv.ozon.ru
full:new-adv.ozon.ru
full:prodvizhenie-adv.ozon.ru
full:questions-adv.ozon.ru
full:sentry.ozon.ru
full:xapi.ozon.by
full:xapi.ozon.com
full:xapi.ozon.com.by
full:xapi.ozon.com.kz
full:xapi.ozon.kz
full:xapi.ozon.ru
full:xapi.ozonru.me
full:ads-gate.wildberries.ru
full:ads-media.wildberries.ru
full:ads.wildberries.ru
full:advert-api.wb.ru
full:advert-api-sandbox.wb.ru
full:advert-media-api.wb.ru
full:advert-api.wildberries.ru
full:advert-api-sandbox.wildberries.ru
full:advert-media-api.wildberries.ru
full:analytics-stage.wildberries.ru
full:analytics.wildberries.ru
full:marketing-info.wildberries.ru
full:marketplace-sentry.wb.ru
full:sentry.wb.ru
full:web-analytics.wildberries.ru
domain:ads.sber.ru
domain:clickstream.sberbank.ru
domain:neon.click
domain:sbermarketing.ru
full:error-tracking.megamarket.tech
full:metrics.21-school.ru
full:sentry.sberauto.com
full:tracing-http.megamarket.tech
full:visor.sberbank.ru
full:sentry.iptv.rt.ru
domain:kaspersky.com.cn
full:activation-v2.kaspersky.com
full:activation-v2.geo.kaspersky.com
full:activate.activation-v2.kaspersky.com
full:refresh-bkg.activation-v2.kaspersky.com
full:crl.kaspersky.com
full:dc1.ksn.kaspersky-labs.com
full:dc1-cert.ksn.kaspersky-labs.com
full:dc1-file.ksn.kaspersky-labs.com
full:dc1-pp.ksn.kaspersky-labs.com
full:dc1-st.ksn.kaspersky-labs.com
full:dnl-00.geo.kaspersky.com
full:dnl-01.geo.kaspersky.com
full:dnl-02.geo.kaspersky.com
full:dnl-03.geo.kaspersky.com
full:dnl-04.geo.kaspersky.com
full:dnl-05.geo.kaspersky.com
full:dnl-06.geo.kaspersky.com
full:dnl-07.geo.kaspersky.com
full:dnl-08.geo.kaspersky.com
full:dnl-09.geo.kaspersky.com
full:dnl-10.geo.kaspersky.com
full:dnl-11.geo.kaspersky.com
full:dnl-12.geo.kaspersky.com
full:dnl-13.geo.kaspersky.com
full:dnl-14.geo.kaspersky.com
full:dnl-15.geo.kaspersky.com
full:dnl-16.geo.kaspersky.com
full:dnl-17.geo.kaspersky.com
full:dnl-18.geo.kaspersky.com
full:dnl-19.geo.kaspersky.com
full:edge.geo.kaspersky.com
full:ksn-cinfo.geoksn.kaspersky.com
full:ksn-cinfo-geo.kaspersky-labs.com
full:ksn-crypto-info-geo.kaspersky-labs.com
full:ksn-crypto-kas-geo.kaspersky-labs.com
full:ksn-crypto-tcert-geo.kaspersky-labs.com
full:ksn-crypto-url-geo.kaspersky-labs.com
full:ksn-crypto-verdict-geo.kaspersky-labs.com
full:ksn-crypto-wifiplus.geoksn.kaspersky.com
full:ksn-crypto-wifiplus-geo.kaspersky-labs.com
full:ksn-dc1.geoksn.kaspersky.com
full:ksn-dc1-cert.geoksn.kaspersky.com
full:ksn-dc1-file.geoksn.kaspersky.com
full:ksn-file.geoksn.kaspersky.com
full:ksn-file-geo.kaspersky-labs.com
full:ksn-info.geoksn.kaspersky.com
full:ksn-info-geo.kaspersky-labs.com
full:ksn-kas.geoksn.kaspersky.com
full:ksn-mdr.geoksn.kaspersky.com
full:ksn-tcert.geoksn.kaspersky.com
full:ksn-tcert-geo.kaspersky-labs.com
full:ksn-url.geoksn.kaspersky.com
full:ksn-url-geo.kaspersky-labs.com
full:ksn-verdict.geoksn.kaspersky.com
full:ksn-verdict-geo.kaspersky-labs.com
full:mdr.ksn.kaspersky-labs.com
full:p00.upd.kaspersky.com
full:p01.upd.kaspersky.com
full:p02.upd.kaspersky.com
full:p03.upd.kaspersky.com
full:p04.upd.kaspersky.com
full:p05.upd.kaspersky.com
full:p06.upd.kaspersky.com
full:p07.upd.kaspersky.com
full:p08.upd.kaspersky.com
full:p09.upd.kaspersky.com
full:p10.upd.kaspersky.com
full:p11.upd.kaspersky.com
full:p12.upd.kaspersky.com
full:p13.upd.kaspersky.com
full:p14.upd.kaspersky.com
full:p15.upd.kaspersky.com
full:p16.upd.kaspersky.com
full:p17.upd.kaspersky.com
full:p18.upd.kaspersky.com
full:p19.upd.kaspersky.com
full:s00.upd.kaspersky.com
full:s01.upd.kaspersky.com
full:s02.upd.kaspersky.com
full:s03.upd.kaspersky.com
full:s04.upd.kaspersky.com
full:s05.upd.kaspersky.com
full:s06.upd.kaspersky.com
full:s07.upd.kaspersky.com
full:s08.upd.kaspersky.com
full:s09.upd.kaspersky.com
full:s10.upd.kaspersky.com
full:s11.upd.kaspersky.com
full:s12.upd.kaspersky.com
full:s13.upd.kaspersky.com
full:s14.upd.kaspersky.com
full:s15.upd.kaspersky.com
full:s16.upd.kaspersky.com
full:s17.upd.kaspersky.com
full:s18.upd.kaspersky.com
full:s19.upd.kaspersky.com
full:metrika.kontur.ru
full:sentry.kontur.host
