full:ctdsb.clouddiffuse.xyz
domain:sohu
domain:people.cn
domain:jwview.com
domain:goodq.top
domain:haowenti.net
domain:81.cn
domain:admin5.com
domain:ahcjw.com
domain:ahcaijing.com
domain:ahwang.cn
domain:anhuinews.com
domain:anhuiyun.com
domain:anzhuo.cn
domain:bandao.cn
domain:bianews.com
domain:bkeconomy.com
domain:qianlong.com
domain:btime.com
domain:caixin.com
domain:yeyoucdn.com
domain:yeyou.com
domain:playcool.com
domain:cankaoxiaoxi.com
domain:ckxx.net
domain:cbinews.com
domain:ccidcom.com
domain:ce.cn
domain:cy.com
domain:changyou.com
domain:cheaa.com
domain:chenshipin.com
domain:xxcb.cn
domain:chinaaet.com
domain:chinabyte.com
domain:tianjimedia.com
domain:yesky.com
domain:17173cdn.com
domain:chinapp.com
domain:chuanbaoguancha.cn
domain:17173.com
domain:scdaily.cn
domain:cnfol.com
domain:cnfolimg.com
domain:cnhubei.com
domain:hubeidaily.net
domain:cnr.cn
domain:cnstock.com
domain:cnwest.com
domain:sxtvs.com
domain:cqcb.com
domain:cqhlw.cn
domain:cqliving.com
domain:cqnews.net
domain:cqsjb.com
domain:kuaizhan.com
domain:56img.com
domain:ctdsb.net
domain:ctoutiao.com
domain:56.com
domain:cyol.com
domain:cyol.net
domain:cyzone.cn
domain:cztv.com
domain:cztvcdn.com
domain:cztvcloud.com
domain:zjstv.com
domain:dahe.cn
domain:dingxinwen.cn
domain:topnews.cn
domain:daheapp.com
domain:dahebao.cn
domain:dayoo.com
domain:dutenews.com
domain:sohucs.com
domain:sohu.com
domain:yundzh.com
domain:dgtle.com
domain:donews.com
domain:dzng.com
domain:dzwww.com
domain:eastday.com
domain:ebrun.com
domain:itc.cn
domain:egsea.com
domain:stcn.com
domain:evolife.cn
domain:expreview.com
domain:fjsen.com
domain:freebuf.com
domain:fromgeek.com
domain:geekbang.org
domain:infoq.cn
domain:geekpark.net
domain:gfan.com
domain:gmdaily.cn
domain:gmw.cn
domain:guangmingdaily.cn
domain:guancha.cn
domain:guigu.org
domain:focus.cn
domain:gxxw.com
domain:focus-img.cn
domain:gxtv.cn
domain:gxxmt.com
domain:liangtv.cn
domain:gztv.com
domain:heimadata.com
domain:iheima.com
domain:0033.cn
domain:3elife.net
domain:hexin.cn
domain:wsoso.com
domain:ths123.com
domain:thsi.cn
domain:hexun.com
domain:hnol.net
domain:ourl.co
domain:hntv.tv
domain:hndt.com
domain:dianzhenkeji.com
domain:huashangtop.com
domain:hsw.cn
domain:myhsw.cn
domain:huanqiu.com
domain:huanqiucdn.cn
domain:huxiu.com
domain:huxiucdn.com
domain:hxnews.com
domain:icpcw.com
domain:icswb.com
domain:idcquan.com
domain:igao7.com
domain:ikanchai.com
domain:infzm.com
domain:nfpeople.com
domain:iqilu.com
domain:iresearch.cn
domain:istv.cn
domain:it168.com
domain:jianyuweb.com
domain:wallstcn.com
domain:wallstreetcn.com
domain:jin10.com
domain:jfdaily.com
domain:landian.xyz
domain:shobserver.cn
domain:shobserver.com
domain:landian.vip
domain:jiqizhixin.com
domain:landiannews.com
domain:jrjimg.cn
domain:jsbc.com
domain:jstv.com
domain:lancdn.com
domain:jxpp.com
domain:jztvnews.com
domain:kankanews.com
domain:kankannews.com
domain:kksmg.com
domain:statickksmg.com
domain:kf.cn
domain:landian.news
domain:stdaily.com
domain:knewsmart.com
domain:latepost.com
domain:21jingji.com
domain:leiphone.com
domain:miercn.com
domain:mnw.cn
domain:mydrivers.com
domain:myzaker.com
domain:nanyuenews.com
domain:zuihuimai.com
domain:win8china.com
domain:news.cn
domain:newsimg.cn
domain:xinhuanet.com
domain:xinhuaxmt.com
domain:newssc.org
domain:oeeee.com
domain:ofweek.com
domain:ourjiangsu.com
domain:pchome.net
domain:pchpic.net
domain:3conline.com
domain:win7china.com
domain:saayaa.com
domain:ruanmei.com
domain:pcpop.com
domain:lapin365.com
domain:leikeji.com
domain:ithome.com
domain:peopleapp.com
domain:pingwest.com
domain:qbitai.com
domain:qiluyidian.net
domain:ql1d.com
domain:qingdaonews.com
domain:qianzhan.com
domain:qingdaochina.org
domain:qstheory.cn
domain:qzwb.com
domain:rednet.cn
domain:scgchc.com
domain:sctv-tf.com
domain:sctv.com
domain:scsjb.cn
domain:secrss.com
domain:sfccn.com
domain:shangyexinzhi.com
domain:shedunews.net
domain:snxw.com
domain:solidot.org
domain:sootoo.com
domain:southcn.com
domain:southmoney.com
domain:sspai.com
domain:ssajax.cn
domain:ssimg.cn
domain:stockstar.com
domain:szhk.com
domain:sznews.com
domain:szpgm.com
domain:takungpao.com
domain:cooldock.com
domain:techwalker.com
domain:thecover.cn
domain:thepaper.cn
domain:8531.cn
domain:6655.com
domain:vbdata.cn
domain:vcbeat.top
domain:workercn.cn
domain:woshipm.com
domain:xhby.net
domain:xilu.com
domain:xinmin.cn
domain:minapp.com
domain:pdnews.cn
domain:xuexi.cn
domain:ycwb.com
domain:yicai.com
domain:yunnan.cn
domain:yzwb.net
domain:zealer.com
domain:zgjtb.com
domain:zhichanli.com
domain:zhiding.cn
domain:ifanrx.com
domain:ifanrusercontent.com
domain:ifanr.in
domain:zqrb.cn
domain:fengcx.com
domain:ifeng.com
domain:ifengimg.com
domain:phoenixcenter.cn
domain:fengedu.com
domain:ifengweekly.com
domain:tmtpost.com
domain:chaindd.com
domain:72whys.com
domain:checkzeit.com
domain:tivitv.com
domain:tmtsmartlife.com
domain:tmtsmartrun.com
domain:ifanr.com
domain:feng.com
domain:fengimg.com
domain:weiphone.net
domain:wfdata.club
domain:aiganggu.com
domain:danjuanfunds.com
domain:imedao.com
domain:snowballsecurities.com
domain:xueqiu.com
domain:36dianping.com
domain:36kr.com
domain:36krcdn.com
domain:36krcnd.com
domain:chinanews.com
domain:chinaqw.com
domain:cnsimg.net
domain:ecns.cn
domain:inewsweek.cn
domain:71shi.net
domain:xinmeng.info
domain:ifanr.cn
domain:coolbuy.com
domain:ottcn.com
domain:cctvlib.cn
domain:cctv4g.com
domain:zggbdszt.cn
domain:yangshipin.cn
domain:cctvlibrary.cn
domain:xn--kprv4ewxfr9cpxcc7joo6apn8a.xn--fiqs8s
domain:cctvpic.com
domain:cctvpro.cn
domain:xn--kprv4ewxfr9cpxcc7joo6apn8a.cn
domain:chinaepg.cn
domain:chinalive.com
domain:chinaott.com
domain:xn--fiq53l90et9fpncc7joo6apn8a.cn
domain:xn--fiq53l6wcx3kp9bc7joo6apn8a.xn--fiqs8s
domain:icntvcdn.com
domain:xn--fiq53l6wcx3kp9bc7joo6apn8a.cn
domain:cntvwb.cn
domain:cri.cn
domain:gjgbdszt.cn
domain:tvcc.cn
domain:cctv.com
domain:cntv.cn
domain:ipanda.cn
domain:ipanda.com
domain:cctv.cn
domain:ipanda.net
domain:livechina.cn
domain:livechina.com
domain:olympicchannelchina.cn
domain:ynet.com
domain:ynet.cn
domain:moer.cn
domain:lanjinger.com
domain:jingpt.com
domain:jiemian.com
domain:cls.cn
domain:chinastarmarket.cn
domain:cailianpress.com
domain:bjnews.com.cn
domain:cfgw.net.cn
domain:cctvlibrary.com.cn
domain:zygbdszt.net.cn
domain:cctvlib.com.cn
domain:gjgbdszt.net.cn
domain:cctvpro.com.cn
domain:ipanda.com.cn
domain:cnms.net.cn
domain:cntv.com.cn
domain:tvcc.com.cn
domain:jiemian.com.cn
domain:zggbdszt.net.cn
domain:citv.net.cn
domain:ynet.com.cn
domain:cns.com.cn
domain:chinanews.com.cn
domain:tigeek.net.cn
domain:zol.com.cn
domain:zol-img.com.cn
domain:zjol.com.cn
domain:xkb.com.cn
domain:tidenews.com.cn
domain:techweb.com.cn
domain:dzh.com.cn
domain:xinminweekly.com.cn
domain:gjgbdszt.com.cn
domain:zggbdszt.com.cn
domain:cww.net.cn
domain:neweekly.com.cn
domain:nbd.com.cn
domain:kjrb.com.cn
domain:jxnews.com.cn
domain:jrj.com.cn
domain:jinantimes.com.cn
domain:jfdaily.com.cn
domain:pchouse.com.cn
domain:hexin.com.cn
domain:10jqka.com.cn
domain:gxrb.com.cn
domain:gxnews.com.cn
domain:eeo.com.cn
domain:gw.com.cn
domain:people.com.cn
domain:pcauto.com.cn
domain:cs.com.cn
domain:cqn.com.cn
domain:scol.com.cn
domain:chinadevelopment.com.cn
domain:voc.com.cn
domain:caijing.com.cn
domain:pconline.com.cn
domain:bjd.com.cn
domain:bbtnews.com.cn
domain:adx.36kr.com
domain:ad.cctv.com
domain:adnet.sohu.com
domain:ads.sohu.com
domain:adv-sv-show.focus.cn
domain:adv-sv-stat.focus.cn
domain:assp.sohu.com
domain:bdu.focus.cn
domain:fpb.sohu.com
domain:imp.go.sohu.com
domain:m.aty.sohu.com
domain:p.aty.sohu.com
domain:pv.hd.sohu.com
domain:pv.sohu.com
domain:qpb.sohu.com
domain:qpb1.sohu.com
domain:reke.at.sohu.com
domain:track.sohu.com
