full:checkip.amazonaws.com
full:checkip.dyndns.org
full:checkip.dyn.com
full:ip-check-perf.radar.cloudflare.com
full:ip.comss.net
full:ipv4-check-perf.radar.cloudflare.com
full:ipv6-check-perf.radar.cloudflare.com
full:myip.dnsomatic.com
full:whatismyip.akamai.com
domain:ipligence.com
domain:ip6only.me
domain:2ip.ua
domain:51degrees.com
domain:abstractapi.com
domain:apiip.net
domain:apivoid.com
domain:bigdatacloud.net
domain:check-host.net
domain:checkip.org
domain:checkip.ru
domain:country.is
domain:curlmyip.net
domain:dadata.ru
domain:db-ip.com
domain:extreme-ip-lookup.com
domain:find-my-ip.com
domain:find-my-ip.net
domain:findip.net
domain:flagfox.net
domain:fraudguard.io
domain:fraudlogix.com
domain:freegeoip.app
domain:freeipapi.com
domain:geodatatool.com
domain:geojs.io
domain:geolocation-db.com
domain:geoplugin.com
domain:geoplugin.net
domain:getipintel.net
domain:greip.io
domain:hackertarget.com
domain:httpbin.org
domain:i.pn
domain:icanhazip.com
domain:ident.me
domain:ifconfig.co
domain:ifconfig.es
domain:ifconfig.io
domain:ifconfig.me
domain:ip-adress.com
domain:ip-api.com
domain:ip-api.io
domain:ip-api.ru
domain:ip-check.info
domain:ip-score.com
domain:ip.me
domain:ip.sb
domain:ip2c.org
domain:ip2location.com
domain:ip2location.io
domain:ip2ruscity.com
domain:ip4.me
domain:ip6.me
domain:ipleak.net
domain:ip8.com
domain:ipaddr.site
domain:ipaddress.com
domain:ipaddress.my
domain:ipaddress.sh
domain:ipapi.co
domain:ipapi.com
domain:2ip.io
domain:ipbase.com
domain:ipbot.com
domain:ipcalf.com
domain:ipcheck.ing
domain:ipchicken.com
domain:ipdata.co
domain:ipecho.net
domain:ipfind.io
domain:ipfinder.io
domain:ipgeolocation.io
domain:ipify.org
domain:monip.org
domain:2ip.ru
domain:ipapi.is
domain:iplocate.io
domain:iplocation.com
domain:iplocation.io
domain:iplocation.net
domain:iplookup.it
domain:ipqualityscore.com
domain:ipquery.io
domain:ipregistry.co
domain:iproyal.com
domain:ipsimple.org
domain:ipstack.com
domain:ipverify.com
domain:ipwho.is
domain:ipwhois.io
domain:ipxapi.com
domain:l2.io
domain:maxmind.com
domain:mon-ip.com
domain:ipinfo.io
domain:my-ip.io
domain:myexternalip.com
domain:myip.com
domain:myip.expert
domain:myip.link
domain:myip.ms
domain:myip.ru
domain:myip.wtf
domain:myipaddress.com
domain:myiplookup.com
domain:mylocation.org
domain:nodedata.io
domain:nossl.sh
domain:osint.sh
domain:proxycheck.io
domain:realip.cc
domain:seeip.org
domain:showip.net
domain:showmyip.com
domain:showmyipaddress.com
domain:spur.us
domain:sxgeo.city
domain:sypexgeo.net
domain:tnx.nl
domain:tracemyip.org
domain:trustmyip.com
domain:wgetip.com
domain:whatismyip.com
domain:whatismyip.net
domain:whatismyip.org
domain:whatismyipaddress.com
domain:whatismyipaddress.net
domain:whatismyisp.com
domain:whatismyv6.com
domain:whatsmyip.com
domain:whatsmyip.org
domain:where-am-i.co
domain:whoer.net
domain:whoerip.com
domain:whoisxmlapi.com
domain:wieistmeineip.de
domain:wtfismyip.com
domain:ipip.net
domain:ipgeo.vercel.app
domain:ip.mail.ru
domain:ip.nic.ru
domain:ip.pe.kr
domain:ip.tyk.nu
domain:ip.hetzner.com
domain:ipv4-internet.yandex.net
domain:ipv6-internet.yandex.net
domain:my.ipinfo.app
domain:geoip.noc.gov.ru
domain:ipv4.internet.yandex.net
domain:ipv6.internet.yandex.net
domain:ipify.cn
domain:iplark.com
domain:ipw.cn
domain:whois.pconline.com.cn
domain:myip.la
