full:mozilla-ohttp.fastly-edge.com
full:mozilla.map.fastly.net
domain:chrome
domain:netsurf-browser.org
domain:firefoxtweetmachine.com
domain:basilisk-browser.org
domain:brave.com
domain:bromite.org
domain:minbrowser.org
domain:opera.com
domain:decentr.net
domain:dothq.org
domain:floorp.app
domain:iridiumbrowser.de
domain:kiwibrowser.com
domain:kmeleonbrowser.org
domain:librewolf.net
domain:torproject.org
domain:chromium.org
domain:cromite.org
domain:palemoon.org
domain:pulsebrowser.app
domain:qutebrowser.org
domain:vivaldi.com
domain:waterfox.net
domain:zen-browser.app
domain:ceno.app
domain:censorship.no
domain:epicbrowser.com
domain:extendfirefox.com
domain:firefox.com
domain:firefox.hu
domain:chrome.com
domain:firefoxusercontent.com
domain:browser.kagi.com
