domain:ctycdn.net
domain:ctecdn.cn
domain:cqctyiptv.cn
domain:ctacdn.cn
domain:ctaigw.cn
domain:ctbcdn.com
domain:ctcdn.cn
domain:ctadns.cn
domain:ctcloudzos.cn
domain:ctcns.cn
domain:ctdcdn.com
domain:ctdns.cn
domain:ctdns.net
domain:ctydoh.cn
domain:ctecx.cn
domain:ctgcdn.com
domain:cthcdn.cn
domain:ctyecx.cn
domain:cthcdn.net
domain:ctlcdn.cn
domain:ctlcdn.com
domain:ctlcdn.net
domain:ctmcdn.cn
domain:ctovcdn.com
domain:ctrender.com
domain:ctwcdn.cn
domain:ctxcdn.cn
domain:ctxcdn.com
domain:ctxcdn.net
domain:ctxirang.cn
domain:ctxirang.com
domain:ctycdn.cn
domain:ctcdnov.net
domain:bjctyiptv.cn
domain:cthcdn.com
domain:ynjtyiptv.cn
domain:ctyiptv.cn
domain:ctyun.cn
domain:ynctyiptv.cn
domain:snctyiptv.cn
domain:scctyiptv.cn
domain:ctyuncdn.cn
domain:ctyuncs.cn
domain:ctyuninner.com
domain:ctyunmds.cn
domain:ctyunwaf.cn
domain:ctyunwaf.com
domain:ctyunwaf1.com
domain:ctyunwaf3.cn
domain:ctyunxs.cn
domain:ctyunzos.cn
domain:ctzcdn.cn
domain:ctzcdn.com
domain:edgecloudx.cn
domain:faasapp.cn
domain:faasdev.cn
domain:fjctyiptv.cn
domain:gdctyiptv.cn
domain:gsctyiptv.cn
domain:gsjtyiptv.cn
domain:gzctyiptv.cn
domain:jsctyiptv.cn
domain:modelers.cn
domain:ctyun.com.cn
domain:ctycdn.net.cn
domain:ctdns.com.cn
domain:ctcdn.com.cn
