full:st-ok-pts.cdn-vk.ru
full:st-ok.cdn-vk.ru
domain:armgs.team
domain:bargipsy.com
domain:boom.ru
domain:boosty.to
domain:donationalerts.com
domain:hrtek.ru
domain:koddobra.ru
domain:lovina.app
domain:mail.ru
domain:mcs.st
domain:mediumquality.ru
domain:memealerts.com
domain:movika.com
domain:sportmail.ru
domain:summerstage.ru
domain:tamtam.chat
domain:tech-mail.ru
domain:vk-apps.com
domain:vk-apps.ru
domain:vk-records.ru
domain:vk-stadium.ru
domain:vk.company
domain:vk.kz
domain:vk.team
domain:vkclips.app
domain:vkcs.cloud
domain:vkfest.ru
domain:vkgo.app
domain:vklive.app
domain:vkvideo.ru
domain:vkworkspace.kz
domain:yclients.com
domain:xn--80asgb.xn--p1ai
domain:xn--e1aigb.xn--p1ai
domain:justveryok.com
domain:keyboardmen.com
domain:rabbitcounter.com
domain:sayeasy.eu
domain:mytrk.link
domain:appsmail.ru
domain:attachmail.ru
domain:attachmy.com
domain:bizmrg.com
domain:cdnmail.ru
domain:datacloudmy.com
domain:imgsmail.ru
domain:mpgw-my.com
domain:mradx.net
domain:mrgcdn.ru
domain:mycdn.me
domain:mytopf.com
domain:smailru.net
domain:staticmy.com
domain:vmailru.net
domain:bk.ru
domain:inbox.ru
domain:internet.ru
domain:list.ru
domain:xmail.ru
domain:cups.online
domain:gamescup.ru
domain:mlbootcamp.ru
domain:russiandesigncup.ru
domain:algoritmika.org
domain:code-class.ru
domain:gb.ru
domain:lerna.ru
domain:o-uchi.ru
domain:skbx.pro
domain:skillbox.pro
domain:skillbox.ru
domain:skillfactory.ru
domain:tetrika-school.ru
domain:uchi.ru
domain:uchilk.ru
domain:umschool.net
domain:xn----otbzjdu.xn--p1ai
domain:yaklass.ru
domain:cybersport.ru
domain:epicevents.gg
domain:esforce.com
domain:esforce.ru
domain:ruhub.tv
domain:ciciq.net
domain:goicq.org
domain:icq-download.com
domain:icq-mobile.com
domain:icq-online.com
domain:icq-phone.com
domain:icq-phone.org
domain:icq.asia
domain:icq.at
domain:icq.biz
domain:icq.com
domain:icq.de
domain:icq.eu
domain:icq.fr
domain:icq.im
domain:icq.lt
domain:icq.mobi
domain:icq.org
domain:icq.ru
domain:icq.sg
domain:icq2mobile.com
domain:icq5.com
domain:icqanywhere.com
domain:icqbrasil.com
domain:icqbrazil.com
domain:icqchat.com
domain:icqflirting.com
domain:icqgame.com
domain:icqgames.com
domain:icqkids.com
domain:icqmail.com
domain:icqmail.net
domain:icqonline.com
domain:icqpassword.com
domain:icqpeople.com
domain:icqservers.com
domain:icqservice.com
domain:icqsupportteam.com
domain:icqsystem.com
domain:icqsystems.com
domain:icqtoday.com
domain:icqtutor.com
domain:icqvideo.com
domain:mailicq.org
domain:mirabilis.com
domain:mirandaicq.com
domain:mobile-icq.com
domain:mobileicq.com
domain:xn-----6kc7adj0c9esa.com
domain:xn----7sbaba0dc6cdn7cxcj.com
domain:xn----7sbabae2a0bnvtsfr4loc.com
domain:xn----7sbbab6bregnh7b8if5b.com
domain:xn----7sbbamm1bv2bh7i.com
domain:xn----8sbaroledu6bi7j.com
domain:xn----8sbeoy5bze.com
domain:xn--80aqcf7a6do.com
domain:max.ru
domain:oneme.ru
domain:sferum-dev.ru
domain:sferum.ru
domain:dev-my.com
domain:my.com
domain:dev-my.games
domain:it-territory.com
domain:knightspeak.com
domain:my.games
domain:pixonic.com
domain:prod-my.games
domain:rustore.ru
domain:rustore.team
domain:rustore.tv
domain:tarantool.io
domain:tarantoolplus.ru
domain:aodahl.com
domain:dahl.su
domain:dahlmessenger.com
domain:telega.info
domain:telega.me
domain:tusco.ru
domain:uma.media
domain:viqeo.tv
domain:viqeotv.com
domain:vkcloud-static.kz
domain:vkcloud.kz
domain:vkplay-arena.ru
domain:vkplay.ru
domain:vkplay.live
domain:youla.io
domain:youla.ru
domain:dzen.ru
domain:dzeninfra.ru
domain:odnoklassniki.eu
domain:odnoklasniki.ua
domain:apiok.ru
domain:odnoklasniki.by
domain:odnoklassniki.lv
domain:odnoklassniki.am
domain:odnoklassniki.by
domain:odnoklassniki.ru
domain:odkl.ru
domain:insideok.ru
domain:okcdn.ru
domain:odnoklassniki.tj
domain:ok.me
domain:ok.ru
domain:okl.lt
domain:oktech.ru
domain:mvk.com
domain:vk.cc
domain:vk.com
domain:vk.design
domain:vk.link
domain:vk.ru
domain:vkontakte.com
domain:vkontakte.ru
domain:cdn-vk.net
domain:cdn-vk.ru
domain:userapi.com
domain:userapi.ru
domain:vk-cdn.me
domain:vk-cdn.net
domain:vk-portal.net
domain:vkcache.com
domain:vkcdnservice.com
domain:vkcloud-static.ru
domain:vktech-static.ru
domain:vkuser.net
domain:vkusercdn.ru
domain:vkuserphoto.ru
domain:vkuseraudio.com
domain:vkuseraudio.net
domain:vkuseraudio.ru
domain:vkuserlive.com
domain:vkuserlive.net
domain:vkuservideo.com
domain:vkuservideo.net
domain:vkuservideo.ru
domain:vk.me
domain:vkmessenger.app
domain:vkmessenger.com
domain:vkpay.app
domain:vkpay.com
domain:vkpay.io
domain:vkpay.ru
domain:odnoklassniki.co.ee
domain:ad.mail.ru
domain:ads.viqeo.tv
domain:adsadvisor.io
domain:alt-ad.mail.ru
domain:apptracer.ru
domain:cxhub.ru
domain:metrics.viqeo.tv
domain:myadx.net
domain:r.mail.ru
domain:radar.imgsmail.ru
domain:relap.mail.ru
domain:target.my.com
domain:top-fwz1.mail.ru
domain:trace-flow.ru
domain:tracker-api.my.com
domain:tracker.my.com
full:1l-hit.mail.ru
full:1l-hit.vkplay.ru
full:ad4.mail.ru
full:ads-integration.rustore.ru
full:ads.dahlmessenger.com
full:ads.icq.com
full:ads.rustore.ru
full:adsapp.dahlmessenger.com
full:adsapp.telega.info
full:adsapp.stage.telega.info
full:adv.rustore.ru
full:alt-r.my.com
full:an.mail.ru
full:b2.mail.ru
full:bs.mail.ru
full:click.rustore.ru
full:pixel.rustore.ru
full:r0.mail.ru
full:r0.mradx.net
full:r1.mail.ru
full:reklama.mail.ru
full:rs.mail.ru
full:sentry-ng.g.smailru.net
full:srch-telemeter10.g.smailru.net
full:sentry.dev-my.com
full:sentry.dev-my.games
full:sentry.rustore.ru
full:sentry.viqeo.tv
full:stacks.vk-portal.net
full:stats.dahlmessenger.com
full:stats.dev.telega.info
full:stats.rustore.ru
full:stats.telega.info
full:t.mail.ru
full:top-staging.mail.ru
full:whiteline.mail.ru
full:xray.mail.ru
domain:log.dzen.ru
domain:ms.dzen.ru
domain:adv.vk.com
domain:analytics.vk.com
domain:ms.vk.com
domain:ms.vk.ru
domain:target.vk.ru
domain:vk-analytics.ru
full:adblogger.vk.com
full:adblogger.vk.ru
full:ads.vk.com
full:ads.vk.ru
full:adv.vk.ru
full:advk.vk.ru
full:analytics.vk.ru
full:stats.vk-portal.net
full:target.vk.com
