domain:pearsonassessment.fr
domain:mypearsonenglish.ch
domain:activeteachonline.com
domain:addison-wesley.ch
domain:adobepress.ch
domain:xn--pearsonenespaol-brb.com
domain:ciscopress.ch
domain:connectionsacademy.com
domain:connectionseducation.com
domain:connectionslearning.com
domain:themathsfactor.com
domain:ecpa.fr
domain:talentlens.com
domain:ilongman.com
domain:integral7.com
domain:stark-verlag.ch
domain:longman.ch
domain:mut.ch
domain:myhelpinglab.com
domain:mylogiclab.com
domain:mypearson.com
domain:pearsonassessment.dk
domain:pvue2.com
domain:mypearsonshop.mx
domain:mysocialworklab.com
domain:pvue1.com
domain:pearson-anaya.com
domain:pearson-intl.com
domain:pearson-schule.ch
domain:pearson-studium.ch
domain:pearson.ch
domain:pearsonassessment.de
domain:pobl-content.com
domain:pearsonvue.net
domain:pearson.com
domain:pearsonvue.com
domain:pearsonperu.pe
domain:pearsononlineacademy.com
domain:pearsonlongman.ch
domain:pearson.es
domain:pearson.fr
domain:pearson.pl
domain:pearsonactivelearn.com
domain:pearsonassessment.be
domain:pearson.cl
domain:pearsonhighered.com
domain:internationalconnectionsacademy.com
domain:pearsonassessment.nl
domain:pearsonassessment.no
domain:pearsonassessment.se
domain:pearsonassessments.com
domain:pearsoncanada.ca
domain:pearsonclinical.be
domain:pearsonclinical.ca
domain:pearsonenespanol.com
domain:pearsonelt.com
domain:pearsonelt.ch
domain:pearsonclinical.de
domain:pearsonclinical.dk
domain:pearsonclinical.es
domain:pearsonclinical.eu
domain:pearsonclinical.fr
domain:pearsonclinical.in
domain:pearsonclinical.nl
domain:pearsonclinical.no
domain:pearsonclinical.se
domain:pearsoncmg.com
domain:pearsoncred.com
domain:pearsoneducationbooks.com
domain:pearsoned.com
domain:pearsoneducacion.net
domain:pearsonclinical.com.br
domain:activelearnprimary.com.au
domain:pearsoned.co.nz
domain:pearson.co.jp
domain:pearson.com.hk
domain:pearsoninstitute.ac.za
domain:pearson.com.uy
domain:pearson.com.ar
domain:pearson.com.au
domain:btec.co.uk
domain:pearsonclinical.com.au
domain:pearsonschoolsandfecolleges.co.uk
domain:pearsonclinical.co.uk
domain:pearson.co.in
domain:netname.com.br
domain:mypearsonshop.com.mx
domain:quatrum.com.br
domain:activelearnprimary.co.uk
domain:escapestudios.co.uk
domain:dombosco.com.br
domain:pearsonplaces.com.au
domain:pearson.com.cn
