full:sberpro.vedomosti.ru
domain:getsynapse.io
domain:sberpb.ru
domain:sber.ru
domain:sberbank.com
domain:sberbank.ru
domain:sbrf.ru
domain:id.ru
domain:megamarket.ru
domain:megamarket.tech
domain:sberauto.com
domain:sberbank-insurance.ru
domain:sberbank-tele.com
domain:sberbankaktivno.ru
domain:sberbankins.ru
domain:sbercloud.ru
domain:sbercloud.tech
domain:sberdevices.ru
domain:sberdisk.ru
domain:sberfactoring.ru
domain:okko.tv
domain:sberindex.ru
domain:sberleasing.ru
domain:sberlogistics.ru
domain:sbermegamarket.ru
domain:sbermobile.ru
domain:jivochat.com
domain:sbertroika.ru
domain:afisha.ru
domain:citydrive.ru
domain:cloud.ru
domain:cloudru.cn
domain:eaptechka.online
domain:eapteka.ru
domain:21-school.ru
domain:kuper.ru
domain:restnproducts.ru
domain:samokat.ru
domain:giga.chat
domain:gitverse.ru
domain:jivo.chat
domain:jivo.ru
domain:playfamily.ru
domain:sberhealth.ru
domain:sber-bank.by
domain:okko.sport
domain:okkoapi.tv
domain:2gis.uz
domain:2gis.tj
domain:jivochat.de
domain:jivochat.es
domain:jivochat.ng
domain:jivochat.ru
domain:jivosite.com
domain:jivosite.ru
domain:payecom.ru
domain:platiecom.ru
domain:otello.ru
domain:sber.pro
domain:cplsb.ru
domain:sberspasibo.ru
domain:spasibo.digital
domain:spasibo.market
domain:spasibobonus.ru
domain:spasibosb.ru
domain:spasibosberbank.ru
domain:accesspoint.uz
domain:bps-sberbank.by
domain:sbertech.ru
domain:zvuk-b2b.com
domain:zvuk.com
domain:2gis.cz
domain:2gis.ae
domain:2gis.az
domain:2gis.by
domain:2gis.com
domain:2gis.tech
domain:2gis.am
domain:2gis.ge
domain:2gis.ru
domain:2gis.kz
domain:2gis.kg
domain:jivochat.com.tr
domain:jivochat.com.pe
domain:2gis.com.cy
domain:jivochat.com.co
domain:jivochat.co.in
domain:jivochat.com.br
domain:jivochat.co.za
domain:ads.sber.ru
domain:clickstream.sberbank.ru
domain:neon.click
domain:sbermarketing.ru
full:error-tracking.megamarket.tech
full:metrics.21-school.ru
full:sentry.sberauto.com
full:tracing-http.megamarket.tech
full:visor.sberbank.ru
