domain:sohu
domain:focus-img.cn
domain:focus.cn
domain:itc.cn
domain:sohu.com
domain:sohucs.com
domain:56.com
domain:56img.com
domain:kuaizhan.com
domain:17173.com
domain:17173cdn.com
domain:changyou.com
domain:cy.com
domain:playcool.com
domain:yeyou.com
domain:yeyoucdn.com
domain:adnet.sohu.com
domain:ads.sohu.com
domain:adv-sv-show.focus.cn
domain:adv-sv-stat.focus.cn
domain:assp.sohu.com
domain:bdu.focus.cn
domain:fpb.sohu.com
domain:imp.go.sohu.com
domain:m.aty.sohu.com
domain:p.aty.sohu.com
domain:pv.hd.sohu.com
domain:pv.sohu.com
domain:qpb.sohu.com
domain:qpb1.sohu.com
domain:reke.at.sohu.com
domain:track.sohu.com
