domain:kugou.com
domain:kuwo.cn
domain:ktv.com
domain:ximalaya.com
domain:kugoo.com
domain:lrts.me
domain:qqmusic.com
domain:wting.info
domain:97ting.com
domain:tingmall.com
domain:ultimatemusic.cn
domain:fanxingliveshow.com
domain:kgimg.com
domain:kglink.cn
domain:xmcdn.com
domain:tencentmusic.com
domain:mting.info
domain:kugou.net
domain:kugouaudio.com
domain:kugouipv6.com
domain:kugoukid.com
domain:kugouliveshow.com
domain:kugouringtone.com
domain:kugousenior.com
domain:kugoustore.com
domain:kugouvoice.com
domain:kugouyouth.com
domain:koowo.cn
domain:koowo.com
domain:y.qq.com
domain:music.qq.com
domain:kg.qq.com
domain:ad.tencentmusic.com
domain:adstats.tencentmusic.com
domain:monitor.music.qq.com
domain:report.tencentmusic.com
domain:stat.y.qq.com
domain:tmead.y.qq.com
domain:tmeadcomm.y.qq.com
domain:ads.service.kugou.com
domain:adserviceretry.kglink.cn
domain:adserviceretry.kugou.com
domain:adbehavior.ximalaya.com
domain:adse.wsa.ximalaya.com
domain:adse.ximalaya.com
