domain:xiaomiprint.com
domain:miot-spec.org
domain:mi-fds.com
domain:mi-idc.com
domain:mi-img.com
domain:mi.com
domain:mieco.net
domain:mifile.cn
domain:mijia.tech
domain:mioffice.cn
domain:mitvos.com
domain:miui.com
domain:miwifi.com
domain:xiaomi.cn
domain:xiaomi.com
domain:xiaomi.net
domain:xiaomicp.com
domain:xiaomidns.cn
domain:xiaomidns.com
domain:xiaomidns.net
domain:xiaomiev.com
domain:xiaomiinc.cn
domain:xiaomiinc.com
domain:xiaomiinc.net
domain:mgslb.com
domain:xiaominr.com
domain:xiaomimobile.com
domain:xiaomisa.cn
domain:mi-dun.com
domain:xiaomisa.net
domain:xiaomisa.org
domain:xiaomiwear.com
domain:xiaomixiaoai.com
domain:migames.com
domain:wali.com
domain:airstarfinance.net
domain:mipay.com
domain:duokan.com
domain:duokanbox.com
domain:xiaomiyoupin.com
domain:youpin.cn
domain:zmifi.com
domain:saxyit.com
domain:xiaomisa.com
domain:miaibox.com
domain:xiaoaiassist.com
domain:xiaomimimo.com
domain:xiaomidns.com.cn
domain:xiaomiinc.com.cn
domain:youpin.com.cn
domain:c.mi.com
domain:global.market.xiaomi.com
domain:a.market.xiaomi.com
domain:ad.intl.xiaomi.com
domain:ad.mi.com
domain:ad.xiaomi.com
domain:ad1.xiaomi.com
domain:admob.xiaomi.com
domain:adv.sec.intl.miui.com
domain:adv.sec.miui.com
domain:data.mistat.india.xiaomi.com
domain:data.mistat.intl.xiaomi.com
domain:data.mistat.rus.xiaomi.com
domain:data.mistat.xiaomi.com
domain:logupdate.avlyun.sec.miui.com
domain:misc.in.duokanbox.com
domain:sentry.d.mi.com
domain:sentry.d.xiaomi.net
domain:stats.music.xiaomi.com
domain:tjqonline.cn
domain:tracker.ai.xiaomi.com
domain:tracker.xiaomixiaoai.com
domain:tracking.miui.com
