regex:^[a-z]([a-z0-9-]{0,61}[a-z0-9])?$
domain:0123456789nonexistent.com
domain:0d.kebhana.mx
domain:1.0.0.0.0.0.0.0.0.0.0.0.0.0.0.0.0.0.0.0.0.0.0.0.0.0.0.0.0.0.0.0.ip6.arpa
domain:10.in-addr.arpa
domain:100.100.in-addr.arpa
domain:100.51.198.in-addr.arpa
domain:101.100.in-addr.arpa
domain:102.100.in-addr.arpa
domain:103.100.in-addr.arpa
domain:104.100.in-addr.arpa
domain:105.100.in-addr.arpa
domain:106.100.in-addr.arpa
domain:107.100.in-addr.arpa
domain:108.100.in-addr.arpa
domain:109.100.in-addr.arpa
domain:110.100.in-addr.arpa
domain:111.100.in-addr.arpa
domain:112.100.in-addr.arpa
domain:113.0.203.in-addr.arpa
domain:113.100.in-addr.arpa
domain:114.100.in-addr.arpa
domain:115.100.in-addr.arpa
domain:116.100.in-addr.arpa
domain:117.100.in-addr.arpa
domain:118.100.in-addr.arpa
domain:119.100.in-addr.arpa
domain:120.100.in-addr.arpa
domain:121.100.in-addr.arpa
domain:122.100.in-addr.arpa
domain:123.100.in-addr.arpa
domain:124.100.in-addr.arpa
domain:125.100.in-addr.arpa
domain:126.100.in-addr.arpa
domain:127.100.in-addr.arpa
domain:127.in-addr.arpa
domain:1337.abcvg.info
domain:16.172.in-addr.arpa
domain:168.192.in-addr.arpa
domain:17.172.in-addr.arpa
domain:18.172.in-addr.arpa
domain:19.172.in-addr.arpa
domain:1917live.red
domain:1cfresh.com
domain:1drv.com
domain:1drv.ms
domain:1internet.tv
domain:2.0.192.in-addr.arpa
domain:20.172.in-addr.arpa
domain:21.172.in-addr.arpa
domain:22.172.in-addr.arpa
domain:23.172.in-addr.arpa
domain:24.172.in-addr.arpa
domain:24h.tv
domain:25.172.in-addr.arpa
domain:254.169.in-addr.arpa
domain:255.255.255.255.in-addr.arpa
domain:26.172.in-addr.arpa
domain:27.172.in-addr.arpa
domain:28.172.in-addr.arpa
domain:29.172.in-addr.arpa
domain:2gis.ae
domain:2gis.am
domain:2gis.az
domain:2gis.by
domain:2gis.com
domain:2gis.com.cy
domain:2gis.cz
domain:2gis.ge
domain:2gis.kg
domain:2gis.kz
domain:2gis.tech
domain:2gis.tj
domain:2gis.ua
domain:2gis.uz
domain:2ip.io
domain:2ip.ua
domain:30.172.in-addr.arpa
domain:31.172.in-addr.arpa
domain:3ebra.net
domain:3lateral.com
domain:47.ip-51-68-199.eu
domain:4epenaxa.com
domain:4meeting.me
domain:51degrees.com
domain:5post.market
domain:61626c.net
domain:64.100.in-addr.arpa
domain:65.100.in-addr.arpa
domain:66.100.in-addr.arpa
domain:67.100.in-addr.arpa
domain:68.100.in-addr.arpa
domain:69.100.in-addr.arpa
domain:70.100.in-addr.arpa
domain:71.100.in-addr.arpa
domain:72.100.in-addr.arpa
domain:73.100.in-addr.arpa
domain:74.100.in-addr.arpa
domain:75.100.in-addr.arpa
domain:76.100.in-addr.arpa
domain:77.100.in-addr.arpa
domain:78.100.in-addr.arpa
domain:79.100.in-addr.arpa
domain:8.b.d.0.1.0.0.2.ip6.arpa
domain:8.e.f.ip6.arpa
domain:80.100.in-addr.arpa
domain:81.100.in-addr.arpa
domain:82.100.in-addr.arpa
domain:83.100.in-addr.arpa
domain:84.100.in-addr.arpa
domain:85.100.in-addr.arpa
domain:86.100.in-addr.arpa
domain:87.100.in-addr.arpa
domain:88.100.in-addr.arpa
domain:89.100.in-addr.arpa
domain:9.e.f.ip6.arpa
domain:9.rarbg.com
domain:9.rarbg.me
domain:9.rarbg.to
domain:90.100.in-addr.arpa
domain:91.100.in-addr.arpa
domain:92.100.in-addr.arpa
domain:93.100.in-addr.arpa
domain:94.100.in-addr.arpa
domain:95.100.in-addr.arpa
domain:96.100.in-addr.arpa
domain:97.100.in-addr.arpa
domain:98.100.in-addr.arpa
domain:99.100.in-addr.arpa
domain:a.e.f.ip6.arpa
domain:a.leopard-raws.org
domain:a4e8s8k3.map2.ssl.hwcdn.net
domain:aaa.army
domain:aboutbeautifulgallopinghorsesinthegreenpasture.online
domain:abstractapi.com
domain:academic-p2p.appspot.com
domain:accesspoint.uz
domain:acg.rip
domain:acmvid.com
domain:actualidad-rt.com
domain:addr.tools
domain:adl.windows.com
domain:adm.category5.tv
domain:admin.videoenpoche.info
domain:adsadvisor.io
domain:adygtelecom.com
domain:ahilesva.info
domain:alefbank.com
domain:alfa-bank.com
domain:alfa-finance.com
domain:alfa-fx.com
domain:alfa-pc.com
domain:alfa-usa.com
domain:alfa.me
domain:alfabank.com
domain:alfabank.st
domain:alfafinance.biz
domain:alfafuture.com
domain:alfafx.com
domain:alfaprivate.com
domain:alformacap.com
domain:alformacapital.com
domain:algoritmika.org
domain:all4nothin.net
domain:amupdatedl.microsoft.com
domain:anidex.moe
domain:animego.me
domain:antiphishing.nl
domain:anytimeru.com
domain:aodahl.com
domain:api-adservices.apple.com
domain:api.cdp.microsoft.com
domain:apiip.net
domain:apivoid.com
domain:appldnld.apple.com
domain:apple-icloud.cn
domain:appleicloud.cn
domain:applemx-icloud.com
domain:apptrackpets.com
domain:arc-apac.msn.com
domain:armgs.team
domain:artel.watch
domain:arteldoc.com
domain:arteldoc.tv
domain:aruacfilmes.com.br
domain:asger.xyz
domain:asiangooglenetwork.com
domain:at.ua
domain:atomyze.tech
domain:attachmy.com
domain:autobahn.db.com
domain:autoru.me
domain:aviasales.com
domain:avito.st
domain:avs.io
domain:b.e.f.ip6.arpa
domain:baibako.tv
domain:baltnews.com
domain:baltnews.lt
domain:bandito.byterunner.io
domain:bank131.com
domain:banka-ui.dev
domain:baranky.com
domain:bargipsy.com
domain:battlebreakers.com
domain:bclearning.top
domain:beeline.tv
domain:beget.com
domain:benouworldtrip.fr
domain:best2pay.net
domain:beta-bank.com
domain:bgp.he.net
domain:bgp.tools
domain:big-boss-tracker.net
domain:bigdatacloud.net
domain:bit-hdtv.com
domain:bithq.org
domain:bitrix.info
domain:bitseduce.com
domain:bitsparadise.info
domain:bittorrent-tracker.e-n-c-r-y-p-t.net
domain:bizmrg.com
domain:biztorrents.com
domain:bk6bba-resources.com
domain:blackcats-games.net
domain:blackz.ro
domain:blokas.io
domain:bluebird-hd.org
domain:bms-hosxp.com
domain:bobbialbano.com
domain:book1917.live
domain:boosty.to
domain:botmechanic.io
domain:bps-sberbank.by
domain:bronevik.com
domain:browserleaks.com
domain:bt-club.ws
domain:bt.3dmgame.com
domain:bt.3kb.xyz
domain:bt.ali213.net
domain:bt.beatrice-raws.org
domain:bt.bontal.net
domain:bt.edwardk.info
domain:bt.firebit.org
domain:bt.hliang.com
domain:bt.poletracker.org
domain:bt.pusacg.org
domain:bt.rer.lol
domain:bt.zlofenix.org
domain:bt1.xxxxbt.cc
domain:bt2.54new.com
domain:bt2.edwardk.info
domain:bubu.mapfactor.com
domain:buny.uk
domain:bvarf.tracker.sh
domain:cabconnect.org
domain:callbackkiller.com
domain:camera.lei001.com
domain:captive.apple.com
domain:capturingreality.com
domain:carbon-bonsai-621.appspot.com
domain:carrot-mail.io
domain:carrotquest-mail.io
domain:carrotquest.app
domain:carrotquest.io
domain:carrottrack.app
domain:cbkiller.com
domain:cdek.shopping
domain:cdn-1.gamecoast.org
domain:cdn-2.gamecoast.org
domain:cdn-vk.net
domain:cdnvideohub.com
domain:cert-gib.com
domain:certs-lb.apple.com.akadns.net
domain:certs.apple.com
domain:championshipseriesleague.com
domain:chanchan.uchuu.co.uk
domain:check-host.net
domain:checkip.amazonaws.com
domain:checkip.com.vn
domain:checkip.org
domain:checkip.sh
domain:checkmyip.now
domain:chihaya.de
domain:chihaya.toss.li
domain:chipcore.com
domain:chizhik.club
domain:cian.site
domain:ciciq.net
domain:client-update.queniuqe.com
domain:cloudru.cn
domain:clstorage.net
domain:cm.expert
domain:code2chicken.nl
domain:codeseason.by
domain:comss.club
domain:comss.info
domain:comss.me
domain:comss.net
domain:comss.news
domain:comss.one
domain:comss.online
domain:comss.org
domain:concen.org
domain:configuration.apple.com
domain:convrgencegame.com
domain:copymonkey.app
domain:corp.express
domain:country.is
domain:criminalip.io
domain:crl-lb.apple.com.akadns.net
domain:crl.apple.com
domain:crl.microsoft.com
domain:crl3.digicert.com
domain:crl4.digicert.com
domain:csgo.wmsj.cn
domain:cubicmotion.com
domain:cups.online
domain:curlmyip.net
domain:cybercrimecon.com
domain:d.f.ip6.arpa
domain:d13j2sbsb4ncgj.cloudfront.net
domain:d186rixkn5ruba.cloudfront.net
domain:d1g1f25tn8m2e6.cloudfront.net
domain:d1m7jfoe9zdc1j.cloudfront.net
domain:d1mhjrowxxagfy.cloudfront.net
domain:d1oca24q5dwo6d.cloudfront.net
domain:d1w2poirtb3as9.cloudfront.net
domain:d1xhnb4ptk05mw.cloudfront.net
domain:d1ymi26ma8va5x.cloudfront.net
domain:d2aba1wr3818hz.cloudfront.net
domain:d2dylwb3shzel1.cloudfront.net
domain:d2e2de1etea730.cloudfront.net
domain:d2mb634i1sflda.cloudfront.net
domain:d2nvs31859zcd8.cloudfront.net
domain:d2um2qdswy1tb0.cloudfront.net
domain:d2vjef5jvl6bfs.cloudfront.net
domain:d2xmjdvx03ij56.cloudfront.net
domain:d36mepituis1gg.cloudfront.net
domain:d36nr0u3xmc4mm.cloudfront.net
domain:d3aqoihi2n8ty8.cloudfront.net
domain:d3c27h4odz752x.cloudfront.net
domain:d3m1uefep57n8q.cloudfront.net
domain:d3vd9lfkzbru3h.cloudfront.net
domain:d6d4ismr40iw.cloudfront.net
domain:d6tizftlrpuof.cloudfront.net
domain:dahlmessenger.com
domain:dashly.app
domain:dashly.help
domain:dashly.io
domain:dashly.me
domain:dashlytrack.app
domain:data-bg.net
domain:data.microsoft.com
domain:datacloudmy.com
domain:datascene.net
domain:daveking.com
domain:db-ip.com
domain:dbo-dengi.online
domain:ddacn6pr5v0tl.cloudfront.net
domain:de-rt.com
domain:de-rt.org
domain:de-rtnews.com
domain:de-rtnews.net
domain:definitionupdates.microsoft.com
domain:denis.stalker.upeer.me
domain:derpyradio.net
domain:dert.online
domain:dert.site
domain:dert.tech
domain:dev-my.com
domain:dev-my.games
domain:deviloid.net
domain:dgeft87wbj63p.cloudfront.net
domain:dht.aelitis.com
domain:dht.transmissionbt.com
domain:dht.vuze.com
domain:discord.heihachi.pw
domain:dl.steam.clngaa.com
domain:dnscheck.tools
domain:dnsleaktest.com
domain:dodois.com
domain:dodois.io
domain:dodopizza.com
domain:dodostatic.net
domain:donationalerts.com
domain:dota2.wmsj.cn
domain:download.microsoft.com
domain:download.visualstudio.microsoft.com
domain:dpiui.reedlan.com
domain:dqrpb9wgowsf5.cloudfront.net
domain:driveawaytaxi.org
domain:drobbox.pro
domain:drumkitx.com
domain:drweb-av.de
domain:drweb-av.es
domain:drweb-av.it
domain:drweb-av.pl
domain:drweb.by
domain:drweb.cn
domain:drweb.co.jp
domain:drweb.com
domain:drweb.fr
domain:drweb.kz
domain:drweb.uz
domain:ds0h3roq6wcgc.cloudfront.net
domain:durovscode.com
domain:dxtkri2c61io4.cloudfront.net
domain:dykkng5hnh52u.cloudfront.net
domain:eac-cdn.com
domain:eadaily.com
domain:eadaily.info
domain:eadaily.net
domain:eadaily.org
domain:eaptechka.online
domain:easy.ac
domain:easyanticheat.net
domain:edadeal.io
domain:eddie4.nl
domain:edge.steam-dns.top.comcast.net
domain:edu22.info
domain:eft-project.com
domain:eft-store.com
domain:eligens.cl
domain:eligens.com.br
domain:eligens.io
domain:elitezones.ro
domain:emias.info
domain:envybox.company
domain:envybox.family
domain:envybox.io
domain:envybox.kg
domain:envycdp.com
domain:envycrm.com
domain:epicevents.gg
domain:epicgames.com
domain:epicgames.dev
domain:epicgamescdn.com
domain:es-rt.com
domain:escapefromtarkov.com
domain:esforce.com
domain:esrt.online
domain:esrt.press
domain:esrt.site
domain:esrt.space
domain:esrt.tech
domain:esrt.website
domain:etna.ai
domain:evrasia.rest
domain:ewisdom.us.kg
domain:example
domain:exodus.desync.com
domain:explodie.org
domain:express.ms
domain:ext-twitch.tv
domain:extracker.dahrkael.net
domain:extreme-ip-lookup.com
domain:f3b7q2p3.ssl.hwcdn.net
domain:f6.dev
domain:f6.security
domain:fab.com
domain:facct.email
domain:faceit-cdn.net
domain:faceit.com
domain:fcs-keys-pub-prod.cdn-apple.com
domain:fe.dealclub.de
domain:finbytes.org
domain:find-my-ip.com
domain:find-my-ip.net
domain:findip.net
domain:fix-price.com
domain:flagfox.net
domain:flocktory.com
domain:flomni.com
domain:flowwow-images.com
domain:flowwow.com
domain:fon.bet
domain:fon.promo
domain:forever-tracker.zooki.xyz
domain:fortnite.com
domain:foto-planeta.com
domain:fraudguard.io
domain:fraudlogix.com
domain:free-tracker.zooki.xyz
domain:freeassange.tech
domain:freede.tech
domain:freedert.online
domain:freegeoip.app
domain:freeipapi.com
domain:frontdoor.bigcatalog.commerce.microsoft.com
domain:funfile.org
domain:funpay.com
domain:g-ib.ae
domain:g-ib.sg
domain:g-ib.us
domain:gamepass.com
domain:gazetarussa.com.br
domain:gazprombank.com
domain:gazprombank.investments
domain:gazprombank.tech
domain:gdmf-ados.apple.com
domain:gdmf.apple.com
domain:genesis-sp.org
domain:genetic-technologies.am
domain:genotek.am
domain:genotek.es
domain:genotek.eu
domain:genotek.health
domain:geodatatool.com
domain:geojs.io
domain:geolocation-db.com
domain:geoplugin.com
domain:geoplugin.net
domain:gerwin.io
domain:get-ipv4.com
domain:get-ipv6.com
domain:getipintel.net
domain:getjsonip.com
domain:getsynapse.io
domain:gg.apple.com
domain:gib-global.com
domain:gib.sg
domain:gibdev.net
domain:giga.chat
domain:gismeteo.by
domain:gismeteo.com
domain:gismeteo.net
domain:gismeteo.st
domain:git.vulnix.sh
domain:go.microsoft.com
domain:gogettaxi.org
domain:goicq.org
domain:gorzdrav.org
domain:goup.ai
domain:gramotei.online
domain:green-box-tv.com
domain:greip.io
domain:greywallpass.com
domain:grifon.info
domain:group-ib.ae
domain:group-ib.co.uk
domain:group-ib.com
domain:group-ib.de
domain:group-ib.eu
domain:group-ib.sg
domain:group-ib.us
domain:groupib.ae
domain:groupib.sg
domain:groupib.us
domain:gs.apple.com
domain:gsra.apple.com
domain:gstore.val.manlaxy.com
domain:gw2ru.com
domain:h4.trakx.nibba.trade
domain:hackertarget.com
domain:haicomdc.com
domain:hayya.ae
domain:hdreactor.org
domain:hh.by
domain:hh.kz
domain:historyofdota.com
domain:historyofdota.net
domain:historyofdota.org
domain:hiwifi.com
domain:home.arpa
domain:home.yxgz.club
domain:httpbin.org
domain:hva.im
domain:hyprsense.com
domain:i.pn
domain:iad.apple.com
domain:iadsdk.apple.com
domain:icanhazip.com
domain:icloud-apple.cn
domain:icloud-content.com
domain:icloud-isupport.com
domain:icloud-sandbox.com
domain:icloud.ch
domain:icloud.com
domain:icloud.com.cn
domain:icloud.de
domain:icloud.ee
domain:icloud.fi
domain:icloud.fr
domain:icloud.hu
domain:icloud.ie
domain:icloud.is
domain:icloud.jp
domain:icloud.lv
domain:icloud.net.cn
domain:icloud.om
domain:icloud.org
domain:icloud.pt
domain:icloud.ro
domain:icloud.se
domain:icloud.si
domain:icloud.sk
domain:icloud.vn
domain:icloudads.net
domain:icloudapple.cn
domain:icloudbox.net
domain:icloudbrowser.net
domain:icloude.com
domain:icloudhome.com
domain:icloudmail.net
domain:icloudmusic.net
domain:icloudnet.net
domain:icloudo.com
domain:icloudo.de
domain:icloudo.net
domain:icloudos.de
domain:icloudos.net
domain:icloudpay.net
domain:icloudsecure.net
domain:icloudsetup.com
domain:icq-download.com
domain:icq-mobile.com
domain:icq-online.com
domain:icq-phone.com
domain:icq-phone.org
domain:icq.asia
domain:icq.at
domain:icq.biz
domain:icq.com
domain:icq.de
domain:icq.eu
domain:icq.fr
domain:icq.im
domain:icq.lt
domain:icq.mobi
domain:icq.org
domain:icq.sg
domain:icq2mobile.com
domain:icq5.com
domain:icqanywhere.com
domain:icqbrasil.com
domain:icqbrazil.com
domain:icqchat.com
domain:icqflirting.com
domain:icqgame.com
domain:icqgames.com
domain:icqkids.com
domain:icqmail.com
domain:icqmail.net
domain:icqonline.com
domain:icqpassword.com
domain:icqpeople.com
domain:icqservers.com
domain:icqservice.com
domain:icqsupportteam.com
domain:icqsystem.com
domain:icqsystems.com
domain:icqtoday.com
domain:icqtutor.com
domain:icqvideo.com
domain:ideco.dev
domain:ident.me
domain:identity.apple.com
domain:ifconfig.co
domain:ifconfig.es
domain:ifconfig.io
domain:ifconfig.me
domain:ig.apple.com
domain:inferno.demonoid.is
domain:inferno.demonoid.pw
domain:infosniper.net
domain:instituteofwar.org
domain:internal
domain:invalid
domain:investalfabank.com
domain:ios-icloud.com
domain:ip-adress.com
domain:ip-api.com
domain:ip-api.io
domain:ip-check.info
domain:ip-score.com
domain:ip.hetzner.com
domain:ip.me
domain:ip.pe.kr
domain:ip.sb
domain:ip.tyk.nu
domain:ip2c.org
domain:ip2location.com
domain:ip2location.io
domain:ip2ruscity.com
domain:ip4.me
domain:ip6.me
domain:ip6only.me
domain:ip8.com
domain:ipaddr.site
domain:ipaddress.com
domain:ipaddress.my
domain:ipaddress.sh
domain:ipaddress.to
domain:ipapi.co
domain:ipapi.com
domain:ipapi.is
domain:ipbase.com
domain:ipbot.com
domain:ipcalf.com
domain:ipcheck.ing
domain:ipchicken.com
domain:ipdata.co
domain:ipecho.net
domain:ipfind.io
domain:ipfinder.io
domain:ipgeo.vercel.app
domain:ipgeolocation.io
domain:ipify.cn
domain:ipify.org
domain:ipinfo.app
domain:ipinfo.io
domain:ipip.net
domain:iplark.com
domain:ipleak.net
domain:ipligence.com
domain:iplocate.io
domain:iplocation.com
domain:iplocation.io
domain:iplocation.net
domain:iplogger.com
domain:iplogger.org
domain:iplookup.it
domain:ipme.co
domain:ipme.in
domain:ipqualityscore.com
domain:ipquery.io
domain:ipregistry.co
domain:iproyal.com
domain:ipsimple.org
domain:ipstack.com
domain:ipv4announce.sktorrent.eu
domain:ipv6ready.me
domain:ipverify.com
domain:ipw.cn
domain:ipwho.is
domain:ipwhois.io
domain:ipxapi.com
domain:it-territory.com
domain:ivicdn.tv
domain:ixbt.com
domain:ixbt.games
domain:ixbt.market
domain:ixbt.media
domain:ixbt.pro
domain:ixbt.shop
domain:ixbt.site
domain:ixbt.video
domain:jinrieluosi.cn
domain:jivo.chat
domain:jivochat.co.in
domain:jivochat.co.za
domain:jivochat.com
domain:jivochat.com.br
domain:jivochat.com.co
domain:jivochat.com.pe
domain:jivochat.com.tr
domain:jivochat.de
domain:jivochat.es
domain:jivochat.ng
domain:jivosite.com
domain:jsb.by
domain:jsonip.com
domain:jtvnw.net
domain:jump.taxi
domain:justveryok.com
domain:kanal-4.de
domain:kaspersky-labs.com
domain:kaspersky.be
domain:kaspersky.ca
domain:kaspersky.co.in
domain:kaspersky.co.jp
domain:kaspersky.co.kr
domain:kaspersky.co.th
domain:kaspersky.co.uk
domain:kaspersky.co.za
domain:kaspersky.com
domain:kaspersky.com.au
domain:kaspersky.com.br
domain:kaspersky.com.cn
domain:kaspersky.com.hk
domain:kaspersky.com.pl
domain:kaspersky.com.tr
domain:kaspersky.com.tw
domain:kaspersky.com.vn
domain:kaspersky.cz
domain:kaspersky.de
domain:kaspersky.dk
domain:kaspersky.dz
domain:kaspersky.es
domain:kaspersky.fi
domain:kaspersky.fr
domain:kaspersky.gr
domain:kaspersky.it
domain:kaspersky.kz
domain:kaspersky.ma
domain:kaspersky.my
domain:kaspersky.nl
domain:kaspersky.pt
domain:kaspersky.ro
domain:kaspersky.rs
domain:kaspersky.se
domain:keyboardmen.com
domain:khangar.net
domain:kinescope.io
domain:kinescopecdn.net
domain:kinorium.com
domain:kinorun.com
domain:knightspeak.com
domain:koli.services
domain:kontur-inc.com
domain:kontur.host
domain:korona.com
domain:koshelek.app
domain:ktech.team
domain:l2.io
domain:lan
domain:lcsmerch.com
domain:lead-pro2023.online
domain:leaguehighschool.com
domain:leagueoflegends.ca
domain:leagueoflegends.cn
domain:leagueoflegends.co.kr
domain:leagueoflegends.com
domain:leagueoflegends.info
domain:leagueoflegends.kr
domain:leagueoflegends.net
domain:leagueoflegends.org
domain:leagueoflegendsscripts.com
domain:leaguesharp.info
domain:leaguoflegends.com
domain:learnbits.me
domain:learnwithleague.com
domain:leike.cc
domain:lenta.com
domain:lenta.tech
domain:live-video.net
domain:livefilestore.com
domain:lmru.tech
domain:ln.mtahost.co
domain:local
domain:localdomain
domain:localhost
domain:localhost.ptlogin2.qq.com
domain:localhost.sec.qq.com
domain:lol-europe.com
domain:lolclub.org
domain:lolespor.com
domain:lolesports.com
domain:lolfanart.net
domain:lolpcs.com
domain:lolshop.co.kr
domain:lolstatic.com
domain:lolusercontent.com
domain:loushao.net
domain:lovina.app
domain:lpl.com.cn
domain:lv.queniujq.cn
domain:magnit.com
domain:mail-carrotquest.io
domain:mail.realliferpg.de
domain:mail2.zelenaya.net
domain:mailicq.org
domain:mangalib.me
domain:martin-gebhardt.eu
domain:masters-tb.com
domain:maxmind.com
domain:mcc250.pub.3gppnetwork.org
domain:mcs.st
domain:me.com
domain:mediaclub.tv
domain:medsi.com
domain:medsi.pro
domain:medtrum.eu
domain:megafon.com
domain:megamarket.tech
domain:megatorrents.kg
domain:mel.fm
domain:memealerts.com
domain:mesu.apple.com
domain:metal.iplay.ro
domain:meteofor.com
domain:meteofor.st
domain:meteum.ai
domain:mfa.center
domain:mgtracker.org
domain:midea123.z-media.com.cn
domain:milliontorrent.pl
domain:mindbox.cloud
domain:mindbox.group
domain:mindbox.site
domain:mindbox.so
domain:mirabilis.com
domain:mirandaicq.com
domain:mixfiend.com
domain:miya-news.online
domain:mizuhogroup.com
domain:mobile-bb.com
domain:mobile-icq.com
domain:mobileicq.com
domain:moex.com
domain:molesports.com
domain:mon-ip.com
domain:monip.org
domain:more.tv
domain:moscow
domain:mosmetro.tech
domain:movies.zsw.ca
domain:movika.com
domain:mp.microsoft.com
domain:mp.microsoft.com.nsatc.net
domain:mp.world
domain:mpgw-my.com
domain:mradx.net
domain:mscrl.microsoft.com
domain:msocsp.com
domain:mts-ws.net
domain:mvgroup.org
domain:mvk.com
domain:my-ip.io
domain:my-manager-account.com
domain:my.com
domain:my.games
domain:my.router
domain:myadx.net
domain:mycdn.me
domain:myexternalip.com
domain:myicloud.net
domain:myip.ae
domain:myip.at
domain:myip.by
domain:myip.ch
domain:myip.com
domain:myip.cx
domain:myip.dk
domain:myip.eu
domain:myip.expert
domain:myip.fi
domain:myip.ge
domain:myip.hk
domain:myip.id
domain:myip.is
domain:myip.kz
domain:myip.la
domain:myip.link
domain:myip.lt
domain:myip.lv
domain:myip.ma
domain:myip.md
domain:myip.mk
domain:myip.mn
domain:myip.ms
domain:myip.mx
domain:myip.my
domain:myip.ng
domain:myip.nl
domain:myip.pw
domain:myip.qa
domain:myip.ro
domain:myip.rs
domain:myip.sg
domain:myip.sh
domain:myip.sk
domain:myip.wtf
domain:myipaddress.com
domain:myiplookup.com
domain:mylcloud.net
domain:mylocation.org
domain:myoffice.team
domain:mytopf.com
domain:mytrk.link
domain:nagios.tks.sumy.ua
domain:naydex.net
domain:neon.click
domain:netcraze.club
domain:netcraze.link
domain:netcraze.pro
domain:netmonet.co
domain:netschool.website
domain:ngenix.net
domain:nodedata.io
domain:nossl.sh
domain:noticias-rt.com
domain:notimundo.press
domain:novaopcj.icu
domain:ns-1.x-fins.com
domain:ns349743.ip-91-121-106.eu
domain:ns389251.ovh.net
domain:ntservicepack.microsoft.com
domain:nyaa.tracker.wf
domain:o-ring.msedge.net
domain:ocsp-lb.apple.com.akadns.net
domain:ocsp.apple.com
domain:ocsp.digicert.cn
domain:ocsp.digicert.com
domain:ocsp.microsoft.com
domain:ocsp2-lb.apple.com.akadns.net
domain:ocsp2.apple.com
domain:odnoklasniki.by
domain:odnoklasniki.ua
domain:odnoklassniki.am
domain:odnoklassniki.by
domain:odnoklassniki.co.ee
domain:odnoklassniki.eu
domain:odnoklassniki.lv
domain:odnoklassniki.tj
domain:ognihome.com
domain:ok.me
domain:okko.sport
domain:okko.tv
domain:okkoapi.tv
domain:okl.lt
domain:okolo.app
domain:omg.wtftrackr.xyz
domain:onedrive.co
domain:onedrive.co.uk
domain:onedrive.com
domain:onedrive.eu
domain:onedrive.live.com
domain:onedrive.net
domain:onedrive.org
domain:oneocsp.microsoft.com
domain:open.acgnxtracker.com
domain:open.acgtracker.com
domain:open.demonii.com
domain:open.demonii.si
domain:open.demonoid.ch
domain:open.dstud.io
domain:open.kickasstracker.com
domain:open.lolicon.eu
domain:open.nyaatorrents.info
domain:open.nyap2p.com
domain:open.stealth.si
domain:open.trackerlist.xyz
domain:opennet.dev
domain:opentor.org
domain:opentracker.acgnx.com
domain:opentracker.acgnx.se
domain:opentracker.i2p.rocks
domain:opentracker.io
domain:opentracker.xyz
domain:orithegame.com
domain:oscdn.apple.com
domain:osint.sh
domain:oskelly.co
domain:osrecovery.apple.com
domain:ostin.com
domain:ozon.app
domain:ozon.by
domain:ozon.com
domain:ozon.com.by
domain:ozon.com.kz
domain:ozon.dev
domain:ozon.express
domain:ozon.global
domain:ozon.kz
domain:ozon.li
domain:ozon.market
domain:ozon.tech
domain:ozon.tm
domain:ozon.travel
domain:ozoncamp.pro
domain:ozoncom.by
domain:ozonglobalevents.com
domain:ozonpartners.by
domain:ozonrocet.by
domain:ozonroket.by
domain:ozonru.co.il
domain:ozonru.com
domain:ozonru.eu
domain:ozonru.me
domain:ozonusercontent.com
domain:p4p.arenabg.com
domain:paragon.com
domain:paywb.com
domain:peerfect.org
domain:peiluyou.com
domain:perekrestok.com
domain:phicomm.me
domain:pin.it
domain:pinimg.com
domain:pinterest.at
domain:pinterest.be
domain:pinterest.ca
domain:pinterest.ch
domain:pinterest.cl
domain:pinterest.co
domain:pinterest.co.at
domain:pinterest.co.in
domain:pinterest.co.kr
domain:pinterest.co.nz
domain:pinterest.co.uk
domain:pinterest.com
domain:pinterest.com.au
domain:pinterest.com.bo
domain:pinterest.com.ec
domain:pinterest.com.mx
domain:pinterest.com.pe
domain:pinterest.com.py
domain:pinterest.com.uy
domain:pinterest.com.vn
domain:pinterest.de
domain:pinterest.dk
domain:pinterest.ec
domain:pinterest.engineering
domain:pinterest.es
domain:pinterest.fr
domain:pinterest.hu
domain:pinterest.id
domain:pinterest.ie
domain:pinterest.in
domain:pinterest.info
domain:pinterest.it
domain:pinterest.jp
domain:pinterest.kr
domain:pinterest.mx
domain:pinterest.net
domain:pinterest.nl
domain:pinterest.nz
domain:pinterest.pe
domain:pinterest.ph
domain:pinterest.pt
domain:pinterest.se
domain:pinterest.th
domain:pinterest.tw
domain:pinterest.uk
domain:pinterest.vn
domain:pinterestmail.com
domain:pixonic.com
domain:playartifact.com
domain:playparagon.com
domain:playvalorant.com
domain:plex.direct
domain:pobeda.page
domain:polza.ai
domain:popmechanic.io
domain:potuk.com
domain:poudobnee.com
domain:pow7.com
domain:premier.one
domain:premiumlive.site
domain:prestige.minimafia.nl
domain:proaudiotorrents.org
domain:prod-my.games
domain:prodcontest.com
domain:promodj.com
domain:proxycheck.io
domain:psk
domain:ptsecurity.com
domain:public-tracker.zooki.xyz
domain:public.express
domain:public.popcorn-tracker.org
domain:publictracker.ch
domain:publictracker.xyz
domain:push.apple.com
domain:pushgrow.io
domain:pvp.net
domain:pvp.tv
domain:pvubank.com
domain:pz.help
domain:qg.lorzl.gq
domain:quixel.com
domain:quixel.se
domain:qwapi.com
domain:rabbitcounter.com
domain:rabota.by
domain:radgametools.com
domain:randomgodbot.com
domain:rbsgate.com
domain:rbsuat.com
domain:rbth.com
domain:realip.cc
domain:realityscan.com
domain:reallyfreegeoip.org
domain:reaviz.com
domain:redheadsound.studio
domain:reg.cloud
domain:reg.com
domain:rekcart.duckdns.org
domain:renovacionxboxlive.com
domain:reso-med.com
domain:restream-media.net
domain:retracker.baikal-telecom.net
domain:retracker.lanta.me
domain:retracker.sevstar.net
domain:retracker01-msk-virt.corbina.net
domain:riot-games.com
domain:riot.com
domain:riot.net
domain:riotcdn.net
domain:riotforgegames.com
domain:riotgames.co.kr
domain:riotgames.com
domain:riotgames.info
domain:riotgames.jp
domain:riotgames.net
domain:riotgames.tv
domain:riotpin.com
domain:riotpoints.com
domain:roborecall.com
domain:robotext.io
domain:rocketozon.by
domain:roistat.com
domain:romanovs100.com
domain:rosbank-credit.com
domain:rossiyasegodnya.com
domain:rostaxi.org
domain:router.bittorrent.com
domain:router.ctc
domain:router.utorrent.com
domain:rsscenter.cloud
domain:rstatic.net
domain:rt-school.online
domain:rt.com
domain:rt.rs
domain:rtarabic.com
domain:rtarabic.net
domain:rtarabic.org
domain:rtbrasil.com
domain:rtbrasil.info
domain:rtde.agency
domain:rtde.expert
domain:rtde.express
domain:rtde.info
domain:rtde.life
domain:rtde.live
domain:rtde.me
domain:rtde.media
domain:rtde.online
domain:rtde.org
domain:rtde.press
domain:rtde.site
domain:rtde.team
domain:rtde.tech
domain:rtde.website
domain:rtde.world
domain:rtde.xyz
domain:rtdefree.info
domain:rtdefree.me
domain:rtdefree.online
domain:rtdefree.tech
domain:rtdoc.tv
domain:rtdocumentary.online
domain:rteam.dev
domain:rteam.tech
domain:rtenafrique.tv
domain:rtenfrancais.tv
domain:rtenfrance.tv
domain:rtespanol.com
domain:rtfrance.tv
domain:rtnewsde.com
domain:rtnewsde.online
domain:rtnewsde.pro
domain:rtnewsde.site
domain:rtnewsde.tech
domain:rtnewsru.com
domain:rtrunews.com
domain:rttv.com
domain:ru
domain:ru.ccb.com
domain:ru.com
domain:ru.net
domain:rugpt.io
domain:ruhub.tv
domain:ruinedking.com
domain:runewsrt.com
domain:ruptly.agency
domain:ruptly.tv
domain:ruptly.video
domain:rurtnews.com
domain:russiabeyond.com
domain:russiacalling.com
domain:russiaislove.com
domain:russiatoday.com
domain:russiatoday.net
domain:russiatoday.tv
domain:russieactuelle.fr
domain:rustore.team
domain:rustore.tv
domain:rutorrent.frontline-mod.com
domain:rutube.sport
domain:rwbautomation.tech
domain:s.team
domain:saas-support.com
domain:safeliner.tech
domain:sage-observability.tech
domain:sayeasy.eu
domain:sber-bank.by
domain:sber.pro
domain:sber.world
domain:sber.ws
domain:sberauto.com
domain:sberbank-tele.com
domain:sberbank.com
domain:sbercloud.tech
domain:sbercoin.com
domain:sd-161673.dedibox.fr
domain:seclab.lat
domain:seeders-paradise.org
domain:seeip.org
domain:selcdn.net
domain:selectel.academy
domain:selectel.blog
domain:selectel.com
domain:selectel.dev
domain:selectel.info
domain:selectel.io
domain:selectel.live
domain:servercore.com
domain:servercore.live
domain:servicepipe.tech
domain:sfunpay.com
domain:shadowcomplex.com
domain:shadowshq.yi.org
domain:shahidrazi.online
domain:share.camoe.cn
domain:share.hkg-fansub.info
domain:shedevrum.ai
domain:shnflac.net
domain:shop-rt.com
domain:showip.net
domain:showmyip.com
domain:showmyipaddress.com
domain:shubt.net
domain:siambt.com
domain:sistema-capital.com
domain:sixte.st
domain:skbx.pro
domain:sketchfab.com
domain:skillbox.pro
domain:skl.apple.com
domain:sky.pro
domain:skydrivesync.policies.live.net
domain:slavicstar.com
domain:slc.tl
domain:smailru.net
domain:smartmed.pro
domain:smartscreen-prod.microsoft.com
domain:smotreshka.tv
domain:sn-esp.site
domain:sokolov.io
domain:sourcecraft.dev
domain:spasibo.digital
domain:spasibo.market
domain:spo-ring.msedge.net
domain:spur.us
domain:sputnikglobe.com
domain:sputnikimages.com
domain:sputnikmediabank.com
domain:sputniknews.com
domain:spyjinx.com
domain:srv-hub.org
domain:st.dl.bscstorage.net
domain:st.dl.eccdnx.com
domain:st.dl.pinyuncloud.com
domain:standoff365.com
domain:static-storage.net
domain:staticmy.com
domain:stats.microsoft.com
domain:steam-api.com
domain:steam-chat.com
domain:steam.apac.qtlglb.com
domain:steam.cdn.on.net
domain:steam.cdn.orcon.net.nz
domain:steam.cdn.slingshot.co.nz
domain:steam.eca.qtlglb.com
domain:steam.naeu.qtlglb.com
domain:steam.ru.qtlglb.com
domain:steam.tv
domain:steamchina.com
domain:steamcloudsweden.blob.core.windows.net
domain:steamcommunity.com
domain:steamcontent.com
domain:steamdeck.com
domain:steamgames.com
domain:steampowered.com
domain:steampowered.com.8686c.com
domain:steamserver.net
domain:steamstatic.com.8686c.com
domain:steamusercontent.com
domain:storage.live.com
domain:store.core.windows.net
domain:su
domain:sukebei.tracker.wf
domain:support-uber.com
domain:supremacy.com
domain:supremacy.net
domain:svoy.academy
domain:swcdn.apple.com
domain:swdist.apple.com
domain:swdownload.apple.com
domain:swentr.site
domain:swscan.apple.com
domain:sxgeo.city
domain:sypexgeo.net
domain:t-bank.by
domain:t-finance.group
domain:t-tech.dev
domain:t-tech.team
domain:t.213891.xyz
domain:t.finance
domain:t.nyaatracker.com
domain:t.overflow.biz
domain:t1.cloud
domain:t1.leech.ie
domain:t2.leech.ie
domain:t3.leech.ie
domain:tak-pravilno.com
domain:tamtam.chat
domain:tarantool.io
domain:targetads.io
domain:tarkov.com
domain:tatar
domain:taxiaid.org
domain:taxiguru.org
domain:taxitax.org
domain:taxsee.com
domain:tbank-online.com
domain:tc-boxing.com
domain:tdev.by
domain:tehconnection.eu
domain:tehnodom.com
domain:telega.info
domain:telega.me
domain:tellmewhygame.com
domain:tendawifi.com
domain:test
domain:test-ipv6.alpinedc.ch
domain:test-ipv6.ams.vr.org
domain:test-ipv6.arauc.br
domain:test-ipv6.belwue.net
domain:test-ipv6.carnet.hr
domain:test-ipv6.cl
domain:test-ipv6.com
domain:test-ipv6.cs.umd.edu
domain:test-ipv6.csclub.uwaterloo.ca
domain:test-ipv6.cz
domain:test-ipv6.epic.network
domain:test-ipv6.fratec.net
domain:test-ipv6.freerangecloud.com
domain:test-ipv6.go6.si
domain:test-ipv6.hu
domain:test-ipv6.is
domain:test-ipv6.iu13.net
domain:test-ipv6.jp
domain:test-ipv6.ke.liquidtelecom.net
domain:test-ipv6.nl
domain:test-ipv6.noroutetohost.net
domain:test-ipv6.roedu.net
domain:test-ipv6.run
domain:test-ipv6.se
domain:test-ipv6.sin.vr.org
domain:testipv6.cn
domain:testipv6.de
domain:thatsmyip.com
domain:thegeeks.bz
domain:theoccult.bz
domain:theplace.bz
domain:thetracker.org
domain:thetradersden.org
domain:thevault.bz
domain:tilda.cc
domain:tilda.ws
domain:tildaapi.com
domain:tildacdn.com
domain:tildacdn.net
domain:timeweb.cloud
domain:timeweb.com
domain:tinkoff-group.com
domain:tinkoff.ai
domain:tinkoffmobile.com
domain:tips.tips
domain:tk.mabo.ltd
domain:tnx.nl
domain:tochka-tech.com
domain:tochka.com
domain:tok.media
domain:tokenator.top
domain:torrent-team.net
domain:torrent.arjlover.net
domain:torrent.eu.org
domain:torrent.hificode.in
domain:torrent.mp3quran.net
domain:torrent.nwps.ws
domain:torrent.resonatingmedia.com
domain:torrent.tdjs.tech
domain:torrent.tracker.durukanbal.com
domain:torrentclub.online
domain:torrentclub.tech
domain:torrents-nn.cn
domain:torrentsmd.com
domain:torrentsnipe.info
domain:torrenttracker.nwc.acsalaska.net
domain:torrentzilla.org
domain:tp.m-team.cc
domain:tplinkwifi.net
domain:tr.bangumi.moe
domain:tr.cili001.com
domain:tr.kxmp.cf
domain:tr.nyacat.pw
domain:tr.ready4.icu
domain:tr.zukizuki.org
domain:tr2.ysagin.top
domain:tr4ck3r.duckdns.org
domain:tracemyip.org
domain:tracker-udp.gbitt.info
domain:tracker-v6.zooki.xyz
domain:tracker.0o.is
domain:tracker.0x.tf
domain:tracker.1h.is
domain:tracker.23794.top
domain:tracker.36dm.com
domain:tracker.acgnx.se
domain:tracker.alaskantf.com
domain:tracker.aletorrenty.pl
domain:tracker.ali213.net
domain:tracker.altrosky.nl
domain:tracker.anirena.com
domain:tracker.anonwebz.xyz
domain:tracker.army
domain:tracker.baltracker.net
domain:tracker.beeimg.com
domain:tracker.belmult.online
domain:tracker.birkenwald.de
domain:tracker.bittor.pw
domain:tracker.bittorrent.am
domain:tracker.blacksparrowmedia.net
domain:tracker.bt-hash.com
domain:tracker.bt4g.com
domain:tracker.btnext.com
domain:tracker.btsync.gq
domain:tracker.bz
domain:tracker.coppersurfer.tk
domain:tracker.corpscorp.online
domain:tracker.cutie.dating
domain:tracker.cyber-hub.net
domain:tracker.cyberia.is
domain:tracker.darkness.services
domain:tracker.dhitechnical.com
domain:tracker.dler.org
domain:tracker.dmcomic.org
domain:tracker.ds.is
domain:tracker.ducks.party
domain:tracker.dutchtracking.nl
domain:tracker.dyne.org
domain:tracker.e-utp.net
domain:tracker.electro-torrent.pl
domain:tracker.etree.org
domain:tracker.eu.org
domain:tracker.ex.ua
domain:tracker.filemail.com
domain:tracker.filepit.to
domain:tracker.files.fm
domain:tracker.flashtorrents.org
domain:tracker.fnix.net
domain:tracker.fortu.io
domain:tracker.frozen-layer.net
domain:tracker.gbitt.info
domain:tracker.gcrenwp.top
domain:tracker.ghostchu-services.top
domain:tracker.gigatorrents.ws
domain:tracker.gmi.gd
domain:tracker.grepler.com
domain:tracker.halfchub.club
domain:tracker.hama3.net
domain:tracker.harry.lu
domain:tracker.hifimarket.in
domain:tracker.iamhansen.xyz
domain:tracker.imgoingto.icu
domain:tracker.internetwarriors.net
domain:tracker.ipv6tracker.org
domain:tracker.kali.org
domain:tracker.kamigami.org
domain:tracker.kuroy.me
domain:tracker.leechers-paradise.org
domain:tracker.leechshield.link
domain:tracker.lelux.fi
domain:tracker.lintk.me
domain:tracker.minglong.org
domain:tracker.mininova.org
domain:tracker.moeblog.cn
domain:tracker.moeking.me
domain:tracker.moxing.party
domain:tracker.msm8916.com
domain:tracker.mywaifu.best
domain:tracker.nanoha.org
domain:tracker.nitrix.me
domain:tracker.noobsubs.net
domain:tracker.nyaa.uk
domain:tracker.nyap2p.com
domain:tracker.open-internet.nl
domain:tracker.openbittorrent.com
domain:tracker.opentracker.se
domain:tracker.opentrackr.org
domain:tracker.parrotlinux.org
domain:tracker.parrotsec.org
domain:tracker.pirateparty.gr
domain:tracker.piratepublic.com
domain:tracker.plx.im
domain:tracker.pmman.tech
domain:tracker.pomf.se
domain:tracker.publicbt.com
domain:tracker.pussytorrents.org
domain:tracker.qu.ax
domain:tracker.renfei.net
domain:tracker.sbsub.com
domain:tracker.shkinev.me
domain:tracker.skynetcloud.site
domain:tracker.skyts.net
domain:tracker.sloppyta.co
domain:tracker.srv00.com
domain:tracker.startwork.cv
domain:tracker.swateam.org.uk
domain:tracker.t-1.org
domain:tracker.tambovnet.org
domain:tracker.tamersunion.org
domain:tracker.tasvideos.org
domain:tracker.teambelgium.net
domain:tracker.theempire.bz
domain:tracker.therarbg.to
domain:tracker.tiny-vps.com
domain:tracker.tntvillage.scambioetico.org
domain:tracker.torrentbay.to
domain:tracker.torrentbytes.net
domain:tracker.torrentleech.org
domain:tracker.torrentsnows.com
domain:tracker.torrenty.org
domain:tracker.torrentyorg.pl
domain:tracker.torrust-demo.com
domain:tracker.trackerfix.com
domain:tracker.trackton.ga
domain:tracker.tricitytorrents.com
domain:tracker.tritan.gg
domain:tracker.tryhackx.org
domain:tracker.uraniumhexafluori.de
domain:tracker.uw0.xyz
domain:tracker.v6speed.org
domain:tracker.vanitycore.co
domain:tracker.vectahosting.eu
domain:tracker.vulnix.sh
domain:tracker.waaa.moe
domain:tracker.xiaoduola.xyz
domain:tracker.yemekyedim.com
domain:tracker.ygsub.com
domain:tracker.yoshi210.com
domain:tracker.zemoj.com
domain:tracker.zerobytes.xyz
domain:tracker.zhuqiy.com
domain:tracker.zum.bi
domain:tracker.zupix.online
domain:tracker0.ufibox.com
domain:tracker01.loveapp.com
domain:tracker1.bt.moack.co.kr
domain:tracker1.itzmx.com
domain:tracker2.christianbro.pw
domain:tracker2.dler.org
domain:tracker2.indowebster.com
domain:tracker2.itzmx.com
domain:tracker3.itzmx.com
domain:tracker4.itzmx.com
domain:tracker6.dler.org
domain:tracker6.lelux.fi
domain:tracker810.xyz
domain:trakx.herokuapp.com
domain:trbcdn.net
domain:tribalmixes.com
domain:trustmyip.com
domain:ts.net
domain:tsundere.pw
domain:ttk2.nbaonlineservice.com
domain:ttvnw.net
domain:turbopages.org
domain:tvoyodbo.online
domain:twinmotion.com
domain:twitch-ext.rootonline.de
domain:twitch.map.fastly.net
domain:twitch.tv
domain:twitchcdn.net
domain:twitchsvc.net
domain:u.wwwww.wtf
domain:uatracker.net
domain:ubs.com
domain:ucoz.ae
domain:ucoz.club
domain:ucoz.co
domain:ucoz.co.il
domain:ucoz.co.uk
domain:ucoz.com
domain:ucoz.com.br
domain:ucoz.com.ro
domain:ucoz.de
domain:ucoz.es
domain:ucoz.fr
domain:ucoz.hu
domain:ucoz.kz
domain:ucoz.lv
domain:ucoz.md
domain:ucoz.net
domain:ucoz.org
domain:ucoz.pl
domain:ucoz.site
domain:ucoz.ua
domain:ucozmail.com
domain:ucozmedia.com
domain:ucoztemplates.com
domain:udp.tracker.projectk.org
domain:ukit.ai
domain:ukit.com
domain:ukit.group
domain:ukit.me
domain:ulol.com
domain:ultra.zt.ua
domain:uma.media
domain:umschool.net
domain:underlords.com
domain:uni.rest
domain:unidraw.io
domain:unirest.tech
domain:unrealengine.com
domain:unrealtournament.com
domain:update.microsoft.com
domain:update.microsoft.com.akadns.net
domain:updates-http.cdn-apple.com
domain:updates.cdn-apple.com
domain:userapi.com
domain:usocial.pro
domain:valakas.rollo.dnsabr.com
domain:valid.apple.com
domain:valvesoftware.com
domain:vibe.community
domain:vimu.tv
domain:viqeo.tv
domain:viqeotv.com
domain:vk-apps.com
domain:vk-cdn.me
domain:vk-cdn.net
domain:vk-portal.net
domain:vk.cc
domain:vk.com
domain:vk.company
domain:vk.design
domain:vk.kz
domain:vk.link
domain:vk.me
domain:vk.team
domain:vkcache.com
domain:vkcdnservice.com
domain:vkclips.app
domain:vkcloud-static.kz
domain:vkcloud.kz
domain:vkcs.cloud
domain:vkgo.app
domain:vklive.app
domain:vkmessenger.app
domain:vkmessenger.com
domain:vkontakte.com
domain:vkpay.app
domain:vkpay.com
domain:vkpay.io
domain:vkplay.live
domain:vkuser.net
domain:vkuseraudio.com
domain:vkuseraudio.net
domain:vkuserlive.com
domain:vkuserlive.net
domain:vkuservideo.com
domain:vkuservideo.net
domain:vkworkspace.kz
domain:vmailru.net
domain:volganet.net
domain:vpn.flying-datacenter.de
domain:vscale.blog
domain:vscale.io
domain:vtb-direct.com
domain:vtb-russia.com
domain:vtb.bank.in
domain:vtb.com
domain:vtb.digital
domain:vtb.promo
domain:vtb24.com
domain:vtbcareer.com
domain:vtbglobalperspectives.com
domain:vtbindia.com
domain:vtbkep.site
domain:vtbpartners.com
domain:vtbrussia.com
domain:w.wwwww.wtf
domain:warehouse.domains
domain:wareztorrent.com
domain:wassermann.online
domain:watchingthehawks.com
domain:wb.am
domain:wb.kg
domain:wb.kz
domain:wbautomation.tech
domain:wbcontent.net
domain:wbr.by
domain:wbstatic.net
domain:wbwh.tech
domain:webvisor.com
domain:webvisor.org
domain:wepzone.net
domain:wgetip.com
domain:whatismyip.com
domain:whatismyip.io
domain:whatismyip.net
domain:whatismyip.org
domain:whatismyipaddress.com
domain:whatismyipaddress.net
domain:whatismyisp.com
domain:whatismyv6.com
domain:whatsmyip.com
domain:whatsmyip.org
domain:where-am-i.co
domain:whitesaas.com
domain:whoer.net
domain:whoerip.com
domain:whois.pconline.com.cn
domain:whoisxmlapi.com
domain:whoosh.bike
domain:wibes.com
domain:wieistmeineip.de
domain:wildberries.am
domain:wildberries.by
domain:wildberries.co.il
domain:wildberries.com
domain:wildberries.es
domain:wildberries.eu
domain:wildberries.ge
domain:wildberries.kg
domain:wildberries.kz
domain:wildberries.lt
domain:wildberries.tj
domain:wildberries.tm
domain:wildberries.uz
domain:windows.com.akadns.net
domain:windowsupdate.com
domain:windowsupdate.microsoft.com
domain:windsurf.com
domain:wink.am
domain:wkms-public.apple.com
domain:wmsjsteam.com
domain:wns.notify.trafficmanager.net
domain:wns.windows.com
domain:worldboxingvideoarchive.com
domain:worldcuprussia.com
domain:ws.microsoft.com
domain:wtfismyip.com
domain:wustat.windows.com
domain:www-cdn.icloud.com.akadns.net
domain:wwwicloud.com
domain:x5.ai
domain:x5.com
domain:x5.digital
domain:x5.group
domain:x5.media
domain:x5.team
domain:x5.tech
domain:x5static.net
domain:xbox
domain:xbox.co
domain:xbox.eu
domain:xbox.org
domain:xbox360.co
domain:xbox360.com
domain:xbox360.eu
domain:xbox360.org
domain:xboxab.com
domain:xboxgamepass.com
domain:xboxgamestudios.com
domain:xboxone.co
domain:xboxone.com
domain:xboxone.eu
domain:xboxplayanywhere.com
domain:xboxservices.com
domain:xboxstudios.com
domain:xbx.lv
domain:xlnk.ms
domain:xn-----6kc7adj0c9esa.com
domain:xn----7sbaba0dc6cdn7cxcj.com
domain:xn----7sbabae2a0bnvtsfr4loc.com
domain:xn----7sbbab6bregnh7b8if5b.com
domain:xn----7sbbamm1bv2bh7i.com
domain:xn----8sbaroledu6bi7j.com
domain:xn----8sbeoy5bze.com
domain:xn--80adxhks
domain:xn--80aqcf7a6do.com
domain:xn--80asehdb
domain:xn--80aswg
domain:xn--90ab.com
domain:xn--90aifd0az.shop
domain:xn--90aifd0aza.site
domain:xn--b1aechhj6bof8g5a.site
domain:xn--c1avg
domain:xn--d1abkf4ap.fun
domain:xn--d1acj3b
domain:xn--e1adjldbbpv.xn--90ais
domain:xn--h1ao.site
domain:xn--p1acf
domain:xn--p1ai
domain:xp.apple.com
domain:xwt-classics.net
domain:xxxtor.com
domain:xz.pphimalayanrt.com
domain:ya.cc
domain:yads.tech
domain:yandex
domain:yandex-bank.net
domain:yandex.aero
domain:yandex.asia
domain:yandex.az
domain:yandex.by
domain:yandex.cloud
domain:yandex.co.il
domain:yandex.com
domain:yandex.com.am
domain:yandex.com.ge
domain:yandex.com.tr
domain:yandex.com.ua
domain:yandex.de
domain:yandex.ee
domain:yandex.eu
domain:yandex.fi
domain:yandex.fr
domain:yandex.jobs
domain:yandex.kg
domain:yandex.kz
domain:yandex.lt
domain:yandex.lv
domain:yandex.md
domain:yandex.mobi
domain:yandex.net
domain:yandex.org
domain:yandex.pl
domain:yandex.st
domain:yandex.sx
domain:yandex.tj
domain:yandex.tm
domain:yandex.tr
domain:yandex.ua
domain:yandex.uz
domain:yandexadexchange.net
domain:yandexcloud.net
domain:yandexcom.net
domain:yandexgo.com
domain:yandexmetrica.com
domain:yandexwebcache.net
domain:yandexwebcache.org
domain:yango-ads.com
domain:yango-b2b.com
domain:yango-team.com
domain:yango-tech.com
domain:yango.africa
domain:yango.ao
domain:yango.bh
domain:yango.co.il
domain:yango.com
domain:yango.fi
domain:yango.qa
domain:yango.taxi
domain:yango.tech
domain:yangofellowship.com
domain:yantp.net
domain:yaplakal.com
domain:yastat.net
domain:yastatic.net
domain:yclients.com
domain:yndx.net
domain:youla.io
domain:yourgood.app
domain:yuwabits.net
domain:z.mercax.com
domain:zentotem.net
domain:zephir.monocul.us
domain:zer0day.ch
domain:zer0day.to
domain:zone-torrent.net
domain:zte.home
domain:zvuk-b2b.com
domain:zvuk.com
full:asusrouter.com
full:avitostat.avito.com
full:cdn-asset.ura.news
full:checkip.dyn.com
full:checkip.dyndns.org
full:checkip.global.api.aws
full:dodopizza.threads.im
full:energo.app
full:g0.sunlight.net
full:g1.sunlight.net
full:g2.sunlight.net
full:g3.sunlight.net
full:g4.sunlight.net
full:g5.sunlight.net
full:g6.sunlight.net
full:g7.sunlight.net
full:g8.sunlight.net
full:g9.sunlight.net
full:go.detmir.st
full:instant.arubanetworks.com
full:ip-check-perf.radar.cloudflare.com
full:ipv4-check-perf.radar.cloudflare.com
full:ipv6-check-perf.radar.cloudflare.com
full:lolstatic-a.akamaihd.net
full:miwifi.com
full:mobile-api.energo.app
full:motiv.me
full:mvideo.edna.io
full:myip.dnsomatic.com
full:oasisauth.h3c.com
full:portal.s7cdn.online
full:public.s7cdn.online
full:router.asus.com
full:routerlogin.com
full:s3-portal.s7cdn.online
full:set.ki
full:setmeup.arubanetworks.com
full:tass.com
full:taxsee.pro
full:tplogin.cn
full:tsum.com
full:unleash.internal.setka.work
full:ura.news
full:vmeste-rf.tv
full:whatismyip.akamai.com
full:www.asusrouter.com
full:www.miwifi.com
full:www.routerlogin.com
