domain:ai.google.dev
domain:ai.studio
domain:aida.googleapis.com
domain:aisandbox-pa.googleapis.com
domain:aistudio.google.com
domain:aitestkitchen.withgoogle.com
domain:antigravity-pa.googleapis.com
domain:antigravity-unleash.goog
domain:antigravity.google
domain:antigravity.googleapis.com
domain:apis.google.com
domain:assistant-s3-pa.googleapis.com
domain:bard.google.com
domain:clients6.google.com
domain:cloudaicompanion.googleapis.com
domain:cloudcode-pa.googleapis.com
domain:daily-cloudcode-pa.googleapis.com
domain:deepmind.com
domain:deepmind.google
domain:developerprofiles-pa.googleapis.com
domain:geller-pa.googleapis.com
domain:gemini.google
domain:gemini.google.com
domain:generativeai.google
domain:generativelanguage.googleapis.com
domain:jules.google
domain:jules.google.com
domain:labs.google
domain:labs.google.com
domain:lookerstudio.google.com
domain:makersuite.google.com
domain:notebooklm-pa.googleapis.com
domain:notebooklm.google
domain:notebooklm.google.com
domain:notebooklm.googleapis.com
domain:o.pki.goog
domain:opal.google
domain:opal.google.com
domain:proactivebackend-pa.googleapis.com
domain:robinfrontend-pa.googleapis.com
domain:suggestqueries.google.com
