domain:adidassailing.com
domain:adidas.cz
domain:adidas.be
domain:adidas.bh
domain:adidas.ca
domain:adidas.ch
domain:adidas.cl
domain:adidas.co
domain:shopadidas.com
domain:shopadidas.ca
domain:miteam.com
domain:micoach.com
domain:miadidas.com
domain:adidasusnews.com
domain:adidastabletennis.com
domain:adidas.com
domain:adidasspecialtysports.sk
domain:adidas.nl
domain:adidasspecialtysports.se
domain:adidasspecialtysports.ru
domain:adidasspecialtysports.pl
domain:adidasspecialtysports.nl
domain:adidas.at
domain:adidasspecialtysports.it
domain:adidasspecialtysports.ie
domain:adidasspecialtysports.fr
domain:adidas.mx
domain:adidasspecialtysports.fi
domain:adidasspecialtysports.es
domain:adidasspecialtysports.dk
domain:adidasspecialtysports.de
domain:adidasspecialtysports.at
domain:adidas.de
domain:adidas.dk
domain:adidas.es
domain:adidas.fi
domain:adidas.fr
domain:adidas.gr
domain:adidas.hu
domain:adidas.ie
domain:adidas.in
domain:adidas.it
domain:adidasadmin.com
domain:adidasspecialtysports.cz
domain:adidasspecialtysports.be
domain:adidas.no
domain:adidas.pe
domain:adidas.pl
domain:adidas.pt
domain:adidas.ru
domain:adidas.se
domain:adidas.sk
domain:adidas.jp
domain:adidasarchive.org
domain:adidas-archive.org
domain:adidasbadminton.com
domain:adidasboxing.com
domain:adidascdn.com
domain:adidas-group.ca
domain:adidas-group.com
domain:adidasgymnastics.com
domain:adidashockey.com
domain:adidasmotorsport.com
domain:adidas.ae
domain:adidas.com.my
domain:adidas.com.au
domain:adidasspecialtysports.co.uk
domain:adidas.com.sa
domain:adidas.com.vn
domain:adidas.com.tw
domain:adidas.com.tr
domain:adidas.com.sg
domain:adidas.com.qa
domain:adidas.com.ph
domain:adidas.com.pe
domain:adidas.com.hk
domain:adidas.com.eg
domain:adidas.com.co
domain:adidas.com.br
domain:adidas.com.ar
domain:adidas.co.za
domain:adidas.co.uk
domain:adidas.co.th
domain:adidas.co.nz
domain:adidas.co.kr
domain:adidas.co.in
domain:adidas.co.id
domain:adidas.cn
domain:adidas.com.cn
domain:adidasspecialtysports.cn
