full:ykimg.alicdn.com
domain:alibaba
domain:alipay
domain:taobao
domain:tmall
domain:wandoujia.com
domain:mei.com
domain:95095.com
domain:ali-health.com
domain:aliapp.org
domain:alibaba-inc.com
domain:alibaba.com
domain:alibabacapital.com
domain:alibabachengdun.com
domain:alibabachengdun.net
domain:alibabacorp.com
domain:alibabadesign.com
domain:alibabadoctor.com
domain:alibabafonts.com
domain:alibabafoundation.com
domain:alibabafuturehotel.com
domain:alibabagroup.com
domain:alibabapictures.com
domain:alibabaplanet.com
domain:alibabaued.com
domain:alibabausercontent.com
domain:alifanyi.com
domain:aligenie.com
domain:alihealth.cn
domain:alihive.com
domain:aliimg.com
domain:alikmd.com
domain:alimama.cn
domain:alimama.com
domain:alimebot.com
domain:alimei.com
domain:alimmdn.com
domain:alios.cn
domain:alipay-eco.com
domain:alipay.cn
domain:alipay.com
domain:alipaydns.com
domain:alipaylog.com
domain:alipayobjects.com
domain:aliplus.com
domain:aliresearch.com
domain:alisoft.com
domain:alisports.com
domain:alitianji.com
domain:aliunicorn.com
domain:aliway.com
domain:aliwork.com
domain:alixiaomi.com
domain:alizhaopin.com
domain:alyms.cn
domain:alysm.cn
domain:asczwa.com
domain:asczxcefsv.com
domain:asmlink.cn
domain:atatech.org
domain:b2byao.com
domain:bazai.com
domain:bcvbw.com
domain:cheng.xin
domain:cloudeagle.cn
domain:damai.cn
domain:dayu.com
domain:dfkhgj.com
domain:doctoryou.ai
domain:doctoryou.cn
domain:dongting.com
domain:dratio.com
domain:emas-poc.com
domain:gongyi.xin
domain:hupan.com
domain:hzchengdun.com
domain:hzchengdun.net
domain:ialicdn.com
domain:iconfont.cn
domain:ics.design
domain:imgcook.com
domain:jhgtgb.com
domain:jiyoujia.com
domain:kanbox.com
domain:lazada.com
domain:liangxinyao.com
domain:m-now.cn
domain:maitix.com
domain:mappcloud.com
domain:mdeer.com
domain:zhisheng.com
domain:miaostreet.com
domain:miaoya.cn
domain:mmstat.com
domain:mshare.cc
domain:nic.xin
domain:philanthropy.xin
domain:phpwind.com
domain:phpwind.net
domain:pp.cn
domain:qingtingtrip.com
domain:rexpos.cn
domain:shejijia.com
domain:shenjing.com
domain:aliyundrive.net
domain:sparenode.com
domain:supet.com
domain:tanx.com
domain:ttpod.com
domain:xin.xin
domain:xinlingshou.cn
domain:xixikf.cn
domain:yowhale.com
domain:yunos-inc.com
domain:yunos.com
domain:yushanfang.com
domain:zimgs.cn
domain:zuodao.com
domain:aliexpress.com
domain:aliexpress-media.com
domain:alipayplus.com
domain:freshhema.com
domain:freshippo.com
domain:hemamax.com
domain:hemaos.com
domain:hemashare.cn
domain:shyhhema.com
domain:antfortune.com
domain:fund123.cn
domain:antfin.com
domain:antgroup.com
domain:antgroup-inc.cn
domain:sm.cn
domain:yisou.com
domain:1688.com
domain:duanqu.com
domain:etao.com
domain:juhuasuan.com
domain:lingshoujia.com
domain:mashort.cn
domain:pailitao.com
domain:taobao.com
domain:taobao.net
domain:taobao.org
domain:taobaocdn.com
domain:taobizhong.com
domain:taopiaopiao.com
domain:taotian.com
domain:tb.cn
domain:tbcache.com
domain:tbcdn.cn
domain:tburl.in
domain:tmall.com
domain:tmalltv.com
domain:tmjl.ai
domain:cueme.cn
domain:myquark.cn
domain:quark.cn
domain:alitrip.com
domain:feizhu.cn
domain:feizhu.com
domain:fliggy.com
domain:iuynfg.com
domain:xiami.com
domain:xiami.fm
domain:xiami.net
domain:koubei.com
domain:56che.com
domain:wdjimg.com
domain:aliyun.com
domain:88cha.com
domain:amap.com
domain:goofish.com
domain:kaola.com
domain:kaolacdn.com
domain:lydaas.cn
domain:lydaas.com
domain:aliyundrive.com
domain:aliyundrive.cloud
domain:alipan.com
domain:lydaas.net
domain:lydass.cn
domain:alicloudccp.com
domain:lydass.net
domain:a-map.cn
domain:a-map.co
domain:a-map.link
domain:a-map.vip
domain:acloudrender.com
domain:npmmirror.com
domain:amap.net
domain:amapauto.com
domain:anav.com
domain:autonavi.com
domain:gaode.com
domain:ddurl.to
domain:dingding.xin
domain:dingstore.cn
domain:dingtalk.cn
domain:dingtalk.com
domain:dingtalk.net
domain:dingtalkapps.com
domain:dingtalkcloud.com
domain:laiwang.com
domain:lwurl.to
domain:ztna-dingtalk.com
domain:doservice.com
domain:ele.me
domain:ele.to
domain:eleme.cn
domain:eleme.io
domain:elemecdn.cn
domain:elemecdn.com
domain:elenet.me
domain:fengniaojipei.net
domain:9xsecndns.cn
domain:kumiao.com
domain:soku.com
domain:tudou.com
domain:ykimg.com
domain:youku.com
domain:youkuhonor.com
domain:56xiniao.com
domain:cainiao-inc.com
domain:cainiao.com
domain:cainiaoyizhan.com
domain:danniao.com
domain:dianwoda.cn
domain:dianwoda.com
domain:guoguo-app.com
domain:lingxigames.com
domain:11222.cn
domain:aliwx.net
domain:ishuqi.com
domain:newstjk.com
domain:shuqi.com
domain:shuqiapi.com
domain:shuqiread.com
domain:shuqireader.com
domain:shuqistat.com
domain:sqreader.com
domain:jiaoyimao.com
domain:open-uc.cn
domain:uc-engine.cn
domain:uc.cn
domain:uc123.com
domain:ucfly.com
domain:ucweb.com
domain:uczzd.cn
domain:alibabadns.com
domain:alicdn.com
domain:alicloudapi.com
domain:alidayu.com
domain:alidns.com
domain:aligfwaf.com
domain:alikunlun.com
domain:alikunlun.net
domain:aliyun-inc.com
domain:aliyun-iot-share.com
domain:25pp.com
domain:aliyuncdn.com
domain:aliyuncdn.net
domain:aliyunfile.com
domain:aliyunidaas.com
domain:aliyunpds.com
domain:cdngslb.com
domain:fcapp.run
domain:hichina.com
domain:ica-alliance.org
domain:kunlunaq.com
domain:kunlunar.com
domain:kunlunca.com
domain:kunluncan.com
domain:kunlunea.com
domain:kunlungem.com
domain:kunlungr.com
domain:kunlunhuf.com
domain:kunlunle.com
domain:kunlunli.com
domain:kunlunno.com
domain:kunlunpi.com
domain:kunlunra.com
domain:kunlunsa.com
domain:kunlunsc.com
domain:kunlunsl.com
domain:kunlunso.com
domain:kunlunta.com
domain:kunlunvi.com
domain:kunlunwe.com
domain:mxhichina.com
domain:myalicdn.com
domain:jiaoyimao.cn
domain:aligames.com
domain:9game.cn
domain:whalecloud.com
domain:uyunad.com
domain:umtrack.com
domain:umsns.com
domain:umengcloud.com
domain:umeng.com
domain:shujupie.com
domain:puata.info
domain:mobmore.com
domain:cnzz.com
domain:teambitionapis.com
domain:teambition.net
domain:teambition.com
domain:registry.aliyuncs.com
domain:alipay.com.cn
domain:oss-cn-zhangjiakou.aliyuncs.com
domain:hotfix-api.aliyuncs.com
domain:oss-cn-shanghai.aliyuncs.com
domain:oss-cn-qingdao.aliyuncs.com
domain:oss-cn-nanjing.aliyuncs.com
domain:oss-cn-huhehaote.aliyuncs.com
domain:oss-cn-heyuan.aliyuncs.com
domain:oss-cn-hangzhou.aliyuncs.com
domain:cn-shanghai.aliyuncs.com
domain:oss-cn-chengdu.aliyuncs.com
domain:log-global.aliyuncs.com
domain:cn-chengdu.aliyuncs.com
domain:oss-cn-guangzhou.aliyuncs.com
domain:cn-hangzhou.aliyuncs.com
domain:cn-guangzhou.aliyuncs.com
domain:oss-cn-shenzhen.aliyuncs.com
domain:cn-beijing.aliyuncs.com
domain:aliwx.com.cn
domain:cainiao.com.cn
domain:lydass.com.cn
domain:lydaas.com.cn
domain:saee.org.cn
domain:oss-cn-wulanchabu.aliyuncs.com
domain:alihealth.com.cn
domain:oss-cn-beijing.aliyuncs.com
domain:alihealth.hk
domain:ae-rus.net
domain:aedns.ru
domain:aeplatform.ru
domain:aestatic.net
domain:aliexpress.ru
domain:alipay.hk
domain:alipaymo.com
domain:tmall.hk
domain:tmall.ru
domain:fliggy.hk
domain:a.alimama.cn
domain:adash-c.m.taobao.com
domain:adash-c.ut.taobao.com
domain:adash.m.taobao.com
domain:adashbc.m.taobao.com
domain:adashbc.ut.taobao.com
domain:adashx.m.taobao.com
domain:adashx4ae.ut.taobao.com
domain:adashx4yt.m.taobao.com
domain:adashxgc.ut.taobao.com
domain:adsh.m.taobao.com
domain:adtrack.quark.cn
domain:c-adash.m.taobao.com
domain:fourier.taobao.com
domain:g.click.taobao.com
domain:h-adashx.ut.taobao.com
domain:h-adashx4yt.ut.taobao.com
domain:m-adash.m.taobao.com
domain:marketing.alibaba.com
domain:nbsdk-baichuan.taobao.com
domain:retcode.taobao.com
domain:tns.simba.taobao.com
domain:track.lc.quark.cn
domain:v6-adashx.ut.taobao.com
domain:adashx.ut.amap.com
domain:dualstack-logs.amap.com
domain:logs.amap.com
domain:optimus-ads.amap.com
domain:v6-adashx.ut.amap.com
domain:adashx.ut.ele.me
domain:h-adashx.ut.ele.me
domain:v6-adashx.ut.ele.me
domain:youku.tv
domain:youkuplay.com
domain:ad.api.3g.youku.com
domain:ad.api.mobile.youku.com
domain:ad.mobile.youku.com
domain:adashx.ut.youku.com
domain:atm.youku.com
domain:e.stat.ykimg.com
domain:ems.youku.com
domain:guanggaoad.youku.com
domain:h-adashx.ut.youku.com
domain:lstat.youku.com
domain:mobilemsg.youku.com
domain:msg.youku.com
domain:p-log.ykimg.com
domain:passport-log.youku.com
domain:pl.youku.com
domain:s-adashx.ut.youku.com
domain:stat.youku.com
domain:statis.api.3g.youku.com
domain:v6-adashx.ut.youku.com
domain:yk-ssp.ad.youku.com
domain:ykad-data.youku.com
domain:alibabacloud.co.in
domain:alibabacloud.com
domain:alibabacloud.com.au
domain:alibabacloud.com.hk
domain:alibabacloud.com.my
domain:alibabacloud.com.sg
domain:alibabacloud.com.tw
domain:alicloud.com
full:account-cn.alibabacloud.com
full:api.alibabacloud.com
full:cn.alibabacloud.com
full:status.alibabacloud.com
domain:v6-adashx.ut.cainiao.com
domain:ads.uc.cn
domain:adslot.uc.cn
domain:ap-southeast-1.aliyuncs.com
domain:cn-hongkong.aliyuncs.com
domain:oss-ap-northeast-1.aliyuncs.com
domain:oss-ap-northeast-2.aliyuncs.com
domain:oss-ap-south-1.aliyuncs.com
domain:oss-ap-southeast-1.aliyuncs.com
domain:oss-ap-southeast-2.aliyuncs.com
domain:oss-ap-southeast-3.aliyuncs.com
domain:oss-ap-southeast-5.aliyuncs.com
domain:oss-ap-southeast-6.aliyuncs.com
domain:oss-ap-southeast-7.aliyuncs.com
domain:oss-cn-hongkong.aliyuncs.com
domain:oss-eu-central-1.aliyuncs.com
domain:oss-eu-west-1.aliyuncs.com
domain:oss-me-east-1.aliyuncs.com
domain:oss-us-east-1.aliyuncs.com
domain:oss-us-west-1.aliyuncs.com
domain:acjs.aliyun.com
domain:adash-emas.cn-hangzhou.aliyuncs.com
domain:adash.man.aliyuncs.com
domain:alimama.alicdn.com
domain:atanx.alicdn.com
domain:atanx2.alicdn.com
domain:baichuan-sdk.alicdn.com
domain:nbsdk-baichuan.alicdn.com
domain:tce.alicdn.com
domain:aaid.umeng.com
domain:alog.umeng.com
domain:alog.umengcloud.com
domain:alogs.umeng.com
domain:alogus.umeng.com
domain:ar.umeng.com
domain:aspect-upush.umeng.com
domain:audid.umeng.com
domain:ccs.umeng.com
domain:cnlogs.umeng.com
domain:cnlogs.umengcloud.com
domain:log.umtrack.com
domain:new-aaid.umeng.com
domain:new-aaid.umeng.com.gds.alibabadns.com
domain:oc.umeng.com
domain:plbslog.umeng.com
domain:resolve.umeng.com
domain:ulogs.umeng.com
domain:ulogs.umengcloud.com
domain:utoken.umeng.com
domain:w.cnzz.com
domain:z.gds.cnzz.com
