full:notary-submissions-prod.s3-accelerate.amazonaws.com
full:notary-submissions-prod.s3.us-west-2.amazonaws.com
full:appleworldwidedeveloper.hb-api.omtrdc.net
full:appleworldwidedeveloper.sc.omtrdc.net
full:p-events-delivery.akamaized.net
domain:macruby.com
domain:cups.org
domain:macruby.net
domain:swift.org
domain:appleswift.com
domain:webobjects.com
domain:wpewebkit.org
domain:calendarserver.org
domain:macruby.org
domain:macosforge.org
domain:servicetalk.io
domain:apple-cloudkit.com
domain:foundationdb.org
domain:apple-mapkit.com
domain:webkitgtk.org
domain:carekit.org
domain:researchandcare.org
domain:researchkit.hk
domain:researchkit.net
domain:researchkit.org
domain:researchkit.tv
domain:webkit.org
domain:timestamp.apple.com
domain:playgrounds-cdn.apple.com
domain:developerservices2.apple.com
domain:devstreaming-cdn.apple.com
domain:devimages-cdn.apple.com
domain:developer.apple.com
full:cdn.apple-mapkit.com
full:cdn1.apple-mapkit.com
full:cdn2.apple-mapkit.com
full:cdn3.apple-mapkit.com
full:cdn4.apple-mapkit.com
full:cdn-cn.apple-mapkit.com
full:cdn-cn1.apple-mapkit.com
full:cdn-cn2.apple-mapkit.com
full:cdn-cn3.apple-mapkit.com
full:cdn-cn4.apple-mapkit.com
domain:researchkit.cn
domain:researchkit.com.cn
domain:swiftui.cn
domain:swiftui.com.cn
