domain:baidu
domain:91.com
domain:aipage.com
domain:antpcdn.com
domain:apollo.auto
domain:baidu-cdn.cn
domain:baidu-cdn.com
domain:baidu-cdn.net
domain:baidu.cn
domain:baidu.com
domain:baiduapp.com
domain:baidubce.com
domain:baidubcr.com
domain:baiducontent.com
domain:baidupcs.com
domain:baidustatic.com
domain:baiduyuncdn.cn
domain:baiduyuncdn.com
domain:baiduyuncdn.net
domain:baifae.com
domain:baifubao.com
domain:bce-cdn.cn
domain:bce-cdn.com
domain:bce-cdn.net
domain:bcebos.com
domain:bcelive.com
domain:bdcloudapi.com
domain:bdimg.com
domain:bdstatic.com
domain:bdtjrcv.com
domain:bdurl.net
domain:bdycdn.cn
domain:bdycdn.net
domain:bdydns.cn
domain:bdydns.com
domain:bdydns.net
domain:chuanke.com
domain:dlnel.com
domain:dlnel.org
domain:duapp.com
domain:duapp.net
domain:duapps.com
domain:duurl.cn
domain:dwz.cn
domain:hao123.com
domain:hao123img.com
domain:hao222.com
domain:haokan.com
domain:jomocdn.cn
domain:jomocdn.net
domain:jomodns.cn
domain:jomodns.com
domain:jomodns.net
domain:jomoxc.com
domain:mipcdn.com
domain:nuomi.com
domain:quyaoya.com
domain:shifen.com
domain:smartapps.cn
domain:tieba.com
domain:tiebaimg.com
domain:xdrtc.com
domain:xianfae.com
domain:xiaodutv.com
domain:yoojia.com
domain:combofin.com
domain:duxiaoman-int.com
domain:duxiaoman.com
domain:duxiaomanfintech.com
domain:duxiaomanfund.com
domain:duxiaomantech.com
domain:dxm-cdn.com
domain:dxm-int.com
domain:dxmbaoxian.com
domain:dxmjinr.com
domain:dxmlcf.com
domain:dxmlcfintech.com
domain:dxmpay.com
domain:dxmstatic.com
domain:dxmyqh.com
domain:paydxm.com
domain:zuoyebang.cc
domain:zuoyebang.com
domain:zybang.com
domain:baidu.com.cn
domain:adscdn.baidu.com
domain:adx.xiaodutv.com
domain:afd.baidu.com
domain:afdconf.baidu.com
domain:baifen.music.baidu.com
domain:bzclk.baidu.com
domain:cb.baidu.com
domain:cbjs.baidu.com
domain:cm.baidu.com
domain:cpro.baidu.com
domain:cpro.baidustatic.com
domain:cpu.baidu.com
domain:cstm.baidu.com
domain:drmcmm.baidu.com
domain:duiwai.baidu.com
domain:dup.baidustatic.com
domain:eclick.baidu.com
domain:ecma.bdimg.com
domain:ecmb.bdimg.com
domain:ecmc.bdimg.com
domain:eduad.baidu.com
domain:eiv.baidu.com
domain:fclick.baidu.com
domain:fclog.baidu.com
domain:h2tcbox.baidu.com
domain:hao123union.baidu.com
domain:hm.baidu.com
domain:hmma.baidu.com
domain:imgstat.baidu.com
domain:iwanad.baidu.com
domain:miaowu.baidu.com
domain:mipcache.bdstatic.com
domain:mobads.baidu.com
domain:mobads-logs.baidu.com
domain:mobads-pre-config.cdn.bcebos.com
domain:mountain.zhidao.baidu.com
domain:nsclick.baidu.com
domain:nsclickvideo.baidu.com
domain:pimlog.baidu.com
domain:pos.baidu.com
domain:sclick.baidu.com
domain:spcode.baidu.com
domain:tcbox.baidu.com
domain:ubmcvideo.baidustatic.com
domain:union.baidu.com
domain:unionimage.baidu.com
domain:wangmeng.baidu.com
domain:wkctj.baidu.com
domain:wm.baidu.com
domain:zz.bdstatic.com
domain:syh.zybang.com
