domain:bridgestone
domain:tiresplus.com
domain:bastropfirestone.com
domain:blizzak-juken.jp
domain:bookmybridgestonetyre.com
domain:bridgestone-asiapacific.com
domain:bridgestone-bandag.com
domain:bridgestone-brand.com
domain:bridgestone-business-service.jp
domain:nokiantyres.com
domain:bridgestone-plt-eng.com
domain:bridgestone-tac-oman.com
domain:bridgestone.cl
domain:wheelworks.net
domain:hibdontire.com
domain:firestonetire.com
domain:bridgestonetire.com
domain:firestonerewards.com
domain:bridgestone.com
domain:firestoneip.com
domain:firestonedrivestore.com
domain:firestonecompleteautocare.com
domain:firestonecomercial.cl
domain:firestonebpco.com
domain:firestone.cl
domain:crossfitfirestone.com
domain:bridgestoneamericas.com
domain:bridgestonearena.com
domain:bridgestonevan.com
domain:bridgestonecomercial.cl
domain:bandag.com
domain:cfna.com
domain:bandag.cc
domain:thetread.com
domain:store-bridgestonesports.com
domain:bridgestonegolf.com
domain:bridgestonegz.com
domain:bridgestonela.com
domain:bridgestonemarketing.com
domain:bridgestonemerchandise.com
domain:bridgestonenationalfleet.com
domain:bridgestoneperformance.com
domain:bridgestoneperformancemedia.net
domain:bridgestonerapiddelivery.com
domain:bridgestonerewards.com
domain:bridgestonesyb.com
domain:bridgestonetire.ca
domain:firestonetire.ca
domain:prodrive-japan.com
domain:bridgestonecntc.com
domain:bridgestonewx.com
domain:bs-adreview.com
domain:potenza.jp
domain:playz.jp
domain:bsw.jp
domain:carcare-and-tireshop.jp
domain:daytontrucktires.com
domain:ecoforme.jp
domain:gcrtires.com
domain:jsbridgestone.com
domain:menshin-channel.com
domain:monitrix.net
domain:mr-tireman.jp
domain:mybridgestoneeducation.com
domain:bridgestone.co.id
domain:firestone.com.co
domain:bsw.co.jp
domain:bridgestonecomercial.com.mx
domain:bridgestonecomercial.com.co
domain:bridgestone.com.sg
domain:bridgestonecomercial.com.ar
domain:bridgestonecomercial.co.cr
domain:bridgestone.com.vn
domain:bridgestone.com.tw
domain:firestone.co.cr
domain:firestone.com.ar
domain:firestone.com.br
domain:bridgestone-korea.co.kr
domain:bridgestone.com.br
domain:bridgestone.com.mx
domain:bs-awh.ne.jp
domain:firestonecomercial.co.cr
domain:firestonecomercial.com.ar
domain:firestonecomercial.com.br
domain:firestonecomercial.com.co
domain:firestonecomercial.com.mx
domain:bridgestone.com.co
domain:bridgestonetyre.com.my
domain:bridgestone.com.ar
domain:bridgestone.co.th
domain:bridgestone.co.jp
domain:bridgestone.co.in
domain:firestone.com.mx
domain:bridgestone.co.cr
domain:bridgestonecomercial.com.br
domain:bridgestone.cn
domain:bridgestone.com.cn
domain:nokiantyres.cn
