full:matsuridayo.github.io
full:metacubex.github.io
full:rabbit-hole-1.gitbook.io
full:throneproj.github.io
full:trojan-gfw.github.io
full:xtls.github.io
domain:2dust.link
domain:ahmia.fi
domain:akasha.world
domain:amnezia.org
domain:browserleaks.com
domain:bypasscensorship.org
domain:censorship.ai
domain:clashmi.app
domain:clashparty.org
domain:clashverge.dev
domain:clashyun.com
domain:dat.foundation
domain:democracy.earth
domain:eff.org
domain:ffprofile.com
domain:flclashx.app
domain:flowvy.io
domain:freenetproject.org
domain:fteproxy.org
domain:geti2p.net
domain:getoutline.org
domain:gfw.report
domain:guardianproject.info
domain:happ.info
domain:happ.su
domain:hiddify.com
domain:incy.cc
domain:jitsi.org
domain:karing.app
domain:lokinet.org
domain:metacubex.one
domain:nsloon.com
domain:ntc.party
domain:onexray.com
domain:onionshare.org
domain:ooni.org
domain:openvpn.net
domain:privacytools.io
domain:prizrak.app
domain:proxifier.com
domain:psiphon.ca
domain:psiphon3.com
domain:sagernet.org
domain:shadowlaunch.com
domain:shadowsocks.org
domain:sing-box.app
domain:sspanel.net
domain:stash.wiki
domain:stash.ws
domain:stunnel.org
domain:telex.cc
domain:tribler.org
domain:tunsafe.com
domain:turkeyblocks.org
domain:uproxy.org
domain:vpnrouter.homes
domain:vuvuzela.io
domain:wgtunnel.com
domain:whonix.org
domain:wikileaks.org
domain:wireguard.com
domain:wiresock.net
domain:zeronet.io
domain:applecensorship.com
domain:freebrowser.org
domain:freewechat.com
domain:freeweibo.com
domain:freezhihu.org
domain:googlecensorship.org
domain:greatfire.org
domain:greatfirevpn.com
domain:pao-pao.net
domain:wikiunblocked.org
domain:haveibeenpwned.com
domain:pwnedpasswords.com
domain:softether.org
domain:softether-download.com
domain:opengw.net
domain:vpngate.jp
domain:vpngate.net
domain:citizenlab.ca
domain:citizenlab.org
domain:paskoocheh.com
domain:getlantern.org
domain:lantern.io
domain:epicbrowser.com
domain:torproject.org
domain:v2ray.com
domain:v2ray.cool
domain:v2fly.org
domain:docs.rw
domain:log.rw
domain:try.rw
domain:ipns.co
domain:ipfs.tech
domain:cloudflare-ipfs.com
domain:cf-ipfs.com
domain:ipfs.io
domain:ipfs-gateway.cloud
domain:c4rex.co
domain:via0.com
domain:nftstorage.link
domain:jorropo.net
domain:crustwebsites.net
domain:4everland.io
domain:dweb.link
domain:ceno.app
domain:censorship.no
domain:twister.net.co
domain:ipfs.anonymize.com
domain:ipfs.runfission.com
domain:gateway.pinata.cloud
domain:ipfs.eternum.io
domain:ipfs.best-practice.se
domain:ipfs.lain.la
domain:ipfs.fleek.co
domain:ipfs.eth.aragon.network
