full:p1-juejin.byteimg.com
full:p2-juejin.byteimg.com
full:p3-juejin.byteimg.com
full:p4-juejin.byteimg.com
full:p5-juejin.byteimg.com
full:p6-juejin.byteimg.com
full:p7-juejin.byteimg.com
full:p8-juejin.byteimg.com
full:p9-juejin.byteimg.com
domain:tracup.com
domain:sxlcdn.cn
domain:ejoy.com
domain:jinrishici.com
domain:kaihong.com
domain:oend.net
domain:openvela.com
domain:php.cn
domain:pingcode.com
domain:tipdm.org
domain:weboss.hk
domain:zuidaima.com
domain:aixcoder.com
domain:nnthink.com
domain:apipost.cn
domain:apipost.net
domain:baltamatica.cn
domain:baltamatica.net
domain:baltamatica.com
domain:asktug.com
domain:aardio.com
domain:pingcap.com
domain:tidb.ai
domain:tidb.net
domain:tidbcloud.com
domain:tikv.org
domain:segmentfault.com
domain:sifou.com
domain:u3d.cn
domain:unity.cn
domain:unitychina.cn
domain:unity3dcloud.cn
domain:apifox.cn
domain:apifox.com
domain:gitcode.com
domain:gitchat.cn
domain:csdn.net
domain:kaifayun.com
domain:csdnimg.cn
domain:csto.com
domain:csdn.com
domain:gitbook.cn
domain:datasea.cn
domain:codechina.net
domain:gitcode.net
domain:iteye.com
domain:goproxy.cn
domain:goproxy.io
domain:juejin.cn
domain:juejin.im
domain:xitu.io
domain:dengguobi.com
domain:houyicaiji.com
domain:jinglingbiaozhu.com
domain:oschina.net
domain:mysxl.cn
domain:gitee.io
domain:pgyer.com
domain:pingcap.cn
domain:cocos.com
domain:gitee.com
domain:sxl.cn
domain:frontjs.com
domain:sxlcdn.com
domain:openmidas.com
domain:qq.design
domain:qqgamedesign.com
domain:tencent-cloud.cn
domain:tencent-cloud.com
domain:tencent.design
domain:tencentcloud.com
domain:tjstats.com
domain:wegamedeveloper.com
domain:weixinbridge.com
domain:weui.io
domain:coding.me
domain:coding.net
domain:cnb.cool
domain:openkylin.top
domain:ubuntukylin.com
domain:blogjava.net
domain:cnblogs.com
domain:cnblogs.vip
domain:cnitblog.com
domain:cnweblog.com
domain:cppblog.com
domain:phpweblog.net
domain:teachblog.net
domain:hiascend.com
domain:teleows.com
domain:bisheng.cn
domain:gneec.com
domain:hiclc.com
domain:gneec3.com
domain:gneec4.com
domain:gneec7.com
domain:harmonyos.com
domain:hikunpeng.cn
domain:devui.design
domain:bishengcompiler.cn
domain:hiascend.cn
domain:hikunpeng.com
domain:saasops.tech
domain:hikunpeng.net
domain:hisilicon.com
domain:owsgo.com
domain:huaweiapaas.com
domain:mindspore.cn
domain:rubyconfchina.org
domain:ruby-china.org
domain:programmer.com.cn
domain:programmer.net.cn
domain:hisilicon.com.cn
domain:hikunpeng.com.cn
domain:gneec.com.cn
domain:csdn.net.cn
domain:baltamatica.org.cn
domain:ads.unitychina.cn
domain:splash-ads.cdn.unity.cn
domain:splash-ads.unitychina.cn
domain:unityads.unity.cn
domain:unityads.unitychina.cn
domain:badjs.weixinbridge.com
