full:moocs.unipus.cn
full:opencourse.pku.edu.cn
full:study.163.com
domain:maimemostatus.com
domain:zxxk.com
domain:yushiyan.net
domain:xuetangx.com
domain:smartedu.cn
domain:eduyun.cn
domain:magedu.com
domain:chesicc.cn
domain:chesicc.com
domain:chesicc.net
domain:chsi.cn
domain:mojidict.com
domain:shareintelli.com
domain:hugecore.net
domain:fenbilantian.com
domain:fenbilantian.cn
domain:fenbike.com
domain:fenbike.cn
domain:fenbi.com
domain:fbstatic.cn
domain:yuantiku.com
domain:gfbzb.cn
domain:gfbzb.com
domain:yuansouti.com
domain:yuanfudao.com
domain:gfbzb.net
domain:ncss.cn
domain:ybccode.com
domain:xiaoyuankousuan.com
domain:banmaaike.com
domain:qgzb.net
domain:zuowen.com
domain:zbbm.net
domain:neea.cn
domain:21cnjy.com
domain:91yunxiao.com
domain:aiyunxiao.com
domain:haofenshu.com
domain:iyunxiao.com
domain:yunxiao.com
domain:baicizhan.com
domain:baicizhan.org
domain:bczcdn.com
domain:bczeducation.cn
domain:banxiaoer.com
domain:banxiaoer.net
domain:beie.org
domain:biyehome.net
domain:burningvocabulary.cn
domain:burningvocabulary.com
domain:centuryenglish.com
domain:cepsp.cn
domain:eol.cn
domain:cugbonline.cn
domain:dcshfu.com
domain:dearedu.com
domain:dgjy.net
domain:dict.cn
domain:duifene.com
domain:eduei.com
domain:eoffcn.com
domain:jinrongren.net
domain:offcn.com
domain:zggqzp.com
domain:zgjsks.com
domain:zgsydw.com
domain:gaojidata.com
domain:gk100.com
domain:guojibk.com
domain:gzasc.com
domain:huatu.com
domain:sydw8.com
domain:ictbda.cn
domain:ictbda.com
domain:zhongkao.com
domain:xir.cn
domain:j-test.com
domain:nattest-china.com
domain:jyeoo.com
domain:jyeoo.net
domain:jzagile.com
domain:keboyunxiao.com
domain:ketangpai.com
domain:kuaiduizuoye.com
domain:liulishuo.com
domain:llsapp.com
domain:llscdn.com
domain:llsserver.com
domain:cedf.cn
domain:yudou.cn
domain:baydn.com
domain:markji.com
domain:neoscholar.com
domain:neoschool.com
domain:oldboyedu.com
domain:pigai.org
domain:qingtingai.net
domain:quyixian.com
domain:rongdeji.cn
domain:youjiao.com
domain:saduck.top
domain:tesoon.com
domain:unipus.cn
domain:weilaiyunxiao.com
domain:winyoungreading.com
domain:wjwai.com
domain:zysn.net
domain:x-cloud.cc
domain:xiguacity.cn
domain:xiyouyingyu.com
domain:xkw.com
domain:maimemo.com
domain:yunzhuxue.com
domain:ystbds.com
domain:yooc.me
domain:zggx100.com
domain:zhan.com
domain:zhihuishu.com
domain:zjzs.net
domain:zuowen8.com
domain:zuowenjun.com
domain:zuowenku.net
domain:zuowenwang.net
domain:qianxuecloud.com
domain:qianxueyunke.com
domain:zhixingyunke.com
domain:17zuoye.cn
domain:17zuoye.com
domain:17zuoye.net
domain:applysquare.com
domain:applysquare.net
domain:koocdn.com
domain:koolearn.com
domain:koopass.com
domain:edu.cn
domain:shanbay.com
domain:rainclassroom.com
domain:yuketang.cn
domain:chinesemooc.org
domain:cnmooc.org
domain:icourse163.org
domain:icourses.cn
domain:mooc.cn
domain:openlearning.com
domain:pmphmooc.com
domain:xueersi.com
domain:cctalk.com
domain:hjapi.com
domain:hjfile.cn
domain:hujiang.com
domain:yeshj.com
domain:schoopia.com
domain:tongxuepie.com
domain:100tal.com
domain:aoshu.com
domain:eduu.com
domain:eduuu.com
domain:gaokao.com
domain:speiyou.com
domain:tal.com
domain:xesimg.com
domain:chdi.com.cn
domain:gfbzb.gov.cn
domain:icve.com.cn
domain:zbbm.gov.cn
domain:qgzb.gov.cn
domain:qgzb.com.cn
domain:gatzs.com.cn
domain:cbern.com.cn
domain:modex.com.cn
domain:rudder.com.cn
domain:chinayz.com.cn
domain:chsi.com.cn
domain:chesicc.org.cn
domain:chesicc.net.cn
domain:chesicc.com.cn
domain:chei.com.cn
domain:gfbzb.com.cn
domain:cedf.org.cn
domain:ncss.org.cn
