domain:sf-saas.com
domain:yto56test.com
domain:bestincapi.com
domain:800best.net
domain:56laile.com
domain:youyiwms.com
domain:bestincapp.cn
domain:800bestapi.cn
domain:800bestapi.com
domain:800bestapp.cn
domain:800bestapp.com
domain:baishinetwork.com
domain:best-inc.com
domain:bestincapp.com
domain:bestdataclub.com
domain:bestincapi.cn
domain:800best.com
domain:800best.cn
domain:bestcrossborder.com
domain:linliyz.com
domain:qiancangwms.com
domain:qianyierp.com
domain:t1tms.com
domain:t8tms.com
domain:t9tms.com
domain:tnettms.com
domain:wangniuwms.com
domain:xinyuanfin.com
domain:youyierp.com
domain:youyitms.com
domain:deppon.com
domain:dpma.cc
domain:upfos.cn
domain:jtexpress.com
domain:upfos.com
domain:jtfulfillment.cn
domain:jtfulfillment.com
domain:jtjms-ae.com
domain:jtjms-br.com
domain:jtjms-eg.com
domain:cr-cts.com
domain:jtjms-sa.com
domain:yl-scm.com
domain:jtexpress.cn
domain:rongechain.com
domain:crscm.com
domain:jet-ego.com
domain:jet-logistics.com
domain:jetlogistic.com
domain:jtg2g.com
domain:jtexpress.top
domain:ckd.im
domain:kd100.com
domain:ztoyh.com
domain:guoocang.com
domain:ztogroup.com
domain:kuaidi100.com
domain:kuaidilab.com
domain:sto-express.cn
domain:sto-express.com
domain:sto.cn
domain:stointl.com
domain:stosolution.com
domain:ztoglobal.com
domain:95311.com
domain:zto.net
domain:56xiniao.com
domain:cainiao-inc.com
domain:cainiao.com
domain:cainiaoyizhan.com
domain:danniao.com
domain:dianwoda.cn
domain:dianwoda.com
domain:guoguo-app.com
domain:zto.com
domain:fcbox.com
domain:fcboxmall.com
domain:sf-financial.com
domain:zto.cn
domain:jtjms-mx.com
domain:zt-express.com
domain:sf-cityrush.com
domain:sf-express.com
domain:ibobscs.com
domain:sf-international.com
domain:feng1.com
domain:sfgy.org
domain:sf.cn
domain:sfbuy.com
domain:sfcar.hk
domain:sffix.cn
domain:sf-airlines.com
domain:yt0.cc
domain:yuantongyizhan.com
domain:kjwugx.com
domain:ytokj.com
domain:mamayz.com
domain:mumbuy365.com
domain:nellit.cn
domain:yto-jsd.com
domain:nellit.info
domain:nellit.net
domain:gpall.cn
domain:yuantongyizhan.cn
domain:nellit.xyz
domain:yto-lgs.com
domain:tianxiajiameng.cn
domain:tianxiajiameng.com
domain:mamayz.cn
domain:gpall.net
domain:sxgou.cn
domain:yto-lgs.net
domain:ytoluohan.xin
domain:yto.top
domain:yto.vip
domain:yto.xin
domain:ytoluohan.net
domain:ytoluohan.com
domain:kuaidi.com
domain:ytocargo.com
domain:ytoluohan.cn
domain:ytoexpress.com
domain:ytoholding.com
domain:ytokj.net
domain:ytokj.cn
domain:tuxi.com
domain:izto.com
domain:ztoapp.com
domain:udalogistic.cn
domain:udalogistic.com
domain:yundaltl.com
domain:yundalog.com
domain:yunda56.com
domain:yundasys.com
domain:yundaex.com
domain:ydsys.cn
domain:yundaex.cn
domain:yto56.com.cn
domain:800best.com.cn
domain:deppon.com.cn
domain:sf-tech.com.cn
domain:yto56.net.cn
domain:ytocargo.com.cn
domain:ytokj.net.cn
domain:nellit.com.cn
domain:mlzt.com.cn
domain:nellit.net.cn
domain:ytojg.com.cn
domain:yto.net.cn
domain:cainiao.com.cn
domain:sto-express.com.cn
domain:bxexpress.com.cn
domain:jnt-express.com.cn
domain:jtexpress.com.cn
domain:nellit.org.cn
domain:izto.com.cn
domain:ytokj.com.cn
domain:v6-adashx.ut.cainiao.com
