domain:guazistatic.com
domain:dcarlive.com
domain:dongchediapp.com
domain:autohome.tel
domain:autoimg.cn
domain:12365auto.com
domain:byd.com
domain:geely.com
domain:dcdapp.com
domain:lixiang.com
domain:xiaopeng.com
domain:nio.cn
domain:nio.com
domain:1hai.cn
domain:zeekrgroup.com
domain:zeekrlife.com
domain:gzurl.cn
domain:guazi.com
domain:dongchedi.com
domain:autohome.com
domain:niohome.com
domain:izuche.com
domain:izuchebao.com
domain:wkzuche.com
domain:zuche.com
domain:zuchecdn.com
domain:bitauto.com
domain:bitautoimg.com
domain:cheyisou.com
domain:yiche.com
domain:yccdn.com
domain:dcarapi.com
domain:dcarimg.com
domain:guazi.net
domain:dcarstatic.com
domain:dcarvod.com
domain:gwm.com.cn
domain:autoimg.com.cn
domain:autohome.com.cn
