domain:ivwen.com
domain:dandanvoice.com
domain:dandan818.com
domain:meipian.cn
domain:fanfou.com
domain:meipian.me
domain:ixiaochuan.cn
domain:xiaochuankeji.cn
domain:maimai.cn
domain:taou.com
domain:zsxq.com
domain:douban.com
domain:douban.fm
domain:doubanio.com
domain:gracg.com
domain:procg.cn
domain:shihuo.cn
domain:tieba.com
domain:izuiyou.com
domain:jike.city
domain:jikecdn.com
domain:okjike.com
domain:okjk.co
domain:ruguoapp.com
domain:zhihu.com
domain:zhimg.com
domain:laiyagushi.com
domain:vzuu.com
domain:coolapk.com
domain:coolapkmarket.com
domain:coolapkmarket.net
domain:hupu.com
domain:hupucdn.com
domain:tieba.baidu.com
domain:hoopchina.com.cn
domain:crash2.zhihu.com
domain:zhihu-web-analytics.zhihu.com
