full:mvideo.edna.io
domain:av.ru
domain:auchan.ru
domain:audiohead.ru
domain:bristol.ru
domain:detmir.ru
domain:citilink.ru
domain:coolera.ru
domain:dixy.ru
domain:dns-shop.ru
domain:dns-com.ru
domain:dodois.com
domain:dodois.io
domain:dodopizza.com
domain:dodopizza.ru
domain:dodostatic.net
domain:dostaevsky.ru
domain:doctorhead.ru
domain:evrasia.rest
domain:vkusnoitochka.ru
domain:fix-price.com
domain:lamoda.ru
domain:lenta.com
domain:lenta.tech
domain:metro-cc.ru
domain:notik.ru
domain:ostin.com
domain:krasnoeibeloe.ru
domain:regard.ru
domain:rostics.ru
domain:uni.rest
domain:unirest.tech
domain:ilovesakura.ru
domain:myspar.ru
domain:sushiwok.ru
domain:winelab.ru
domain:vkusvill.ru
domain:sokolov.io
domain:sokolov.ru
domain:kazanexpress.ru
domain:magnit.com
domain:magnit.ru
domain:mm.ru
domain:acmvid.com
domain:mvideo.ru
domain:oskelly.co
domain:oskelly.ru
domain:5ka.ru
domain:5post.market
domain:abonementx5.ru
domain:chizhik.club
domain:clubx5.ru
domain:dialogx5.ru
domain:e5.ru
domain:fivepost.ru
domain:idx5.ru
domain:jx5.ru
domain:keyx5.ru
domain:mnogolososya.ru
domain:myapelsin.ru
domain:okolo.app
domain:perekrestok.com
domain:perekrestok.ru
domain:x5.ai
domain:x5.com
domain:x5.digital
domain:x5.group
domain:x5.media
domain:x5.ru
domain:x5.team
domain:x5.tech
domain:x5club.ru
domain:x5id.ru
domain:x5l.ru
domain:x5media.ru
domain:x5paket.ru
domain:x5q.ru
domain:x5static.net
domain:x5w.ru
full:ads.x5.ru
full:ads.x5media.ru
full:sentry.x5.ru
