domain:ir
domain:xn--mgba3a4f16a
domain:srttu.edu
domain:loxblog.com
domain:niniweblog.com
domain:rozblog.com
domain:neshan.org
domain:varzesh3.com
domain:signalpardazgroup.com
domain:tgju.org
domain:karnameh.com
domain:khodro45.com
domain:saipacorp.com
domain:jobinja.com
domain:jobinjacdn.com
domain:beytoote.com
domain:setare.com
domain:tebyan.net
domain:dekapost.com
domain:mahex.com
domain:podro.com
domain:tipaxco.com
domain:asanpardakht.com
domain:bitbarg.me
domain:zarinpal.com
domain:mydigipay.com
domain:behpardakht.com
domain:asanpardakht.net
domain:vandar.app
domain:vandar.io
domain:weswap.digital
domain:digi-kala.com
domain:janebi.com
domain:sheypoor.com
domain:torob.com
domain:digikala.com
domain:digikalabusiness.com
domain:digikalajet.com
domain:digistyle.com
domain:divar.cloud
domain:divarcdn.com
domain:flightio.com
domain:mrbilit.com
domain:tap30.services
domain:tap33.me
domain:tapsi.cab
domain:agri-bank.com
domain:ansarbank.com
domain:blubank.com
domain:hibank24.com
domain:parsian-bank.com
domain:sb24.com
domain:quera.org
domain:cdnsnapptrip.com
domain:blogfa.com
domain:snapp.cab
domain:snapp.doctor
domain:snapp.express
domain:snapp.ninja
domain:snapp.site
domain:snapp.supply
domain:snapp.taxi
domain:snapp.tech
domain:snappcloud.io
domain:snappfood.dev
domain:snapproom.com
domain:snapptrip.com
domain:adivery.com
domain:kaprila.com
domain:najva.com
domain:sabavision.com
domain:yektanet.com
domain:asriran.com
domain:eghtesadnews.com
domain:fararu.com
domain:hawzahnews.com
domain:iraneconomist.com
domain:mehrnews.com
domain:parsine.com
domain:qodsna.com
domain:saat24.com
domain:sobhanehonline.com
domain:tasnimnews.com
domain:tejaratnews.com
domain:7sobh.com
domain:abrarnews.com
domain:bale.ai
domain:donya-e-eqtesad.com
domain:ebtekarnews.com
domain:ettelaat.com
domain:financialtribune.com
domain:iran-newspaper.com
domain:khabarvarzeshi.com
domain:khorasannews.com
domain:resalat-news.com
domain:tehrantimes.com
domain:sanjesh.org
domain:sharif.edu
domain:snapp-box.com
domain:blogsky.com
domain:gap.im
domain:gaplication.com
domain:niniban.com
domain:ninisite.com
domain:virasty.com
domain:mellatbroker.com
domain:ok-ex.io
domain:talarebourse.com
domain:abanbroker.com
domain:bahmanbroker.com
domain:bkisecurities.com
domain:bt-broker.com
domain:danabroker.com
domain:emofid.com
domain:mofidonline.com
domain:etminansahm.com
domain:hafezbourse.com
domain:irfarabi.com
domain:bmibourse.com
domain:bourseiness.com
domain:sdbhouse.com
domain:novinbourse.com
domain:oibroker.com
domain:omidsahm.com
domain:saderatbourse.com
domain:sahandbroker.com
domain:samanbourse.com
domain:arman-ati.com
domain:sepahbourse.com
domain:tadbirgar.com
domain:abantether.com
domain:bit24.cash
domain:exir.io
domain:farhad-exchange.com
domain:jibitex.com
domain:maskanbourse.com
domain:ompfinex.com
domain:ramzinex.com
domain:tabdeal.org
domain:tetherland.com
domain:sinainsurance.com
domain:faradars.org
domain:maktabkhooneh.org
domain:newdars.com
domain:toplearn.com
domain:melotar.com
domain:iranlms.org
domain:webinarplus.online
domain:cinematicket.org
domain:melodify.app
domain:melodify.pw
domain:telewebion.com
domain:aparat.com
domain:aparatkids.com
domain:aparatsport.com
domain:filimo.com
domain:filimo.school
domain:abrha.net
domain:afranet.com
domain:arvancloud.com
domain:arzex.io
domain:cafebazaar.org
domain:datisnetwork.com
domain:farsroid.com
domain:ipnumberia.com
domain:iranmobile.org
domain:iranserver.com
domain:mihanwebhost.com
domain:p30download.com
domain:parsonline.com
domain:parspack.com
domain:pazhnetwork.com
domain:picofile.com
domain:pishgaman.net
domain:sarmayex.com
domain:sarzamindownload.com
domain:skyroom.online
domain:smshooshmand.com
domain:softgozar.com
domain:yasdl.com
domain:zhaket.com
domain:eitaa.com
domain:agrieng.org
domain:bimeonline.com
domain:dana-insurance.com
domain:dayins.com
domain:bimehasia.com
domain:bimeh.com
domain:novininsurance.com
domain:mellatinsurance.com
