domain:jptv.club
domain:privatehd.to
domain:audiences.me
domain:carpt.net
domain:ccfbits.org
domain:cinefiles.info
domain:dicmusic.com
domain:eastgame.org
domain:et8.org
domain:greatposterwall.com
domain:haidan.video
domain:hdarea.club
domain:hdatmos.club
domain:hdcity.city
domain:hddolby.com
domain:hdfans.org
domain:hdmayi.com
domain:hdpt.xyz
domain:hdtime.org
domain:hdvideo.one
domain:52dic.vip
domain:hhanclub.top
domain:hhanclub.net
domain:ianon.app
domain:kufei.com
domain:kufei.org
domain:leaves.red
domain:nicept.net
domain:open.cd
domain:piggo.me
domain:ptchina.org
domain:pthome.net
domain:ptsbao.club
domain:pttime.org
domain:pttime.top
domain:rousi.zip
domain:totheglory.im
domain:springsunday.net
domain:pterclub.net
domain:pterclub.com
domain:ourbits.club
domain:npupt.com
domain:sharkpt.net
domain:zhuque.in
domain:animebytes.tv
domain:avistaz.to
domain:beyond-hd.me
domain:bibliotik.me
domain:blutopia.cc
domain:broadcasthe.net
domain:cinemaz.to
domain:digitalcore.club
domain:exoticaz.to
domain:filelist.io
domain:gazellegames.net
domain:orpheus.network
domain:iptorrents.com
domain:jpopsuki.eu
domain:hhan.club
domain:52pt.site
domain:hdbits.org
domain:passthepopcorn.me
domain:morethantv.me
domain:redacted.sh
domain:sportscult.org
domain:superbits.org
domain:uhdbits.org
domain:nanyangpt.com
domain:byr.pt
domain:tju.pt
domain:tjupt.org
domain:chdbits.co
domain:chdbits.xyz
domain:chddiy.xyz
domain:ptchdbits.co
domain:rainbowisland.co
domain:hdkyl.in
domain:hdkylin.top
domain:hdkylin.work
domain:keepfrds.com
domain:hitpt.com
domain:ubits.club
domain:ultrahd.net
domain:ptcafe.club
domain:zmpt.cc
domain:wintersakura.net
domain:pandapt.net
domain:1ptba.com
domain:icc2022.com
domain:cyanbug.net
domain:ilovelemonhd.me
domain:lemonhd.club
domain:lemonhd.net
domain:lemonhd.org
domain:beitai.pt
domain:nexushd.org
domain:bitpt.cn
domain:hdchina.org
domain:hdcmct.org
domain:hdhome.org
domain:hdsky.me
domain:hdzone.me
domain:pt.hd4fans.org
domain:pt.0ff.cc
domain:pt.hdupt.com
domain:bt.byr.cn
domain:neu6.edu.cn
domain:pt.upxin.net
domain:pt.soulvoice.club
domain:share.ilolicon.com
domain:pt.btschool.club
domain:pt.nwsuaf6.edu.cn
domain:pt.xauat.edu.cn
domain:pt.sjtu.edu.cn
domain:hudbt.hust.edu.cn
domain:myanonamouse.net
domain:nebulance.io
domain:torrentleech.cc
domain:torrentleech.org
domain:skyey2.com
domain:skyeysnow.com
domain:m-team.cc
domain:m-team.io
domain:mt.cc
domain:dmhy.best
domain:dmhy.org
