full:csis-prod.s3.amazonaws.com
full:a.ppy.sh
full:assets.ppy.sh
full:c.ppy.sh
full:osu.ppy.sh
full:m1.ppy.sh
full:lazer.ppy.sh
full:notify.ppy.sh
full:sentry.ppy.sh
full:spectator.ppy.sh
domain:aomedia.org
domain:atypi.org
domain:change.org
domain:globalsecurity.org
domain:iana.org
domain:iccf.com
domain:ietf.org
domain:itu.int
domain:opte.org
domain:smpte.org
domain:un.org
domain:w3.org
domain:who.int
domain:wi-fi.org
domain:wto.org
domain:csis.org
domain:acousticbrainz.org
domain:bookbrainz.org
domain:coverartarchive.org
domain:critiquebrainz.org
domain:listenbrainz.org
domain:messybrainz.org
domain:metabrainz.org
domain:musicbrainz.org
domain:openmaps.org
domain:openstreetmap.com
domain:openstreetmap.net
domain:openstreetmap.org
domain:openstreetmaps.org
domain:osm.org
domain:osmfoundation.org
domain:stateofthemap.com
domain:stateofthemap.org
domain:ieee.org
domain:ieee.tv
domain:tryengineering.org
domain:ieee-ccnc.org
domain:ieee-ecce.org
domain:ieeemce.org
domain:standardsuniversity.org
domain:ieee-region6.org
domain:ieee.ca
domain:ieeer10.org
domain:ieeer5.org
domain:ieeer8.org
domain:ieeeusa.org
domain:ieeefoundation.org
domain:ieee-into-focus.org
domain:ieee-vics.org
domain:ieeeday.org
domain:datasheets360.com
domain:globalspec.com
domain:ieee-isto.org
domain:techstreet.com
domain:computer.org
domain:comsoc.org
domain:embs.org
domain:emcs.org
domain:grss-ieee.org
domain:ieee-aess.org
domain:ieee-cas.org
domain:ieee-ceda.org
domain:ieee-edusociety.org
domain:ieee-ies.org
domain:ieee-ims.org
domain:ieee-npss.org
domain:ieee-pels.org
domain:ieee-pes.org
domain:ieee-ras.org
domain:ieee-sensors.org
domain:ieee-tems.org
domain:ieee-uffc.org
domain:ieeeaps.org
domain:ieeecsc.org
domain:ieeecss.org
domain:ieeedeis.org
domain:ieeemagnetics.org
domain:ieeenano.org
domain:ieeeoes.org
domain:ieeesmc.org
domain:ieeesystemscouncil.org
domain:itsoc.org
domain:mtt.org
domain:photonicssociety.org
domain:signalprocessingsociety.org
domain:technologyandsociety.org
domain:vtsociety.org
domain:nist.gov
domain:time.gov
domain:paskoocheh.com
domain:ppy.sh
domain:ccstatic.org
domain:creativecommons.org
domain:creativecommons.engineering
domain:licensebuttons.net
domain:emojipedia.org
domain:worldemojiawards.com
domain:worldemojiday.com
domain:xn--yt8h.la
domain:f-dro1d.org
domain:f-droid.com
domain:f-droid.org
domain:fdroid.org
domain:attestation.app
domain:grapheneos.app
domain:grapheneos.ca
domain:grapheneos.com
domain:grapheneos.dev
domain:grapheneos.foundation
domain:grapheneos.info
domain:grapheneos.net
domain:grapheneos.network
domain:grapheneos.online
domain:grapheneos.org
domain:grapheneos.ovh
domain:grapheneos.page
domain:grapheneos.social
domain:seamlessupdate.app
domain:vanadium.app
domain:rolfoundation.org
domain:rolsociety.org
