full:discord-attachments-uploads-prd.storage.googleapis.com
full:hammerandchisel.ssl.zendesk.com
domain:botim.me
domain:signal.art
domain:signal.group
domain:signal.link
domain:signal.me
domain:signal.tube
domain:signal.org
domain:signalusers.org
domain:whispersystems.org
domain:temp-mail.org
domain:wa.me
domain:whatsapp-plus.info
domain:whatsapp-plus.me
domain:whatsapp-plus.net
domain:whatsapp.cc
domain:whatsapp.com
domain:whatsapp.info
domain:whatsapp.net
domain:whatsapp.org
domain:whatsapp.tv
domain:whatsappbrand.com
domain:viber.com
domain:viber.co
domain:viber.me
domain:vbcdn.com
domain:vbcdn.net
domain:clubhouse.com
domain:clubhouseapi.com
domain:joinclubhouse.com
domain:freenode.net
domain:nicegram.app
domain:nicegram.cloud
domain:arewereadyyet.com
domain:cinny.in
domain:element.io
domain:fluffychat.im
domain:matrix.org
domain:matrix.to
domain:modular.im
domain:riot.im
domain:vector.im
domain:fbmessenger.com
domain:m.me
domain:messenger.com
domain:nbabot.net
domain:pm.me
domain:proton.me
domain:protonmail.ch
domain:protonmail.com
domain:protonstatus.com
domain:protontech.ch
domain:protonvpn.ch
domain:protonvpn.com
domain:protonweb.com
domain:slack-core.com
domain:slack-edge.com
domain:slack-files.com
domain:slack-imgs.com
domain:slack-msgs.com
domain:slack-redir.net
domain:slack.com
domain:slackb.com
domain:slackcertified.com
domain:slackdemo.com
domain:slackhq.com
domain:cdn-telegram.org
domain:comments.app
domain:contest.com
domain:fragment.com
domain:graph.org
domain:quiz.directory
domain:t.me
domain:tdesktop.com
domain:telega.one
domain:telegra.ph
domain:telegram-cdn.org
domain:telegram.dog
domain:telegram.me
domain:telegram.org
domain:telegram.space
domain:telesco.pe
domain:tg.dev
domain:ton.org
domain:toncenter.com
domain:tx.me
domain:usercontent.dev
domain:dis.gd
domain:discord.co
domain:discord.com
domain:discord.design
domain:discord.dev
domain:discord.gg
domain:discord.gift
domain:discord.gifts
domain:discord.media
domain:discord.new
domain:discord.store
domain:discord.tools
domain:discord-activities.com
domain:discordactivities.com
domain:discordapp.com
domain:discordapp.net
domain:discordmerch.com
domain:discordpartygames.com
domain:discordsays.com
domain:discordstatus.com
domain:airhorn.solutions
domain:airhornbot.com
domain:bigbeans.solutions
domain:watchanimeattheoffice.com
domain:discordapp.io
domain:discordcdn.com
domain:intercom.com
domain:intercom.io
domain:intercomassets.com
domain:intercomcdn.com
domain:keybase.io
domain:keybaseapi.com
domain:linemobile.com
domain:lineshoppingseller.com
domain:line-apps-beta.com
domain:line-apps-rc.com
domain:line-apps.com
domain:line-beta.me
domain:line-cdn.net
domain:line.biz
domain:nhncorp.jp
domain:lin.ee
domain:line-scdn.net
domain:linecorp.com
domain:linefriends.com
domain:linetv.tw
domain:linegame.jp
domain:gcld-line.com
domain:linemyshop.com
domain:line.me
domain:mail.com
domain:ui-portal.de
domain:uicdn.com
domain:uimserv.net
domain:myteamspeak.com
domain:teamspeak.com
domain:teamspeak-services.com
domain:linefriends.com.tw
domain:line.naver.jp
domain:s-bid.rmp.rakuten.com
domain:graph.whatsapp.com
domain:graph.whatsapp.net
domain:adsgram.ai
