domain:xn--fiqs8s1byzqyvl.hk
domain:xn--gdt08a.hk
domain:hkbu.hk
domain:xn--pssu7cv61af1tcs59bnvd.hk
domain:xn--gdt08a.xn--j6w193g
domain:xn--fiqs8s1bxp3anr7a.hk
domain:xn--fiqs8s1bxp3anr7a.xn--j6w193g
domain:xn--pssu7cv61ahw8aq79bztd.hk
domain:xn--pssu7cv61ahw8aq79bztd.xn--j6w193g
domain:xn--wcvs22d1m.xn--j6w193g
domain:hku.hk
domain:xn--pssu7cv61af44b.hk
domain:xn--pssu7cv61af44b.xn--j6w193g
domain:xn--wcvs22d1m.hk
domain:hkust.hk
domain:xn--wcv22d.xn--j6w193g
domain:xn--pssu7ci2j23mp9ny48b.xn--j6w193g
domain:xn--wcv22d.hk
domain:polyu.hk
domain:eduhk.hk
domain:xn--pssu7cv61af1tcs59bnvd.xn--j6w193g
domain:xn--wcvs22d.xn--j6w193g
domain:xn--pssu7ci2j23mp9ny48b.hk
domain:cityu.hk
domain:xn--uis44a.xn--j6w193g
domain:xn--pssu7cv61ahwcb1p2yk.xn--j6w193g
domain:xn--pssu7cv61ahwcb1p2yk.hk
domain:cuhk.hk
domain:xn--mxtq18a.hk
domain:xn--mxtq18a.xn--j6w193g
domain:edu.hk
domain:xn--fiqs8s1byzqyvl.xn--j6w193g
