domain:aocde.com
domain:chuangcache.com
domain:chuangcdn.com
domain:funcdn.com
domain:hydun.com
domain:jiashule.com
domain:jiasule.com
domain:fastcdn.com
domain:acadn.cn
domain:bbbcdns.com
domain:dlgslb.cn
domain:dlgslb.net
domain:dwion.com
domain:acadn.com
domain:tlgslb.com
domain:globalcdn.cn
domain:flxdns.com
domain:flxdns.cn
domain:mcadn.cn
domain:tlgslb.cn
domain:qbox.me
domain:qiniu.com
domain:qiniucdn.com
domain:qiniudn.com
domain:qiniudns.com
domain:qiniup.com
domain:qnsdk.com
domain:qnssl.com
domain:staticfile.net
domain:staticfile.org
domain:aicdn.com
domain:upai.com
domain:upaiyun.com
domain:upcdn.net
domain:upyun.com
domain:oncdp.com
domain:51cdn.com
domain:8686c.com
domain:cdn20.com
domain:cdn30.org
domain:cdnmg.com
domain:chinanetcenter.com
domain:lxdns.cn
domain:lxdns.com
domain:lxdns.info
domain:lxdns.net
domain:lxdns.org
domain:mwcdns.com
domain:mwcloudcdn.com
domain:npsv6.com
domain:ourdvsss.com
domain:qtlcdn.cn
domain:qtlcdn.com
domain:qtlcdn.net
domain:speedws.info
domain:speedws.org
domain:wangsu.com
domain:wscdns.com
domain:wscdns.info
domain:wscdns.org
domain:wsdvs.com
domain:wsglb.com
domain:wsglb.net
domain:wswebcdn.com
domain:wswebpic.com
domain:bsclink.cn
domain:qingcdn.com
domain:trpcdn.net
domain:bootcdn.cn
domain:bootcdn.net
domain:bootcss.com
domain:phpcomposer.com
domain:dfyun.com.cn
domain:fastcdn.com.cn
domain:cf-china.info
domain:cf-ns.com
domain:cf-ns.net
domain:cf-ns.site
domain:cf-ns.tech
domain:cftest5.cn
domain:cftest6.cn
domain:cftest7.com
domain:cftest8.com
domain:cloudflare-cn.com
domain:cloudflareanycast.net
domain:cloudflarechina.cn
domain:cloudflarecn.net
domain:cloudflareglobal.net
domain:cloudflareinsights-cn.com
domain:cloudflareperf.com
domain:cloudflareprod.com
domain:cloudflarestaging.com
domain:cloudflarestoragegw.com
