full:apple-tv-plus-press.apple.com
full:hls-amt.itunes.apple.com
full:hls.itunes.apple.com
full:np-edge.itunes.apple.com
full:play-edge.itunes.apple.com
full:tv.applemusic.com
full:uts-api.itunes.apple.com
full:disneyplus.com.ssl.sc.omtrdc.net
full:hulu.playback.edge.bamgrid.com
full:espn.api.edge.bamgrid.com
full:espn.hb.omtrdc.net
full:espndotcom.tt.omtrdc.net
full:ntdfreemobile-tgc.cdn.hinet.net
full:ntdfreepc-tgc.cdn.hinet.net
full:ntdfreetv-tgc.cdn.hinet.net
full:ntdfreevcpc-tgc.cdn.hinet.net
full:ntdofifreemobile-tgc.cdn.hinet.net
full:ntdofifreepc-tgc.cdn.hinet.net
full:ntdofifreetv-tgc.cdn.hinet.net
full:ntdofifreevcpc-tgc.cdn.hinet.net
full:gamer2-cds.cdn.hinet.net
full:gamer-cds.cdn.hinet.net
full:d1nu566dreq9vj.cloudfront.net
full:d28odxiw1asdj8.cloudfront.net
full:d31dormfno8pk4.cloudfront.net
full:d3lh5kkip965lj.cloudfront.net
full:d2v9yioq9zuuq2.cloudfront.net
full:d2fg91fzjsrcv1.cloudfront.net
full:d26rnz3bwp7rlk.cloudfront.net
full:ddpjwstwtpszg.cloudfront.net
full:d96jfp62lg3kj.cloudfront.net
full:d1ugi9qonif2a2.cloudfront.net
full:d2j7e8uopcv07.cloudfront.net
full:d2be40xdoc0in8.cloudfront.net
full:d1d0w7op819ely.cloudfront.net
full:d1fijc56o1fzod.cloudfront.net
full:dcb0z5ovq92mz.cloudfront.net
full:d20g4xwarzxagx.cloudfront.net
full:d3nwj80emtnjeo.cloudfront.net
full:d3ucl0eqgl80l5.cloudfront.net
full:dstnzhnatv9pz.cloudfront.net
full:hb4bbbbb.pmhcjk.com
full:nbbb1bb7.pmhcjk.com
full:q676790b.pmhcjk.com
full:agb9r0ad.qllfkl.com
full:gamedownloads-rockstargames-com.akamaized.net
full:media-rockstargames-com.akamaized.net
full:videos-rockstargames-com.akamaized.net
full:avatargarenanow-a.akamaihd.net
full:cdngarenanow-a.akamaihd.net
full:dlgarenanow-a.akamaihd.net
full:dlmobilegarena-a.akamaihd.net
full:opgg-static.akamaized.net
full:d1unuk07s6td74.cloudfront.net
full:roblox-load-generator-configuration.s3.us-east-2.amazonaws.com
full:roblox-poc.global.ssl.fastly.net
full:robloxcorp.s.llnwi.net
full:supercell.helpshift.com
full:supercell.zendesk.com
full:datarouter.apps.netherrealm.com
full:wb-agora-hydra-file-storage-k1.s3.amazonaws.com
full:blizzard.nefficient.co.kr
full:blzddist1-a.akamaihd.net
full:blzddistkr1-a.akamaihd.net
full:bnetcmsus-a.akamaihd.net
full:bnetproduct-a.akamaihd.net
full:bnetshopus.akamaized.net
full:blizzcon-a.akamaihd.net
full:blzmedia-a.akamaihd.net
full:blznav.akamaized.net
full:hb.imgix.net
full:flightsimulator.azureedge.net
full:prodforza.blob.core.windows.net
full:gog-cdn-lumen.secure2.footprint.net
full:gog-cdn.akamaized.net
full:pubg1.battleye.com
full:steamcommunity-a.akamaihd.net.edgesuite.net
full:a4e8s8k3.map2.ssl.hwcdn.net
full:f3b7q2p3.ssl.hwcdn.net
full:steambroadcast.akamaized.net
full:steamcdn-a.akamaihd.net
full:steamcommunity-a.akamaihd.net
full:steammobile.akamaized.net
full:steampipe-kr.akamaized.net
full:steampipe-partner.akamaized.net
full:steampipe.akamaized.net
full:steamstore-a.akamaihd.net
full:steamusercontent-a.akamaihd.net
full:steamuserimages-a.akamaihd.net
full:steamvideo-a.akamaihd.net
full:steamcloudsweden.blob.core.windows.net
full:steamugcquincy.blob.core.windows.net
full:a.ppy.sh
full:assets.ppy.sh
full:c.ppy.sh
full:osu.ppy.sh
full:m1.ppy.sh
full:lazer.ppy.sh
full:notify.ppy.sh
full:sentry.ppy.sh
full:spectator.ppy.sh
full:lolstatic-a.akamaihd.net
full:ea.tt.omtrdc.net
full:eaassets-a.akamaihd.net
full:cloudsync-prod.s3.amazonaws.com
full:origin-a.akamaihd.net
full:rtm.tnt-ea.com
full:ssl-lvlt.cdn.ea.com
full:prd-priconne-redive.akamaized.net
full:ubisoft-uplay-savegames.s3.amazonaws.com
full:ubisoft-orbit-savegames.s3.amazonaws.com
full:ubistatic1-a.akamaihd.net
full:ubistatic2-a.akamaihd.net
full:ubistatic3-a.akamaihd.net
full:ubistatic4-a.akamaihd.net
full:ubistatic5-a.akamaihd.net
full:ubistatic6-a.akamaihd.net
full:ubistatic7-a.akamaihd.net
full:ubistatic8-a.akamaihd.net
full:ubistatic9-a.akamaihd.net
full:ubistatic10-a.akamaihd.net
full:ubistatic11-a.akamaihd.net
full:ubistatic12-a.akamaihd.net
full:ubistatic13-a.akamaihd.net
full:ubistatic14-a.akamaihd.net
full:ubistatic15-a.akamaihd.net
full:ubistatic16-a.akamaihd.net
full:ubistatic17-a.akamaihd.net
full:ubistatic18-a.akamaihd.net
full:ubistatic19-a.akamaihd.net
full:ubistatic20-a.akamaihd.net
full:ubistatic21-a.akamaihd.net
full:ubistatic22-a.akamaihd.net
full:ubistatic23-a.akamaihd.net
full:ubistatic24-a.akamaihd.net
full:ubisoft.siteintercept.qualtrics.com
full:dqd0jw5gvbchn.cloudfront.net
full:api.viu.now.com
full:dfp6rglgjqszk.cloudfront.net
full:d1k2us671qcoau.cloudfront.net
full:d2anahhhmp1ffz.cloudfront.net
full:yt3.googleusercontent.com
full:lastfm.freetls.fastly.net
full:ws.audioscrobbler.com
full:d1g1f25tn8m2e6.cloudfront.net
full:d1m7jfoe9zdc1j.cloudfront.net
full:d1mhjrowxxagfy.cloudfront.net
full:d1ndex63qxojbr.cloudfront.net
full:d1oca24q5dwo6d.cloudfront.net
full:d1w2poirtb3as9.cloudfront.net
full:d1xhnb4ptk05mw.cloudfront.net
full:d1ymi26ma8va5x.cloudfront.net
full:d2aba1wr3818hz.cloudfront.net
full:d2dylwb3shzel1.cloudfront.net
full:d2e2de1etea730.cloudfront.net
full:d2nvs31859zcd8.cloudfront.net
full:d2um2qdswy1tb0.cloudfront.net
full:d2vjef5jvl6bfs.cloudfront.net
full:d2xmjdvx03ij56.cloudfront.net
full:d36nr0u3xmc4mm.cloudfront.net
full:d3aqoihi2n8ty8.cloudfront.net
full:d3c27h4odz752x.cloudfront.net
full:d3vd9lfkzbru3h.cloudfront.net
full:d6d4ismr40iw.cloudfront.net
full:d6tizftlrpuof.cloudfront.net
full:ddacn6pr5v0tl.cloudfront.net
full:dgeft87wbj63p.cloudfront.net
full:dqrpb9wgowsf5.cloudfront.net
full:ds0h3roq6wcgc.cloudfront.net
full:dykkng5hnh52u.cloudfront.net
full:audio-ak-spotify-com.akamaized.net
full:audio4-ak-spotify-com.akamaized.net
full:cdn-spotify-experiments.conductrics.com
full:heads-ak-spotify-com.akamaized.net
full:heads4-ak-spotify-com.akamaized.net
full:spotify.com.edgesuite.net
full:spotify.map.fastly.net
full:spotify.map.fastlylb.net
full:i.jeded.com
full:tmdb-image-prod.b-cdn.net
full:tmdb-web-image-prod.b-cdn.net
full:d1v5ir2lpwr8os.cloudfront.net
full:d22qjgkvxw22r6.cloudfront.net
full:d25xi40x97liuc.cloudfront.net
full:d27xxe7juh1us6.cloudfront.net
full:dmqdd6hw24ucf.cloudfront.net
full:images-eu.ssl-images-amazon.com
full:images-na.ssl-images-amazon.com
full:images-fe.ssl-images-amazon.com
full:msh.amazon.co.uk
full:static.siege-amazon.com
full:abematv.akamaized.net
full:ds-linear-abematv.akamaized.net
full:ds-vod-abematv.akamaized.net
full:linear-abematv.akamaized.net
full:vod-abematv.akamaized.net
full:apl-hamivideo.cdn.hinet.net
full:chatscc-hamivideo2.cdn.hinet.net
full:efe8f8a4-abd5-44c9-bf5c-cd217442c52f.t.ssp.hinet.net
full:favoritescc-hamivideo2.cdn.hinet.net
full:hamivideo.hinet.net
full:hls-hamivideo.cdn.hinet.net
full:lgcscc-hamivideo2.cdn.hinet.net
full:mobilelive-hamivideo.cdn.hinet.net
full:pvr-hamivideo.cdn.hinet.net
full:scc-hamivideo.cdn.hinet.net
full:scc.ott.hinet.net
full:static-hamivideo.cdn.hinet.net
full:t.ssp.hinet.net
full:thumbnail-hamivideo.cdn.hinet.net
full:tlmr-hamivideo2.cdn.hinet.net
full:tvcastlive-hamivideo.cdn.hinet.net
full:weblive-hamivideo.cdn.hinet.net
full:weblivea-hamivideo.cdn.hinet.net
full:webvodad-hamivideo.cdn.hinet.net
full:netflix.com.edgesuite.net
domain:playstation
domain:hbo
domain:nico
domain:youtube
domain:imdb
domain:xbox
domain:learnwithleague.com
domain:spotify.link
domain:kpacg.com
domain:linetv.tw
domain:megaphone.fm
domain:megogo.net
domain:mikanani.me
domain:moov.hk
domain:odysee.com
domain:omobi.cc
domain:oranum.com
domain:overcast.fm
domain:qobuz.com
domain:sendvid.com
domain:syosetu.com
domain:unsplash.com
domain:weverse.io
domain:yande.re
domain:4gamer.net
domain:akiba-souken.com
domain:appget.com
domain:appmedia.jp
domain:automaton-media.com
domain:cxacg.com
domain:denfaminicogamer.jp
domain:dengekionline.com
domain:eroge-road.com
domain:esports.gg
domain:famitsu.com
domain:gameapps.hk
domain:gamebusiness.jp
domain:gamespark.jp
domain:bowlroll.net
domain:inside-games.jp
domain:snowmiku.com
domain:piapro.net
domain:mikuexpo.com
domain:gamemeca.com
domain:magicalmirai.com
domain:lapriere.jp
domain:onlinegamer.jp
domain:greatgame.asia
domain:hobbigame.com
domain:igcc.jp
domain:ign.com
domain:ignimg.com
domain:madewithunity.jp
domain:mediaclip.jp
domain:maedahiroyuki.com
domain:mantan-web.jp
domain:moedigi.com
domain:moepedia.net
domain:mynavi.jp
domain:colorfulstage.com
domain:qoo-app.com
domain:realsound.jp
domain:repotama.com
domain:saiganak.com
domain:sqool.net
domain:bestdori.com
domain:thisisgame.com
domain:toy-people.com
domain:wanuxi.com
domain:yorozoonews.jp
domain:dandanzan.cc
domain:nunuyy.cc
domain:netflixdnstest10.com
domain:fanfictionero.com
domain:fic.fan
domain:ficador.com
domain:ficbook.net
domain:ficmania.com
domain:teinon.net
domain:iyf.tv
domain:yfsp.tv
domain:manhuagui.com
domain:mhgui.com
domain:mytvsuper.com
domain:pca.st
domain:pocketcasts.com
domain:tidal.com
domain:tidalhifi.com
domain:wimpmusic.com
domain:nxtv.jp
domain:unext-info.jp
domain:unext.jp
domain:netflixdnstest9.com
domain:d4dj-pj.com
domain:ws-blau.com
domain:bushi-navi.com
domain:bushimo.jp
domain:bushiroad-creative.com
domain:bushiroad-global-online-store.com
domain:argo-bdp.com
domain:bushiroad-music.com
domain:bushiroad-store.com
domain:bushiroad-works.com
domain:comic-growl.com
domain:bushiroad.com
domain:bushiroadgames.com
domain:cf-vanguard.com
domain:wwr-stardom.com
domain:bang-dream.com
domain:bushiroad-move.com
domain:dreamorder.com
domain:fc-buddyfight.com
domain:gamebiz.jp
domain:gekkan-bushi.com
domain:hibiki-cast.jp
domain:ws-tcg.com
domain:comicbushi-web.com
domain:njpw1972.com
domain:our-notes.jp
domain:rebirth-fy.com
domain:revuestarlight.com
domain:shadowverse-evolve.com
domain:netflixdnstest8.com
domain:netflixdnstest7.com
domain:netflixdnstest6.com
domain:wwe.com
domain:wwe9.com
domain:kfs.io
domain:kk.stream
domain:kkbox.com
domain:kktix.com
domain:netflixdnstest5.com
domain:kktv.me
domain:netflixdnstest4.com
domain:netflixdnstest3.com
domain:pbs.org
domain:hulunet.com
domain:callhulu.com
domain:disney.bg
domain:disneyworld-go.com
domain:disney.ch
domain:watchespn.com
domain:espnqa.com
domain:espncdn.com
domain:espn.net
domain:espn.com
domain:dtci.technology
domain:disney.com
domain:dtci.co
domain:dmed.technology
domain:bamtech.net
domain:bamgrid.com
domain:disney.cz
domain:disney.de
domain:disney.dk
domain:disney.es
domain:disney.fi
domain:disney.fr
domain:edgedatg.com
domain:disney.hu
domain:disney.id
domain:disney.in
domain:disney.io
domain:disney.it
domain:disney.my
domain:disney.nl
domain:disney.no
domain:disney.ph
domain:disney.pl
domain:disney.pt
domain:disney.ro
domain:disney.ru
domain:disney.se
domain:disney.sg
domain:disneyanimation.com
domain:fxnetwork.com
domain:fxnetworks.com
domain:lucasfilm.com
domain:pixar.com
domain:searchlightpictures.com
domain:thewaltdisneycompany.com
domain:waltdisneystudios.com
domain:disneylandparis.com
domain:hongkongdisneyland.com
domain:tokyodisneyresort.jp
domain:20thcenturystudios.com
domain:abcnews.com
domain:abc.com
domain:20thcenturystudios.jp
domain:adventuresbydisney.com
domain:babble.com
domain:babyzone.com
domain:abc-studios.com
domain:detpress.com
domain:dilcdn.com
domain:disney-asia.com
domain:disney-discount.com
domain:disney-plus.net
domain:starplus.com
domain:disney-studio.com
domain:disney-studio.net
domain:disneyaccount.com
domain:disneyadsales.com
domain:disneyarena.com
domain:disneyaulani.com
domain:disneybaby.com
domain:disneycareers.com
domain:disneychannelonstage.com
domain:disneychannelroadtrip.com
domain:disneycruisebrasil.com
domain:disneyenconcert.com
domain:disneyiejobs.com
domain:disneyinflight.com
domain:disneyinternational.com
domain:disneyinternationalhd.com
domain:disneyjunior.com
domain:disneyjuniortreataday.com
domain:disneylatino.com
domain:starott.com
domain:ngeo.com
domain:nationalgeographicpartners.com
domain:disneymagicmoments.de
domain:disneymagicmoments.es
domain:disneymagicmoments.fr
domain:nationalgeographic.com
domain:disneymagicmoments.gr
domain:disneymagicmoments.it
domain:disneymagicmoments.pl
domain:disneymagicmomentsme.com
domain:disneyme.com
domain:disneymeetingsandevents.com
domain:disneymovieinsiders.com
domain:disneymusicpromotion.com
domain:disneynewseries.com
domain:disneynow.com
domain:disneypeoplesurveys.com
domain:natgeomaps.com
domain:disneyplus.com
domain:disneyprivacycenter.com
domain:disneyredirects.com
domain:disneysrivieraresort.com
domain:disneystore.com
domain:disneystreaming.com
domain:disneysubscription.com
domain:disneytermsofuse.com
domain:themarvelexperiencetour.com
domain:disney.gr
domain:disney.be
domain:disney.ca
domain:dssott.com
domain:freeform.com
domain:go-disneyworldgo.com
domain:go.com
domain:mickey.tv
domain:moviesanywhere.com
domain:nomadlandmovie.ch
domain:playmation.com
domain:shopdisney.com
domain:shops-disney.com
domain:sorcerersarena.com
domain:spaindisney.com
domain:star-brasil.com
domain:star-latam.com
domain:starwars.com
domain:starwarsgalacticstarcruiser.com
domain:starwarskids.com
domain:streamingdisney.net
domain:thestationbymaker.com
domain:thisispolaris.com
domain:watchdisneyfe.com
domain:hotstar.com
domain:hotstar-cdn.net
domain:hotstar-labs.com
domain:hotstarext.com
domain:marvelsuperwar.com
domain:112263.com
domain:disneytvajobs.com
domain:findyourlimits.com
domain:freehulu.com
domain:hooloo.tv
domain:hoolu.com
domain:hoolu.tv
domain:hu1u.com
domain:huloo.cc
domain:huloo.tv
domain:hulu.com
domain:hulu.jp
domain:hulu.tv
domain:hulu.us
domain:huluaction.com
domain:huluad.com
domain:huluapp.com
domain:huluasks.com
domain:hulucall.com
domain:hulufree.com
domain:hulugans.com
domain:hulugermany.com
domain:hulugo.com
domain:huluim.com
domain:huluinstantmessenger.com
domain:huluitaly.com
domain:disney.asia
domain:hulunetwork.com
domain:huluplus.com
domain:hulupremium.com
domain:hulupurchase.com
domain:huluqa.com
domain:hulurussia.com
domain:huluspain.com
domain:hulusports.com
domain:hulustream.com
domain:huluteam.com
domain:hulutv.com
domain:huluusa.com
domain:joinmaidez.com
domain:mushymush.tv
domain:myhulu.com
domain:originalhulu.com
domain:payhulu.com
domain:registerhulu.com
domain:thehulubraintrust.com
domain:wwwhuluplus.com
domain:marvel.com
domain:marvel10thanniversary.com
domain:marveldimensionofheroes.com
domain:marvelparty.net
domain:marvelpinball.com
domain:marvelsdoubleagent.com
domain:marvelspotlightplays.com
domain:marvelsuperheroseptember.com
domain:netflixdnstest2.com
domain:netflixdnstest1.com
domain:netflixdnstest0.com
domain:nflxvideo.net
domain:nflxso.net
domain:nflxsearch.net
domain:nflximg.net
domain:nflximg.com
domain:nflxext.com
domain:netflixtechblog.com
domain:netflixinvestor.com
domain:netflix.net
domain:netflix.com
domain:netflix.ca
domain:fast.com
domain:gr-assets.com
domain:goodreads.com
domain:dmcdn.net
domain:dm-event.net
domain:dailymotion.com
domain:gimy.tv
domain:gimy.to
domain:gimy.co
domain:gimy.cc
domain:rewrite-anime.tv
domain:koubaibu.jp
domain:litbus-anime.com
domain:litv.tv
domain:ofiii.com
domain:visual-arts.jp
domain:fandango.com
domain:mgo.com
domain:mgo-images.com
domain:ravm.tv
domain:roku.com
domain:rokutime.com
domain:z5.app
domain:z5.com
domain:zee5.com
domain:zee5.in
domain:zee5.tv
domain:zeebioskop.com
domain:zeetv.com
domain:zeeuk.com
domain:kamisama-maeda-lab.com
domain:itunes.hk
domain:itunesu.com
domain:12diasderegalosdeitunes.co
domain:wwwitunes.com
domain:iutunes.com
domain:itunesu.net
domain:12diasderegalosdeitunes.com
domain:itunes.com
domain:itunesstore.co
domain:itunesradio.tw
domain:itunesradio.tv
domain:12diasderegalosdeitunes.cr
domain:12diasderegalosdeitunes.gt
domain:12diasderegalosdeitunes.hn
domain:itunesradio.rio
domain:12joursdecadeauxdeitunes.com
domain:itun.es
domain:itunbes.com
domain:ituneas.com
domain:itunes-radio.net
domain:itunes.ca
domain:itunes.co
domain:12diasderegalosdeitunes.pe
domain:12diasderegalosdeitunes.cl
domain:itunesiradio.com
domain:itunes.mx
domain:itunes.org
domain:itunes.rio
domain:itunes.us
domain:itunes12days.com
domain:itunesessentials.com
domain:itunesfestivals.com
domain:12diasdepresentesdeitunes.com
domain:ituneslatino.com
domain:ituneslogin.net
domain:itunesmatch.com
domain:itunesparty.com
domain:itunesradio.com
domain:angelbeats.jp
domain:heaven-burns-red.com
domain:clannad-movie.jp
domain:charlotte-anime.jp
domain:anigema.jp
domain:abow.jp
domain:kamisama-day.jp
domain:showtime.com
domain:showtimeanytime.com
domain:kick.com
domain:chess.com
domain:chesscomfiles.com
domain:formula1.com
domain:f1.com
domain:f1tv.com
domain:viju.ru
domain:rutube.sport
domain:cdnvideo.ru
domain:trbcdn.net
domain:kinorium.com
domain:24h.tv
domain:amediateka.ru
domain:beeline.tv
domain:ivi.ru
domain:ivicdn.tv
domain:premier.one
domain:smotreshka.tv
domain:start.ru
domain:tvigle.ru
domain:kinescopecdn.net
domain:kinopoisk.ru
domain:cdnvideohub.com
domain:promodj.com
domain:okkoapi.tv
domain:playfamily.ru
domain:okko.sport
domain:okko.tv
domain:restream-media.net
domain:restream.ru
domain:more.tv
domain:wink.am
domain:wink.ru
domain:rutube.ru
domain:rutubelist.ru
domain:rtbcdn.ru
domain:redbyhbo.com
domain:applemusic.berlin
domain:applemusic.co
domain:applemusic.com
domain:applemusic.hamburg
domain:applemusic.wang
domain:applemusicconnect.com
domain:applemusicfestival.com
domain:musickit.net
domain:wwwapplemusic.com
domain:maxgo.com
domain:max.com
domain:homeboxoffice.com
domain:homebox.com
domain:hbotvsales.com
domain:likee.com
domain:likeeapp.ru
domain:likeevideo.com
domain:likeevideo.ru
domain:like-video.com
domain:likee.video
domain:like.video
domain:bnxz.net
domain:bystys.tech
domain:owxd.xyz
domain:yucf.top
domain:uxzw.club
domain:internationalsaimoe.com
domain:fireside.fm
domain:pinkcore.net
domain:gloryofheracles.com
domain:fabricmc.net
domain:fanatical.com
domain:ficgs.com
domain:fitgirl-repacks.site
domain:game-repack.site
domain:joinsquad.com
domain:loverslab.com
domain:minecraft.wiki
domain:minecraftforge.net
domain:muvluv-girls-garden.com
domain:namemc.com
domain:neoforged.net
domain:nexus-cdn.com
domain:nexusmods.com
domain:noxygames.com
domain:offworldindustries.com
domain:offworldindustries.net
domain:optifine.net
domain:papermc.io
domain:planetminecraft.com
domain:prismlauncher.org
domain:protondb.com
domain:quiltmc.org
domain:rayark.download
domain:rayark.net
domain:speedrun.com
domain:spigotmc.org
domain:steamdb.info
domain:cygames.jp
domain:worldflipper.jp
domain:faceit.com
domain:faceit-cdn.net
domain:lowiro.com
domain:modrinth.com
domain:dodi-repacks.download
domain:playstation.com
domain:playstation.net
domain:sonyentertainmentnetwork.com
domain:take2games.com
domain:2k.com
domain:2kcoretech.online
domain:2kct.onl
domain:2kgames.com
domain:2ksports.com
domain:2kweb.online
domain:rockstargames.com
domain:rockstarnorth.com
domain:rsg.sc
domain:zynga.com
domain:zyngaplayersupport.com
domain:zyngapoker.com
domain:bluearchive.jp
domain:stellasora.jp
domain:stellasora.global
domain:stargazer-games.com
domain:yostarplat.com
domain:yostar.net
domain:acesofthunder.net
domain:activematter.game
domain:artstorm.com
domain:crossout.net
domain:crsed.net
domain:cubicodyssey.game
domain:enlisted.net
domain:gaijin.net
domain:gaijinent.com
domain:lolesports.com
domain:star-conflict.com
domain:warthunder.com
domain:wtmobile.com
domain:garena.com
domain:garena.live
domain:garena.my
domain:garena.ph
domain:garena.sg
domain:garena.tv
domain:garena.tw
domain:garena.vn
domain:garenanow.com
domain:seagroup.com
domain:yo-star.com
domain:uplay.com
domain:nikke-de.com
domain:nikke-en.com
domain:nikke-fr.com
domain:chunkbase.com
domain:nikke-kr.com
domain:nikke-sea.com
domain:op.gg
domain:roblox.com
domain:gooblox.com
domain:goblox.com
domain:rowblox.com
domain:humancoexperience.com
domain:rblx.co
domain:rblx.com
domain:rblx.org
domain:rbx.com
domain:rbxcdn.com
domain:rowblocks.com
domain:rbxlabs.com
domain:blox.com
domain:ro-blox.com
domain:roadblocks.com
domain:roblocks.com
domain:robloxlabs.com
domain:roblox.ca
domain:roblox.cc
domain:roblox.cl
domain:rbxinfra.net
domain:goblocks.com
domain:rbxtrk.com
domain:roblox.de
domain:roblox.dk
domain:roblox.eu
domain:roblox.fr
domain:roblox.hu
domain:roblox.it
domain:roblox.jp
domain:roblox.kr
domain:roblox.mx
domain:roblox.net
domain:roblox.org
domain:roblox.ph
domain:roblox.pt
domain:roblox.sk
domain:roblox.tv
domain:roblox.uk
domain:roblox.us
domain:roblox.vn
domain:ubisoftconnect.com
domain:ubisoft.com
domain:ubi.com
domain:boombeach.com
domain:brawlstars.com
domain:brawlstarsgame.com
domain:clash.com
domain:clashmini.com
domain:clashofclans.com
domain:clashroyale.com
domain:clashroyaleapp.com
domain:gamesfirsthelsinki.com
domain:hayday.com
domain:haydaygame.com
domain:mo.co
domain:seeurlpcl.com
domain:squadbusters.com
domain:supercell.com
domain:supercell.net
domain:supercellcreators.com
domain:supercellgames.com
domain:supercellid.com
domain:supercellstore.com
domain:supr.cl
domain:warnerbrosgames.com
domain:wbagora.com
domain:wbgames.com
domain:wbinsights.com
domain:blizzard.com
domain:blizzardgearstore.com
domain:blz-contentstack.com
domain:battle.net
domain:diablo3.com
domain:diabloimmortal.com
domain:firesidegatherings.com
domain:playhearthstone.com
domain:heroesofthestorm.com
domain:playoverwatch.com
domain:starcraft.com
domain:starcraft2.com
domain:playwarcraft3.com
domain:worldofwarcraft.com
domain:humblebundle.com
domain:masteroforion.com
domain:wargaming.com
domain:wargaming.net
domain:wgcdn.co
domain:wgcrowd.io
domain:worldoftanks.com
domain:worldoftanks.eu
domain:worldofwarplanes.com
domain:worldofwarships.com
domain:wotblitz.com
domain:wowsblitz.com
domain:dinopoloclub.com
domain:gamepass.com
domain:orithegame.com
domain:renovacionxboxlive.com
domain:tellmewhygame.com
domain:xbox.co
domain:xbox.com
domain:xbox.eu
domain:xbox.org
domain:xbox360.co
domain:xbox360.com
domain:xbox360.eu
domain:xbox360.org
domain:xboxab.com
domain:xboxgamepass.com
domain:xboxgamestudios.com
domain:xboxlive.com
domain:xboxone.co
domain:xboxone.com
domain:xboxone.eu
domain:xboxplayanywhere.com
domain:xboxservices.com
domain:xboxstudios.com
domain:xbx.lv
domain:asobostudio.com
domain:flightsimulator.com
domain:beth.games
domain:bethesda.net
domain:bethesdagamestudios.com
domain:bethsoft.com
domain:doom.com
domain:elderscrolls.com
domain:forza.net
domain:forzamotorsport.net
domain:forzaracingchampionship.com
domain:forzarc.com
domain:callersbane.com
domain:minecraft-services.net
domain:minecraft.net
domain:minecraftservices.com
domain:minecraftshop.com
domain:mojang.com
domain:ynoproject.net
domain:arcraiders.com
domain:embark-studios.com
domain:embark.games
domain:reachthefinals.com
domain:gog.com
domain:gog-services.com
domain:gog-statics.com
domain:gogalaxy.com
domain:kraftonde.com
domain:playbattlegrounds.com
domain:pubg.com
domain:arma3.com
domain:armaplatform.com
domain:bistudio.com
domain:bohemia.net
domain:dayz.com
domain:makearmanotwar.com
domain:silicagame.com
domain:vigorgame.com
domain:ylands.com
domain:konamionline.com
domain:yugioh-card.com
domain:konamicrossmedia.com
domain:konami-igaming.online
domain:konamigaming.com
domain:konami.com
domain:konami.net
domain:konami.org
domain:kiwi.jp
domain:kgisystems.com
domain:konamigaming.online
domain:konamigaming.net
domain:573.jp
domain:konamiopen.jp
domain:konamisportsclub.jp
domain:konamistyle.jp
domain:resella.jp
domain:resellablue.com
domain:priconne-redive.jp
domain:pandanet-igs.com
domain:joyjoy.net
domain:snk-corp.info
domain:snkplaymore.info
domain:wiiugamepad.com
domain:steamstatic.com
domain:steamgames.com
domain:playartifact.com
domain:steam-api.com
domain:steam-chat.com
domain:steamcommunity.com
domain:steamcontent.com
domain:steamconnecttest.com
domain:steamdeck.com
domain:underlords.com
domain:steampowered.com
domain:steamserver.net
domain:steam.tv
domain:s.team
domain:steamusercontent.com
domain:valve.net
domain:valvesoftware.com
domain:dota2.com
domain:wiisportsresort.com
domain:wiisports.com
domain:fire-emblem-heroes.com
domain:wiifitu.com
domain:wiifit.com
domain:wii-u.com
domain:nintendowii.com
domain:superpapermario.com
domain:supermariorun.com
domain:sih-db.com
domain:sih.app
domain:steaminventoryhelper.com
domain:vrchat.cloud
domain:vrchat.com
domain:vrchat.net
domain:curseforge.com
domain:forgecdn.net
domain:gamesplanet.com
domain:gametap.com
domain:gpstatic.com
domain:genshinimpact.com
domain:honkaiimpact3.com
domain:honkaistarrail.com
domain:hoyo.link
domain:hoyolab.com
domain:hoyoverse.com
domain:n0vadesktop.com
domain:zenlesszonezero.com
domain:playparagon.com
domain:cubicmotion.com
domain:quixel.com
domain:battlebreakers.com
domain:eac-cdn.com
domain:easy.ac
domain:easyanticheat.net
domain:epicgames.com
domain:epicgames.dev
domain:epicgamescdn.com
domain:fab.com
domain:fortnite.com
domain:hyprsense.com
domain:paragon.com
domain:artstationmedia.com
domain:capturingreality.com
domain:quixel.se
domain:radgametools.com
domain:realityscan.com
domain:roborecall.com
domain:shadowcomplex.com
domain:sketchfab.com
domain:spyjinx.com
domain:twinmotion.com
domain:unrealengine.com
domain:unrealtournament.com
domain:3lateral.com
domain:artstation.com
domain:supermariogalaxy.com
domain:supermario3dworld.com
domain:pinkcore.com
domain:nikke-jp.com
domain:dodi-repacks.site
domain:nexon.io
domain:historyofdota.org
domain:instituteofwar.org
domain:molesports.com
domain:rgpub.io
domain:leagueoflegends.info
domain:riot.com
domain:riot.net
domain:riotcdn.net
domain:riotgames.com
domain:riotgames.info
domain:riotgames.jp
domain:riotgames.net
domain:riotgames.tv
domain:riotpin.com
domain:riotpoints.com
domain:rstatic.net
domain:historyofdota.com
domain:supremacy.net
domain:championshipseriesleague.com
domain:lcsmerch.com
domain:leaguehighschool.com
domain:leagueoflegends.ca
domain:supremacy.com
domain:historyofdota.net
domain:leagueoflegends.kr
domain:leagueoflegends.net
domain:leagueoflegends.org
domain:leagueoflegendsscripts.com
domain:leaguesharp.info
domain:leaguoflegends.com
domain:777tv.net
domain:lol-europe.com
domain:lolclub.org
domain:lolespor.com
domain:modernwarships.com
domain:joox.com
domain:hbospain.com
domain:lolstatic.com
domain:lolusercontent.com
domain:convrgencegame.com
domain:pvp.net
domain:pvp.tv
domain:ulol.com
domain:playvalorant.com
domain:riotforgegames.com
domain:ruinedking.com
domain:supermario.com
domain:newsupermariobrosu.com
domain:mariosupersluggers.com
domain:steamunlocked.net
domain:awayoutgame.com
domain:battlefieldbadcompany2.com
domain:battlefront2.com
domain:battlefrontii.com
domain:bejewled-stars.com
domain:bejeweledstars.com
domain:capitalgames.com
domain:chillingo.com
domain:conquerwithcharacter.com
domain:crysis.jp
domain:dawngatechronicles.com
domain:dicela.com
domain:dicela.net
domain:ea-anz-press.com
domain:ea.com
domain:eaaccess.com
domain:eacashcard.com
domain:eacodigos.com
domain:eamobile.com
domain:eanordic.com
domain:eaplay.com
domain:easports.com
domain:easports.jp
domain:easportsactive.com
domain:easportsactiveonline.com
domain:easportsfootball.com
domain:easportsfootballclub.com
domain:easportsmma.com
domain:easportsworld.com
domain:electronicarts.com
domain:electronicarts.fr
domain:futpromos.com
domain:futunited.com
domain:ghostgames.com
domain:heroesofdragonage.com
domain:hutpromos.com
domain:maddenchampionship.com
domain:maddenrewards.com
domain:maddenseason.info
domain:maddenseason.net
domain:maddenseason.org
domain:maxis.com
domain:mysimsracing.com
domain:play4free.com
domain:playapex.com
domain:pogo.com
domain:pogobeta.com
domain:popcap.com
domain:speedhunters.com
domain:spore.com
domain:ssx3.com
domain:starwarsbattlefront.com
domain:starwarsbattlefront2.com
domain:tiburon.com
domain:tnt-ea.com
domain:ultimaforever.com
domain:unravel2.com
domain:unraveltwo.com
domain:visceralgames.com
domain:yogify.com
domain:anthemgame.com
domain:anthemthegame.com
domain:apexlegends.com
domain:projectapex.com
domain:battlefield.com
domain:battlefield1943.com
domain:battlefield3.com
domain:battlefield4.com
domain:battlefield5.com
domain:battlefieldheroes.com
domain:battlefieldv.com
domain:battlelog.com
domain:bioware.com
domain:biowarestore.com
domain:eamythic.com
domain:eamythic.net
domain:cncrivals.com
domain:commandandconquer.com
domain:tiberiumalliances.com
domain:camelot-europe.com
domain:camelotherald.com
domain:camelotherald.net
domain:daoc.net
domain:darkageofcamelot.com
domain:darkness-risen.com
domain:deadspacegame.com
domain:dice.se
domain:dragonage.com
domain:dragonagekeep.com
domain:dragonagemovie.com
domain:thedreadwolfrises.com
domain:dungeonkeeper.cn
domain:dungeonkeeper.com
domain:eafootballworld.com
domain:fifastreet.com
domain:fifastreet3.com
domain:frostbite.com
domain:industrialtoys.com
domain:masseffect.com
domain:masseffectarchives.com
domain:eamirrorsedge.com
domain:mirrorsedge.com
domain:mirrorsedge.jp
domain:mirrorsedge.net
domain:mirrorsedge2.com
domain:mirrorsedge2d.com
domain:blackboxgames.com
domain:eablackbox.com
domain:needforspeed.com
domain:needforspeedboost.com
domain:needforspeeddriftkings.com
domain:needforspeedeliminator.com
domain:needforspeedlightning.com
domain:needforspeedoverdrive.com
domain:needforspeedproven.com
domain:needforspeedredline.com
domain:needforspeedshowdown.com
domain:needforspeedstreetkings.com
domain:needforspeedtakedown.com
domain:needforspeedtherun.com
domain:needforspeedtimeattack.com
domain:needforspeedundergroundeast.com
domain:nfsworld.com
domain:teamneedforspeed.com
domain:plantsvszombies2.com
domain:pvzgw2.com
domain:pvzheroes.com
domain:seaofsolitude.com
domain:simcity-buildit.com
domain:simcity.com
domain:skate2.com
domain:spearhead.kr
domain:starwarsfallenorder.com
domain:starwarsjedifallenorder.com
domain:starwarstheoldrepublic.com
domain:swjedifallenorder.com
domain:swjfo.com
domain:swtor.com
domain:swtor.net
domain:mysims.com
domain:thesims.com
domain:thesims3.com
domain:thesims4.com
domain:thesimssocial.com
domain:titanfall.com
domain:mythicentertainment.com
domain:mythicentertainment.net
domain:mythicgames.com
domain:ultimaonline.com
domain:uo.com
domain:uoherald.com
domain:xdsummit.com
domain:dawngate.com
domain:eastore.com
domain:lordofultima.com
domain:origin.com
domain:origin.tv
domain:mariokart8.com
domain:mariokart7.com
domain:tarkov.com
domain:eft-store.com
domain:escapefromtarkov.com
domain:itch.io
domain:itch.zone
domain:nexon.com
domain:riot-games.com
domain:nexon.net
domain:mariobroswii.com
domain:marioandluigidreamteam.com
domain:drmario-world.com
domain:fireemblemawakening.com
domain:wiipartyu.com
domain:ayudanintendo.com
domain:bowsersinsidestory.com
domain:excitebots.com
domain:flipnotestudio.com
domain:leagueoflegends.com
domain:hackyourconsole.com
domain:100classicbooks.com
domain:kirbysepicyarn.com
domain:miitomo.com
domain:miiverse.com
domain:nentindo.net
domain:nintendo-europe-sales.com
domain:nintendo-europe.com
domain:nintendo.at
domain:nintendo.be
domain:nintendo.ch
domain:nintendo.com
domain:nintendo.de
domain:nintendo.dk
domain:nintendo.es
domain:nintendo.eu
domain:xenoblade.com
domain:wiivc.net
domain:nintendo.fi
domain:nintendo.fr
domain:nintendo.it
domain:nintendo.net
domain:nintendo.nl
domain:nintendo.no
domain:nintendo.pt
domain:nintendo.ru
domain:nintendo.se
domain:nintendo.tw
domain:nintendo3ds.com
domain:nintendodsi.com
domain:nintendoeurope.com
domain:nintendonetwork.net
domain:nintendonyc.com
domain:nintendostore.com
domain:nintendoswitch.com
domain:nintendoswitch.net
domain:nintendoswitchtogether.com
domain:personaltrainermath.com
domain:playnintendo.com
domain:thelegendarystarfy.com
domain:thewonderful101.com
domain:wariolandshakeit.com
domain:wariowarediy.com
domain:yoshisnewisland.com
domain:ac-pocketcamp.com
domain:diddykongracing.com
domain:dkr.com
domain:pokemonmysterydungeon.com
domain:amiibo.com
domain:kirbysuperstarultra.com
domain:dialga.com
domain:giratina.com
domain:kyurem.com
domain:pokedex3d.com
domain:pokemon-moon.com
domain:pokemon-sun.com
domain:pokemon-sunmoon.com
domain:pokemon-unitepgame.com
domain:pokemon.com
domain:pokemonbank.com
domain:pokemonblackwhite.com
domain:pokemonbw.com
domain:pokemonchampionships.com
domain:pokemongoldsilver.com
domain:pokemonhome.com
domain:pokemonletsgoeevee.com
domain:pokemonletsgopikachu.com
domain:donkeykongcountryreturns.com
domain:pokemonpicross.com
domain:pokemonplatinum.com
domain:pokemonrubysapphire.com
domain:pokemonsunmoon.com
domain:pokemonswordshield.com
domain:pokemonultrasunmoon.com
domain:pokemonvgc.com
domain:pokemonwifi.net
domain:xn--mts47c3w9b1qr.net
domain:splatoon2tournament.com
domain:starfox.com
domain:hboprod.com
domain:hboportugal.com
domain:hbonow.com
domain:hbonordic.tv
domain:hbonordic.com
domain:hbomediarelations.com
domain:hbomaxcdn.com
domain:hbomax.eu
domain:hbomax.com
domain:hbomailman.com
domain:hbolaunchpad.com
domain:hbolacontent.net
domain:hboinflight.com
domain:hbogoasia.tw
domain:hbogoasia.sg
domain:hbogoasia.ph
domain:hbogoasia.my
domain:hbogoasia.id
domain:hbogoasia.hk
domain:hbogoasia.com
domain:hbogo.sk
domain:hbogo.hu
domain:hbogo.eu
domain:hbogo.cz
domain:hbogo.com
domain:hbo-europe.com
domain:hboespana.com
domain:hboenterprises.com
domain:hboasia.com
domain:hboarchives.com
domain:hboaccess.com
domain:hbo.sk
domain:hbo.rs
domain:hbo.ro
domain:hbo.pl
domain:hbo.mk
domain:hbo.me
domain:hbo.hu
domain:hbo.hr
domain:hbo.eu
domain:hbo.cz
domain:hbo.com
domain:hbo.bg
domain:egta.com
domain:boxofficemojo.com
domain:imdb.com
domain:imdb.to
domain:media-imdb.com
domain:openrec.tv
domain:vhx.tv
domain:vhxqa1.com
domain:vhxqa2.com
domain:vhxqa3.com
domain:vhxqa4.com
domain:vhxqa6.com
domain:vimeo-staging.com
domain:vimeo-staging2.com
domain:vimeo.com
domain:vimeo.fr
domain:vimeobusiness.com
domain:vimeocdn.com
domain:vimeogoods.com
domain:vimeoondemand.com
domain:vimeostatus.com
domain:livestream.com
domain:viu.tv
domain:viu.com
domain:castro.fm
domain:youtube.ru
domain:youtube.az
domain:ytimg.com
domain:withyoutube.com
domain:youtu.be
domain:youtube-nocookie.com
domain:yt.be
domain:youtube.ae
domain:youtube.al
domain:youtube.am
domain:youtube.at
domain:youtube.ro
domain:youtube.ba
domain:youtube.be
domain:youtube.bg
domain:youtube.bh
domain:youtube.bo
domain:youtube.by
domain:youtube.ca
domain:youtube.cat
domain:youtube.ch
domain:youtube.qa
domain:youtube.co
domain:youtubemobilesupport.com
domain:youtubekids.com
domain:youtubego.in
domain:youtubego.id
domain:youtubego.com
domain:youtubegaming.com
domain:youtubefanfest.com
domain:youtubeeducation.com
domain:youtube.vn
domain:youtube.uy
domain:youtube.ug
domain:youtube.ua
domain:youtube.tv
domain:youtube.tn
domain:youtube.sv
domain:youtube.soy
domain:youtube.rs
domain:youtube.sk
domain:ggpht.com
domain:youtube.com
domain:youtube.si
domain:youtube.sg
domain:youtube.se
domain:youtube.sa
domain:youtube.ee
domain:youtube.sn
domain:googlevideo.com
domain:youtube.cl
domain:youtube.pt
domain:youtube.pr
domain:youtube.pl
domain:youtube.pk
domain:youtube.ph
domain:youtube.pe
domain:youtube.pa
domain:youtube.no
domain:youtube.nl
domain:youtube.ni
domain:youtube.ng
domain:youtube.my
domain:youtube.mx
domain:youtube.mn
domain:youtube.mk
domain:youtube.me
domain:youtube.md
domain:youtube.ma
domain:youtube.ly
domain:youtube.lv
domain:youtube.lu
domain:youtube.lt
domain:youtube.lk
domain:youtube.la
domain:youtube.kz
domain:youtube.kr
domain:youtube.jp
domain:youtube.jo
domain:youtube.it
domain:youtube.is
domain:youtube.iq
domain:youtube.in
domain:youtube.ie
domain:youtube.hu
domain:youtube.hr
domain:youtube.hk
domain:youtube.gt
domain:youtube.gr
domain:youtube.ge
domain:youtube.fr
domain:youtube.fi
domain:youtube.es
domain:youtube.cr
domain:youtube.cz
domain:youtube.de
domain:youtube.dk
domain:hbo.ba
domain:forthethrone.com
domain:elpionero.es
domain:discomax.com
domain:cinemax.com
domain:brightline.tv
domain:beforeigners.com
domain:blubrry.com
domain:hayabusa.media
domain:hayabusa.io
domain:hayabusa.dev
domain:dokusho-ojikan.jp
domain:bucketeer.jp
domain:ameblo.jp
domain:adx.promo
domain:amebaownd.com
domain:abema.tv
domain:ameba.jp
domain:abema.io
domain:winticket.jp
domain:abema-tv.com
domain:amebame.com
domain:amebaowndme.com
domain:whvn.cc
domain:wallhaven.cc
domain:olemovienews.com
domain:olevodtv.com
domain:olevod.tv
domain:olevod.io
domain:olevod.com
domain:olelive.com
domain:olehd.com
domain:iole.tv
domain:haiwaikan.com
domain:indaznlab.com
domain:indazn.com
domain:daznservices.com
domain:daznplayer.com
domain:daznfeeds.com
domain:dazndn.com
domain:dazn-api.com
domain:dazn.com
domain:chii.in
domain:bgm.tv
domain:bangumi.tv
domain:bcbits.com
domain:bandcamp.com
domain:sonemic.com
domain:sonematic.net
domain:snmc.io
domain:rym.fm
domain:rateyourmusic.com
domain:glitchwave.com
domain:radiko.jp
domain:radiko-cf.com
domain:primevideo.tv
domain:primevideo.org
domain:primevideo.info
domain:primevideo.com
domain:primevideo.cc
domain:prime-video.com
domain:amazonvideo.com
domain:amazonvideo.cc
domain:amazonprimevideos.com
domain:aiv-cdn.net
domain:vod360.net
domain:nivodz.com
domain:nivodi.tv
domain:nivod.tv
domain:newpppp.com
domain:nbyy.tv
domain:nbys1.tv
domain:nbys.tv
domain:mudvod.tv
domain:biggggg.com
domain:triokini.com
domain:nijiyome.jp
domain:ao3.org
domain:archiveofourown.org
domain:archiveofourown.com
domain:archiveofourown.net
domain:applepodcasts.com
domain:dlsitestudio.com
domain:disco-api.com
domain:discoveryplus.com
domain:dlsite.jp
domain:last.fm
domain:mubi.com
domain:mubicdn.net
domain:buzzsprout.com
domain:nicodic.jp
domain:nicomanga.jp
domain:niconico.com
domain:nicoseiga.jp
domain:nicovideo.jp
domain:nimg.jp
domain:simg.jp
domain:ext-twitch.tv
domain:jtvnw.net
domain:live-video.net
domain:ttvnw.net
domain:twitch.tv
domain:twitchcdn.net
domain:twitchcon.com
domain:twitchsvc.net
domain:amc.com
domain:amcn.com
domain:amcnetworks.com
domain:amcplus.com
domain:dlsite.com
domain:catchplay.com
domain:dlaf.jp
domain:2025copy.com
domain:copy-manga.com
domain:copy20.com
domain:copy2000.online
domain:mangacopy.com
domain:mangafuna.xyz
domain:mangafunb.fun
domain:deviantart.com
domain:deviantart.net
domain:da-files.com
domain:kingkongapp.com
domain:ci-en.net
domain:pluto.tv
domain:plutotv.net
domain:dishworld.com
domain:slinginternational.com
domain:sling.com
domain:movenetworks.com
domain:movetv.com
domain:imageworks.com
domain:motionpictureser.com
domain:playshow.io
domain:playshowtv.com
domain:sonyclassics.com
domain:sonypictures.com
domain:sonypicturesanimation.com
domain:sonypicturesmuseum.com
domain:sonypicturesstudios.com
domain:sonypicturestelevision.com
domain:sonypicturestelevisiongames.com
domain:wheelpop.com
domain:wwtbam.com
domain:yourfantasybeginsnow.com
domain:7tv.app
domain:7tv.io
domain:dogatch.jp
domain:gorin.jp
domain:screens-lab.jp
domain:tver.jp
domain:ci-en.jp
domain:mox.moe
domain:vol.moe
domain:byspotify.com
domain:lifeatspotify.com
domain:pscdn.co
domain:scdn.co
domain:spoti.fi
domain:spotify-everywhere.com
domain:spotify.com
domain:spotify.design
domain:lolfanart.net
domain:spotifycdn.com
domain:spotifycdn.net
domain:spotifycharts.com
domain:spotifycodes.com
domain:spotifyforbrands.com
domain:spotifyforvendors.com
domain:spotifyjobs.com
domain:tospotify.com
domain:subscene.com
domain:thetvdb.com
domain:boomerang.com
domain:wbdnbo.net
domain:now.com
domain:nowe.com
domain:nowe.hk
domain:now-tv.com
domain:now-ashare.com
domain:lolpcs.com
domain:booth.pm
domain:fanbox.cc
domain:pixiv.help
domain:pixiv.me
domain:pixiv.net
domain:pixiv.org
domain:pixiv-recommend.net
domain:pixivision.net
domain:pximg.net
domain:chobit.cc
domain:sndcdn.com
domain:soundcloud.cloud
domain:soundcloud.com
domain:metacritic.com
domain:9anime.cz
domain:9anime.id
domain:9anime.to
domain:9anime.ws
domain:age.tv
domain:agedm.org
domain:agedm.tv
domain:agefans.com
domain:agemys.org
domain:agedm.app
domain:animedao-tv.com
domain:crunchyroll.com
domain:funimation.com
domain:vrv.co
domain:gogoanime.vc
domain:gogoanime.wiki
domain:gogoanime3.co
domain:gogotaku.info
domain:gogo-load.com
domain:gogocdn.net
domain:hidive.com
domain:att.tv
domain:atttvnow.com
domain:attwatchtv.com
domain:dtvce.com
domain:nettyinternet.com
domain:dandanplay.com
domain:dandanplay.net
domain:themoviedb.org
domain:tmdb.org
domain:ptzwx.com
domain:quanben-xiaoshuo.com
domain:quanben.io
domain:deezer.com
domain:dzcdn.net
domain:youtube.co.in
domain:youtubeembeddedplayer.googleapis.com
domain:kingkong.com.tw
domain:tra-ww000-cp.akamaized.net
domain:crypton.co.jp
domain:content-ause1-ur-discovery1.uplynk.com
domain:pixiv.co.jp
domain:podcast.apple.com
domain:4gamers.com.tw
domain:dlsite.com.tw
domain:youtube.co.ae
domain:youtube.co.at
domain:youtubei.googleapis.com
domain:youtube.co.cr
domain:youtube.co.hu
domain:youtubego.com.br
domain:youtube.co.id
domain:youtubego.co.in
domain:youtubego.co.id
domain:youtube.co.il
domain:nexongames.co.kr
domain:youtube.com.qa
domain:youtube.co.jp
domain:youtube.co.ke
domain:youtube.co.kr
domain:youtube.co.ma
domain:youtube.co.nz
domain:youtube.co.th
domain:youtube.co.tz
domain:youtube.co.ug
domain:gamebase.com.tw
domain:youtube.co.uk
domain:youtube.co.ve
domain:smartstream.ne.jp
domain:youtube.co.za
domain:youtube.com.ar
domain:youtube.com.au
domain:youtube.com.az
domain:youtube.com.bd
domain:youtube.com.bh
domain:youtube.com.bo
domain:youtube.com.br
domain:youtube.com.by
domain:youtube.com.co
domain:youtube.com.do
domain:youtube.com.ec
domain:youtube.com.ee
domain:youtube.com.eg
domain:youtube.com.es
domain:youtube.com.gh
domain:youtube.com.gr
domain:youtube.com.gt
domain:youtube.com.hk
domain:youtube.com.hn
domain:youtube.com.hr
domain:youtube.com.jm
domain:youtube.com.jo
domain:youtube.com.kw
domain:youtube.com.lb
domain:youtube.com.lv
domain:youtube.com.ly
domain:youtube.com.mk
domain:youtube.com.mt
domain:youtube.com.mx
domain:youtube.com.my
domain:youtube.com.ng
domain:youtube.com.ni
domain:youtube.com.om
domain:youtube.com.pa
domain:youtube.com.pe
domain:youtube.com.ph
domain:youtube.com.pk
domain:youtube.com.pt
domain:youtube.com.py
domain:youtube.com.ro
domain:youtube.com.sa
domain:youtube.com.sg
domain:youtube.com.sv
domain:abematv.co.jp
domain:youtube.com.tn
domain:youtube.com.tr
domain:youtube.googleapis.com
domain:youtube.com.tw
domain:youtube.com.ua
domain:youtube.com.uy
domain:youtube.com.ve
domain:youtube.co.zw
domain:gamefocus.co.kr
domain:gameover.com.hk
domain:gamer.ne.jp
domain:openbook.org.tw
domain:tgdaily.co.kr
domain:tv.apple.com
domain:unext.co.jp
domain:njpw.co.jp
domain:hikosen.co.jp
domain:roblox-api.arkoselabs.com
domain:roblox.co.jp
domain:podcasts.apple.com
domain:konami.co.jp
domain:tver.co.jp
domain:roblox.co.uk
domain:sekai.colorfulpalette.org
domain:pjsekai.sega.jp
domain:nintendo.com.pt
domain:nintendo.com.hk
domain:nintendo.co.za
domain:garena.co.th
domain:nexoncdn.co.kr
domain:yostar.co.jp
domain:fortnite-vod.akamaized.net
domain:garena.co.id
domain:umamusume.akamaized.net
domain:nintendo.co.uk
domain:worldflipper.akamaized.net
domain:cygames.co.jp
domain:mobimon.com.tw
domain:nintendo.co.jp
domain:nexon.co.jp
domain:snk-corp.co.jp
domain:egdownload.fastly-edge.com
domain:riotgames.co.kr
domain:leagueoflegends.co.kr
domain:lolshop.co.kr
domain:eakorea.co.kr
domain:yostar-pictures.co.jp
domain:nintendo.co.kr
domain:dungeonkeeper.com.cn
domain:now.com.hk
domain:gamer.com.tw
domain:bahamut.com.tw
domain:bahamut.akamaized.net
domain:music.apple.com
domain:applemusic.com.au
domain:kinopoisk-ru.clstorage.net
domain:hbogo.co.th
domain:hbomax-images.warnermediacdn.com
domain:bushiroad.co.jp
domain:kkbox.com.tw
domain:kktv.com.tw
domain:disney.co.jp
domain:espn.co.uk
domain:itunes.apple.com
domain:12diasderegalosdeitunes.co.cr
domain:12diasderegalosdeitunes.co.ni
domain:12diasderegalosdeitunes.co.ve
domain:12diasderegalosdeitunes.com.co
domain:12diasderegalosdeitunes.com.hn
domain:12diasderegalosdeitunes.com.ni
domain:12diasderegalosdeitunes.com.ve
domain:itunes.co.th
domain:zeetv.co.uk
domain:litvfreepc.akamaized.net
domain:hsprepack.akamaized.net
domain:disneymagicmoments.gen.tr
domain:disneymagicmoments.co.za
domain:visualarts.gr.jp
domain:product.co.jp
domain:disneymagicmoments.co.uk
domain:disneymagicmoments.co.il
domain:20thcenturystudios.com.au
domain:disney.co.za
domain:disney.com.au
domain:disney.com.br
domain:20thcenturystudios.com.br
domain:disney.com.tw
domain:disneyturkiye.com.tr
domain:disney.co.uk
domain:disney.co.kr
domain:disneyplus.bn5x.net
domain:disney.co.th
domain:beautyandthebeastmusical.co.uk
domain:disney.co.il
domain:disney.com.hk
domain:disneytickets.co.uk
domain:steam.apac.qtlglb.com
domain:steam.eca.qtlglb.com
domain:wide-youtube.l.google.com
domain:steam.cdn.webra.ru
domain:youtube-ui.l.google.com
domain:itunes-apple.com.akadns.net
domain:steam.ru.qtlglb.com
domain:theater-kktv.cdn.hinet.net
domain:hbo.com.edgesuite.net
domain:hbo.map.fastly.net
domain:hbomaxdash.s.llnwi.net
domain:steam.naeu.qtlglb.com
domain:disney-portal.my.onetrust.com
domain:steam.cdn.on.net
domain:hbo.com.c.footprint.net
domain:edge.steam-dns.top.comcast.net
domain:steam.cdn.slingshot.co.nz
domain:steam.cdn.orcon.net.nz
domain:prod.service.minerva.devices.a2z.com
regex:^hses[1-7]?\.akamaized\.net$
regex:^epicgames-download\d\.akamaized\.net$
regex:^[0-9]+vod-adaptive\.akamaized\.net$
regex:^ewcdn[0-9]+\.nowe\.com$
regex:(^|\.)apiproxy-device-prod-nlb-.+\.amazonaws\.com$
regex:(^|\.)apiproxy-website-nlb-prod-.+\.amazonaws\.com$
regex:(^|\.)dualstack\.apiproxy-.+\.amazonaws\.com$
regex:(^|\.)dualstack\.ichnaea-web-.+\.amazonaws\.com$
domain:webnovel.com
domain:shanghaidisneyresort.com
full:disney.my.sentry.io
domain:apple-itunes.cn
domain:itunes-apple.cn
domain:itunesapple.cn
domain:itunesradio.cn
domain:itunesradio.com.cn
full:amp-api-edge-lb-cn.itunes-apple.com.akadns.net
full:amp-api-edge-lb.itunes-apple.com.akadns.net
full:aod-ssl.itunes.apple.com
full:aod.itunes.apple.com
full:apptrailers.itunes.apple.com
full:bag.itunes.apple.com
full:bookkeeper.itunes.apple.com
full:client-api.itunes.apple.com
full:cma.itunes.apple.com
full:downloaddispatch.itunes.apple.com
full:entitlements-edge.itunes.apple.com
full:fpinit.itunes.apple.com
full:inappcheck-cn.itunes-apple.com.akadns.net
full:inappcheck-lb.itunes-apple.com.akadns.net
full:inappcheck.itunes.apple.com
full:init.itunes.apple.com
full:iosapps.itunes.apple.com
full:misc-assets.itunes.apple.com
full:mvod.itunes.apple.com
full:myapp.itunes.apple.com
full:np-edge.itunes.apple.com
full:osxapps.itunes.apple.com
full:pd-nk.itunes.apple.com
full:pd.itunes.apple.com
full:play-edge.itunes.apple.com
full:play.itunes.apple.com
full:podcasts.itunes.apple.com
full:se-edge.itunes.apple.com
full:se2.itunes.apple.com
full:search.itunes.apple.com
full:sf-api-token-service.itunes.apple.com
full:sp.itunes.apple.com
full:streamingaudio.itunes.apple.com
full:su.itunes.apple.com
full:sync.itunes.apple.com
full:tf-feedback.itunes.apple.com
full:universal-activity-service.itunes.apple.com
full:upp.itunes.apple.com
full:bag-cdn.itunes-apple.com.akadns.net
full:iosapps.itunes.g.aaplimg.com
full:is-ssl.mzstatic.com-cn-lb.itunes-apple.com.akadns.net
full:itunes-apple.com.akadns.net
full:itunes.apple.com
full:itunesconnect.apple.com
full:osxapps.itunes.g.aaplimg.com
full:amp-api-edge.music.apple.com
full:amp-api.music.apple.com
full:js-cdn.music.apple.com
full:music.apple.com
full:musicstatus.music.apple.com
full:play.music.apple.com
full:speedysub.music.apple.com
domain:bluearchive-cn.com
domain:xboxlive.cn
full:gog.qtlglb.com
domain:insights-collector.gog.com
domain:csgo.com.cn
domain:csgo.wmsj.cn
domain:dota2.com.cn
domain:dota2.wmsj.cn
domain:wmsjsteam.com
domain:client-update.queniuqe.com
domain:dl.steam.clngaa.com
domain:st.dl.bscstorage.net
domain:st.dl.eccdnx.com
domain:st.dl.pinyuncloud.com
domain:steampowered.com.8686c.com
domain:steamstatic.com.8686c.com
full:alibaba.cdn.steampipe.steamcontent.com
full:lv.queniujq.cn
full:xz.pphimalayanrt.com
domain:steamchina.com
domain:gstore.val.manlaxy.com
domain:log-upload-os.hoyoverse.com
regex:^cdn\d-epicgames-\d+\.file\.myqcloud\.com$
regex:^epicgames-download\d-\d+\.file\.myqcloud\.com$
domain:leagueoflegends.cn
domain:lpl.com.cn
domain:legendofzelda.cn
domain:legendofzelda.com.cn
domain:miitomo.com.cn
domain:nintendolabo.cn
domain:nintendoswitch.cn
domain:nintendoswitch.com.cn
domain:supersmashbros.cn
domain:supersmashbros.com.cn
domain:xn--mts47c3w9b1qr.cn
domain:mariokart.cn
domain:mariokart.com.cn
domain:supermariobros.com.cn
full:uplaypc-s-ubisoft.cdn.ubi.com
domain:yostar.cn
domain:ggpht.cn
domain:ads.youtube.com
full:amp-api.podcasts.apple.com
full:podcasts.apple.com
domain:bytedapm.com
domain:muscdn.com
domain:musical.ly
domain:tik-tokapi.com
domain:tiktok-minis.com
domain:tiktok-row.net
domain:tiktok.com
domain:tiktokcdn-eu.com
domain:tiktokcdn-us.com
domain:tiktokcdn.com
domain:tiktokd.net
domain:tiktokd.org
domain:tiktokeu-cdn.com
domain:tiktokglobalshopv.com
domain:tiktokminis.us
domain:tiktokrow-cdn.com
domain:tiktokv.com
domain:tiktokv.eu
domain:tiktokv.us
domain:tiktokw.eu
domain:tiktokw.us
domain:ttcdn-us.com
domain:ttlivecdn.com
domain:ttoverseaus.net
domain:ttwstatic.com
domain:tiktokcdn-us.com.edgesuite.net
domain:tiktokcdn.com.akamaized.net
domain:tiktokcdn.com.edgesuite.net
domain:tiktokv.com.edgekey.net
domain:tiktokv.com.edgesuite.net
full:p16-tiktokcdn-com.akamaized.net
full:roovza-launches.appsflyersdk.com
full:roovza.inapps.appsflyersdk.com
full:roovza.launches.appsflyersdk.com
full:roovza.skadsdk.appsflyersdk.com
domain:analytics.tiktok.com
full:adeventtracker.spotify.com
full:adstudio-assets.scdn.co
full:bloodhound.spotify.com
domain:ads-pixiv.net
domain:amazonprimevideo.cn
domain:amazonprimevideo.com.cn
