full:end-api.shallow.ink
full:end.shallow.ink
full:p3-novel.byteimg.com
full:p6-novel.byteimg.com
domain:cowlevel.net
domain:douyinec.com
domain:yeshen.com
domain:aisee.tv
domain:atianqi.com
domain:cibn.cc
domain:cibntv.net
domain:172mix.com
domain:17k.com
domain:51zmt.top
domain:6.cn
domain:6rooms.com
domain:xiu123.cn
domain:anitabi.cn
domain:b612kaji.com
domain:kajicam.com
domain:baofeng.com
domain:baofeng.net
domain:baozou.com
domain:baozoumanhua.com
domain:bemanicn.com
domain:bgwxc.com
domain:bsbsb.top
domain:3304399.com
domain:cdkeynogap.com
domain:colorv.com
domain:diyring.cc
domain:kuyin123.com
domain:kuyinxiu.com
domain:kuyinyun.com
domain:dmzj.com
domain:muwai.com
domain:dongdianqiu.com
domain:dongqiudi.com
domain:duoduocdn.com
domain:zhibo8.cc
domain:zhibo8.com
domain:faloo.com
domain:fengniao.com
domain:img-space.com
domain:goka.top
domain:haidubooks.com
domain:heiyan.com
domain:heiyanimg.com
domain:hongshu.com
domain:hotread.com
domain:huajiao.com
domain:inke.cn
domain:ikstatic.cn
domain:jjwxc.net
domain:kjcdn.com
domain:kujiang.com
domain:laifeng.com
domain:1905.com
domain:m1905.cn
domain:m1905.com
domain:mamecn.com
domain:manmankan.com
domain:mfuns.cn
domain:mfuns.net
domain:miaopai.com
domain:motie.com
domain:motieimg.com
domain:mtime.cn
domain:mtime.com
domain:pearvideo.com
domain:pipi.cn
domain:rrmj.plus
domain:rrsp.app
domain:qwapp.top
domain:qwdjapp.com
domain:yichengwlkj.com
domain:sfacg.com
domain:shuhai.com
domain:tadu.com
domain:vsread.com
domain:xcz.im
domain:xczim.com
domain:xinlishumeng.com
domain:xyys.com
domain:yamibo.com
domain:yiyouliao.com
domain:yxdown.com
domain:zhanqi.tv
domain:zhulang.com
domain:zongheng.com
domain:18183.com
domain:3dmgame.com
domain:ali213.net
domain:cgames.com
domain:chuapp.com
domain:dataeye.com
domain:gamediary.cn
domain:gameres.com
domain:gamewower.com
domain:dwstatic.com
domain:gcores.com
domain:duowan.com
domain:yystatic.com
domain:yy.com
domain:nadianshi.com
domain:podcast.xyz
domain:sgamer.com
domain:shoutanjjj.com
domain:ucg.cn
domain:youxichaguan.com
domain:youxiputao.com
domain:youxituoluo.com
domain:yystv.cn
domain:1kkk.com
domain:cdndm5.com
domain:dm5.cn
domain:dm5.com
domain:dm9.com
domain:gmanhua.com
domain:hkmanga.com
domain:manben.com
domain:manbenapi.com
domain:manhuaren.com
domain:pplive.cn
domain:pplive.com
domain:pptv.com
domain:u17.com
domain:u17i.com
domain:u17t.com
domain:ciweimao.com
domain:hbooker.com
domain:kuangxiangit.com
domain:gamersky.com
domain:kkmh.com
domain:kuaikanmanhua.com
domain:le.com
domain:leautolink.com
domain:lecloud.com
domain:lecloudapi.com
domain:lemall.com
domain:leso.cn
domain:letv.com
domain:letvcdn.com
domain:letvimg.com
domain:activity-wbsj.com
domain:aihst8.com
domain:amemv.cn
domain:amemv.com
domain:amemv.net
domain:awemeughun.com
domain:awemeuglang.com
domain:awemeugsoul.com
domain:awemeugwave.com
domain:betastar.cn
domain:boxdouyin.com
domain:cookicut.com
domain:douyin.com
domain:douyinact.com
domain:douyinact.net
domain:douyincdn.com
domain:douyinfe.com
domain:douyinliving.com
domain:douyinpic.com
domain:douyinstatic.com
domain:douyinvod.com
domain:duoshan.com
domain:huoshan.com
domain:huoshancdn.com
domain:huoshangroup.com
domain:huoshanimg.com
domain:huoshanlive.com
domain:huoshanparty.com
domain:huoshanstatic.com
domain:huoshante8.com
domain:huoshanvideo.cn
domain:huoshanvideo.net
domain:huoshanvod.com
domain:huoshanxiaoshipin.cn
domain:huoshanxiaoshipin.net
domain:huoshanzhibo.cn
domain:huoshanzhibo.com
domain:huoshanzhibo.net
domain:hypercachenode.com
domain:idouyinliving.com
domain:idouyinpic.com
domain:idouyinstatic.com
domain:idouyinvod.com
domain:iesdouyin.com
domain:iesdouyin.net
domain:ieshuodong.cn
domain:ieshuodong.net
domain:ihst8.com
domain:ihuoshanimg.com
domain:ihuoshanlive.com
domain:ihuoshanstatic.com
domain:ihuoshanvod.com
domain:kesong.co
domain:kolbuyer.cn
domain:nextvid.net
domain:ppkankan01.com
domain:qishui.cn
domain:qishui.com
domain:qishuimusic.cn
domain:supercachenet.com
domain:supercachenode.com
domain:ultracachenode.com
domain:woaihuoshan.com
domain:wohst8.com
domain:cdncl.net
domain:douyinpay.com
domain:ulpay.com
domain:lifexue.com
domain:open-douyin.com
domain:xiaoyuzhoufm.com
domain:xyzcdn.net
domain:douyu.com
domain:douyu.tv
domain:douyucdn.cn
domain:douyucdn2.cn
domain:douyuscdn.com
domain:douyutv.com
domain:edgesrv.com
domain:huya.com
domain:msstatic.com
domain:aichongzoo.cn
domain:hzdtv.tv
domain:hzman.net
domain:wasu.cn
domain:wasu.tv
domain:wasumedia.cn
domain:hifuntv.com
domain:hitv.com
domain:hnbntv.com
domain:hunaniptv.com
domain:hunantv.com
domain:imgo.tv
domain:mgtv.com
domain:dtstatic.com
domain:duitang.com
domain:gzlzfm.com
domain:lizhi.fm
domain:lizhifm.com
domain:lizhiinc.com
domain:lz310.com
domain:lzpipi.com
domain:61.com
domain:taomee.com
domain:gitv.cn
domain:gitv.tv
domain:kugou.com
domain:kuwo.cn
domain:ktv.com
domain:ximalaya.com
domain:kugoo.com
domain:lrts.me
domain:qqmusic.com
domain:wting.info
domain:97ting.com
domain:tingmall.com
domain:ultimatemusic.cn
domain:fanxingliveshow.com
domain:kgimg.com
domain:kglink.cn
domain:xmcdn.com
domain:tencentmusic.com
domain:mting.info
domain:kugou.net
domain:kugouaudio.com
domain:kugouipv6.com
domain:kugoukid.com
domain:kugouliveshow.com
domain:kugouringtone.com
domain:kugousenior.com
domain:kugoustore.com
domain:kugouvoice.com
domain:kugouyouth.com
domain:koowo.cn
domain:koowo.com
domain:xyzfm.link
domain:xyzfm.space
domain:frp-ski.com
domain:1xhh.cn
domain:accxiaoheihe.com
domain:chat.top
domain:debugmode.cn
domain:max-c.com
domain:maxadmin.cn
domain:maxjia.com
domain:xiaoheihe.cn
domain:bbtv.cn
domain:bestvcdn.cn
domain:bestvcdn.com
domain:bestvcdn.net
domain:smgbb.cn
domain:frp-six.com
domain:frp-sea.com
domain:37.com
domain:37wan.net
domain:37wanimg.com
domain:7k7k.com
domain:9xgame.com
domain:arcaea.cn
domain:astral-vector.com
domain:66rpg.com
domain:cgyouxi.com
domain:duoyi.com
domain:duoyigroup.cn
domain:duoyiwangluo.com
domain:ygduoyi.com
domain:feihuo.com
domain:forevernine.com
domain:fxt365.com
domain:gameabc.com
domain:gamemei.com
domain:happyelements.com
domain:leyuansu.com
domain:heavenlywind.cc
domain:laohu.com
domain:wanmei.com
domain:wmsj.cn
domain:wmupd.com
domain:ledu.com
domain:longtugame.com
domain:morefreegame.com
domain:nalrer.cn
domain:tuyoo.com
domain:nikkigames.cn
domain:papegames.cn
domain:papegames.com
domain:phira.cn
domain:sdo.com
domain:shengqugames.com
domain:zjshulong.com
domain:tanwan.com
domain:twyx.cn
domain:twyxh.com
domain:zx.com
domain:tgpro.top
domain:tgprocs.net
domain:winegame.net
domain:wo1wan.com
domain:ycgame.com
domain:yjwujian.cn
domain:yysls.cn
domain:seasungames.cn
domain:seasungames.com
domain:seasunwbl.com
domain:xishanju.com
domain:xoyo.com
domain:xoyocdn.com
domain:cbjq.com
domain:testplus.cn
domain:tiancity.com
domain:tiancitycdn.com
domain:vrzwk.cn
domain:vrzwk.com
domain:vrzwk.net
domain:vrzwk.top
domain:sl916.com
domain:17173.com
domain:17173cdn.com
domain:changyou.com
domain:cy.com
domain:playcool.com
domain:yeyou.com
domain:yeyoucdn.com
domain:texasholdemcup.net
domain:lsplayer.com
domain:ccw.site
domain:3304399.net
domain:3839.com
domain:3839apk.com
domain:3839app.com
domain:3839app.net
domain:3839img.com
domain:3839pay.com
domain:3839pic.com
domain:3839vc.com
domain:3839video.com
domain:4399.cn
domain:4399.com
domain:4399.net
domain:4399api.com
domain:4399api.net
domain:4399biule.com
domain:4399dmw.com
domain:4399er.com
domain:4399hdhh.com
domain:4399hhh.com
domain:4399inc.com
domain:4399mail.com
domain:4399pk.com
domain:4399sj.cn
domain:4399sj.com
domain:4399swf.com
domain:4399wanju.com
domain:4399youpai.com
domain:4399youxi.com
domain:4399yyy.com
domain:5054399.com
domain:5054399.net
domain:5wyxi.com
domain:71acg.com
domain:71acg.net
domain:abdf002.com
domain:appeeres.com
domain:buke999.com
domain:bx1k.com
domain:edu4399.com
domain:funnycore.com
domain:guoping123.com
domain:haohaowan.net
domain:i3839.com
domain:ihykb.com
domain:img4399.com
domain:mail4399.com
domain:maindown4399.com
domain:me4399.com
domain:my4399.com
domain:mysiteres.com
domain:nzsiteres.com
domain:qq163.com
domain:qq163.net
domain:tuer123.com
domain:wanwan4399.com
domain:we4399.com
domain:webgame163.com
domain:youba.com
domain:yxhapi.com
domain:yxhhdl.com
domain:yxhimg.com
domain:9game.cn
domain:aligames.com
domain:jiaoyimao.cn
domain:jiaoyimao.com
domain:lingxigames.com
domain:hero.com
domain:herogame.com
domain:heroesports.com
domain:shyxhy.com
domain:yingxiong.com
domain:mhystatic.com
domain:mhyurl.cn
domain:mihayo.com
domain:mihayou.com
domain:mihoyo.com
domain:mihoyocg.com
domain:mihoyogift.com
domain:mihoyomall.com
domain:miyoushe.com
domain:benghuai.com
domain:bh3.com
domain:bhsr.com
domain:themisweeps.com
domain:yuanshen.com
domain:juequling.com
domain:dobest.com
domain:langrenclub.com
domain:sanguosha.com
domain:xhlsgs.com
domain:xinwuji.com
domain:yokaverse.com
domain:zhuoyou.com
domain:bilibiligame.cn
domain:bilibiligame.co
domain:bilibiligame.net
domain:biligame.co
domain:biligame.com
domain:biligame.net
domain:videoxiaoyouxi.com
domain:nagcloudcs.com
domain:gameloop.com
domain:gcloudcs.com
domain:gcloudcstest.com
domain:gcloudcstestonly.com
domain:gclouddolphin.com
domain:gcloudsdk.com
domain:gcloudsvcs.com
domain:gdtimg.com
domain:goto-game.com
domain:yxdmgame.com
domain:goto-game.org
domain:happyhlddz.com
domain:hdyxgame.com
domain:hkgcloudcs.com
domain:ihappystudio.cn
domain:ihappystudio.com
domain:in.th
domain:ludosuperstar.cn
domain:ludoworld.net
domain:mahjongai.net
domain:mahjongcup.cn
domain:mahjongcup.com
domain:mahjongcup.net
domain:metalrevolution.com
domain:midasbuy.com
domain:wcbygame.com
domain:proximabeta.com
domain:pubghelper.com
domain:pubgno1.cn
domain:pubgtool.com
domain:qqgameapp.com
domain:rmwxgame.com
domain:skydweller.cn
domain:syxlgame.com
domain:tencent-gcloud.com
domain:tencentstart.com
domain:texasholdemcup.cn
domain:texasholdemcup.com
domain:ldmnq.com
domain:timibase.com
domain:bcfmglobal.com
domain:gameitop.com
domain:goto-game.mobi
domain:yximg.cn
domain:yxwsgame.com
domain:yzyxgame.com
domain:zcjbgame.com
domain:zhuoyuegame.com
domain:xn--owtw8cc49ajfl.cn
domain:roblox.cn
domain:robloxdev.cn
domain:nextstudios.com
domain:nextworkshop.net
domain:mszdld.cn
domain:mszdld.com
domain:mszdld.net
domain:gamebonfire.com
domain:ffbuddy.com
domain:gotolink.net
domain:17roco.com
domain:gtgres.com
domain:realcybertron.com
domain:wegame.com
domain:anticheatexpert.com
domain:tcfmglobal.com
domain:battlecare.net
domain:wegameplus.com
domain:codm.com
domain:brawlstars.cn
domain:haydaypop.cn
domain:labycore.cn
domain:sccreator.cn
domain:sccreators.cn
domain:scescdn.cn
domain:scid.cn
domain:scsentry.cn
domain:supercellcommunity.cn
domain:supercellsupport.cn
domain:frp-rib.com
domain:frp-put.com
domain:frp-oil.com
domain:frp-off.com
domain:frp-now.com
domain:frp-net.com
domain:frp-gap.com
domain:frp-fun.com
domain:biji.com
domain:ddmogo.com
domain:igetget.cn
domain:igetget.com
domain:luojilab.com
domain:mogoo.com
domain:sao.cn
domain:saolife.com
domain:ecukwai.com
domain:gifshow.com
domain:inkuai.com
domain:inkwai.com
domain:ksapisrv.com
domain:kskwai.com
domain:kspkg.com
domain:kuaishou.cn
domain:kuaishou.com
domain:kuaishouapps.com
domain:kuaishoupay.com
domain:kuaishouzt.com
domain:kwaicdn.com
domain:kwaizt.com
domain:kwimgs.com
domain:qingque.cn
domain:viviv.com
domain:wsukwai.com
domain:yximgs.com
domain:jiuyue919.com
domain:qimao.com
domain:qm989.com
domain:qmniu.com
domain:quehu.com
domain:wtzw.com
domain:91q.com
domain:dmhmusic.com
domain:showstart.com
domain:taihe.com
domain:taihemusic.cn
domain:th-music.com
domain:ac.fun
domain:acfun.cn
domain:acfun.net
domain:acfunchina.cn
domain:acfunchina.com
domain:acfunchina.net
domain:aixifan.com
domain:ku6.com
domain:ku6cdn.com
domain:ku6img.com
domain:11222.cn
domain:aliwx.net
domain:ishuqi.com
domain:newstjk.com
domain:shuqi.com
domain:shuqiapi.com
domain:shuqiread.com
domain:shuqireader.com
domain:shuqistat.com
domain:sqreader.com
domain:frp-end.com
domain:aamgame.net
domain:aamgame.com
domain:aamgame.mobi
domain:aamsmart.com
domain:singworld.net
domain:qingting.fm
domain:qtfm.cn
domain:tgbus.com
domain:vgtime.com
domain:fspcdn.com
domain:fun.tv
domain:funshion.com
domain:funshion.net
domain:ibidian.com
domain:jvcsmart.cn
domain:frp-dad.com
domain:activity-zhendingtech.com
domain:changdunovel.com
domain:fanqiecopyright.com
domain:fanqienovel.com
domain:fanqieopen.com
domain:fanqieopenpic.com
domain:fanqieopenstatic.com
domain:fanqieopenvod.com
domain:fanqiesdk.com
domain:fanqiesdkpic.com
domain:fanqiesdkstatic.com
domain:fanqiesdkvod.com
domain:fqnovel-op.com
domain:fqnovel.com
domain:fqnovelim.com
domain:fqnovelop.com
domain:fqnovelpic.com
domain:fqnovelstatic.com
domain:fqnovelvod.com
domain:fqopenplatform.com
domain:ihaohaoxuexi.com
domain:muyewx.com
domain:novelfm.com
domain:novelfmpic.com
domain:novelfmstatic.com
domain:novelfmvod.com
domain:qznovel.com
domain:qznovelpic.com
domain:qznovelstatic.com
domain:qznovelvod.com
domain:13a.com
domain:natfrp.com
domain:frp-air.com
domain:frp-all.com
domain:frp-arm.com
domain:frp-bag.com
domain:frp-bid.com
domain:frp-dog.com
domain:frp-egg.com
domain:frp-era.com
domain:frp-fan.com
domain:frp-fee.com
domain:frp-fog.com
domain:frp-fox.com
domain:frp-gas.com
domain:frp-gym.com
domain:frp-hat.com
domain:frp-hen.com
domain:frp-hip.com
domain:frp-hub.com
domain:frp-ice.com
domain:frp-jar.com
domain:frp-key.com
domain:frp-kit.com
domain:frp-lab.com
domain:frp-leg.com
domain:frp-mad.com
domain:frp-mix.com
domain:frp-mom.com
domain:frp-nut.com
domain:frp-one.com
domain:frp-own.com
domain:frp-pen.com
domain:frp-rug.com
domain:frp-run.com
domain:frp-say.com
domain:frp-shy.com
domain:frp-sun.com
domain:frp-tag.com
domain:frp-act.com
domain:frp-any.com
domain:frp-bar.com
domain:frp-box.com
domain:frp-boy.com
domain:frp-bus.com
domain:rrsp.com.cn
domain:roco.qq.com
domain:nikkigames.com.cn
domain:goto-game.net.cn
domain:roblox.qq.com
domain:gouhuo.qq.com
domain:wegame.com.cn
domain:werepository.com.cn
domain:kg.qq.com
domain:aliwx.com.cn
domain:bestvcdn.com.cn
domain:37.com.cn
domain:bestv.com.cn
domain:music.qq.com
domain:y.qq.com
domain:qishuimusic.com.cn
domain:qishui.com.cn
domain:news.yxrb.net
domain:ign.com.cn
domain:gamelook.com.cn
domain:vistopia.com.cn
domain:jvcsmart.com.cn
domain:click.gamersky.com
domain:ja.gamersky.com
domain:ja1.gamersky.com
domain:ja2.gamersky.com
domain:wmbd.gamersky.com
domain:apple.www.letv.com
domain:ark.letv.com
domain:dc.letv.com
domain:g3.letv.com
domain:click.hunantv.com
domain:da.hunantv.com
domain:da.mgtv.com
domain:log.hunantv.com
domain:log.v2.hunantv.com
domain:res.hunantv.com
domain:ad.tencentmusic.com
domain:adstats.tencentmusic.com
domain:monitor.music.qq.com
domain:report.tencentmusic.com
domain:stat.y.qq.com
domain:tmead.y.qq.com
domain:tmeadcomm.y.qq.com
domain:ads.service.kugou.com
domain:adserviceretry.kglink.cn
domain:adserviceretry.kugou.com
domain:adbehavior.ximalaya.com
domain:adse.wsa.ximalaya.com
domain:adse.ximalaya.com
regex:^.+-mihayo\.akamaized\.net$
domain:log-upload.mihoyo.com
domain:adbkwai.com
domain:adkwai.com
domain:adukwai.com
domain:e.kuaishou.cn
domain:e.kuaishou.com
full:log-sdk.gifshow.com
full:wlog.kuaishou.com
full:apilog-web.acfun.cn
full:ads3-normal-hl.zijieapi.com
full:ads3-normal.zijieapi.com
full:ads5-normal-hl.zijieapi.com
full:ads5-normal.zijieapi.com
full:log3-applog-hl.fqnovel.com
full:log3-applog.fqnovel.com
full:log5-applog-hl.fqnovel.com
full:log5-applog.fqnovel.com
full:p3-ad-sign.byteimg.com
full:p6-ad-sign.byteimg.com
full:p9-ad-sign.byteimg.com
full:rtlog3-applog-hl.fqnovel.com
full:rtlog3-applog.fqnovel.com
full:rtlog5-applog-hl.fqnovel.com
full:rtlog5-applog.fqnovel.com
