domain:ottcn.com
domain:cctvlib.cn
domain:cctv4g.com
domain:zggbdszt.cn
domain:yangshipin.cn
domain:cctvlibrary.cn
domain:xn--kprv4ewxfr9cpxcc7joo6apn8a.xn--fiqs8s
domain:cctvpic.com
domain:cctvpro.cn
domain:xn--kprv4ewxfr9cpxcc7joo6apn8a.cn
domain:chinaepg.cn
domain:chinalive.com
domain:chinaott.com
domain:xn--fiq53l90et9fpncc7joo6apn8a.cn
domain:xn--fiq53l6wcx3kp9bc7joo6apn8a.xn--fiqs8s
domain:icntvcdn.com
domain:xn--fiq53l6wcx3kp9bc7joo6apn8a.cn
domain:cntvwb.cn
domain:cri.cn
domain:gjgbdszt.cn
domain:tvcc.cn
domain:cctv.com
domain:cntv.cn
domain:ipanda.cn
domain:ipanda.com
domain:cctv.cn
domain:ipanda.net
domain:livechina.cn
domain:livechina.com
domain:olympicchannelchina.cn
domain:citv.net.cn
domain:zggbdszt.net.cn
domain:tvcc.com.cn
domain:cntv.com.cn
domain:cnms.net.cn
domain:ipanda.com.cn
domain:cctvpro.com.cn
domain:gjgbdszt.net.cn
domain:cctvlib.com.cn
domain:cctvlibrary.com.cn
domain:zggbdszt.com.cn
domain:gjgbdszt.com.cn
domain:zygbdszt.net.cn
domain:ad.cctv.com
