full:disneyplus.com.ssl.sc.omtrdc.net
full:hulu.playback.edge.bamgrid.com
full:espn.api.edge.bamgrid.com
full:espn.hb.omtrdc.net
full:espndotcom.tt.omtrdc.net
domain:hulunet.com
domain:callhulu.com
domain:disney.bg
domain:disneyworld-go.com
domain:disney.ch
domain:watchespn.com
domain:espnqa.com
domain:espncdn.com
domain:espn.net
domain:espn.com
domain:dtci.technology
domain:disney.com
domain:dtci.co
domain:dmed.technology
domain:bamtech.net
domain:bamgrid.com
domain:disney.cz
domain:disney.de
domain:disney.dk
domain:disney.es
domain:disney.fi
domain:disney.fr
domain:edgedatg.com
domain:disney.hu
domain:disney.id
domain:disney.in
domain:disney.io
domain:disney.it
domain:disney.my
domain:disney.nl
domain:disney.no
domain:disney.ph
domain:disney.pl
domain:disney.pt
domain:disney.ro
domain:disney.ru
domain:disney.se
domain:disney.sg
domain:disneyanimation.com
domain:fxnetwork.com
domain:fxnetworks.com
domain:lucasfilm.com
domain:pixar.com
domain:searchlightpictures.com
domain:thewaltdisneycompany.com
domain:waltdisneystudios.com
domain:disneylandparis.com
domain:hongkongdisneyland.com
domain:tokyodisneyresort.jp
domain:20thcenturystudios.com
domain:abcnews.com
domain:abc.com
domain:20thcenturystudios.jp
domain:adventuresbydisney.com
domain:babble.com
domain:babyzone.com
domain:abc-studios.com
domain:detpress.com
domain:dilcdn.com
domain:disney-asia.com
domain:disney-discount.com
domain:disney-plus.net
domain:starplus.com
domain:disney-studio.com
domain:disney-studio.net
domain:disneyaccount.com
domain:disneyadsales.com
domain:disneyarena.com
domain:disneyaulani.com
domain:disneybaby.com
domain:disneycareers.com
domain:disneychannelonstage.com
domain:disneychannelroadtrip.com
domain:disneycruisebrasil.com
domain:disneyenconcert.com
domain:disneyiejobs.com
domain:disneyinflight.com
domain:disneyinternational.com
domain:disneyinternationalhd.com
domain:disneyjunior.com
domain:disneyjuniortreataday.com
domain:disneylatino.com
domain:starott.com
domain:ngeo.com
domain:nationalgeographicpartners.com
domain:disneymagicmoments.de
domain:disneymagicmoments.es
domain:disneymagicmoments.fr
domain:nationalgeographic.com
domain:disneymagicmoments.gr
domain:disneymagicmoments.it
domain:disneymagicmoments.pl
domain:disneymagicmomentsme.com
domain:disneyme.com
domain:disneymeetingsandevents.com
domain:disneymovieinsiders.com
domain:disneymusicpromotion.com
domain:disneynewseries.com
domain:disneynow.com
domain:disneypeoplesurveys.com
domain:natgeomaps.com
domain:disneyplus.com
domain:disneyprivacycenter.com
domain:disneyredirects.com
domain:disneysrivieraresort.com
domain:disneystore.com
domain:disneystreaming.com
domain:disneysubscription.com
domain:disneytermsofuse.com
domain:themarvelexperiencetour.com
domain:disney.gr
domain:disney.be
domain:disney.ca
domain:dssott.com
domain:freeform.com
domain:go-disneyworldgo.com
domain:go.com
domain:mickey.tv
domain:moviesanywhere.com
domain:nomadlandmovie.ch
domain:playmation.com
domain:shopdisney.com
domain:shops-disney.com
domain:sorcerersarena.com
domain:spaindisney.com
domain:star-brasil.com
domain:star-latam.com
domain:starwars.com
domain:starwarsgalacticstarcruiser.com
domain:starwarskids.com
domain:streamingdisney.net
domain:thestationbymaker.com
domain:thisispolaris.com
domain:watchdisneyfe.com
domain:hotstar.com
domain:hotstar-cdn.net
domain:hotstar-labs.com
domain:hotstarext.com
domain:marvelsuperwar.com
domain:112263.com
domain:disneytvajobs.com
domain:findyourlimits.com
domain:freehulu.com
domain:hooloo.tv
domain:hoolu.com
domain:hoolu.tv
domain:hu1u.com
domain:huloo.cc
domain:huloo.tv
domain:hulu.com
domain:hulu.jp
domain:hulu.tv
domain:hulu.us
domain:huluaction.com
domain:huluad.com
domain:huluapp.com
domain:huluasks.com
domain:hulucall.com
domain:hulufree.com
domain:hulugans.com
domain:hulugermany.com
domain:hulugo.com
domain:huluim.com
domain:huluinstantmessenger.com
domain:huluitaly.com
domain:disney.asia
domain:hulunetwork.com
domain:huluplus.com
domain:hulupremium.com
domain:hulupurchase.com
domain:huluqa.com
domain:hulurussia.com
domain:huluspain.com
domain:hulusports.com
domain:hulustream.com
domain:huluteam.com
domain:hulutv.com
domain:huluusa.com
domain:joinmaidez.com
domain:mushymush.tv
domain:myhulu.com
domain:originalhulu.com
domain:payhulu.com
domain:registerhulu.com
domain:thehulubraintrust.com
domain:wwwhuluplus.com
domain:marvel.com
domain:marvel10thanniversary.com
domain:marveldimensionofheroes.com
domain:marvelparty.net
domain:marvelpinball.com
domain:marvelsdoubleagent.com
domain:marvelspotlightplays.com
domain:marvelsuperheroseptember.com
domain:disney.co.jp
domain:espn.co.uk
domain:hsprepack.akamaized.net
domain:disneymagicmoments.gen.tr
domain:disneymagicmoments.co.za
domain:disneymagicmoments.co.uk
domain:disneymagicmoments.co.il
domain:disneytickets.co.uk
domain:disney.com.hk
domain:disney.co.il
domain:beautyandthebeastmusical.co.uk
domain:disney.co.th
domain:disneyplus.bn5x.net
domain:disney.co.kr
domain:disney.co.uk
domain:disneyturkiye.com.tr
domain:disney.com.tw
domain:20thcenturystudios.com.br
domain:disney.com.br
domain:disney.com.au
domain:disney.co.za
domain:20thcenturystudios.com.au
domain:disney-portal.my.onetrust.com
regex:^hses[1-7]?\.akamaized\.net$
domain:shanghaidisneyresort.com
full:disney.my.sentry.io
