domain:playparagon.com
domain:cubicmotion.com
domain:quixel.com
domain:battlebreakers.com
domain:eac-cdn.com
domain:easy.ac
domain:easyanticheat.net
domain:epicgames.com
domain:epicgames.dev
domain:epicgamescdn.com
domain:fab.com
domain:fortnite.com
domain:hyprsense.com
domain:paragon.com
domain:artstationmedia.com
domain:capturingreality.com
domain:quixel.se
domain:radgametools.com
domain:realityscan.com
domain:roborecall.com
domain:shadowcomplex.com
domain:sketchfab.com
domain:spyjinx.com
domain:twinmotion.com
domain:unrealengine.com
domain:unrealtournament.com
domain:3lateral.com
domain:artstation.com
domain:fortnite-vod.akamaized.net
domain:egdownload.fastly-edge.com
regex:^epicgames-download\d\.akamaized\.net$
regex:^cdn\d-epicgames-\d+\.file\.myqcloud\.com$
regex:^epicgames-download\d-\d+\.file\.myqcloud\.com$
