domain:ecukwai.com
domain:gifshow.com
domain:inkuai.com
domain:inkwai.com
domain:ksapisrv.com
domain:kskwai.com
domain:kspkg.com
domain:kuaishou.cn
domain:kuaishou.com
domain:kuaishouapps.com
domain:kuaishoupay.com
domain:kuaishouzt.com
domain:kwaicdn.com
domain:kwaizt.com
domain:kwimgs.com
domain:qingque.cn
domain:viviv.com
domain:wsukwai.com
domain:yximgs.com
domain:adbkwai.com
domain:adkwai.com
domain:adukwai.com
domain:e.kuaishou.cn
domain:e.kuaishou.com
full:log-sdk.gifshow.com
full:wlog.kuaishou.com
