domain:lenovomm.com
domain:iprintworks.cn
domain:lenovo.net
domain:ileapcloud.com
domain:lx.pub
domain:lenovo.cn
domain:lenovo.com
domain:lenovoeservice.com
domain:lxzjjt.cn
domain:lxzjjt.com
domain:thinkcloudlab.com
domain:thinkpad.com
domain:lenovopoc.com
domain:lenovofile.com
domain:filez.com
domain:bestrhy.com
domain:lecoo.com
domain:blurdev.com
domain:chainedbox.com
domain:fm365.com
domain:idea123.cn
domain:zxsales.cn
domain:juhuiwan.com
domain:thinkprinter.net
domain:lx.run
domain:lenauth.com
domain:lenovogame.com
domain:lenovomm.cn
domain:cftsupport.com
domain:lenovocloudos.com
domain:juhuiwan.net
domain:surepush.cn
domain:zui.cn
domain:zui.com
domain:zuk.cn
domain:zuk.com
domain:thinkprinter.cn
domain:lenovoprinter.net
domain:lenovocust.cn
domain:lenovomobile.com
domain:cunchuhulian-ln.cn
domain:lenovonetapp.com
domain:dayin8.com
domain:baiying.cn
domain:lenovoimage.cn
domain:lenovoimage.com
domain:lenovoprinter.com
domain:lenovoprinter.com.cn
domain:lenovocare.com.cn
domain:zuk.com.cn
domain:thinkprinter.com.cn
domain:juhuiwan.com.cn
domain:jhwan.com.cn
domain:zhiliaowenda.com.cn
domain:lenovovip.com.cn
domain:lenovo.com.cn
domain:baiying.com.cn
domain:lenovo.com.cdn.cloudflare.net
