domain:mastercard.lu
domain:mastercard.gr
domain:mastercard.az
domain:mastercard.ba
domain:mastercard.be
domain:mastercard.bg
domain:mastercard.by
domain:mastercard.ca
domain:mastercard.ch
domain:mastercard.cl
domain:travelexmoneycard.com
domain:travelexch.com
domain:travelexae.com
domain:travelex.qa
domain:travelex.it
domain:travelex.fr
domain:travelex.de
domain:travelex.com
domain:travelex.ca
domain:travelex.bh
domain:travelex.be
domain:mastercard.com
domain:gwktravelex.nl
domain:cashpassportglobe.com
domain:simplifycommerce.com
domain:simplify.com
domain:pricelesstv.com
domain:pricelesstoronto.ca
domain:pricelesssurprises.com
domain:pricelesssydney.com
domain:pricelesssantiago.com
domain:pricelesspick.com
domain:pricelesshonolulu.com
domain:pricelesshongkong.com
domain:pricelessbeijing.com
domain:pricelessaruba.com
domain:pricelessarabia.com
domain:pricelessafrica.com
domain:priceless.org
domain:priceless.com
domain:pahabicilemezsurprizler.com
domain:mastercardmoments.com
domain:lovethiscity.com
domain:53worldsweeps.com
domain:mastercard.ae
domain:53world.com
domain:mastercard.cz
domain:mastercard.de
domain:mastercard.dk
domain:mastercard.es
domain:mastercard.eu
domain:mastercard.fi
domain:mastercard.fr
domain:mastercard.md
domain:mastercard.hr
domain:mastercard.hu
domain:mastercard.ie
domain:mastercard.inc
domain:mastercard.it
domain:multicurrencycashpassport.com
domain:mastercard.ke
domain:mastercard.kz
domain:mastercard.jo
domain:mastercard.at
domain:mastercardconnect.com
domain:mastercard.nl
domain:mastercard.no
domain:mastercard.om
domain:mastercard.pl
domain:mastercard.pt
domain:mastercard.qa
domain:mastercard.ro
domain:mastercard.rs
domain:mastercard.ru
domain:mastercard.se
domain:mastercard.si
domain:mastercard.sk
domain:mastercard.ua
domain:mastercard.us
domain:areyoucreditwise.com
domain:borderlessprepaid.com
domain:branchportal.com
domain:idservice.inc
domain:inclusivegrowthscore.com
domain:findacard.com
domain:mastercad.com
domain:mastercard-email.com
domain:mastercardacademy.com
domain:mastercardadvisors.com
domain:mastercardcenter.com
domain:mastercardcenter.org
domain:mastercardcenterforinclusivegrowth.org
domain:mastercard.my
domain:mastercardezsavings.com
domain:mastercardidtheftalerts.com
domain:mastercardrestaurant.com
domain:mastercardservices.com
domain:mastercardworldwide.com
domain:masterpassteststore.com
domain:masterintelligence.com
domain:mcpeaceofmind.com
domain:myaccountglobalcash.com
domain:mycardbenefits.com
domain:onedinesfree.com
domain:paypass.net
domain:pieceofplastic.com
domain:predictivetechnologies.com
domain:pricelessmarketingengine.com
domain:sbitravelcard.com
domain:shoppercentre.com
domain:smartcommunitiescoalition.com
domain:smartcommunitiescoalition.org
domain:startpath.com
domain:taptotokyo.com
domain:tasteofpremium.jp
domain:travelcontroller.com
domain:wwwpaypass.com
domain:becomeindex.com
domain:cashpassport.ca
domain:mastercardbusinessnetwork.com
domain:cashpassport.com
domain:mastercardbiz.com
domain:cashpassport.net
domain:corporatecashpassport.com
domain:mastercardbiz.ca
domain:shinhangmc.com
domain:mastercard.com.ve
domain:intercamcashpassport.com.mx
domain:icashpassport.com.mx
domain:cashpassport.com.br
domain:cashpassport.co.za
domain:nab.com.au
domain:nabtravellercard.com.au
domain:mastercard.com.vn
domain:mastercard.com.tw
domain:mastercard.com.tr
domain:mastercard.com.sg
domain:mastercard.com.sa
domain:mastercard.com.ph
domain:mastercard.com.pe
domain:mastercard.com.ng
domain:mastercard.com.my
domain:mastercard.com.mx
domain:mastercard.com.lb
domain:mastercard.com.kw
domain:mastercard.com.hk
domain:mastercard.com.gt
domain:mastercard.com.ge
domain:mastercard.com.eg
domain:mastercard.com.cy
domain:mastercard.com.co
domain:mastercard.com.bz
domain:mastercard.com.br
domain:mastercard.com.bh
domain:mastercard.com.au
domain:mastercard.com.ar
domain:mastercard.co.za
domain:mastercard.co.ve
domain:mastercard.co.uk
domain:travelex.co.in
domain:travelex.co.jp
domain:travelex.co.nz
domain:travelex.co.uk
domain:mastercard.co.th
domain:travelex.com.au
domain:travelex.com.hk
domain:travelex.com.my
domain:travelex.com.om
domain:travelex.com.tr
domain:mastercard.co.nz
domain:mastercard.co.kr
domain:mastercard.co.ke
domain:mastercard.co.jp
domain:mastercard.co.in
domain:mastercard.co.il
domain:mastercard.co.id
domain:bidvestbank.co.za
domain:worldcurrencycard.co.za
domain:mastercard.cn
domain:mastercard.com.cn
domain:priceless.com.cn
domain:pricelessbeijing.cn
domain:pricelessbeijing.com.cn
domain:travelex.com.cn
