full:mdn.mozillademos.org
full:mozilla-ohttp.fastly-edge.com
full:mozilla.map.fastly.net
domain:mozilla.ro
domain:getfirebug.com
domain:bugzilla.org
domain:detodosparatodos.org
domain:discovershiretoko.org
domain:mozillabd.org
domain:extensionworkshop.com
domain:foxkeh.com
domain:foxkeh.jp
domain:mozillademos.org
domain:getpersonas.com
domain:getpocket.com
domain:hackasaurus.org
domain:interforest.org
domain:itisatrap.org
domain:learningfreedomandtheweb.org
domain:lizardwrangler.com
domain:mecha-mozilla.org
domain:mozaws.net
domain:mozgcp.net
domain:mozilla-europe.org
domain:mozilla-hispano.org
domain:mozilla-mexico.org
domain:mozilla.ai
domain:mozilla.com
domain:mozilla.community
domain:mozilla.cz
domain:mozilla.de
domain:mozilla.jp
domain:mozilla.lt
domain:mozilla.net
domain:mozilla.org
domain:mozilla.pe
domain:mozilla.pt
domain:allizom.net
domain:ecmascript.org
domain:allizom.org
domain:mozillafactory.org
domain:mozillafoundation.org
domain:mozillaignite.org
domain:mozillalabs.com
domain:mozillaquebec.org
domain:mozillazine.jp
domain:mozillians.org
domain:mozit.cloud
domain:mzl.la
domain:onemozilla.org
domain:opentimetable.jp
domain:popcornjs.org
domain:publicsuffix.org
domain:seamonkey-project.org
domain:tb.pro
domain:thunderbird.net
domain:thundermail.com
domain:webmademovies.org
domain:mdn.dev
domain:mdnplay.dev
domain:mdnyalp.dev
domain:extendfirefox.com
domain:firefox.com
domain:firefox.hu
domain:firefoxtweetmachine.com
domain:firefoxusercontent.com
domain:mozilla.org.uk
full:ads-img.mozilla.org
full:ads.mozilla.org
full:incoming.telemetry.mozilla.org
full:incoming-telemetry.thunderbird.net
