full:api.viu.now.com
full:dfp6rglgjqszk.cloudfront.net
full:d1k2us671qcoau.cloudfront.net
full:d2anahhhmp1ffz.cloudfront.net
domain:esmarthealth.com
domain:uhub.com
domain:pccwsolutions.com
domain:moov.hk
domain:now.com
domain:nowe.com
domain:nowe.hk
domain:now-tv.com
domain:now-ashare.com
domain:viu.tv
domain:viu.com
domain:pccwglobal.com
domain:hkt-enterprise.com
domain:hkcsl.com
domain:pccw.com
domain:hkt-eye.com
domain:hkt.com
domain:hkteducation.com
domain:hktpremier.com
domain:hktshop.com
domain:netvigator.com
domain:theclub.com.hk
domain:1010.com.hk
domain:now.com.hk
regex:^ewcdn[0-9]+\.nowe\.com$
