full:qualcomm.sc.omtrdc.net
domain:qualcommretail.com
domain:ipleadership.org
domain:qualcomm.com
domain:dragoniscoming.com
domain:gobianywhere.com
domain:hellosmartbook.com
domain:imod.com
domain:brewmp.com
domain:iskoot.com
domain:meetsmartbook.com
domain:patenttruth.org
domain:pixtronix.com
domain:xtracloud.net
domain:qctconnect.com
domain:qprize.com
domain:qualcomm-email.com
domain:qualcomm-inc.com
domain:wirelessreach.com
domain:wipower.com
domain:uplinq.com
domain:qcomgeo2.com
domain:berkanawireless.com
domain:cdmatech.com
domain:snapdragonbooth.com
domain:snapdragon.cn
domain:qualcomm.de
domain:qualcomm.fr
domain:qualcommhalo.com
domain:qualcommlabs.com
domain:qualcommmea.com
domain:airgonetworks.com
domain:qualcommventures.cn
domain:qualcommventures.com
domain:qualphone.com
domain:quicinc.com
domain:qualcomm.com.tw
domain:qualcomm.com.br
domain:qualcomm.co.jp
domain:qualcomm.co.in
domain:qualcomm.co.id
domain:qualcomm.co.kr
domain:qualcomm.co.uk
domain:gpsonextra.net
domain:izatcloud.net
domain:qceventscenter.com.cn
domain:qualcomm.cn
domain:qualcomm.cn.cdn.cloudflare.net
domain:xtracloud.cn
