domain:rebates.jp
domain:bfads.net
domain:ebates.ca
domain:rakuten-static.com
domain:rakuten.ca
domain:ebates.kr
domain:rakuten.com
domain:vbcdn.net
domain:ebates.sg
domain:rakuten.tv
domain:rakuten.tw
domain:rakutenadvertising.com
domain:rakutengiftcards.ca
domain:viber.me
domain:r10s.jp
domain:vbcdn.com
domain:r10s.com
domain:ebatescanada.com
domain:ecbsn.com
domain:fatwallet.com
domain:rclon.com
domain:buyservices.com
domain:rrcbsn.com
domain:kobo.com
domain:viki.com
domain:viber.com
domain:viber.co
domain:rakuten.ne.jp
domain:rakuten.com.tw
domain:rakuten.co.jp
