domain:asiangooglenetwork.com
domain:rt.com
domain:rtnewsru.com
domain:rtrunews.com
domain:rtxv.ru
domain:runewsrt.com
domain:rurtnews.com
domain:russiatoday.com
domain:russiatoday.net
domain:russiatoday.tv
domain:swentr.site
domain:watchingthehawks.com
domain:arabicrt.ru
domain:rtarabic.com
domain:rtarabic.net
domain:rtarabic.org
domain:rtarabic.ru
domain:rtenafrique.tv
domain:rtenfrancais.tv
domain:rtenfrance.tv
domain:rtfrance.tv
domain:russieactuelle.fr
domain:de-rt.com
domain:de-rt.org
domain:de-rtnews.com
domain:de-rtnews.net
domain:dert.online
domain:dert.site
domain:dert.tech
domain:freeassange.tech
domain:freede.tech
domain:freedert.online
domain:rtde.agency
domain:rtde.expert
domain:rtde.express
domain:rtde.info
domain:rtde.life
domain:rtde.live
domain:rtde.me
domain:rtde.media
domain:rtde.online
domain:rtde.org
domain:rtde.press
domain:rtde.site
domain:rtde.team
domain:rtde.tech
domain:rtde.website
domain:rtde.world
domain:rtde.xyz
domain:rtdefree.info
domain:rtdefree.me
domain:rtdefree.online
domain:rtdefree.tech
domain:rtnewsde.com
domain:rtnewsde.online
domain:rtnewsde.pro
domain:rtnewsde.site
domain:rtnewsde.tech
domain:rtbrasil.com
domain:rtbrasil.info
domain:russiatoday.ru
domain:rt.rs
domain:actualidad-rt.com
domain:es-rt.com
domain:esrt.online
domain:esrt.press
domain:esrt.space
domain:esrt.tech
domain:noticias-rt.com
domain:notimundo.press
domain:rtespanol.com
domain:sn-esp.site
domain:b37mrtl.ru
domain:esrt.site
domain:esrt.website
domain:green-box-tv.com
domain:rttv.com
domain:rttv.ru
domain:rteam.dev
domain:rteam.tech
domain:ktech.team
domain:shop-rt.com
domain:1917live.red
domain:ahilesva.info
domain:book-catalog.ru
domain:book1917.live
domain:drobbox.pro
domain:kanzlerdaddy.ru
domain:khangar.net
domain:pobeda.page
domain:premiumlive.site
domain:romanovs100.com
domain:worldcuprussia.com
domain:baranky.com
domain:gatewaytorussia.ru
domain:gw2ru.com
domain:oknovrossiu.ru
domain:rbth.com
domain:russiabeyond.com
domain:russiaislove.com
domain:slavicstar.com
domain:artel.watch
domain:arteldoc.com
domain:arteldoc.tv
domain:rtdoc.tv
domain:rtdocumentary.online
domain:rtfestival.ru
domain:rt-school.online
domain:ruptly.agency
domain:ruptly.tv
domain:ruptly.video
domain:gazetarussa.com.br
