domain:rzd.ru
domain:rzd-bonus.ru
domain:pochta.ru
domain:russianpost.ru
domain:dzvr.ru
domain:avtodor-tr.ru
domain:onelya.ru
domain:bitrix.info
domain:bkvet.ru
domain:ozon.ru
domain:ozone.ru
domain:ozonusercontent.com
domain:yadro.ru
domain:yandex.ru
domain:yandex.net
domain:kinopoisk.ru
domain:lemanapro.ru
domain:leroymerlin.ru
domain:mosenergosbyt.ru
domain:mosoblgaz.ru
domain:mosobleirc.ru
domain:xn--90aijkdmaud0d.xn--p1ai
domain:pesc.ru
domain:showip.net
domain:ttk.ru
domain:gov.ru
domain:government.ru
domain:gosuslugi.ru
domain:gu-st.ru
domain:emias.info
domain:mgfoms.ru
domain:edu-74.ru
domain:edu.ru
domain:edu22.info
domain:netschool.website
domain:ooc-school.ru
domain:prim-edu.ru
domain:ro-edu.ru
domain:tomedu.ru
domain:zabedu.ru
domain:cbr.ru
domain:cikrf.ru
domain:ebs.ru
domain:goskey.ru
domain:grfc.ru
domain:izbirkom.ru
domain:kremlin.ru
domain:mil.ru
domain:nalog.ru
domain:xn--80ajghhoc2aj1c8b.xn--p1ai
domain:xn--90aivcdt6dxbc.xn--p1ai
domain:xn--b1afabzvcegckfhg.xn--p1ai
domain:xn--d1acchc3adyj9k.xn--p1ai
domain:mos.ru
domain:mosreg.ru
domain:sevastopol.ru
domain:spb.ru
domain:adygeya.ru
domain:bashkiria.ru
domain:buryatia.ru
domain:cap.ru
domain:chuvashia.ru
domain:crimea.ru
domain:dagestan.ru
domain:e-yakutia.ru
domain:grozny.ru
domain:i-ola.ru
domain:izhevsk.ru
domain:kalmykia.ru
domain:karelia.ru
domain:kazan.ru
domain:kchgov.ru
domain:kchr.ru
domain:khakassia.ru
domain:mari-el.ru
domain:mari.ru
domain:mordovia.ru
domain:nalchik.ru
domain:ptz.ru
domain:rkomi.ru
domain:tatarstan.ru
domain:tuva.ru
domain:udm.ru
domain:udmurtia.ru
domain:ulan-ude.ru
domain:vladikavkaz.ru
domain:yakutia.ru
domain:altai.ru
domain:chita.ru
domain:kamchatka.ru
domain:khabarovsk.ru
domain:khv.ru
domain:krasnodar.su
domain:krasnoyarsk.ru
domain:kuban.ru
domain:marine.ru
domain:perm.ru
domain:stavropol.ru
domain:stv.ru
domain:vl.ru
domain:vladivostok.ru
domain:amur.ru
domain:arkhangelsk.ru
domain:astrakhan.ru
domain:belgorod.ru
domain:bir.ru
domain:bryansk.ru
domain:cbg.ru
domain:chel.ru
domain:chelyabinsk.ru
domain:ekburg.ru
domain:irk.ru
domain:irkutsk.ru
domain:ivanovo.ru
domain:jar.ru
domain:kaluga.ru
domain:kemerovo.ru
domain:kirov.ru
domain:koenig.ru
domain:kostroma.ru
domain:kurgan.ru
domain:kursk.ru
domain:lipetsk.ru
domain:magadan.ru
domain:murmansk.ru
domain:nn.ru
domain:nov.ru
domain:novosibirsk.ru
domain:nsk.ru
domain:omsk.ru
domain:orb.ru
domain:oryol.ru
domain:penza.ru
domain:psk.ru
domain:pskov.ru
domain:rnd.ru
domain:ryazan.ru
domain:sakhalin.ru
domain:samara.ru
domain:saratov.ru
domain:simbirsk.ru
domain:smolensk.ru
domain:tambov.ru
domain:tom.ru
domain:tomsk.ru
domain:tsaritsyn.ru
domain:tsk.ru
domain:tula.ru
domain:tver.ru
domain:tyumen.ru
domain:vladimir.ru
domain:vlg.ru
domain:volganet.net
domain:volgograd.ru
domain:vologda.ru
domain:voronezh.ru
domain:vrn.ru
domain:vyatka.ru
domain:xn--80acgfbsl1azdqr.xn--p1ai
domain:yaroslavl.ru
domain:yuzhno-sakhalinsk.ru
domain:chukotka.ru
domain:jamal.ru
domain:surgut.ru
domain:yamal.ru
domain:yanao.ru
domain:zdrav10.ru
