domain:sony
domain:playstation
domain:sonybuilding.jp
domain:playstation.net
domain:yourfantasybeginsnow.com
domain:sony-semicon.com
domain:ginzasonypark.jp
domain:sony-africa.com
domain:sony-asia.com
domain:sony-europe.com
domain:wwtbam.com
domain:sony-latin.com
domain:sony-mea.com
domain:sony-olympus-medical.com
domain:sony-promotion.eu
domain:sony.at
domain:sony.ba
domain:sony.be
domain:sony.bg
domain:sony.biz
domain:sony.ca
domain:sony.ch
domain:sony.cl
domain:wheelpop.com
domain:sonypicturestelevisiongames.com
domain:sonypicturestelevision.com
domain:sony.es
domain:sonypicturesstudios.com
domain:sonypicturesmuseum.com
domain:sonypicturesanimation.com
domain:sonypictures.com
domain:sony.com
domain:sonyclassics.com
domain:playshowtv.com
domain:playshow.io
domain:motionpictureser.com
domain:imageworks.com
domain:sony.eu
domain:sonyentertainmentnetwork.com
domain:sony.ro
domain:playstation.com
domain:sovec.net
domain:sonypcl.jp
domain:sonylatvija.com
domain:sonykigyo.jp
domain:sonyglobalsolutions.jp
domain:sonydna.com
domain:sonydesign.com
domain:nuro.jp
domain:sonybsc.com
domain:sony.ua
domain:sony.sk
domain:sony.si
domain:sony.se
domain:sony.cz
domain:sony.de
domain:sony.dk
domain:sony.ee
domain:sony.ru
domain:sony.fi
domain:sony.rs
domain:sony.fr
domain:sony.gr
domain:sony.hr
domain:sony.hu
domain:sony.ie
domain:sony.it
domain:sony.kz
domain:sony.lt
domain:sony.lu
domain:sony.lv
domain:sony.net
domain:sony.nl
domain:sony.no
domain:sony.pl
domain:sony.pt
domain:sony.co.uk
domain:sony.com.do
domain:sony.co.jp
domain:sony.com.vn
domain:sony.com.tw
domain:sony.com.tr
domain:sony.com.sv
domain:sonybo.co.jp
domain:sony.com.sg
domain:sony.com.ph
domain:sony.com.pe
domain:sony.com.pa
domain:sony.com.ni
domain:sony.com.my
domain:sony.com.mx
domain:sony.com.mk
domain:sonyprotechnosupport.co.jp
domain:sonystoragemedia.co.jp
domain:sonytc.co.jp
domain:sony.com.hn
domain:so-net.net.tw
domain:sonynetwork.co.jp
domain:sony.com.hk
domain:sony.com.gt
domain:sony.com.ec
domain:sony.com.co
domain:sony.com.br
domain:sony.com.bo
domain:sony.com.au
domain:sony.com.ar
domain:so-net.ne.jp
domain:sony.co.th
domain:sony.co.nz
domain:sony.co.kr
domain:sony.co.in
domain:sony.co.id
domain:sony.co.cr
domain:sony-hes.co.jp
domain:sony-semicon.co.jp
