domain:videoxiaoyouxi.com
domain:nagcloudcs.com
domain:gameloop.com
domain:gcloudcs.com
domain:gcloudcstest.com
domain:gcloudcstestonly.com
domain:gclouddolphin.com
domain:gcloudsdk.com
domain:gcloudsvcs.com
domain:gdtimg.com
domain:goto-game.com
domain:yxdmgame.com
domain:goto-game.org
domain:happyhlddz.com
domain:hdyxgame.com
domain:hkgcloudcs.com
domain:ihappystudio.cn
domain:ihappystudio.com
domain:in.th
domain:ludosuperstar.cn
domain:ludoworld.net
domain:mahjongai.net
domain:mahjongcup.cn
domain:mahjongcup.com
domain:mahjongcup.net
domain:metalrevolution.com
domain:midasbuy.com
domain:wcbygame.com
domain:proximabeta.com
domain:pubghelper.com
domain:pubgno1.cn
domain:pubgtool.com
domain:qqgameapp.com
domain:rmwxgame.com
domain:skydweller.cn
domain:syxlgame.com
domain:tencent-gcloud.com
domain:tencentstart.com
domain:texasholdemcup.cn
domain:texasholdemcup.com
domain:texasholdemcup.net
domain:timibase.com
domain:bcfmglobal.com
domain:gameitop.com
domain:goto-game.mobi
domain:yximg.cn
domain:yxwsgame.com
domain:yzyxgame.com
domain:zcjbgame.com
domain:zhuoyuegame.com
domain:xn--owtw8cc49ajfl.cn
domain:roblox.cn
domain:robloxdev.cn
domain:nextstudios.com
domain:nextworkshop.net
domain:mszdld.cn
domain:mszdld.com
domain:mszdld.net
domain:gamebonfire.com
domain:ffbuddy.com
domain:gotolink.net
domain:17roco.com
domain:gtgres.com
domain:realcybertron.com
domain:wegame.com
domain:anticheatexpert.com
domain:tcfmglobal.com
domain:battlecare.net
domain:wegameplus.com
domain:codm.com
domain:brawlstars.cn
domain:haydaypop.cn
domain:labycore.cn
domain:sccreator.cn
domain:sccreators.cn
domain:scescdn.cn
domain:scid.cn
domain:scsentry.cn
domain:supercellcommunity.cn
domain:supercellsupport.cn
domain:werepository.com.cn
domain:wegame.com.cn
domain:gouhuo.qq.com
domain:roblox.qq.com
domain:goto-game.net.cn
domain:roco.qq.com
