domain:dnsvisa.com
domain:eubluecardvisa.com
domain:visa.cl
domain:visb.org
domain:visasavingsedge.ca
domain:visaplus.com
domain:visapcsdirect.com
domain:visanet.net
domain:visaicsdirect.com
domain:visaglobalfinance.com
domain:visagiftcard.us
domain:visafulfillment.com
domain:visafintechfasttrack.com
domain:visaeverywhereshop.com
domain:visadpsonline.us
domain:visadns.com
domain:visa.com
domain:visadigitalconcierge.com
domain:visadigital.com
domain:visaconciergelac.com
domain:visacheckout.org
domain:visacheckout.net
domain:visacards.com
domain:visacarddesignlab.com
domain:visaca.com
domain:visa.ie
domain:visabank.org
domain:visa-news.jp
domain:visa-atm.com
domain:vaultify.net
domain:vaultify.info
domain:vaultify.com
domain:torcidadeouro.com
domain:soccerfinancier.ca
domain:practicalmoneyskills.jp
domain:practicalmoneyskills.ca
domain:practicalbusinessskills.com
domain:mhshosting.com
domain:miamifintechfestival.com
domain:lightbridge.com
domain:financialsoccer.ca
domain:visa.ca
domain:visa.be
domain:connaissancesfinancierespratiques.ca
domain:visasignaturehotels.com
domain:visaluxuryhotels.com
domain:visaluxuryhotelcollection.com
domain:visainfiniteluxuryhotels.ca
domain:visainfinite.ca
domain:myvisaluxuryhotels.com
domain:finlitsummit.org
domain:visa.ky
domain:visamiddleeast.com
domain:visakorea.com
domain:visaitalia.com
domain:visaeurope.si
domain:visa.is
domain:visaeurope.lu
domain:visaeurope.ch
domain:visaeurope.at
domain:visabg.com
domain:visa.tc
domain:visa.sx
domain:visa.cz
domain:visa.de
domain:visa.dk
domain:visa.es
domain:visa.fi
domain:visa.fr
domain:visa.gd
domain:visa.gp
domain:visa.gr
domain:visa.hk
domain:visa.hu
domain:visabusinessinsights.com
domain:visa.so
domain:visasoutheasteurope.com
domain:visa.lt
domain:visa.lv
domain:visa.mn
domain:visa.mq
domain:visa.nl
domain:visa.no
domain:visa.pl
domain:visa.pt
domain:visa.ro
domain:visa.se
domain:visa.sk
domain:visa.co.il
domain:visa.com.hr
domain:visa.com.vi
domain:visa.com.vc
domain:visa.com.uy
domain:visa.com.ua
domain:visa.com.tw
domain:visa.com.tr
domain:visa.com.sv
domain:visa.com.hk
domain:visa.com.ru
domain:visa.com.py
domain:visa.com.pr
domain:visa.com.gy
domain:visa.com.pe
domain:visa.com.pa
domain:visa.com.ng
domain:visaluxuryhotelcollection.com.br
domain:visaluxuryhotelcollection.com.mx
domain:visa.com.my
domain:visaluxuryhotels.com.ar
domain:visa.com.mx
domain:visa.com.ms
domain:visa.com.lk
domain:visa.com.lc
domain:visa.com.kz
domain:visa.com.kn
domain:visa.com.kh
domain:visa.com.jm
domain:visa.co.cr
domain:visa.com.tt
domain:visa.com.vn
domain:visa.com.ph
domain:visa.com.gt
domain:visa.com.ge
domain:visa.com.ec
domain:visa.com.do
domain:visa.com.dm
domain:visa.com.cy
domain:visa.com.co
domain:visa.com.bz
domain:visa.com.bs
domain:visa.com.br
domain:visa.com.bo
domain:visa.com.az
domain:visa.com.au
domain:visa.com.ar
domain:visa.com.ai
domain:visa.com.ag
domain:visa.co.za
domain:visa.co.ve
domain:visa.co.uk
domain:visa.co.th
domain:visa.co.nz
domain:visa.co.ni
domain:visa.co.ke
domain:visa.co.jp
domain:visa.co.in
domain:visa.com.hn
domain:visa.co.id
domain:visa.com.sg
domain:visasignature.co.kr
domain:visa.co.ao
domain:visa.cn
domain:visa.com.cn
domain:financialsoccer.com.cn
domain:practicalmoneyskills.cn
domain:practicalmoneyskills.com.cn
domain:visainfinite.cn
domain:visapay.cn
domain:visaplatinum.cn
domain:visaplatinum.com.cn
