domain:volvo
domain:volvogroup.se
domain:volvotrucks.es
domain:independentoperatorcn.com
domain:road-crew.com
domain:udfs.com
domain:vfsco.at
domain:vfsco.be
domain:vfsco.bg
domain:vfsco.ca
domain:vfsco.ch
domain:vfsco.cl
domain:vfsco.com
domain:vfsco.cz
domain:vfsco.de
domain:vfsco.dk
domain:vfsco.ee
domain:udtrucksmeena.com
domain:vfsco.es
domain:vfsco.fi
domain:vfsco.fr
domain:vfsco.hu
domain:dynafleetonline.com
domain:vfsco.in
domain:vfsco.it
domain:vfsco.jp
domain:vfsco.kr
domain:vfsco.lt
domain:vfsco.lv
domain:vfsco.mx
domain:vfsco.nl
domain:vfsco.no
domain:vfsco.pe
domain:vfsco.pl
domain:vfsco.ro
domain:vfsco.ru
domain:vfsco.se
domain:vfsco.sk
domain:vfsco.us
domain:vgcareers.net
domain:volvo-truck.nl
domain:volvogroup.ru
domain:volvo.com
domain:volvo.se
domain:volvobrandshop.com
domain:volvobuses.at
domain:volvobuses.be
domain:volvobuses.ca
domain:volvobuses.ch
domain:volvobuses.co
domain:volvotruckrental.be
domain:volvotruckcenter.se
domain:volvotruckcenter.no
domain:volvotruckcenter.nl
domain:volvotruckcenter.kz
domain:volvotruckcenter.kr
domain:volvotruckcenter.it
domain:volvobuses.com
domain:volvotruckcenter.fi
domain:volvotruckcenter.es
domain:volvotruckcenter.dk
domain:volvotruckcenter.be
domain:volvotrucks.uy
domain:volvotrucks.tn
domain:volvobuses.de
domain:volvobuses.dk
domain:volvobuses.es
domain:volvobuses.fi
domain:volvobuses.fr
domain:volvobuses.hk
domain:volvobuses.hu
domain:volvobuses.in
domain:volvobuses.it
domain:volvobuses.jo
domain:volvobuses.kr
domain:volvobuses.ma
domain:volvobuses.mx
domain:volvobuses.my
domain:volvobuses.no
domain:volvobuses.om
domain:volvobuses.ph
domain:volvobuses.pk
domain:volvobuses.pl
domain:volvobuses.ru
domain:volvobuses.se
domain:volvobuses.sg
domain:volvobuses.tn
domain:volvobuses.us
domain:volvoce.com
domain:volvodefense.com
domain:volvogroup.be
domain:volvogroup.com
domain:volvotrucks.tm
domain:volvogroup.de
domain:volvogroup.fr
domain:volvogroup.jp
domain:volvogroup.kr
domain:volvogroup.mx
domain:volvogroup.nl
domain:volvogroup.pe
domain:volvogroup.pl
domain:volvo.ca
domain:vfsco.ie
domain:volvotrucks.sk
domain:volvomerchandise.com
domain:volvopenta.com
domain:volvotrucks.si
domain:volvopenta.de
domain:volvopenta.es
domain:volvopenta.fr
domain:volvopenta.it
domain:volvopenta.nl
domain:volvopenta.se
domain:volvopenta.us
domain:volvosaatio.fi
domain:volvospares.com
domain:volvotrucks.ae
domain:volvotrucks.al
domain:volvotrucks.am
domain:volvotrucks.at
domain:volvotrucks.az
domain:volvotrucks.ba
domain:volvotrucks.be
domain:volvotrucks.bg
domain:volvotrucks.by
domain:volvotrucks.ch
domain:volvotrucks.cl
domain:volvotrucks.sg
domain:volvotrucks.se
domain:volvotrucks.ru
domain:volvotrucks.rs
domain:volvotrucks.ro
domain:volvotrucks.qa
domain:volvotrucks.ps
domain:volvotrucks.pl
domain:volvotrucks.pk
domain:volvotrucks.ph
domain:volvotrucks.com
domain:volvotrucks.pe
domain:volvotrucks.no
domain:volvotrucks.nl
domain:volvotrucks.net
domain:volvotrucks.my
domain:volvotrucks.mn
domain:volvotrucks.mk
domain:volvogrouptruckcenter.nl
domain:volvotrucks.md
domain:volvotrucks.ma
domain:volvotrucks.cz
domain:volvotrucks.de
domain:volvotrucks.dk
domain:volvotrucks.ee
domain:escandinavia-arg.com
domain:volvotrucks.fi
domain:volvotrucks.fr
domain:volvotrucks.ge
domain:volvotrucks.gr
domain:volvotrucks.hk
domain:volvotrucks.hr
domain:volvotrucks.hu
domain:volvotrucks.id
domain:volvotrucks.in
domain:volvotrucks.it
domain:volvotrucks.jp
domain:volvotrucks.kg
domain:volvotrucks.kr
domain:volvotrucks.kz
domain:volvotrucks.lt
domain:volvotrucks.lv
domain:vfsco.co.za
domain:volvotrucks.com.kw
domain:volvotrucks.co.il
domain:volvotrucks.com.pt
domain:volvotrucks.com.co
domain:volvotrucks.com.br
domain:volvotrucks.com.bn
domain:volvotrucks.com.au
domain:volvotrucks.com.ar
domain:volvotrucks.co.zw
domain:volvotrucks.co.zm
domain:volvotrucks.co.za
domain:volvotrucks.co.nz
domain:volvotrucks.co.uk
domain:volvotrucks.co.na
domain:volvotrucks.co.mz
domain:volvotrucks.co.bw
domain:volvotrucks.com.ua
domain:volvotrucks.com.tw
domain:volvotrucks.com.tr
domain:volvopenta.com.br
domain:volvogroup.com.br
domain:volvobuses.com.tw
domain:volvobuses.com.pt
domain:volvobuses.com.kw
domain:volvobuses.com.br
domain:volvobuses.com.au
domain:volvobuses.com.ar
domain:volvobuses.co.za
domain:volvobuses.co.uk
domain:volvobuses.co.nz
domain:vfsco.com.tr
domain:vfsco.com.br
domain:vfsco.com.au
domain:volvotrucks.co.ao
domain:vfsco.co.uk
domain:vfsco.com.cn
domain:volvo.cn
domain:volvo.com.cn
domain:volvogroup.cn
domain:volvogroup.com.cn
domain:volvotrucks.com.cn
