regex:^[a-z]([a-z0-9-]{0,61}[a-z0-9])?$
domain:faceit-cdn.net
domain:tracker.nanoha.org
domain:tr2.ysagin.top
domain:tracker.srv00.com
domain:ebs.ru
domain:tracker.sbsub.com
domain:ipme.co
domain:cdn-tinkoff.ru
domain:123.100.in-addr.arpa
domain:avito.ru
domain:icloudbrowser.net
domain:icloudads.net
domain:torrentzilla.org
domain:steam.tv
domain:yandexmetrica.com
domain:ios-icloud.com
domain:tele2.ru
domain:yandex-bank.net
domain:showip.net
domain:yandex.fi
domain:xp.apple.com
domain:tracker.open-internet.nl
domain:tehconnection.eu
domain:leagueoflegends.cn
domain:126.100.in-addr.arpa
domain:steam.naeu.qtlglb.com
domain:tutu.ru
domain:ifconfig.me
domain:2ip.io
domain:icloud-sandbox.com
domain:samara.ru
domain:myip.qa
domain:riotpin.com
domain:vk-cdn.net
domain:79.100.in-addr.arpa
domain:ocsp.microsoft.com
domain:tracker.leechers-paradise.org
domain:my-ip.io
domain:mosobleirc.ru
domain:bithq.org
domain:ipquery.io
domain:torrents-nn.cn
domain:pinterest.com.py
domain:sber.ws
domain:tracker.dler.org
domain:103.100.in-addr.arpa
domain:tracker.36dm.com
domain:iad.apple.com
domain:85.100.in-addr.arpa
domain:riotpoints.com
domain:kaspersky.ru
domain:mgfoms.ru
domain:ip2ruscity.com
domain:bluebird-hd.org
domain:public.popcorn-tracker.org
domain:kirov.ru
domain:tracker01.loveapp.com
domain:8.b.d.0.1.0.0.2.ip6.arpa
domain:khabarovsk.ru
domain:117.100.in-addr.arpa
domain:bankline.ru
domain:mvk.com
domain:myiplookup.com
domain:yandex.st
domain:learnbits.me
domain:tracker4.itzmx.com
domain:tellmewhygame.com
domain:myip.link
domain:country.is
domain:vladimir.ru
domain:anytimeru.com
domain:rtbcdn.ru
domain:pinterest.vn
domain:2gis.az
domain:tula.ru
domain:tracker1.itzmx.com
domain:dom.ru
domain:share.camoe.cn
domain:taximaxim.ru
domain:kremlin.ru
domain:edu.uifr.ru
domain:bt.hliang.com
domain:92.100.in-addr.arpa
domain:tracker.ipv6tracker.org
domain:autobahn.db.com
domain:servandroidkino.ru
domain:113.0.203.in-addr.arpa
domain:wink.ru
domain:magadan.ru
domain:update.microsoft.com.akadns.net
domain:yandex.by
domain:76.100.in-addr.arpa
domain:twinmotion.com
domain:webvisor.com
domain:windowsupdate.com
domain:finuslugi.ru
domain:ipwho.is
domain:vtbindia.com
domain:tplinkwifi.net
domain:kinescope.io
domain:a.e.f.ip6.arpa
domain:worldboxingvideoarchive.com
domain:iz.ru
domain:110.100.in-addr.arpa
domain:jar.ru
domain:fe.dealclub.de
domain:tracker.dyne.org
domain:gg.apple.com
domain:tochka-tech.com
domain:test-ipv6.nl
domain:timeweb.com
domain:chuvashia.ru
domain:epicgames.dev
domain:webvisor.org
domain:pinterest.jp
domain:t.213891.xyz
domain:steam.ru.qtlglb.com
domain:yandex.kz
domain:acg.rip
domain:lolclub.org
domain:spo-ring.msedge.net
domain:noosferabank.ru
domain:captive.apple.com
domain:yandex.org
domain:tracker.lintk.me
domain:vtbfamily.ru
domain:yandex.pl
domain:tracker.skyts.net
domain:torrent.arjlover.net
domain:tracker.moxing.party
domain:2gis.by
domain:st.dl.pinyuncloud.com
domain:tr.bangumi.moe
domain:myip.mx
domain:mradx.net
domain:rkbank.ru
domain:retracker.local.msn-net.ru
domain:ipleak.net
domain:vkuservideo.net
domain:lumiflex.ru
domain:whois.pconline.com.cn
domain:amur.ru
domain:theoccult.bz
domain:jivochat.com
domain:dota2.wmsj.cn
domain:ipify.cn
domain:geoplugin.net
domain:topdelivery.ru
domain:steamdeck.com
domain:tracker.filemail.com
domain:alfafuture.ru
domain:netschool.website
domain:e-yakutia.ru
domain:myip.lt
domain:eft-project.com
domain:d2aba1wr3818hz.cloudfront.net
domain:checkip.amazonaws.com
domain:ruinedking.com
domain:vkuseraudio.net
domain:unrealengine.com
domain:bms-hosxp.com
domain:westernunion.ru
domain:icloud.se
domain:test-ipv6.arauc.br
domain:ipme.in
domain:89.100.in-addr.arpa
domain:cdn-2.gamecoast.org
domain:download.microsoft.com
domain:tracker2.itzmx.com
domain:edadeal.io
domain:tnx.nl
domain:altai.ru
domain:tracker.corpscorp.online
domain:3rt.tace.ru
domain:test-ipv6.freerangecloud.com
domain:apivoid.com
domain:x5id.ru
domain:tracker.zemoj.com
domain:test
domain:saratov.ru
domain:xbox360.com
domain:test-ipv6.belwue.net
domain:tracker.moeking.me
domain:pesc.ru
domain:tracker.msm8916.com
domain:mail2.zelenaya.net
domain:nov.ru
domain:102.100.in-addr.arpa
domain:2gis.uz
domain:icloud.hu
domain:buny.uk
domain:51degrees.com
domain:d3aqoihi2n8ty8.cloudfront.net
domain:smbcr-bank.ru
domain:vtb.ru
domain:tracker.noobsubs.net
domain:retracker.hotplug.ru
domain:ipdata.co
domain:d2nvs31859zcd8.cloudfront.net
domain:test-ipv6.fratec.net
domain:ip.hetzner.com
domain:max.ru
domain:ipxapi.com
domain:xbox360.eu
domain:x5paket.ru
domain:okcdn.ru
domain:30.172.in-addr.arpa
domain:tracker.gbitt.info
domain:opentracker.acgnx.se
domain:d1w2poirtb3as9.cloudfront.net
domain:trbcdn.net
domain:qg.lorzl.gq
domain:client-update.queniuqe.com
domain:realip.cc
domain:69.100.in-addr.arpa
domain:tracker.fnix.net
domain:spur.us
domain:sber.world
domain:d13j2sbsb4ncgj.cloudfront.net
domain:sbpgpb.ru
domain:inferno.demonoid.is
domain:tracker810.xyz
domain:twitch-ext.rootonline.de
domain:ip.nic.ru
domain:lol-europe.com
domain:yandex.net
domain:eac-cdn.com
domain:home.yxgz.club
domain:prim-edu.ru
domain:test-ipv6.roedu.net
domain:rostelecom.ru
domain:stavropol.ru
domain:bt.3dmgame.com
domain:1c.ru
domain:alfaleasing.ru
domain:pinterest.hu
domain:home.arpa
domain:leagueoflegends.com
domain:tracker.beeimg.com
domain:myip.md
domain:bt.zlofenix.org
domain:battlebreakers.com
domain:roborecall.com
domain:lan
domain:icloud.de
domain:ip2location.io
domain:icloudnet.net
domain:open.demonii.com
domain:icloudhome.com
domain:freegeoip.app
domain:publictracker.xyz
domain:vkusnoitochka.ru
domain:zdrav10.ru
domain:test-ipv6.com
domain:icloudo.de
domain:usedesk.ru
domain:leagueoflegends.info
domain:easy.ac
domain:big-boss-tracker.net
domain:crl.apple.com
domain:tracker.grepler.com
domain:31.172.in-addr.arpa
domain:tips.tips
domain:martin-gebhardt.eu
domain:lemanapro.ru
domain:bt.poletracker.org
domain:ipchicken.com
domain:izbirkom.ru
domain:open.nyaatorrents.info
domain:wtfismyip.com
domain:wb.ru
domain:xboxab.com
domain:mail.ru
domain:shnflac.net
domain:chel.ru
domain:vtb-russia.com
domain:1337.abcvg.info
domain:retracker.lanta-net.ru
domain:alfa-bank.com
domain:ipregistry.co
domain:crl-lb.apple.com.akadns.net
domain:userapi.com
domain:ip.me
domain:tracker.flashtorrents.org
domain:tracker.birkenwald.de
domain:eft-store.com
domain:tracker.imgoingto.icu
domain:112.100.in-addr.arpa
domain:unrealtournament.com
domain:valvesoftware.com
domain:tracker0.ufibox.com
domain:tracker.frozen-layer.net
domain:vtb.com
domain:astrakhan.ru
domain:torrentsmd.com
domain:bt1.xxxxbt.cc
domain:oneocsp.microsoft.com
domain:5rt.tace.ru
domain:penza.ru
domain:renovacionxboxlive.com
domain:alfa-finance.com
domain:getipintel.net
domain:camera.lei001.com
domain:tracker.anonwebz.xyz
domain:retracker.nts.su
domain:bigdatacloud.net
domain:ooc-school.ru
domain:tracker.yoshi210.com
domain:icloudsecure.net
domain:bank131.com
domain:cdn-1.gamecoast.org
domain:icloud.jp
domain:pinterest.info
domain:imgsmail.ru
domain:26.172.in-addr.arpa
domain:wareztorrent.com
domain:crimea.ru
domain:tyumen.ru
domain:arkhangelsk.ru
domain:leagueoflegends.org
domain:voronezh.ru
domain:mnogolososya.ru
domain:nspk.ru
domain:icloud.ch
domain:rt.ru
domain:2ip.ua
domain:mediaclub.tv
domain:abstractapi.com
domain:xn--80aacoonefzg3am8b1fsb.xn--p1ai
domain:myip.mn
domain:api.bitumconference.ru
domain:1c-bitrix.ru
domain:gpmdi.ru
domain:udmurtia.ru
domain:pinterest.at
domain:tracker.e-utp.net
domain:86.100.in-addr.arpa
domain:mon-ip.com
domain:iadsdk.apple.com
domain:perm.ru
domain:yandexwebcache.org
domain:retracker.netbynet.ru
domain:movies.zsw.ca
domain:icloudo.net
domain:siambt.com
domain:whatismyip.com
domain:tracker.qu.ax
domain:cutiegirl.ru
domain:vk.design
domain:tracker.bt-hash.com
domain:pinterest.engineering
domain:twitchcdn.net
domain:easyanticheat.net
domain:rutube.ru
domain:90.100.in-addr.arpa
domain:zone-torrent.net
domain:bt.ali213.net
domain:sypexgeo.net
domain:beeline.ru
domain:104.100.in-addr.arpa
domain:fix-price.com
domain:dht.vuze.com
domain:tracker.ds.is
domain:baltbank.ru
domain:aclub.ru
domain:iplocation.io
domain:checkip.ru
domain:myip.mk
domain:dbankcloud.ru
domain:tracker3.itzmx.com
domain:slavbank.ru
domain:icloud.org
domain:sakhalin.ru
domain:tracker.acgnx.se
domain:xn--80ajghhoc2aj1c8b.xn--p1ai
domain:torrent.mp3quran.net
domain:myip.wtf
domain:psblog.ru
domain:novaopcj.icu
domain:vtb-direct.com
domain:grfc.ru
domain:sketchfab.com
domain:thetracker.org
domain:appldnld.apple.com
domain:pinterest.co
domain:opentracker.i2p.rocks
domain:mail.realliferpg.de
domain:quixel.se
domain:100.100.in-addr.arpa
domain:f3b7q2p3.ssl.hwcdn.net
domain:svoy.academy
domain:28.172.in-addr.arpa
domain:95.100.in-addr.arpa
domain:65.100.in-addr.arpa
domain:alfabank.com
domain:gdmf-ados.apple.com
domain:adminion.n-blade.ru
domain:beta-bank.com
domain:ipify.org
domain:ultra.zt.ua
domain:tracker.alaskantf.com
domain:test.version6.ru
domain:lolespor.com
domain:vk.me
domain:xwt-classics.net
domain:h4.trakx.nibba.trade
domain:spyjinx.com
domain:82.100.in-addr.arpa
domain:119.100.in-addr.arpa
domain:gsra.apple.com
domain:updates.cdn-apple.com
domain:d1mhjrowxxagfy.cloudfront.net
domain:myapelsin.ru
domain:kanal-4.de
domain:retracker01-msk-virt.corbina.net
domain:dixy.ru
domain:47news.ru
domain:cbg.ru
domain:whoisxmlapi.com
domain:yamal.ru
domain:tracker.ipv6tracker.ru
domain:underlords.com
domain:vlg.ru
domain:datascene.net
domain:hematonix.ru
domain:phicomm.me
domain:invalid
domain:kommersant.ru
domain:yandex.com.tr
domain:rstatic.net
domain:yandex.eu
domain:vtb.bank.in
domain:ipaddr.site
domain:ya.ru
domain:icloud.om
domain:tracker.swateam.org.uk
domain:tracker.internetwarriors.net
domain:xn--d1acchc3adyj9k.xn--p1ai
domain:ipgeolocation.io
domain:pinterest.net
domain:myip.com
domain:adm.category5.tv
domain:pinterest.com.au
domain:test-ipv6.run
domain:torrent.hificode.in
domain:tracker.v6speed.org
domain:onedrive.net
domain:amupdatedl.microsoft.com
domain:bkvet.ru
domain:medtrum.ru
domain:osint.sh
domain:engplus.ru
domain:9.e.f.ip6.arpa
domain:sd-161673.dedibox.fr
domain:onedrive.org
domain:gstore.val.manlaxy.com
domain:yandex.co.il
domain:vk.cc
domain:kinorun.com
domain:tracker.uw0.xyz
domain:87.100.in-addr.arpa
domain:pinterest.fr
domain:yandex.kg
domain:tracker.23794.top
domain:127.100.in-addr.arpa
domain:gazeta.ru
domain:steamcommunity.com
domain:xboxone.com
domain:tracker.tasvideos.org
domain:tracker.ghostchu-services.top
domain:peiluyou.com
domain:historyofdota.net
domain:myip.lv
domain:vk.team
domain:khakassia.ru
domain:108.100.in-addr.arpa
domain:tracker2.indowebster.com
domain:254.169.in-addr.arpa
domain:ibamoscow.ru
domain:tracker.waaa.moe
domain:tracker.hifimarket.in
domain:tr.ready4.icu
domain:leagueoflegendsscripts.com
domain:tracker.openbittorrent.com
domain:qms.ru
domain:vl.ru
domain:19.172.in-addr.arpa
domain:code2chicken.nl
domain:vk-analytics.ru
domain:opentor.org
domain:myip.cx
domain:vkgo.app
domain:steamcontent.com
domain:psk
domain:xboxstudios.com
domain:spb.ru
domain:sevastopol.ru
domain:wepzone.net
domain:surgut.ru
domain:riotgames.tv
domain:internal
domain:bitrix24.ru
domain:osrecovery.apple.com
domain:twitch.tv
domain:dagestan.ru
domain:zenit-card.ru
domain:uxfeedback.ru
domain:flagfox.net
domain:localdomain
domain:gamepass.com
domain:monip.org
domain:ip6only.me
domain:lcsmerch.com
domain:ipapi.is
domain:jsonip.com
domain:yandex-team.ru
domain:jx5.ru
domain:107.100.in-addr.arpa
domain:windowsupdate.microsoft.com
domain:d2vjef5jvl6bfs.cloudfront.net
domain:steamstatic.com.8686c.com
domain:71.100.in-addr.arpa
domain:tracker.nitrix.me
domain:9.rarbg.com
domain:mosenergosbyt.ru
domain:tr.nyacat.pw
domain:66.100.in-addr.arpa
domain:2gis.ua
domain:yoobusiness.ru
domain:pinterest.com.uy
domain:rbc.ru
domain:steam.cdn.on.net
domain:75.100.in-addr.arpa
domain:pinterest.uk
domain:riotgames.co.kr
domain:73.100.in-addr.arpa
domain:109.100.in-addr.arpa
domain:okolo.app
domain:vladikavkaz.ru
domain:tr.kxmp.cf
domain:prestige.minimafia.nl
domain:myip.ae
domain:tracemyip.org
domain:quixel.com
domain:checkip.sh
domain:ocsp-lb.apple.com.akadns.net
domain:simbirsk.ru
domain:ip4.me
domain:fortnite.com
domain:bt.edwardk.info
domain:supremacy.net
domain:vk.company
domain:myipaddress.com
domain:hackertarget.com
domain:myip.fi
domain:all4nothin.net
domain:tracker.sloppyta.co
domain:sev.ru
domain:yuwabits.net
domain:pinterest.id
domain:ru.ccb.com
domain:redheadsound.studio
domain:onelya.ru
domain:tracker2.christianbro.pw
domain:myip.my
domain:bt2.edwardk.info
domain:oryol.ru
domain:pinterest.co.at
domain:icloudos.net
domain:jsb.by
domain:xn--90aijkdmaud0d.xn--p1ai
domain:bfa.ru
domain:wkms-public.apple.com
domain:bankermak.ru
domain:finbytes.org
domain:l2.io
domain:2ip.ru
domain:8.e.f.ip6.arpa
domain:clstorage.net
domain:shadowshq.yi.org
domain:pinterest.th
domain:tracker.torrentbay.to
domain:tp.m-team.cc
domain:frontdoor.bigcatalog.commerce.microsoft.com
domain:hiwifi.com
domain:test-ipv6.iu13.net
domain:xn--b1afabzvcegckfhg.xn--p1ai
domain:pinterest.tw
domain:adl.windows.com
domain:d1xhnb4ptk05mw.cloudfront.net
domain:127.in-addr.arpa
domain:icanhazip.com
domain:yandex.ru
domain:yandexcloud.net
domain:alformacapital.com
domain:tracker.tryhackx.org
domain:rostaxi.org
domain:dbo-dengi.online
domain:xboxgamestudios.com
domain:xbox.org
domain:midea123.z-media.com.cn
domain:fraudlogix.com
domain:eddie4.nl
domain:tracker.startwork.cv
domain:mp.microsoft.com.nsatc.net
domain:megafon.ru
domain:vtbcareer.com
domain:tracker.moeblog.cn
domain:d2e2de1etea730.cloudfront.net
domain:gov.ru
domain:vtb-liga.fut.ru
domain:tracker-udp.gbitt.info
domain:5ka.ru
domain:pinterest.com.ec
domain:vkcache.com
domain:dgeft87wbj63p.cloudfront.net
domain:kaspersky.com
domain:www-cdn.icloud.com.akadns.net
domain:vpn.flying-datacenter.de
domain:ipverify.com
domain:torrentsnipe.info
domain:pinterest.com.pe
domain:zentotem.net
domain:vologda.ru
domain:prvbank.ru
domain:icloude.com
domain:tracker1.bt.moack.co.kr
domain:test-ipv6.go6.si
domain:bit-hdtv.com
domain:d6tizftlrpuof.cloudfront.net
domain:t1.leech.ie
domain:thegeeks.bz
domain:tracker.eu.org
domain:test-ipv6.is
domain:open.kickasstracker.com
domain:dxtkri2c61io4.cloudfront.net
domain:jpmorgan.ru
domain:victoria-group.ru
domain:ptz.ru
domain:lipetsk.ru
domain:d1ymi26ma8va5x.cloudfront.net
domain:alfaprivate.com
domain:korona.com
domain:checkmyip.now
domain:61626c.net
domain:localhost.ptlogin2.qq.com
domain:2gis.ae
domain:myip.is
domain:alfa-fx.com
domain:pinterest.co.nz
domain:steamgames.com
domain:kalmykia.ru
domain:onedrive.eu
domain:open.acgtracker.com
domain:hdreactor.org
domain:xn--80acgfbsl1azdqr.xn--p1ai
domain:xn--d1acpjx3f.xn--p1ai
domain:whatismyv6.com
domain:x5l.ru
domain:tu-tu.ru
domain:open.lolicon.eu
domain:x5q.ru
domain:yandex.ee
domain:ryazan.ru
domain:pinterest.de
domain:plex.direct
domain:myip.expert
domain:kuban.ru
domain:ekburg.ru
domain:ip-api.io
domain:certs.apple.com
domain:yandex.tm
domain:dellin.ru
domain:iplookup.it
domain:open.trackerlist.xyz
domain:ip-api.ru
domain:kinescopecdn.net
domain:xbx.lv
domain:icloud.ee
domain:tracker.torrust-demo.com
domain:80.100.in-addr.arpa
domain:bubu.mapfactor.com
domain:apple-icloud.cn
domain:1cfresh.com
domain:t2.ru
domain:tracker.aletorrenty.pl
domain:tarkov.com
domain:whatsmyip.com
domain:omsk.ru
domain:timeweb.cloud
domain:vk-portal.net
domain:okko.sport
domain:my.router
domain:investalfabank.com
domain:leagueoflegends.net
domain:rt.tace.ru
domain:vps02.net.orel.ru
domain:ip-adress.com
domain:ipinfo.app
domain:tracker.shkinev.me
domain:capturingreality.com
domain:riot.com
domain:omg.wtftrackr.xyz
domain:wieistmeineip.de
domain:asger.xyz
domain:xn----7sb7akeedqd.xn--p1ai
domain:tracker.nyap2p.com
domain:sukebei.tracker.wf
domain:b.e.f.ip6.arpa
domain:d3vd9lfkzbru3h.cloudfront.net
domain:2gis.kz
domain:cubicmotion.com
domain:tracker6.lelux.fi
domain:leike.cc
domain:megamarket.tech
domain:113.100.in-addr.arpa
domain:nossl.sh
domain:dnsleaktest.com
domain:naydex.net
domain:bgp.tools
domain:xbox360.org
domain:gazprombank.tech
domain:qwapi.com
domain:yandex.com.am
domain:alfa-usa.com
domain:tracker.cutie.dating
domain:radgametools.com
domain:64.100.in-addr.arpa
domain:ipip.net
domain:update.microsoft.com
domain:cscampus.ru
domain:77.100.in-addr.arpa
domain:bclearning.top
domain:udp.tracker.projectk.org
domain:21.172.in-addr.arpa
domain:84.100.in-addr.arpa
domain:updates-http.cdn-apple.com
domain:oscdn.apple.com
domain:udm.ru
domain:medtrum.eu
domain:wgetip.com
domain:vtbstrana.ru
domain:torrent.tracker.durukanbal.com
domain:ipgeo.vercel.app
domain:identity.apple.com
domain:kursk.ru
domain:myip.by
domain:open.touki.ru
domain:historyofdota.org
domain:gu-st.ru
domain:d2um2qdswy1tb0.cloudfront.net
domain:25.172.in-addr.arpa
domain:thevault.bz
domain:potuk.com
domain:mari.ru
domain:yastatic.net
domain:avtoto.ru
domain:vkuser.net
domain:youla.ru
domain:ttvnw.net
domain:arc-apac.msn.com
domain:xn--90ab2c.xn--p1ai
domain:selkombank.ru
domain:ipw.cn
domain:windows.com.akadns.net
domain:opentracker.xyz
domain:105.100.in-addr.arpa
domain:onedrive.co.uk
domain:commerzbank.ru
domain:steampowered.com.8686c.com
domain:pinterest.co.uk
domain:open.dstud.io
domain:push.apple.com
domain:wns.windows.com
domain:torrenttracker.nwc.acsalaska.net
domain:tomedu.ru
domain:zte.home
domain:tracker.xiaoduola.xyz
domain:lv.queniujq.cn
domain:bt-club.ws
domain:nsk.ru
domain:karelia.ru
domain:aruacfilmes.com.br
domain:carbon-bonsai-621.appspot.com
domain:xxxtor.com
domain:yandex.lt
domain:alfafinance.ru
domain:ext-twitch.tv
domain:icloud.fr
domain:dht.transmissionbt.com
domain:pinterest.se
domain:vtbrussia.com
domain:tracker.ex.ua
domain:sistema-capital.com
domain:ocsp2.apple.com
domain:line-net.ru
domain:mos.ru
domain:psk.ru
domain:auth-nsdi.ru
domain:i-ola.ru
domain:alformacap.com
domain:zabedu.ru
domain:mymts.ru
domain:memealerts.com
domain:derpyradio.net
domain:bitsparadise.info
domain:steam.cdn.orcon.net.nz
domain:vkuseraudio.ru
domain:tracker.tvunderground.org.ru
domain:applemx-icloud.com
domain:benouworldtrip.fr
domain:learnwithleague.com
domain:tracker.tiny-vps.com
domain:youla-web-static.mrgcdn.ru
domain:icloudos.de
domain:rnd.ru
domain:csat.ru
domain:ipsimple.org
domain:81.100.in-addr.arpa
domain:tracker.lelux.fi
domain:mvgroup.org
domain:icloudmusic.net
domain:94.100.in-addr.arpa
domain:deviloid.net
domain:pvubank.com
domain:livefilestore.com
domain:share.hkg-fansub.info
domain:yandex.uz
domain:chelyabinsk.ru
domain:bittorrent-tracker.e-n-c-r-y-p-t.net
domain:torrentclub.online
domain:steamcloudsweden.blob.core.windows.net
domain:concen.org
domain:jivo.ru
domain:2gis.ru
domain:tracker.bittorrent.am
domain:steam.apac.qtlglb.com
domain:yandex.jobs
domain:tracker.btnext.com
domain:valid.apple.com
domain:tbank-online.com
domain:nbki.ru
domain:tracker.zhuqiy.com
domain:spvb.ru
domain:drweb.ru
domain:pinterest.be
domain:ipbase.com
domain:tracker.gcrenwp.top
domain:epicgamescdn.com
domain:alfafinance.biz
domain:tracker.harry.lu
domain:riotgames.com
domain:chukotka.ru
domain:tracker.zum.bi
domain:kazanexpress.ru
domain:fcs-keys-pub-prod.cdn-apple.com
domain:16.172.in-addr.arpa
domain:grifon.info
domain:tracker.pussytorrents.org
domain:steam.eca.qtlglb.com
domain:edge.steam-dns.top.comcast.net
domain:tracker.army
domain:tracker.files.fm
domain:tracker.zerobytes.xyz
domain:iplark.com
domain:tracker.cyber-hub.net
domain:2.0.192.in-addr.arpa
domain:ipaddress.my
domain:steamserver.net
domain:live-video.net
domain:iproyal.com
domain:gs.apple.com
domain:twitch.map.fastly.net
domain:riotforgegames.com
domain:riotgames.jp
domain:tracker.kuroy.me
domain:av.ru
domain:t.overflow.biz
domain:icloudpay.net
domain:tracker.torrenty.org
domain:rzd.ru
domain:whatismyip.org
domain:121.100.in-addr.arpa
domain:avito.st
domain:yandex.sx
domain:1drv.com
domain:rshb.ru
domain:bronevik.com
domain:milliontorrent.pl
domain:ipaddress.to
domain:download.visualstudio.microsoft.com
domain:29.172.in-addr.arpa
domain:mvs-bank.ru
domain:aeroflot.ru
domain:volganet.net
domain:irk.ru
domain:steam-api.com
domain:smolensk.ru
domain:forshtadt.ru
domain:inferno.demonoid.pw
domain:tracker.iamhansen.xyz
domain:certs-lb.apple.com.akadns.net
domain:yadro.ru
domain:public-tracker.zooki.xyz
domain:iplocation.net
domain:tracker.plx.im
domain:sbercoin.com
domain:pinterest.co.in
domain:tracker.mywaifu.best
domain:megatorrents.kg
domain:tracker.vectahosting.eu
domain:convrgencegame.com
domain:xboxplayanywhere.com
domain:tc-boxing.com
domain:geoplugin.com
domain:255.255.255.255.in-addr.arpa
domain:ip2location.com
domain:elitezones.ro
domain:curlmyip.net
domain:s.team
domain:e5.ru
domain:icloudbox.net
domain:lolshop.co.kr
domain:onedrive.live.com
domain:icloud.com.cn
domain:ipv4announce.sktorrent.eu
domain:2gis.tj
domain:icloud.si
domain:vtb24.ru
domain:icloud.fi
domain:configuration.apple.com
domain:18.172.in-addr.arpa
domain:icloud.lv
domain:p4p.arenabg.com
domain:find-my-ip.net
domain:ip.pe.kr
domain:ankb.ru
domain:data-bg.net
domain:yandex.tr
domain:ozon.ru
domain:tracker.gmi.gd
domain:icloudsetup.com
domain:xbox.eu
domain:zer0day.to
domain:myip.hk
domain:98.100.in-addr.arpa
domain:bt-tracker.gamexp.ru
domain:t3.leech.ie
domain:yandex
domain:yandex.tj
domain:anidex.moe
domain:ns349743.ip-91-121-106.eu
domain:ipapi.co
domain:extracker.dahrkael.net
domain:d186rixkn5ruba.cloudfront.net
domain:test-ipv6.epic.network
domain:tatarstan.ru
domain:myip.at
domain:tracker.tambovnet.org
domain:myip.dk
domain:windsurf.com
domain:icloud.net.cn
domain:tracker.hama3.net
domain:riot-games.com
domain:whatismyipaddress.net
domain:myip.sg
domain:myip.nl
domain:yastatic-net.ru
domain:testipv6.cn
domain:mangalib.me
domain:kchgov.ru
domain:shahidrazi.online
domain:steam.cdn.webra.ru
domain:test-ipv6.cs.umd.edu
domain:rutubelist.ru
domain:leagueoflegends.ca
domain:tracker.minglong.org
domain:router.ctc
domain:proxycheck.io
domain:belgorod.ru
domain:discord.heihachi.pw
domain:seeip.org
domain:vkontakte.ru
domain:tracker.ducks.party
domain:114.100.in-addr.arpa
domain:yandexwebcache.net
domain:mil.ru
domain:xboxone.co
domain:nodedata.io
domain:marine.ru
domain:122.100.in-addr.arpa
domain:sbermarket.ru
domain:83.100.in-addr.arpa
domain:dodopizza.ru
domain:ubs.com
domain:hh.ru
domain:peerfect.org
domain:ifconfig.co
domain:aaa.army
domain:oneme.ru
domain:tracker.ali213.net
domain:tracker.cyberia.is
domain:pinterest.ec
domain:idx5.ru
domain:tuva.ru
domain:tochka.com
domain:stats.microsoft.com
domain:crl4.digicert.com
domain:tracker.teambelgium.net
domain:twitchsvc.net
domain:baibako.tv
domain:mesu.apple.com
domain:pinterest.pe
domain:kostroma.ru
domain:apiip.net
domain:fastvps.ru
domain:local
domain:cikrf.ru
domain:ocsp.digicert.com
domain:tracker.parrotlinux.org
domain:tracker.renfei.net
domain:get-ipv6.com
domain:torrent-team.net
domain:swdist.apple.com
domain:izhevsk.ru
domain:crl3.digicert.com
domain:kazan.ru
domain:tracker.tricitytorrents.com
domain:ipstack.com
domain:118.100.in-addr.arpa
domain:pin.it
domain:aboutbeautifulgallopinghorsesinthegreenpasture.online
domain:ivanovo.ru
domain:vgtrk.ru
domain:psbank.ru
domain:yaroslavl.ru
domain:crl.microsoft.com
domain:tracker.theempire.bz
domain:tagbank.ru
domain:vkuserlive.net
domain:tracker.etree.org
domain:kurgan.ru
domain:tracker.skynetcloud.site
domain:ip-api.com
domain:2gis.com.cy
domain:playartifact.com
domain:vtb24.com
domain:mts.ru
domain:fraudguard.io
domain:kemerovo.ru
domain:turbopages.org
domain:pinterest.com
domain:murmansk.ru
domain:vkmessenger.app
domain:mtsdengi.ru
domain:ozonusercontent.com
domain:icloudo.com
domain:metal.iplay.ro
domain:d3c27h4odz752x.cloudfront.net
domain:ip8.com
domain:steam.cdn.slingshot.co.nz
domain:9.rarbg.to
domain:vibe.community
domain:test-ipv6.alpinedc.ch
domain:tracker.kali.org
domain:vkuservideo.com
domain:mylocation.org
domain:testipv6.de
domain:getjsonip.com
domain:x5.ru
domain:funfile.org
domain:hyprsense.com
domain:2gis.am
domain:vtb.promo
domain:tsx.x5static.net
domain:vtbpartners.com
domain:myicloud.net
domain:xbox.co
domain:myip.ms
domain:valakas.rollo.dnsabr.com
domain:nalog.ru
domain:rsscenter.cloud
domain:xn--b1aew.xn--p1ai
domain:mgtracker.org
domain:icloud.vn
domain:tsk.ru
domain:check-host.net
domain:vkcloud-static.ru
domain:tracker.trackerfix.com
domain:88.100.in-addr.arpa
domain:bt.rer.lol
domain:ssb.msk.ru
domain:icloudapple.cn
domain:dzvr.ru
domain:alefbank.com
domain:d36nr0u3xmc4mm.cloudfront.net
domain:lolusercontent.com
domain:myexternalip.com
domain:animego.me
domain:lolfanart.net
domain:tracker.therarbg.to
domain:alfa-bank.ru
domain:tracker2.dler.org
domain:browserleaks.com
domain:yandex.aero
domain:whatismyisp.com
domain:vtbglobalperspectives.com
domain:myip.kz
domain:t.nyaatracker.com
domain:wustat.windows.com
domain:leagueoflegends.kr
domain:iplocation.com
domain:bitseduce.com
domain:icloud.com
domain:buryatia.ru
domain:get-ipv4.com
domain:ipinfo.io
domain:xz.pphimalayanrt.com
domain:skl.apple.com
domain:tracker.baltracker.net
domain:ipecho.net
domain:tambov.ru
domain:vkuseraudio.com
domain:rekcart.duckdns.org
domain:bandito.byterunner.io
domain:106.100.in-addr.arpa
domain:ocsp.apple.com
domain:credistory.ru
domain:tracker.nextrp.ru
domain:tracker.pirateparty.gr
domain:bt.beatrice-raws.org
domain:uatracker.net
domain:3lateral.com
domain:ipv6ready.me
domain:steam-chat.com
domain:instituteofwar.org
domain:70.100.in-addr.arpa
domain:magnit.ru
domain:w.wwwww.wtf
domain:pinterest.it
domain:shubt.net
domain:vkuservideo.ru
domain:vk.com
domain:tnt-online.ru
domain:vk.ru
domain:retracker.spark-rostov.ru
domain:20.172.in-addr.arpa
domain:tracker.halfchub.club
domain:mscrl.microsoft.com
domain:chizhik.club
domain:myip.ge
domain:shadowcomplex.com
domain:1drv.ms
domain:credit-zenit.ru
domain:vk-apps.com
domain:whatsmyip.org
domain:dpiui.reedlan.com
domain:steamusercontent.com
domain:historyofdota.com
domain:bobbialbano.com
domain:krasnoyarsk.ru
domain:ds0h3roq6wcgc.cloudfront.net
domain:torrent.eu.org
domain:tr.zukizuki.org
domain:ipfind.io
domain:drumkitx.com
domain:appleicloud.cn
domain:xboxservices.com
domain:tendawifi.com
domain:definitionupdates.microsoft.com
domain:myip.sh
domain:ipaddress.sh
domain:sbermegamarket.ru
domain:jtvnw.net
domain:gazprompay.ru
domain:sxgeo.city
domain:cap.ru
domain:96.100.in-addr.arpa
domain:ipqualityscore.com
domain:yastat.net
domain:paragon.com
domain:api.cdp.microsoft.com
domain:dzen.ru
domain:showmyipaddress.com
domain:d1m7jfoe9zdc1j.cloudfront.net
domain:retracker.lanta.me
domain:ok.ru
domain:myip.ng
domain:whatismyip.net
domain:api-adservices.apple.com
domain:d1g1f25tn8m2e6.cloudfront.net
domain:fab.com
domain:67.100.in-addr.arpa
domain:d36mepituis1gg.cloudfront.net
domain:tomsk.ru
domain:tver.ru
domain:vtb-grants.fut.ru
domain:myip.eu
domain:ulan-ude.ru
domain:genesis-sp.org
domain:lolesports.com
domain:124.100.in-addr.arpa
domain:zer0day.ch
domain:pvp.net
domain:68.100.in-addr.arpa
domain:emias.info
domain:2gis.ge
domain:dns-shop.ru
domain:tracker.darkness.services
domain:myip.pw
domain:wwwicloud.com
domain:116.100.in-addr.arpa
domain:pinterest.com.bo
domain:free-tracker.zooki.xyz
domain:admin.videoenpoche.info
domain:d2dylwb3shzel1.cloudfront.net
domain:asia-pay.ru
domain:novosibirsk.ru
domain:test-ipv6.jp
domain:router.bittorrent.com
domain:chihaya.de
domain:showmyip.com
domain:bgp.he.net
domain:tracker.torrentbytes.net
domain:2gis.com
domain:riotcdn.net
domain:ip.tyk.nu
domain:st.dl.eccdnx.com
domain:retracker.sevstar.net
domain:retracker.baikal-telecom.net
domain:mosoblgaz.ru
domain:91.100.in-addr.arpa
domain:bitrix.info
domain:orb.ru
domain:test-ipv6.carnet.hr
domain:kchr.ru
domain:domclick.ru
domain:gdmf.apple.com
domain:ifconfig.es
domain:myip.rs
domain:mm.ru
domain:netmonet.co
domain:grozny.ru
domain:ipapi.com
domain:ip.sb
domain:1internet.tv
domain:pinterest.kr
domain:tracker.kamigami.org
domain:supremacy.com
domain:swdownload.apple.com
domain:moex.com
domain:blackcats-games.net
domain:d.f.ip6.arpa
domain:escapefromtarkov.com
domain:pinterest.pt
domain:tr4ck3r.duckdns.org
domain:tracker.t-1.org
domain:pow7.com
domain:pskov.ru
domain:myip.sk
domain:tracker.parrotsec.org
domain:citydrive.ru
domain:iplocate.io
domain:kinopoisk.ru
domain:academic-p2p.appspot.com
domain:abr.ru
domain:krd.ru
domain:localhost.sec.qq.com
domain:100.51.198.in-addr.arpa
domain:daveking.com
domain:publictracker.ch
domain:skydrivesync.policies.live.net
domain:rzd-bonus.ru
domain:torrent.nwps.ws
domain:lmru.tech
domain:d6d4ismr40iw.cloudfront.net
domain:vk-cdn.me
domain:geodatatool.com
domain:me.com
domain:yakutia.ru
domain:myip.ro
domain:tracker-v6.zooki.xyz
domain:dnevnik.ru
domain:icloud.is
domain:geojs.io
domain:tracker.torrentleech.org
domain:irkutsk.ru
domain:1cloud.ru
domain:explodie.org
domain:tracker.altrosky.nl
domain:yandex.cloud
domain:championshipseriesleague.com
domain:test-ipv6.hu
domain:72.100.in-addr.arpa
domain:open.nyap2p.com
domain:bashkiria.ru
domain:yandex.fr
domain:test-ipv6.sin.vr.org
domain:tracker.mininova.org
domain:gorodpay.ru
domain:perekrestok.ru
domain:avtodor-tr.ru
domain:bvarf.tracker.sh
domain:93.100.in-addr.arpa
domain:vkuserphoto.ru
domain:store.core.windows.net
domain:pochta.ru
domain:tracker.publicbt.com
domain:d2xmjdvx03ij56.cloudfront.net
domain:yandex.az
domain:open.demonii.si
domain:mirpayonline.ru
domain:9.rarbg.me
domain:alfabank.ru
domain:torrent.resonatingmedia.com
domain:tracker.opentrackr.org
domain:vyatka.ru
domain:wildberries.ru
domain:ifconfig.io
domain:tracker.vulnix.sh
domain:icloud-isupport.com
domain:tracker.leechshield.link
domain:rkomi.ru
domain:edu22.info
domain:adfox.ru
domain:kuper.ru
domain:onedrive.com
domain:icloud-content.com
domain:denis.stalker.upeer.me
domain:geolocation-db.com
domain:ulol.com
domain:vk-apps.ru
domain:jamal.ru
domain:chihaya.toss.li
domain:playparagon.com
domain:whatismyipaddress.com
domain:pinterest.ru
domain:jivosite.com
domain:data.microsoft.com
domain:tracker.bt4g.com
domain:xn--90aivcdt6dxbc.xn--p1ai
domain:vklive.app
domain:russianpost.ru
domain:dzeninfra.ru
domain:2gis.kg
domain:mosreg.ru
domain:reallyfreegeoip.org
domain:yandex.de
domain:myip.ru
domain:admetrica.ru
domain:static-storage.net
domain:st.dl.bscstorage.net
domain:tr.cili001.com
domain:riot.net
domain:tracker.gigatorrents.ws
domain:yota.ru
domain:test-ipv6.ams.vr.org
domain:vtb.corp.ru
domain:addr.tools
domain:onedrive.co
domain:u.wwwww.wtf
domain:dqrpb9wgowsf5.cloudfront.net
domain:cbr.ru
domain:kaluga.ru
domain:yanao.ru
domain:ipcheck.ing
domain:forever-tracker.zooki.xyz
domain:russiacalling.com
domain:vkmessenger.com
domain:tracker.pomf.se
domain:tracker.belmult.online
domain:ipfinder.io
domain:x5.tech
domain:volgograd.ru
domain:78.100.in-addr.arpa
domain:lolpcs.com
domain:ip-check.info
domain:tom.ru
domain:miya-news.online
domain:tracker.tntvillage.scambioetico.org
domain:checkip.org
domain:molesports.com
domain:gazprombank.ru
domain:zephir.monocul.us
domain:bt.bontal.net
domain:tsundere.pw
domain:tracker6.dler.org
domain:myip.id
domain:icloudmail.net
domain:ns389251.ovh.net
domain:bt.3kb.xyz
domain:megamarket.ru
domain:tracker.anirena.com
domain:icloud.ro
domain:tracker.fortu.io
domain:open.stealth.si
domain:pinterest.ch
domain:ip-score.com
domain:22.172.in-addr.arpa
domain:dykkng5hnh52u.cloudfront.net
domain:ident.me
domain:vkvideo.ru
domain:120.100.in-addr.arpa
domain:httpbin.org
domain:faceit.com
domain:ttk.ru
domain:27.172.in-addr.arpa
domain:0123456789nonexistent.com
domain:111.100.in-addr.arpa
domain:pinimg.com
domain:tracker.electro-torrent.pl
domain:bryansk.ru
domain:yandexadexchange.net
domain:pinterest.dk
domain:vtb.fut.ru
domain:2gis.cz
domain:o-ring.msedge.net
domain:orithegame.com
domain:exodus.desync.com
domain:yads.tech
domain:thatsmyip.com
domain:nn.ru
domain:swscan.apple.com
domain:tracker.coppersurfer.tk
domain:tracker.dhitechnical.com
domain:z.mercax.com
domain:myip.ch
domain:lpl.com.cn
domain:ipcalf.com
domain:banka-ui.dev
domain:bt2.54new.com
domain:tracker.zupix.online
domain:krasnodar.su
domain:ro-edu.ru
domain:dadata.ru
domain:i.pn
domain:tracker.blacksparrowmedia.net
domain:whoosh.bike
domain:epicgames.com
domain:alfafx.com
domain:greip.io
domain:cdn-vk.ru
domain:res-nsdi.ru
domain:tracker.nyaa.uk
domain:leaguehighschool.com
domain:stv.ru
domain:where-am-i.co
domain:krasyar.ru
domain:ddacn6pr5v0tl.cloudfront.net
domain:retracker.akado-ural.ru
domain:blokas.io
domain:tracker.uraniumhexafluori.de
domain:168.192.in-addr.arpa
domain:ipwhois.io
domain:test-ipv6.ke.liquidtelecom.net
domain:youla.io
domain:10.in-addr.arpa
domain:tracker.dmcomic.org
domain:ws.microsoft.com
domain:myip.la
domain:test-ipv6.se
domain:vk.link
domain:ttk2.nbaonlineservice.com
domain:wns.notify.trafficmanager.net
domain:edu.ru
domain:koenig.ru
domain:icloud.sk
domain:24.172.in-addr.arpa
domain:74.100.in-addr.arpa
domain:go.microsoft.com
domain:17.172.in-addr.arpa
domain:goskey.ru
domain:pinterest.com.vn
domain:97.100.in-addr.arpa
domain:vtbkep.site
domain:xboxone.eu
domain:pinterest.ca
domain:icloud-apple.cn
domain:edu-74.ru
domain:freeipapi.com
domain:tracker.vanitycore.co
domain:lead-pro2023.online
domain:ts.net
domain:test-ipv6.csclub.uwaterloo.ca
domain:vrn.ru
domain:pinterest.ph
domain:ip6.me
domain:opentracker.acgnx.com
domain:riotgames.info
domain:ns-1.x-fins.com
domain:leaguoflegends.com
domain:nalchik.ru
domain:loushao.net
domain:ozone.ru
domain:tracker.torrentyorg.pl
domain:lolstatic.com
domain:ln.mtahost.co
domain:yandex.com.ge
domain:masters-tb.com
domain:125.100.in-addr.arpa
domain:tracker.bittor.pw
domain:find-my-ip.com
domain:1.0.0.0.0.0.0.0.0.0.0.0.0.0.0.0.0.0.0.0.0.0.0.0.0.0.0.0.0.0.0.0.ip6.arpa
domain:myip.ma
domain:playvalorant.com
domain:torrent.tdjs.tech
domain:d1oca24q5dwo6d.cloudfront.net
domain:tsaritsyn.ru
domain:t2.leech.ie
domain:ipbot.com
domain:tracker.0x.tf
domain:torrentclub.tech
domain:leagueoflegends.co.kr
domain:leroymerlin.ru
domain:realityscan.com
domain:tk.mabo.ltd
domain:x5club.ru
domain:db-ip.com
domain:okko.tv
domain:kp.ru
domain:opentracker.io
domain:tamtam.chat
domain:dl.steam.clngaa.com
domain:auto.ru
domain:test-ipv6.noroutetohost.net
domain:whatismyip.io
domain:pvp.tv
domain:lenta.ru
domain:tracker.piratepublic.com
domain:bt.okmp3.ru
domain:mixfiend.com
domain:tilda.cc
domain:gosuslugi.ru
domain:tribalmixes.com
domain:ocsp.digicert.cn
domain:vtb.digital
domain:alfafuture.com
domain:icloud.pt
domain:xbox
domain:mp.microsoft.com
domain:seeders-paradise.org
domain:bank-arzamas.ru
domain:icloud.ie
domain:d3m1uefep57n8q.cloudfront.net
domain:tracker.0o.is
domain:pinterest.nl
domain:ntservicepack.microsoft.com
domain:vkusercdn.ru
domain:tracker.dutchtracking.nl
domain:edadeal.ru
domain:pinterest.cl
domain:tracker.yemekyedim.com
domain:csgo.wmsj.cn
domain:mylcloud.net
domain:rambler.ru
domain:23.172.in-addr.arpa
domain:tracker.tritan.gg
domain:donationalerts.com
domain:a.leopard-raws.org
domain:bt.firebit.org
domain:example
domain:sixte.st
domain:pinterest.es
domain:findip.net
domain:banki.ru
domain:trustmyip.com
domain:nagios.tks.sumy.ua
domain:khv.ru
domain:tracker.filepit.to
domain:pinterest.in
domain:a4e8s8k3.map2.ssl.hwcdn.net
domain:open.acgnxtracker.com
domain:115.100.in-addr.arpa
domain:git.vulnix.sh
domain:mizuhogroup.com
domain:steampowered.com
domain:lenta.com
domain:msocsp.com
domain:tracker.1h.is
domain:vkusvill.ru
domain:tracker.opentracker.se
domain:4meeting.me
domain:chanchan.uchuu.co.uk
domain:theplace.bz
domain:yandex.ua
domain:ican-sinocare.ru
domain:mordovia.ru
domain:whoer.net
domain:retracker.krs-ix.ru
domain:yandexcom.net
domain:d40969.acod.regrucolo.ru
domain:swcdn.apple.com
domain:leaguesharp.info
domain:alfa-pc.com
domain:99.100.in-addr.arpa
domain:vladivostok.ru
domain:dht.aelitis.com
domain:extreme-ip-lookup.com
domain:tracker.torrentsnows.com
domain:d2mb634i1sflda.cloudfront.net
domain:proaudiotorrents.org
domain:thetradersden.org
domain:pinterestmail.com
domain:infosniper.net
domain:5post.market
domain:mycdn.me
domain:fivepost.ru
domain:open.demonoid.ch
domain:101.100.in-addr.arpa
domain:bt.pusacg.org
domain:vtbrussia.ru
domain:nyaa.tracker.wf
domain:kamchatka.ru
domain:mari-el.ru
domain:ipligence.com
domain:government.ru
domain:pinterest.com.mx
domain:xn--90aifd0aza.site
domain:maxmind.com
domain:yandex.lv
domain:pinterest.co.kr
domain:test-ipv6.cl
domain:whoerip.com
domain:tracker.trackton.ga
domain:tracker.tamersunion.org
domain:ip2c.org
domain:wmsjsteam.com
domain:pinterest.ie
domain:ig.apple.com
domain:router.utorrent.com
domain:pinterest.mx
domain:steamchina.com
domain:storage.live.com
domain:yandex.md
domain:yandex.com
domain:yandex.com.ru
domain:rncoluminis.ru
domain:47.ip-51-68-199.eu
domain:vlb100.ru
domain:ipaddress.com
domain:ziraatbank.ru
domain:test-ipv6.cz
domain:tracker.pmman.tech
domain:criminalip.io
domain:ocsp2-lb.apple.com.akadns.net
domain:yandex.com.ua
domain:pinterest.nz
domain:0d.kebhana.mx
domain:tracker.bz
domain:biztorrents.com
domain:wassermann.online
domain:gpb.ru
domain:riotgames.net
domain:blackz.ro
domain:bank-credit-suisse-moscow.ru
domain:freestylediabetes.ru
domain:koli.services
domain:trakx.herokuapp.com
domain:localhost
domain:yuzhno-sakhalinsk.ru
domain:adygeya.ru
domain:checkip.com.vn
domain:xbox360.co
domain:taxsee.com
domain:rutorrent.frontline-mod.com
domain:xboxgamepass.com
domain:tracker.btsync.gq
domain:smartscreen-prod.microsoft.com
domain:chita.ru
domain:tracker.ygsub.com
domain:bir.ru
full:setmeup.arubanetworks.com
full:oasisauth.h3c.com
full:www.routerlogin.com
full:miwifi.com
full:checkip.dyn.com
full:ipv4-check-perf.radar.cloudflare.com
full:lolstatic-a.akamaihd.net
full:instant.arubanetworks.com
full:tplogin.cn
full:router.asus.com
full:routerlogin.com
full:myip.dnsomatic.com
full:asusrouter.com
full:www.asusrouter.com
full:whatismyip.akamai.com
full:checkip.dyndns.org
full:ip-check-perf.radar.cloudflare.com
full:ipv6-check-perf.radar.cloudflare.com
full:www.miwifi.com
full:ip.comss.net
full:checkip.global.api.aws
