full:d1v5ir2lpwr8os.cloudfront.net
full:d22qjgkvxw22r6.cloudfront.net
full:d25xi40x97liuc.cloudfront.net
full:d27xxe7juh1us6.cloudfront.net
full:dmqdd6hw24ucf.cloudfront.net
full:images-eu.ssl-images-amazon.com
full:images-na.ssl-images-amazon.com
full:images-fe.ssl-images-amazon.com
full:msh.amazon.co.uk
full:static.siege-amazon.com
domain:aws
domain:xn--cckwcxetd
domain:xn--jlq480n2rg
domain:yamaxun
domain:zappos
domain:kindle
domain:imdb
domain:amazon
domain:aesworkshops.com
domain:aboutamazon.es
domain:aboutamazon.fr
domain:aboutamazon.in
domain:aboutamazon.it
domain:aboutamazon.jp
domain:aboutamazon.pl
domain:aboutamazon.sg
domain:amaaozn.com
domain:amazon-fashions.com
domain:amazon-jp-recruiting.com
domain:amazon-lantern.com
domain:amazon-launchpad.com
domain:amazon.ae
domain:amazon.ca
domain:amazon.cl
domain:amazon.com
domain:amazon.de
domain:ss2.us
domain:awstrust.com
domain:amazontrust.com
domain:wholeplanetfoundation.org
domain:wholekidsfoundation.org
domain:wholefoodsmarket.com
domain:wholefoods.com
domain:wholecitiesfoundation.org
domain:wfm.com
domain:primevideo.tv
domain:primevideo.org
domain:amazon.dev
domain:amazon.eg
domain:amazon.es
domain:amazon.fr
domain:amazon.ie
domain:amazon.in
domain:amazon.it
domain:amazon.jobs
domain:amazon.jp
domain:amazon.lu
domain:amazon.nl
domain:amazon.pl
domain:amazon.red
domain:amazon.sa
domain:amazon.se
domain:amazon.sg
domain:amazonalexavoxcon.com
domain:amazonauthorinsights.com
domain:amazonbusiness.org
domain:amazonbusinessblog.com
domain:amazondevicesupport.com
domain:amazonfctours.com
domain:amazonianblog.com
domain:amazonimages.com
domain:amazonlaunchpad.com
domain:amazonliterarypartnership.com
domain:amazonlumberyard.wang
domain:amazonpay.com
domain:amazonpay.in
domain:amazonsdi.com
domain:amazonstudiosguilds.com
domain:amazonvideodirect.com
domain:amzn.asia
domain:amzn.com
domain:amzn.to
domain:amazonaws.org
domain:associates-amazon.com
domain:gameon-masters.com
domain:gdansk-amazon.com
domain:images-amazon.com
domain:media-amazon.com
domain:primeday.info
domain:seattlespheres.com
domain:siege-amazon.com
domain:ssl-images-amazon.com
domain:ueberamazon.de
domain:yamaxun.com
domain:alexa.com
domain:audible.com
domain:createspace.com
domain:amazonaws.net
domain:awsbraket.com
domain:thinkboxsoftware.com
domain:aboutamazon.de
domain:amazonaws-china.com
domain:amazonaws.biz
domain:amazonaws.com
domain:amznl.com
domain:aboutamazon.eu
domain:amazonaws.info
domain:amazonaws.tv
domain:amazoncognito.com
domain:amazonses.com
domain:amazonwebservices.com
domain:amazonworkdocs.com
domain:amplifyapp.com
domain:amplifyframework.com
domain:aws-iot-hackathon.com
domain:aws.com
domain:aws.dev
domain:awsapprunner.com
domain:awsapps.com
domain:awsautopilot.com
domain:awsautoscaling.com
domain:acmvalidations.com
domain:acmvalidationsaws.com
domain:awscommandlineinterface.com
domain:awseducate.com
domain:awseducate.net
domain:awseducate.org
domain:awsglobalaccelerator.com
domain:awsloft-johannesburg.com
domain:awsloft-stockholm.com
domain:awssecworkshops.com
domain:awsstatic.com
domain:awsthinkbox.com
domain:awstrack.me
domain:awswaf.com
domain:cdkworkshop.com
domain:cloudfront.com
domain:cloudfront.net
domain:containersonaws.com
domain:elasticbeanstalk.com
domain:awsedstart.com
domain:amzndns.com
domain:amzndns.org
domain:amzndns.net
domain:primevideo.info
domain:primevideo.com
domain:primevideo.cc
domain:prime-video.com
domain:amazonvideo.com
domain:aboutamazon.com
domain:boxofficemojo.com
domain:imdb.com
domain:imdb.to
domain:media-imdb.com
domain:a2z.com
domain:kindle.it
domain:kindleoasis.com
domain:kindle.com
domain:kindle.de
domain:kindle.es
domain:kindle.fr
domain:kindleproject.com
domain:kindle.in
domain:kindle.jp
domain:kindleoasisnews.com
domain:kindleoasis.info
domain:kindleoasis.jp
domain:kindleoasis.org
domain:kindleoasis.us
domain:amazonvideo.cc
domain:amazonprimevideos.com
domain:aiv-cdn.net
domain:amazon.com.co
domain:kindle.co.jp
domain:amzndns.co.uk
domain:amazonaws.co.uk
domain:amazon.com.tr
domain:amazon.com.ng
domain:kindle.co.uk
domain:amazon.com.mx
domain:amazon.com.be
domain:aboutamazon.co.uk
domain:amazon.com.br
domain:amazon.com.au
domain:amazon.co.za
domain:amazon.co.uk
domain:wholefoodsmarket.co.uk
domain:amazon.co.jp
domain:aboutamazon.com.au
regex:.+\.awsdns-[0-9][0-9]\.(co\.uk|com|net|org)$
domain:aboutamazon.cn
domain:alexafund.cn
domain:alexafund.com.cn
domain:amazon.cn
domain:amazonbusiness.cn
domain:amazonbusiness.com.cn
domain:amazonchoice.cn
domain:amazonchoice.com.cn
domain:amazonchoices.cn
domain:amazonchoices.com.cn
domain:amazoninspire.cn
domain:amazoninspire.com.cn
domain:amazonlaunchpad.cn
domain:amazonlaunchpad.com.cn
domain:amazonlending.com.cn
domain:amazonnow.cn
domain:amazonnow.com.cn
domain:assoc-amazon.cn
domain:primeday.cn
domain:primeday.com.cn
domain:yamaxun.cn
domain:z.cn
full:images-cn.ssl-images-amazon.com
full:images-cn-8.ssl-images-amazon.com
domain:amazon-adsystem.com
domain:serving-sys.com
domain:a2z.org.cn
domain:amazonaws.cn
domain:amazonaws.com.cn
domain:amazonwebservices.cn
domain:amazonwebservices.com.cn
domain:amazonworkdocs.cn
domain:amazonworkdocs.com.cn
domain:asfiovnxocqpcry.com.cn
domain:aws-border.cn
domain:aws-icp-domain-manager.cn
domain:awsapps.cn
domain:awsapps.com.cn
domain:awsstatic.cn
domain:cloudfront-cn.net
domain:cloudfront-test.cn
domain:cloudfront.cn
domain:nwcdcloud.cn
domain:nwcdcloud.com.cn
domain:nwcddns.cn
domain:nwcdinfosec.cn
domain:route53.cn
domain:sagemaker.com.cn
domain:amzndns-cn.biz
domain:amzndns-cn.cn
domain:amzndns-cn.com
domain:amzndns-cn.net
regex:.+\.awsdns-cn-[0-9][0-9]\.(biz|com|net|top)$
regex:.+\.awsdns-cn-[0-9][a-e0-9]\.cn$
domain:kindle.cn
domain:kindleoasis.cn
domain:kindleoasis.com.cn
domain:amazonprimevideo.cn
domain:amazonprimevideo.com.cn
