full:azure.microsoft.com
full:azuremarketplace.microsoft.com
domain:azure
domain:aadrm.com
domain:azure-api.net
domain:azure-devices-int.net
domain:azure-devices.net
domain:azure-mobile.net
domain:azure-sphere.com
domain:azure-test.net
domain:azure.com
domain:azure.net
domain:azurecomcdn.net
domain:azurecomm.net
domain:azurecontainer.io
domain:azurecosmos.net
domain:azurecosmosdb.com
domain:azurecosmosdb.info
domain:azurecosmosdb.net
domain:azuredatabricks.net
domain:azuredevopslaunch.com
domain:azuredigitaltwin.com
domain:azuredigitaltwins.com
domain:azuredigitaltwins.net
domain:azuredns-prd.info
domain:azuredns-prd.org
domain:azureedge-test.net
domain:azureedge.net
domain:azureedge.us
domain:azurefd.net
domain:azureiotcentral.com
domain:azureiotsolutions.com
domain:azureiotsuite.com
domain:azureplanetscale.info
domain:azureplanetscale.net
domain:azureserviceprofiler.com
domain:azuresmartspaces.net
domain:azurestackvalidation.com
domain:azurestaticapps.net
domain:azurewebsites.net
domain:botframework.com
domain:cosmosdb.info
domain:cosmosdb.net
domain:devopsms.com
domain:gotcosmos.com
domain:management-azure-devices-int.net
domain:management-azure-devices.net
domain:microsoftazuread-sso.com
domain:microsoftazuresponsorships.com
domain:microsofteca.com
domain:microsoftiotcentral.com
domain:msn.net
domain:playfab.com
domain:playfabapi.com
domain:serverlesslibrary.net
domain:trafficmanager.net
domain:tryfunctions.com
domain:windowsazure.com
domain:azure-dns.com
domain:azure-dns.info
domain:azure-dns.net
domain:azure-dns.org
domain:21vbc.com
domain:21vbluecloud.com
domain:21vbluecloud.net
domain:aadrm.cn
domain:aggresmart.com
domain:apihub-internal.cn
domain:appserviceenvironment.cn
domain:azcrmc-test.cn
domain:azcrmc.cn
domain:azk8s.cn
domain:aznbcontent.cn
domain:aztask.cn
domain:azure-api.cn
domain:azure-apihub.cn
domain:azure-automation.cn
domain:azure-connectedvehicles-stage.cn
domain:azure-connectedvehicles.cn
domain:azure-devices-provisioning.cn
domain:azure-devices.cn
domain:azure-mobile.cn
domain:azure.cn
domain:azurecr-test.cn
domain:azurecr.cn
domain:azurehdinsight.cn
domain:azureiotsuite.cn
domain:azuremresolver.cn
domain:azureprivatedns.cn
domain:azurerms.cn
domain:azuresandbox.cn
domain:b2clogin.cn
domain:b3itech.cn
domain:blueaggrestore.com
domain:bluecloudprod.com
domain:cegid-cloud.cn
domain:chinacloud-mobile.cn
domain:chinacloudapi.cn
domain:chinacloudapp.cn
domain:chinacloudsites.cn
domain:hdinsightservices.cn
domain:management-azure-devices-provisioning.cn
domain:management-azure-devices.cn
domain:mcchcdn.com
domain:mgmt-azure-api.cn
domain:microsoftazurestatus.cn
domain:microsoftmetrics.cn
domain:mncmsidlab1.cn
domain:msappproxy.cn
domain:mschcdn.com
domain:msftcloudes.cn
domain:msidentity.cn
domain:msidlabpbmc.cn
domain:sovcloud-mx.cn
domain:sovcloud-static.cn
domain:sovcloud-usercontent.cn
domain:sovcloud.cn
domain:trafficmanager.cn
domain:trustcenter.cn
domain:windowsazure.cn
domain:windowsazurestatus.cn
domain:azchcdna.com
domain:azchcdnb.com
domain:azchcdnc.com
domain:azchcdnd.com
domain:azchcdne.com
domain:azchcdnf.com
domain:azchcdng.com
domain:azchcdnh.com
domain:azchcdni.com
domain:azchcdnj.com
domain:azchcdnk.com
domain:azchcdnl.com
domain:azchcdnm.com
domain:azchcdnn.com
domain:azchcdno.com
domain:azchcdnp.com
domain:azchcdnq.com
domain:azchcdnr.com
domain:azchcdns.com
domain:azure-dns.cn
domain:azure-dns-1.cn
domain:azure-dns-2.cn
domain:azure-dns-3.cn
domain:azure-dns-4.cn
domain:azure-dns-5.cn
domain:azure-dns-6.cn
domain:azure-dns-7.cn
domain:azure-dns-8.cn
domain:azure-dns-9.cn
domain:azure-dns-10.cn
