domain:zdnet.com
domain:electrek.co
domain:appleinsider.com
domain:digitaltrends.com
domain:engadget.com
domain:macrumors.com
domain:slashdot.org
domain:technews.tw
domain:techradar.com
domain:techspot.com
domain:theverge.com
domain:tomsguide.com
domain:androidpolice.com
domain:startupschool.org
domain:androidauthority.com
domain:ycombinator.com
domain:9to5google.com
domain:9to5mac.com
domain:9to5terminal.com
domain:9to5toys.com
domain:dronedj.com
domain:typeisbeautiful.com
domain:spaceexplored.com
domain:thetype.com
domain:zdnet.redvideo.io
domain:thetype.cloud
