full:imperial.insendi.com
domain:oxfordmusiconline.com
domain:amamanualofstyle.com
domain:opac-project.eu
domain:universitypressscholarship.com
domain:ukwhoswho.com
domain:cambridge.org
domain:cambridgeschoolshakespeare.com
domain:cambridgedigital.net
domain:cambridgemaths.org
domain:sipriyearbook.org
domain:oxfordwesternmusic.com
domain:oxfordscholarship.com
domain:imperialbusiness.school
domain:oxfordlawtrove.com
domain:oxfordreference.com
domain:oxfordfirstsource.com
domain:oxfordscholarlyeditions.com
domain:blackstonespoliceservice.com
domain:epigeum.com
domain:oed.com
domain:ouplaw.com
domain:livinno.org
domain:oup.com
domain:veryshortintroductions.com
domain:oxfordaasc.com
domain:oxfordartonline.com
domain:oxfordbibliographies.com
domain:oxfordclinicalpsych.com
domain:oxforddnb.com
domain:anb.org
domain:oxfordpoliticstrove.com
domain:omscr.com
domain:oxfordmedicine.com
domain:ac.uk
domain:oxfordhandbooks.com
domain:oxfordre.com
domain:dlib.eastview.com
