domain:tieba.com
domain:baihe.com
domain:dandan818.com
domain:dandanvoice.com
domain:duoduo.link
domain:hammi.cn
domain:uboxs.com
domain:fanfou.com
domain:immomo.com
domain:momocdn.com
domain:izuiyou.com
domain:ixiaochuan.cn
domain:xiaochuankeji.cn
domain:zuiyou.tv
domain:jiayuan.com
domain:maimai.cn
domain:taou.com
domain:qianliaowang.com
domain:qlchat.com
domain:soulapp.cn
domain:tancdn.com
domain:tantanapp.com
domain:uneed.com
domain:uneedx.com
domain:zastatic.com
domain:zhenai.com
domain:zsxq.com
domain:zhihu.com
domain:zhimg.com
domain:laiyagushi.com
domain:vzuu.com
domain:coolapk.com
domain:coolapkmarket.com
domain:coolapkmarket.net
domain:gracg.com
domain:procg.cn
domain:hupu.com
domain:hupucdn.com
domain:shihuo.cn
domain:jike.city
domain:jikecdn.com
domain:okjike.com
domain:okjk.co
domain:ruguoapp.com
domain:douban.com
domain:douban.fm
domain:doubanio.com
domain:ivwen.com
domain:meipian.cn
domain:meipian.me
domain:tieba.baidu.com
domain:hoopchina.com.cn
domain:crash2.zhihu.com
domain:zhihu-web-analytics.zhihu.com
