full:edu.tinkoff.ru
full:education.tbank.ru
domain:novikom.ru
domain:xn----8sbkfzespdwig.xn--p1ai
domain:alfabank.st
domain:alfadirect.ru
domain:myapelsin.ru
domain:bank131.com
domain:bank131.ru
domain:isnbank.ru
domain:snbank.ru
domain:bcs-bank.ru
domain:bcs.ru
domain:broker.ru
domain:chelinvest.ru
domain:investpay.ru
domain:dbmoscow.ru
domain:deutsche-bank.ru
domain:deutschebank.ru
domain:efbank.ru
domain:evrofinance.ru
domain:creditural.ru
domain:gazprombank.com
domain:gazprombank.investments
domain:gazprombank.ru
domain:gpb.ru
domain:k-bnk.ru
domain:koshelev-bank.ru
domain:metallinvestbank.ru
domain:metib.ru
domain:mhcb.ru
domain:mhcbr.ru
domain:dvbank.ru
domain:mkb.ru
domain:moex.com
domain:nationalclearingcentre.ru
domain:nkcbank.ru
domain:nsd.ru
domain:mspbank.ru
domain:smbfin.ru
domain:dbo-dengi.online
domain:mtsbank.ru
domain:mtsdengi.ru
domain:otpbank.ru
domain:pervbank.ru
domain:prvbank.ru
domain:pvubank.com
domain:payment.ru
domain:psb-ocenka.ru
domain:psb.ru
domain:psbank.ru
domain:rdb.ru
domain:rosdorbank.ru
domain:spbexchange.ru
domain:spvb.ru
domain:solid.ru
domain:solidbank.ru
domain:halvacard.ru
domain:home.bank
domain:homecredit.ru
domain:hva.im
domain:scb.ru
domain:sovcombank.ru
domain:itb.ru
domain:tkbbank.ru
domain:tochka-tech.com
domain:tochka.com
domain:transstroybank.ru
domain:tsbnk.ru
domain:bank-credit-suisse-moscow.ru
domain:ubs.com
domain:coalmetbank.ru
domain:umbank.ru
domain:unicredit.ru
domain:unicreditbank.ru
domain:pochtabank.ru
domain:rncb.ru
domain:sbpvtb.ru
domain:vtb-direct.com
domain:vtb.com
domain:vtb.ru
domain:vtbbo.ru
domain:vtbglobalperspectives.com
domain:xn--90ab2c.xn--p1ai
domain:credit-zenit.ru
domain:zenit-card.ru
domain:zenit.ru
domain:asia-pay.ru
domain:best2pay.net
domain:koronapay.com
domain:moneta.ru
domain:nspk.ru
domain:rbsgate.com
domain:rbsuat.com
domain:rncoluminis.ru
domain:veb.ru
domain:westernunion.ru
domain:ns-bank.ru
domain:abr.ru
domain:absolutbank.ru
domain:agroros.ru
domain:ai-bank.ru
domain:akbars.ru
domain:akcept.ru
domain:akibank.ru
domain:albank.ru
domain:alefbank.com
domain:ankb.ru
domain:apkbank.ru
domain:aresbank.ru
domain:atb.su
domain:autofinancebank.ru
domain:autokreditbank.ru
domain:avangard.ru
domain:aversbank.ru
domain:bancaintesa.ru
domain:bank-arzamas.ru
domain:bank-hlynov.ru
domain:bankermak.ru
domain:bankofkazan.ru
domain:bankperm.ru
domain:bankstavr.ru
domain:bankvl.ru
domain:bbr.ru
domain:bfa.ru
domain:blanc.ru
domain:bm-bank.ru
domain:bmwbank.ru
domain:boc.ru
domain:bspb.ru
domain:bystrobank.ru
domain:centrinvest.ru
domain:chelindbank.ru
domain:cibank.ru
domain:cifra-bank.ru
domain:cmrbank.ru
domain:commerzbank.ru
domain:crediteurope.ru
domain:databank.ru
domain:dcapital.ru
domain:derzhava.ru
domain:domrfbank.ru
domain:emb.ru
domain:energobank.ru
domain:energotransbank.com
domain:eximbank.ru
domain:expobank.ru
domain:finambank.ru
domain:finstarbank.ru
domain:forabank.ru
domain:tinkoff-edu.ru
domain:forshtadt.ru
domain:gaztransbank.ru
domain:gebank.ru
domain:genbank.ru
domain:ibamoscow.ru
domain:icbcmoscow.ru
domain:in-bank.ru
domain:ingobank.ru
domain:jpmorgan.ru
domain:kamkombank.ru
domain:kbb.ru
domain:kremlinbank.ru
domain:kubankredit.ru
domain:kuzbank.ru
domain:lanta.ru
domain:lockobank.ru
domain:maritimebank.com
domain:mcbank.ru
domain:mfk-bank.ru
domain:modulbank.ru
domain:mvs-bank.ru
domain:nico-bank.ru
domain:nipbank.ru
domain:noosferabank.ru
domain:norvikbank.ru
domain:vfbank.ru
domain:alfabank.ru
domain:yoobusiness.ru
domain:nskbl.ru
domain:okbank.ru
domain:orbank.ru
domain:pikhtabank.ru
domain:poidem.ru
domain:primbank.ru
domain:priobye.ru
domain:priovtb.com
domain:pskb.com
domain:raiffeisen.ru
domain:rencapbank.ru
domain:rencredit.ru
domain:resocreditbank.ru
domain:rsb.ru
domain:rshb.ru
domain:prodcontest.com
domain:cu.ru
domain:centraluniversity.ru
domain:sbibankllc.ru
domain:sdm.ru
domain:seb.ru
domain:selkombank.ru
domain:sevnb.ru
domain:sibsoc.ru
domain:sinara.ru
domain:slavbank.ru
domain:slbank.ru
domain:smbcr-bank.ru
domain:sngb.ru
domain:socium-bank.ru
domain:xn--h1ao.site
domain:svoi.ru
domain:tagbank.ru
domain:tatsotsbank.ru
domain:thbank.ru
domain:timerbank.ru
domain:toyota-bank.ru
domain:ubrr.ru
domain:united.ru
domain:uralfd.ru
domain:uralprombank.ru
domain:uralsib.ru
domain:vbrr.ru
domain:venets-bank.ru
domain:alfa.me
domain:vlb100.ru
domain:vlbb.ru
domain:wb-bank.ru
domain:ziraatbank.ru
domain:bps-sberbank.by
domain:sber-bank.by
domain:sber.ru
domain:sberbank.com
domain:sberbank.ru
domain:sbrf.ru
domain:yookassa.ru
domain:yoomoney.ru
domain:cplsb.ru
domain:sberspasibo.ru
domain:spasibo.digital
domain:spasibo.market
domain:spasibobonus.ru
domain:spasibosb.ru
domain:spasibosberbank.ru
domain:xn----7sbhmncai5a0arm7c1e.xn--p1ai
domain:novobank.ru
domain:xn----8sbwjbxyd.xn--p1ai
domain:xn--90aifd0azb.xn--p1acf
domain:2w.ru
domain:4c.ru
domain:4epenaxa.com
domain:atomyze.ru
domain:atomyze.tech
domain:babki.ru
domain:bankline.ru
domain:booking-tec.ru
domain:capitalt.ru
domain:cardsmobile.ru
domain:cdn-tinkoff.ru
domain:codeseason.by
domain:custody.ru
domain:data-tscbank.ru
domain:deltacredit.ru
domain:depository.ru
domain:dolyame.ru
domain:electronicsignature.ru
domain:enterly.ru
domain:era-invest.ru
domain:etna.ai
domain:gainstech.ru
domain:gosdolgi.ru
domain:it-katok.ru
domain:it-picnic.ru
domain:it-piknik.ru
domain:jfn.su
domain:jira-tcsbank.ru
domain:jump.taxi
domain:jumpwork.ru
domain:karmahelp.ru
domain:karta-banka-rf.ru
domain:koshelek.app
domain:lifestyle-tec.ru
domain:malotogo.ru
domain:max-tcs.ru
domain:mfk-t-finance.ru
domain:my-tbank.ru
domain:phoenix-ca.ru
domain:private-banking.ru
domain:rbcollect.ru
domain:rbcredit.ru
domain:rf-sim-mobile.ru
domain:rosbank-auto.ru
domain:rosbank-capital.ru
domain:rosbank-credit.com
domain:rosbank-dom.ru
domain:rosbank-leasing.ru
domain:rosbank.ru
domain:rusfinance.ru
domain:rusfinancebank.ru
domain:safeliner.tech
domain:sage-observability.tech
domain:sgcheck.ru
domain:t-access.ru
domain:t-bank-app.ru
domain:t-bank-app.su
domain:t-bank.by
domain:t-calls.ru
domain:t-capital-funds.ru
domain:t-cpa.ru
domain:t-dengi.ru
domain:t-finance.group
domain:t-finance.ru
domain:t-human.ru
domain:t-investlab.ru
domain:t-j.ru
domain:t-ofp.ru
domain:t-pulse.ru
domain:t-static.ru
domain:t-stekovka.ru
domain:t-tech.dev
domain:t-tech.ru
domain:t-tech.team
domain:t-technologies.ru
domain:t-tolk.ru
domain:t.finance
domain:tb-esim.ru
domain:tbank-online.com
domain:tbank.ru
domain:tconf.ru
domain:tcsbank.ru
domain:tdev.by
domain:time-messenger.ru
domain:tinkoff-group.com
domain:tinkoff.ai
domain:tinkoff.ru
domain:tinkoffcapital.ru
domain:tinkoffinsurance.ru
domain:tinkoffinsurancefuture.ru
domain:tinkoffjournal.ru
domain:tinkoffmobile.com
domain:tinsurance.ru
domain:tinsurancefuture.ru
domain:tmiaf.ru
domain:tpension.ru
domain:travel-tec.ru
domain:unidraw.io
domain:xn--90aifd0az.shop
domain:xn--b1aechhj6bof8g5a.site
domain:xn--d1abkf4ap.fun
domain:ssb.msk.ru
domain:ru.ccb.com
domain:finance.ozon.ru
domain:bank.yandex.ru
domain:vtb-grants.fut.ru
domain:ads.sber.ru
domain:clickstream.sberbank.ru
full:visor.sberbank.ru
