full:publicca.googleapis.com
full:preprod-publicca.googleapis.com
full:clients1.google.com
full:pki.google.com
full:crl.microsoft.com
full:mscrl.microsoft.com
full:ocsp.microsoft.com
full:oneocsp.microsoft.com
full:www.microsoft.com
domain:godaddy
domain:swisssign-group.ch
domain:swisssigner.com
domain:d-trust.net
domain:e-szigno.hu
domain:e-tugra.com
domain:firmaprofesional.com
domain:fnmt.es
domain:harica.gr
domain:infocert.digital
domain:infocert.it
domain:managedpki.com
domain:netlock.hu
domain:trustcor.ca
domain:trustcor.com
domain:trustisfps.com
domain:wisecoin.com
domain:wiseid.com
domain:wisekey.com
domain:secomtrust.net
domain:certinomis.com
domain:certinomis.fr
domain:digicert-cn.com
domain:digicert-validation.com
domain:entrust.com
domain:digicert.eu
domain:digitalcertvalidation.com
domain:freessl.com
domain:geotrust.com
domain:rapidssl.com
domain:thawte.com
domain:thawte.de
domain:thawte.fr
domain:quovadisglobal.com
domain:public-trust.com
domain:omniroot.com
domain:symauth.com
domain:symcb.com
domain:symcd.com
domain:x.co
domain:wsimg.com
domain:godaddy.net
domain:godaddy.com
domain:camerfirma.com
domain:globalsign.be
domain:globalsign.net
domain:globalsign-media.com
domain:globalsign.fr
domain:globalsign.nl
domain:globalsign.cloud
domain:globalsign.ch
domain:globalsign.eu
domain:globalsign.es
domain:actalis.it
domain:actalis.com
domain:certsign.ro
domain:vodafone.nl
domain:vodafone.it
domain:vodafone.de
domain:vodafone.com
domain:trustwave.com
domain:zert.ch
domain:entrust.net
domain:trustsign.ch
domain:trustdoc.ch
domain:swisstsa.li
domain:swisstsa.ch
domain:swissstick.com
domain:swisssigngroup.com
domain:swisssigngroup.ch
domain:aoc.cat
domain:swisssigner.ch
domain:entrustdatacard.com
domain:swisssign.org
domain:swisssign.net
domain:swisssign.li
domain:swisssign.com
domain:swisssign.ch
domain:swisssign-group.li
domain:swisssign-group.com
domain:accv.es
domain:swissign.li
domain:swissign.com
domain:swissid.ch
domain:ssl-certificate.ch
domain:rootsigning.com
domain:root-signing.ch
domain:pki-poste.ch
domain:pki-posta.ch
domain:pki-post.ch
domain:managed-pki.de
domain:managed-pki.ch
domain:digitalid.ch
domain:digital-id.ch
domain:lencr.org
domain:letsencrypt.com
domain:letsencrypt.org
domain:starfieldtech.com
domain:amazontrust.com
domain:awstrust.com
domain:ss2.us
domain:buypass-ssl.com
domain:buypass.com
domain:buypass.no
domain:buypass.se
domain:minid.no
domain:entrust.cn
domain:digicert.com
domain:ssl.com
domain:comodoca4.com
domain:affirmtrust.com
domain:atos.net
domain:myatos.net
domain:certificat2.com
domain:trendmicro.com
domain:pki.goog
domain:comodoca3.com
domain:comodoca2.com
domain:comodoca.com
domain:netsolssl.com
domain:incommon-rsa.org
domain:identrust.com
domain:identrust.net
domain:catcert.cat
domain:msocsp.com
domain:telekom.com
domain:telekom.de
domain:telesec.de
domain:certum.pl
domain:ocsp-certum.com
domain:ocsp-responder.com
domain:gandi.net
domain:enterprisessl.com
domain:hackerguardian.com
domain:instantssl.com
domain:optimumssl.com
domain:positivessl.com
domain:sectigo.com
domain:trust-provider.com
domain:usertrust.com
domain:eca-client-ocsp.verisign.com
domain:identrust.co.uk
domain:tls.hinet.net
domain:publicca.hinet.net
domain:pki.hinet.net
domain:eca.hinet.net
domain:svr-wimax-ocsp.verisign.com
domain:evsecure-ocsp.verisign.com
domain:ws.symantec.com
domain:pki.symantec.com
domain:svrtrial-g2-crl.verisign.com
domain:svrtrial-g2-aia.verisign.com
domain:svrsecure-t1-crl.verisign.com
domain:svrsecure-t1-aia.verisign.com
domain:svrsecure-oracle-ocsp.verisign.com
domain:svrsecure-oracle-crl.verisign.com
domain:svrsecure-oracle-aia.verisign.com
domain:svrsecure-g3-crl.verisign.com
domain:svrsecure-g3-aia.verisign.com
domain:svrsecure-g2-crl.verisign.com
domain:svrsecure-g2-aia.verisign.com
domain:svrsecure-crl.verisign.com
domain:svrsecure-aia.verisign.com
domain:svrintl-t1-crl.verisign.com
domain:svrintl-t1-aia.verisign.com
domain:svrintl-g3-crl.verisign.com
domain:svrintl-g3-aia.verisign.com
domain:svrintl-crl.verisign.com
domain:svrintl-aia.verisign.com
domain:ssp-ocsp.verisign.com
domain:ssp-crl.verisign.com
domain:ssp-aia.verisign.com
domain:pki-ocsp.verisign.com
domain:orgc3-crl.verisign.com
domain:onsitecrl.verisign.com
domain:ocsp.verisign.com
domain:evsecure-t1-crl.verisign.com
domain:evsecure-t1-aia.verisign.com
domain:evsecure-crl.verisign.com
domain:evsecure-aia.verisign.com
domain:evintl-t1-crl.verisign.com
domain:evintl-ocsp.verisign.com
domain:evintl-crl.verisign.com
domain:evintl-aia.verisign.com
domain:myvodafone.com.au
domain:myvodafone.com.ws
domain:vodafone.co.uk
domain:vodafone.com.au
domain:vodafone.com.tr
domain:hongkongpost.gov.hk
domain:ecert.gov.hk
domain:eca-client-crl.verisign.com
domain:csc3-2010-crl.verisign.com
domain:csc3-2010-aia.verisign.com
domain:csc3-2009-crl.verisign.com
domain:csc3-2009-aia.verisign.com
domain:csc3-2009-2-crl.verisign.com
domain:csc3-2009-2-aia.verisign.com
domain:csc3-2004-crl.verisign.com
domain:csc3-2004-aia.verisign.com
domain:crl.verisign.com
domain:certipath-crl.verisign.com
domain:globalsign.com.sg
domain:globalsign.com.br
domain:globalsign.com.au
domain:globalsign.com.hk
domain:globalsign.co.uk
domain:certipath-aia.verisign.com
domain:adobe-crl.verisign.com
domain:cybertrust.ne.jp
domain:cybertrust.co.jp
domain:digicert.co.jp
domain:wisekey.com.hk
domain:secom.co.jp
domain:managedpki.ne.jp
domain:twca.com.tw
domain:gtlsca.nat.gov.tw
full:certs-lb.apple.com.akadns.net
full:certs.apple.com
full:crl-lb.apple.com.akadns.net
full:crl.apple.com
full:ocsp.apple.com
full:ocsp2.apple.com
full:valid.apple.com
full:valid.origin-apple.com.akadns.net
domain:dcocsp.cn
domain:digicert.cn
full:www.entrust.cn
full:pki-goog.l.google.com
full:c.pki.goog
full:i.pki.goog
full:o.pki.goog
full:crl.pki.goog
full:crls.pki.goog
full:ocsp.pki.goog
domain:oemssl.cn
domain:oemssl.cn.cdn.cloudflare.net
domain:sectigochina.com
domain:sectigochina.com.cdn.cloudflare.net
domain:trust-provider.cn
domain:sslcom.cn
domain:alphassl.com
domain:easy-signing.com
domain:globalsign.cn
domain:globalsign.com
domain:globalsigncdn.com
full:cdn.globalsigncdn.com.cdn.cloudflare.net
full:crl.globalsign.net
