full:www.speedtest.net.cdn.cloudflare.net
domain:ooklaserver.net
domain:speedtest.ch
domain:librespeed.org
domain:linkmeter.net
domain:measurementlab.net
domain:ookla.com
domain:nperf.com
domain:openspeedtest.ru
domain:webtest.net
domain:speedtestcustom.com
domain:speed.ee
domain:speedtest.net
domain:speedtest.co
domain:fast.com
domain:pingtest.net
domain:speedcheck.org
domain:speedgeo.net
domain:speedof.me
domain:fastspeedtest.com
domain:speedtest.xyz
domain:meter.net
domain:ekahau.com
domain:speedtest.de
domain:ekahau.cloud
domain:cellmaps.com
domain:speedtest.im
domain:cdnst.net
domain:openspeedtest.com
domain:wifiman.me
domain:testskorosti.ru
domain:speedtest.org
domain:testmyspeed.com
domain:speedtest.ru
domain:testmy.net
domain:speedtest.su
domain:speedtest.uz
domain:speedtest24.ru
domain:speed2.hinet.net
domain:speedtest.dno-it.ru
domain:speedtest.volia.com
domain:speedtest.shaw.ca
domain:speedtest.rt.ru
domain:speedtest.net.uk
domain:speedtest.net.ua
domain:speedtest.net.in
domain:open.cachefly.net
domain:speedtest.mail.ru
domain:speedtest.frontier.com
domain:speedtest.xfinity.com
domain:speedtest.co.za
domain:speedtest.citylink.pro
domain:speedtest.cesnet.cz
domain:speed.cloudflare.com
domain:speed.dler.io
domain:speed.hinet.net
domain:speed.nccu.edu.tw
domain:speed5.ntu.edu.tw
domain:ookla-speedtest-central.hgconair.hgc.com.hk
domain:cnspeedtest.cn
domain:speed.neu6.edu.cn
domain:speed.nju.edu.cn
domain:speed.nuaa.edu.cn
domain:speed.qlu.edu.cn
domain:speed.ujs.edu.cn
domain:speed6.ujs.edu.cn
domain:speedtest.cn
domain:speedtest.mfcyun.com
domain:speedtest.shu.edu.cn
domain:speedtest.xaut.edu.cn
domain:speedtest6.shu.edu.cn
domain:test.nju.edu.cn
domain:test.ustc.edu.cn
domain:test6.nju.edu.cn
domain:test6.ustc.edu.cn
domain:xnfz.seu.edu.cn
full:hk-global-bgp.hkg.speedtest.yecaoyun.com
regex:^speed\.(coe|open)\.ad\.[a-z]{2,6}\.prod\.hosts\.ooklaserver\.net$
