domain:unicom
domain:xn--8y0a063a
domain:mychinaunicom.com
domain:smartont.net
domain:10155.com
domain:114menhu.com
domain:169ol.com
domain:chinaunicom.cn
domain:chinaunicom.com
domain:wosms.cn
domain:10010.com
domain:wo116114.com
domain:unicompayment.com
domain:wo-adv.cn
domain:wo.cn
domain:wo.com.cn
domain:10010.com.cn
domain:wocloud.com.cn
domain:woread.com.cn
domain:chinaunicom.com.cn
domain:chinaunicom.com.hk
domain:chinaunicomglobal.com
domain:cuguplus.com
domain:cuniq.com
domain:cuniq.sg
