domain:durex.pt
domain:durex.es
domain:durex-shop.ch
domain:durex-shopline.com
domain:durex-slovenia.si
domain:durex.at
domain:durex.be
domain:durex.cl
domain:trydurex.tv
domain:trydurex.net
domain:shopdurex.com
domain:playbydurex.com
domain:lovesexdurex.com
domain:durexusa.com
domain:durex.com
domain:durexukraine.com
domain:durexloveclub.com
domain:durexindia.com
domain:durexchina.com
domain:durexcanada.com
domain:durexcam.com
domain:durex.us
domain:durex.se
domain:durex.ru
domain:durex.dk
domain:dewitwithdurex.com
domain:durex.cz
domain:durex.de
domain:dotherex.com
domain:durex.no
domain:durex.ro
domain:durex.fi
domain:durex.fr
domain:durex.hu
domain:durex.ie
domain:durex.it
domain:durex.jp
domain:durex.lv
domain:durex.mx
domain:durex.nl
domain:durex.ee
domain:durex.pl
domain:durex.com.bd
domain:durex.com.co
domain:durex.com.pk
domain:durex.com.ph
domain:durex.com.pe
domain:durex.com.ng
domain:durex.com.my
domain:durex.com.tr
domain:durex.com.sg
domain:durex.com.au
domain:durex.com.hr
domain:durex.co.za
domain:durex.co.uk
domain:durex.co.th
domain:durex.co.nz
domain:durex.co.il
domain:durex.co.id
domain:durex.com.cn
domain:durexchina.com.cn
domain:lovesexdurex.cn
