domain:gettyimages.ie
domain:gettyimages.in
domain:gettyimages.be
domain:gettyimages.ca
domain:gettyimages.ch
domain:gettyimages.se
domain:gettyimages.pt
domain:gettyimages.no
domain:gettyimages.com
domain:gettyimages.dk
domain:gettyimages.it
domain:gettyimages.es
domain:gettyimages.at
domain:gettyimages.nl
domain:gettyimages.de
domain:gettyimages.fi
domain:gettyimages.fr
domain:gettyimages.hk
domain:gettyimages.ae
domain:gettyimages.com.mx
domain:gettyimages.com.br
domain:gettyimages.com.au
domain:gettyimages.co.uk
domain:gettyimages.co.nz
domain:gettyimages.co.jp
