domain:pegn.com
domain:globoplay.com
domain:valorinveste.com
domain:umsoplaneta.com
domain:techtudo.com
domain:revistapegn.com
domain:autoesporte.com
domain:revistaepoca.com
domain:globo.com
domain:gshow.com
domain:globorural.com.br
domain:epocanegocios.com.br
domain:globoradio.com.br
domain:globoreporter.com.br
domain:oglobo.com.br
domain:globo.com.br
domain:gshow.com.br
domain:infoglobo.com.br
domain:autoesporte.com.br
domain:oghost.com.br
domain:revistagalileu.com.br
domain:pegn.com.br
domain:radioglobo.com.br
domain:g1.com.br
domain:revistaepoca.com.br
domain:globoplay.com.br
domain:epoca.com.br
domain:revistapegn.com.br
domain:revistaquem.com.br
domain:revistavalor.com.br
domain:sgr.com.br
domain:cbn.com.br
domain:techtudo.com.br
domain:cartola.com.br
domain:umsoplaneta.com.br
domain:valor.com.br
domain:valoreconomico.com.br
domain:bhfm.com.br
domain:valorinveste.com.br
domain:xuxaverso.com.br
