domain:hsbc
domain:hsbcnet.com
domain:hsbc.fr
domain:hsbcinnovationbanking.com
domain:hsbc.de
domain:hsbcprivatebank.com
domain:hsbc.ae
domain:hsbc.am
domain:hsbc.bm
domain:hsbc.net
domain:vv1865.com
domain:hsbctrinkaus.de
domain:hsbc.com
domain:hsbc.ca
domain:hsbc.lk
domain:hsbc-zertifikate.de
domain:hsbc.uk
domain:hsbc-transactionservices.de
domain:hsbc-alternatives.de
domain:hsbc.co.mu
domain:hsbc.com.vn
domain:hsbc.com.br
domain:hsbc.com.eg
domain:hsbc.com.hk
domain:hsbc.com.mo
domain:hsbc.com.mt
domain:hsbc.com.mx
domain:hsbc.com.my
domain:hsbcamanah.com.my
domain:hsbc.com.ph
domain:hsbc.com.sg
domain:hsbc.com.tr
domain:hsbc.com.tw
domain:hsbc.com.uy
domain:hsbc.com.bh
domain:hsbc.com.bd
domain:hsbc.com.au
domain:hsbc.com.ar
domain:hsbc.co.uk
domain:hsbc.co.th
domain:hsbc.co.nz
domain:hsbc.co.jp
domain:hsbc.co.kr
domain:hsbc.co.in
domain:hsbc.co.id
domain:hsbc.com.cn
domain:hsbcqh.com.cn
domain:hsbcinsurance.com.cn
