domain:ikea.ma
domain:ikea.pr
domain:ikea.au
domain:ikea.be
domain:ikea.bg
domain:ikea.bh
domain:ikea.ca
domain:ikea.ch
domain:ikea.cl
domain:ingkacentres.com
domain:ingka.dev
domain:ikea.dk
domain:ingka.com
domain:ikea.net
domain:ikea.com
domain:ikea.us
domain:ikea.ua
domain:ikea.sk
domain:ikea.si
domain:ikea.sg
domain:ikea.sa
domain:ikea.ru
domain:ikea.rs
domain:ikea.cz
domain:ikea.ro
domain:ikea.qa
domain:ikea.pt
domain:ikea.hu
domain:ikea.pl
domain:ikea.ph
domain:ikea.de
domain:ikea.om
domain:ikea.no
domain:ikea.nl
domain:ikea.my
domain:ikea.mx
domain:ikea.ae
domain:ikea.lv
domain:ikea.lt
domain:ikea.kr
domain:ikea.jp
domain:ikea.jo
domain:ikea.it
domain:ikea.is
domain:ikea.at
domain:ikea.in
domain:ikea.ie
domain:ikea.do
domain:ikea.ee
domain:ikea.eg
domain:ikea.es
domain:ikea.fi
domain:ikea.fr
domain:ikea.gr
domain:ikea.hk
domain:ikea.hr
domain:ikea.com.de
domain:ikea.co.de
domain:ikea.com.lv
domain:ikea.com.ua
domain:ikea.com.tw
domain:ikea.com.tr
domain:ikea.com.sg
domain:ikea.com.sa
domain:ikea.com.ru
domain:ikea.com.ro
domain:ikea.com.pt
domain:ikea.com.pr
domain:ikea.com.pl
domain:ikea.com.om
domain:ikea.com.my
domain:ikea.com.mx
domain:ikea.com.kw
domain:ikea.com.in
domain:ikea.com.hk
domain:ikea.com.gr
domain:ikea.com.eg
domain:ikea.com.do
domain:ikea.com.cy
domain:ikea.com.au
domain:ikea.co.uk
domain:ikea.co.th
domain:ikea.co.pl
domain:ikea.co.ph
domain:ikea.co.om
domain:ikea.co.kr
domain:ikea.co.jp
domain:ikea.co.il
domain:ikea.co.id
domain:ikea.co.ca
domain:ikea.co.at
domain:ikea.cn
domain:ingka-dt.cn
domain:ingka-internal.cn
domain:ingka-system.cn
