domain:eckwai.com
domain:ecukwai.com
domain:gifshow.com
domain:inkuai.com
domain:inkwai.com
domain:ksapisrv.com
domain:kskwai.com
domain:kspkg.com
domain:kuaishou.cn
domain:kuaishou.com
domain:kuaishouapps.com
domain:kuaishoupay.com
domain:kuaishouzt.com
domain:kwaicdn.com
domain:kwaishop.com
domain:kwaixiaodian.com
domain:kwaiying.com
domain:kwaizt.com
domain:kwimgs.com
domain:mojidoc.com
domain:qingque.cn
domain:viviv.com
domain:wskwai.com
domain:wsukwai.com
domain:yximgs.com
domain:ac.fun
domain:acfun.cn
domain:acfun.net
domain:acfunchina.cn
domain:acfunchina.com
domain:acfunchina.net
domain:aixifan.com
domain:adbkwai.com
domain:adkwai.com
domain:adukwai.com
domain:e.kuaishou.cn
domain:e.kuaishou.com
full:log-sdk.gifshow.com
full:wlog.kuaishou.com
full:apilog-web.acfun.cn
