domain:miniso.com
domain:myminiso.com
domain:miniso-bh.com
domain:miniso-np.com
domain:miniso-nz.com
domain:miniso.by
domain:miniso.ca
domain:minisokorea.com
domain:minisothailand.com
domain:minisovietam.vn
domain:miniso-au.com
domain:miniso.pk
domain:miniso.co
domain:minisojordan.com
domain:minisoindia.com
domain:miniso.uz
domain:miniso.ua
domain:miniso.ge
domain:miniso.ie
domain:miniso.jp
domain:miniso.ma
domain:miniso.my
domain:miniso.pe
domain:miniso.co.id
domain:miniso.com.tr
domain:miniso.com.py
domain:miniso.com.pl
domain:miniso.com.mx
domain:miniso.com.gr
domain:minisolife.co.za
domain:miniso.com.es
domain:miniso.co.tz
domain:loveminiso.com.br
domain:miniso.cn
domain:minisohome.cn
domain:minsio.cn
