domain:oekakiskey.com
domain:misskey-square.net
domain:gyutte.site
domain:trpger.us
domain:maniakey.homes
domain:mfmf.club
domain:sushi.ski
domain:submarin.online
domain:buicha.social
domain:nijimiss.moe
domain:misskey.gg
domain:misskey.stream
domain:misskey.art
domain:misskey.cloud
domain:misskey.design
domain:misskey.flowers
domain:9ineverse.com
domain:misskey.gamelore.fun
domain:misskey.noellabo.jp
domain:misskey.ranranhome.info
domain:misskey.always-we-need.games
domain:misskey.yukineko.me
domain:mk.shrimpia.network
domain:mk.yopo.work
domain:mof.kemomi.me
domain:msk.ilnk.info
domain:msk.kitazawa.me
domain:misskey.04.si
domain:mi.nakn.jp
domain:mi.mashiro.site
domain:mi.kochudaho.me
domain:labo.wovs.tk
