domain:librarylovefest.com
domain:harperacademic.com
domain:adhelpnews.com
domain:api.news
domain:rea.design
domain:bigcharts.com
domain:newssyndication.com
domain:rea.io
domain:rea.tech
domain:reastatic.net
domain:myfun.com
domain:moveaws.com
domain:move.com
domain:makaan.com
domain:getwsj.com
domain:rumah123.com
domain:rea-asia.com
domain:iproperty.com
domain:huanyuju.com
domain:ippstatic.com
domain:smartexpos.com
domain:mansionglobal.com
domain:marketwatch.com
domain:housingcdn.com
domain:housing.com
domain:thinkofliving.com
domain:rea-group.com
domain:realtor.com
domain:nypostreprints.com
domain:newsamerica.com
domain:nypost.help
domain:nypost.com
domain:bookclubgirl.com
domain:harpercollinsspeakersbureau.com
domain:harpercollinsadvantage.com
domain:newscorp.com
domain:newscorpaustralia.com
domain:hcpdts.com
domain:fnlondon.com
domain:rea.global
domain:proptiger.com
domain:newsukadops.com
domain:harperapps.com
domain:nlm.io
domain:harpercollins.ca
domain:epicreads.com
domain:shelfstuff.com
domain:storyful.com
domain:collins.in
domain:harpercollinschristian.com
domain:harpercollins.com
domain:dowjoneson.com
domain:dowjones.io
domain:dowjones.com
domain:djreprints.com
domain:wsjbarrons.com
domain:barrons.com
domain:barrons-conferences.com
domain:wireless.radio
domain:barrons-advisor.com
domain:dreamteamfc.com
domain:page3.com
domain:talksport.com
domain:thesun.ie
domain:wsjwine.com
domain:wsjshop.com
domain:wsjplus.com
domain:thetimes.ie
domain:timesmembership.com
domain:wsjmediakit.com
domain:wsj.net
domain:wsj.jobs
domain:wsj.com
domain:startupjournal.com
domain:realestatejournal.com
domain:opinionjournal.com
domain:careerjournal.com
domain:collegejournal.com
domain:newsprestigenetwork.com.au
domain:thetimes.co.uk
domain:thesundaytimes.co.uk
domain:the-tls.co.uk
domain:sportswomenoftheyear.co.uk
domain:sportswomanoftheyear.co.uk
domain:mytimesplus.co.uk
domain:driving.co.uk
domain:thesun.co.uk
domain:thescottishsun.co.uk
domain:sunbingo.co.uk
domain:wirelessgroup.co.uk
domain:whimn.com.au
domain:whereilive.com.au
domain:weeklytimesnow.com.au
domain:townsvillebulletin.com.au
domain:themessengeradelaide.com.au
domain:themercury.com.au
domain:thechronicle.com.au
domain:theaustralian.com.au
domain:taste.com.au
domain:supercoach.com.au
domain:savvyshopper.net.au
domain:placemyad.com.au
domain:ntnews.com.au
domain:newsxtend.com.au
domain:newsprinters.co.uk
domain:1degree.com.au
domain:newslicensing.co.uk
domain:newsconcierge.com.au
domain:newscommercial.co.uk
domain:newscdn.com.au
domain:collins.co.uk
domain:harpercollinschildrensbooks.co.uk
domain:harpercollins.com.au
domain:harpercollins.co.in
domain:harpercollins.co.uk
domain:natgeokidsbooks.co.uk
domain:egmontbooks.co.uk
domain:newscareers.co.uk
domain:newsapi.com.au
domain:newsadds.com.au
domain:news.net.au
domain:news.com.au
domain:news.co.uk
domain:newcastlenewslocal.com.au
domain:nativeincolour.com.au
domain:kidspot.com.au
domain:intheknow.com.au
domain:heraldsun.com.au
domain:goldcoastbulletin.com.au
domain:geelongadvertiser.com.au
domain:escape.com.au
domain:delicious.com.au
domain:dailytelegraph.com.au
domain:couriermail.com.au
domain:cnivogue.com.au
domain:cairnspost.com.au
domain:bridge-studio.co.uk
domain:bodyandsoul.com.au
domain:bestrecipes.com.au
domain:adelaidenow.com.au
domain:iproperty.com.my
domain:property.com.au
domain:realcommercial.com.au
domain:realestate.com.au
domain:flatmates.com.au
domain:hackday.com.au
domain:iproperty.com.sg
domain:inventorship.com.au
domain:smartline.com.au
domain:spacely.com.au
domain:squarefoot.com.hk
domain:hometrack.com.au
