full:nvidia.custhelp.com
full:nvidia.tt.omtrdc.net
domain:nvidia.ro
domain:shotwithgeforce.com
domain:geforce.com
domain:huggingface.co
domain:nvidia.cz
domain:gputechconf.com
domain:hf.space
domain:hf.co
domain:gputechconf.eu
domain:gputechconf.in
domain:gputechconf.jp
domain:nvidia.asia
domain:nvidia.at
domain:nvidia.be
domain:nvidia.ch
domain:tegrazone.kr
domain:tegrazone.jp
domain:tegrazone.com
domain:tegrazone.co
domain:nvidia.lu
domain:nvidia.com
domain:nvidiagrid.net
domain:nvidiaforhp.com
domain:nvidia.tw
domain:nvidia.se
domain:nvidia.ru
domain:nvidia.pl
domain:nvidia.no
domain:nvidia.nl
domain:nvidia.jp
domain:nvidia.mx
domain:nvidia.de
domain:nvidia.dk
domain:nvidia.es
domain:nvidia.eu
domain:nvidia.fi
domain:nvidia.fr
domain:nvidia.in
domain:nvidia.it
domain:nvidia.co.at
domain:nvidia.com.ve
domain:gputechconf.co.kr
domain:geforce.co.uk
domain:nvidia.com.tw
domain:nvidia.com.tr
domain:geforce.co.kr
domain:nvidia.com.pl
domain:nvidia.com.pe
domain:nvidia.com.mx
domain:nvidia.com.br
domain:nvidia.com.au
domain:nvidia.co.uk
domain:nvidia.co.kr
domain:tegrazone.co.kr
domain:nvidia.co.jp
domain:nvidia.co.in
domain:nvidia.com.ua
domain:gputechconf.com.tw
domain:gputechconf.com.au
domain:geforce.com.tw
domain:geforce.cn
domain:gputechconf.cn
domain:nvidia.cn
full:cn.download.nvidia.com
