domain:oxfordfirstsource.com
domain:oxfordscholarlyeditions.com
domain:blackstonespoliceservice.com
domain:epigeum.com
domain:oed.com
domain:omscr.com
domain:oup.com
domain:ouplaw.com
domain:veryshortintroductions.com
domain:oxfordaasc.com
domain:oxfordartonline.com
domain:oxfordbibliographies.com
domain:oxfordclinicalpsych.com
domain:oxforddnb.com
domain:anb.org
domain:oxfordpoliticstrove.com
domain:amamanualofstyle.com
domain:oxfordmedicine.com
domain:oxfordmusiconline.com
domain:oxfordhandbooks.com
domain:oxfordre.com
domain:oxfordreference.com
domain:oxfordlawtrove.com
domain:oxfordscholarship.com
domain:oxfordwesternmusic.com
domain:sipriyearbook.org
domain:ukwhoswho.com
domain:universitypressscholarship.com
domain:ox.ac.uk
