domain:anquan
domain:shouji
domain:xihuan
domain:yun
domain:qhimgs1.com
domain:woxihuan.com
domain:360.net
domain:360-jr.com
domain:360chou.com
domain:360daikuan.com
domain:360huzhubao.com
domain:360jie.com
domain:360jinrong.net
domain:360kan.com
domain:360kuai.com
domain:360os.com
domain:360panyun.cn
domain:360qhcdn.com
domain:360safe.com
domain:360scdn.com
domain:360shouji.com
domain:360so.com
domain:qhimgs4.com
domain:360sou.com
domain:wztsy.com
domain:360sou.net
domain:360taojin.com
domain:360totalsecurity.com
domain:360tpcdn.com
domain:360tres.com
domain:360webcache.com
domain:360zqaq.com
domain:anquanke.com
domain:appjiagu.com
domain:baomitu.com
domain:dhsvc.cn
domain:haoso.com
domain:haosou.com
domain:qhimgs3.com
domain:haosou.net
domain:i360mall.com
domain:ludashi.com
domain:n.cn
domain:namiso.com
domain:nicaifu.com
domain:nzwgs.com
domain:qh-cdn.com
domain:qhcdn.com
domain:qhimg.com
domain:qhimgs0.com
domain:360.cn
domain:qhimgs2.com
domain:wztsy.cn
domain:360sou.cn
domain:360.com
domain:qhimgs6.com
domain:qhmsg.com
domain:qhres.com
domain:qhres2.com
domain:qhstatic.com
domain:qihoo.com
domain:qihoo.net
domain:qihuapi.cn
domain:qihucdn.com
domain:so.com
domain:sou.cn
domain:sou.com
domain:urlqh.cn
domain:wukongsafe.cn
domain:xiaoluyouxuan.com
domain:xiaoluzhidian.com
domain:xjietiao.com
domain:youhua.com
domain:yunpan.cn
domain:beifangsl.cn
domain:zhaomi.cn
domain:zhaomishijie.com
domain:theworld.cn
domain:qhimgs5.com
domain:360-g.net
domain:360-game.net
domain:360pay.cn
domain:360sjyh.cn
domain:gamepack.cn
domain:qftexpay.cn
domain:qikoo.com
domain:qiku.com
domain:qikucdn.com
domain:starworldgames.com
domain:360-g.cn
domain:wggames.cn
domain:360-api.cn
domain:worldofship.cn
domain:worldoftank.cn
domain:worldoftanks.cn
domain:yiwanzhushou.com
domain:wotgame.cn
domain:wowsgame.cn
domain:warsaga.cn
domain:haosou.com.cn
domain:360sou.com.cn
domain:worldoftanks.com.cn
domain:c.sayhi.360.cn
domain:fenxi.360.cn
domain:fenxi.com
domain:lianmeng.360.cn
domain:mediav.com
domain:mvad.com
domain:qhupdate.com
domain:s.360.cn
domain:s.so.360.cn
domain:s.union.360.cn
