full:steamcommunity-a.akamaihd.net.edgesuite.net
full:a4e8s8k3.map2.ssl.hwcdn.net
full:f3b7q2p3.ssl.hwcdn.net
full:steambroadcast.akamaized.net
full:steamcdn-a.akamaihd.net
full:steamcommunity-a.akamaihd.net
full:steammobile.akamaized.net
full:steampipe-kr.akamaized.net
full:steampipe-partner.akamaized.net
full:steampipe.akamaized.net
full:steamstore-a.akamaihd.net
full:steamusercontent-a.akamaihd.net
full:steamuserimages-a.akamaihd.net
full:steamvideo-a.akamaihd.net
full:steamcloudsweden.blob.core.windows.net
full:steamugcquincy.blob.core.windows.net
domain:steamstatic.com
domain:steamgames.com
domain:steam.tv
domain:steam-api.com
domain:steam-chat.com
domain:steamcommunity.com
domain:steamcontent.com
domain:steamconnecttest.com
domain:steamdeck.com
domain:playartifact.com
domain:steampowered.com
domain:underlords.com
domain:s.team
domain:steamusercontent.com
domain:steamserver.net
domain:valve.net
domain:valvesoftware.com
domain:dota2.com
domain:steam.apac.qtlglb.com
domain:steam.eca.qtlglb.com
domain:steam.naeu.qtlglb.com
domain:steam.ru.qtlglb.com
domain:steam.cdn.on.net
domain:steam.cdn.webra.ru
domain:edge.steam-dns.top.comcast.net
domain:steam.cdn.orcon.net.nz
domain:steam.cdn.slingshot.co.nz
domain:csgo.com.cn
domain:csgo.wmsj.cn
domain:dota2.com.cn
domain:dota2.wmsj.cn
domain:wmsjsteam.com
domain:client-update.queniuqe.com
domain:dl.steam.clngaa.com
domain:st.dl.bscstorage.net
domain:st.dl.eccdnx.com
domain:st.dl.pinyuncloud.com
domain:steampowered.com.8686c.com
domain:steamstatic.com.8686c.com
full:alibaba.cdn.steampipe.steamcontent.com
full:lv.queniujq.cn
full:xz.pphimalayanrt.com
domain:steamchina.com
domain:gstore.val.manlaxy.com
