domain:strepsils.ru
domain:cepacol.com
domain:dobendan.de
domain:strepsilsarabia.com
domain:repsils.no
domain:strepsils.at
domain:strepsils.ch
domain:cepacol.ca
domain:strepsils.si
domain:strepsils.us
domain:strepsils.pt
domain:strepsils.ro
domain:strepsils.hr
domain:strepsils.pl
domain:strepsils.net
domain:strepsils.ie
domain:strepsils.hu
domain:strepsils.es
domain:strepsils.fi
domain:strepsils.fr
domain:strepsils.co.kr
domain:strepsils.com.tw
domain:strepsils.com.ph
domain:strepsils.com.hk
domain:strepsils.com.au
domain:strepsils.com.co
domain:strepsils.com.br
domain:strepsils.com.ar
domain:strepsils.co.za
domain:strepsils.co.nz
domain:graneodin.com.mx
domain:strepsils.cn
domain:strepsils.com.cn
