domain:thomsonreuters.ru
domain:reut.rs
domain:elite.com
domain:legaltracker.com
domain:reutersmedia.net
domain:reutersagency.cn
domain:reuters.tv
domain:thomsonreuters.ca
domain:reuters.com
domain:thomsonreuters.es
domain:tr.com
domain:tmsnrt.rs
domain:thomsonreutersmexico.com
domain:thomsonreuters.com
domain:corepublishingsolutions.com
domain:aranzadi.es
domain:thomsonreuters.cn
domain:thomsonreuters.in
domain:thomsonreuters.com.br
domain:thomsonreuters.com.pe
domain:thomsonreuters.com.sg
domain:thomsonreuters.com.tr
domain:thomsonreuters.com.my
domain:thomsonreuters.com.au
domain:thomsonreuters.com.hk
domain:thomsonreuters.co.uk
domain:thomsonreuters.co.nz
domain:thomsonreuters.co.kr
domain:thomsonreuters.co.jp
domain:thomsonreuters.com.ar
domain:sweetandmaxwell.co.uk
domain:livrariart.com.br
