domain:verisign.net
domain:verisign.org
domain:verisign.ch
domain:verisigninc.com
domain:verisign.vn
domain:verisign.com
domain:verisign.us
domain:verisign.tw
domain:verisign.sg
domain:verisign.se
domain:verisign.pro
domain:verisign.hk
domain:verisign.asia
domain:verisign.name
domain:verisign.de
domain:verisign.dk
domain:verisign.biz
domain:verisign.fr
domain:verisign.es
domain:verisign.in
domain:verisign.info
domain:verisign.jobs
domain:verisign.mobi
domain:verisign.com.vn
domain:verisign.com.tw
domain:verisign.com.sg
domain:verisign.com.hk
domain:verisign.com.es
domain:verisign.com.cn
domain:verisign.com.br
domain:verisign.com.au
domain:verisign.co.uk
domain:verisign.co.in
