domain:twitpic.com
domain:grokipedia.com
domain:pscp.tv
domain:t.co
domain:tellapart.com
domain:tweetdeck.com
domain:twimg.com
domain:twittercommunity.com
domain:x.com
domain:twitter.com
domain:periscope.tv
domain:twitterinc.com
domain:twitter.biz
domain:twitter.jp
domain:cms-twdigitalassets.com
domain:twitteroauth.com
domain:twitterstat.us
domain:twtrdns.net
domain:twttr.com
domain:twttr.net
domain:twvid.com
domain:vine.co
domain:x.ai
domain:grok.com
domain:twitterflightschool.com
domain:twitter.map.fastly.net
domain:ads-twitter.com
