domain:yandex
domain:yandex.kz
domain:yandex.tj
domain:cabconnect.org
domain:clck.ru
domain:clstorage.net
domain:driveawaytaxi.org
domain:elama.ru
domain:gogettaxi.org
domain:goup.ai
domain:hayya.ae
domain:meteum.ai
domain:my-manager-account.com
domain:naydex.net
domain:realtyverif.ru
domain:rostaxi.org
domain:shedevrum.ai
domain:sourcecraft.dev
domain:static-storage.net
domain:support-uber.com
domain:taxiaid.org
domain:taxiguru.org
domain:taxitax.org
domain:turbopages.org
domain:ya.cc
domain:ya.ru
domain:yandex-bank.net
domain:yandex.lt
domain:yandex.aero
domain:yandex.asia
domain:yandex.az
domain:yandex.by
domain:yandex.cloud
domain:yandex.com
domain:yandex.de
domain:yandex.ee
domain:yandex.eu
domain:yandex.fi
domain:kinopoisk.ru
domain:yndx.net
domain:yandex.fr
domain:yandex.it
domain:yandex.jobs
domain:yandex.kg
domain:xn--d1acpjx3f.xn--p1ai
domain:yandex-team.ru
domain:berizaryad.ru
domain:yandex.pl
domain:yandex.mobi
domain:yandex.net
domain:yandex.org
domain:yandex.md
domain:yandex.ru
domain:yandex.st
domain:yandex.sx
domain:yandex.lv
domain:yandex.tm
domain:yandex.tr
domain:yandex.ua
domain:yandex.uz
domain:yandexadexchange.net
domain:yandexcloud.net
domain:yandexcom.net
domain:yandexgo.com
domain:yandexlyceum.ru
domain:yandexwebcache.net
domain:yandexwebcache.org
domain:yango-b2b.com
domain:yango-team.com
domain:yango-tech.com
domain:yango.africa
domain:yango.ao
domain:yango.bh
domain:yccdn.ru
domain:yastatic.net
domain:yastatic-net.ru
domain:yastat.net
domain:yangofellowship.com
domain:yango.com
domain:yango.fi
domain:yango.qa
domain:yango.taxi
domain:yango.tech
domain:yango.co.il
domain:yandex.com.ua
domain:yandex.com.tr
domain:yandex.com.ru
domain:yandex.com.ge
domain:yandex.com.am
domain:yandex.co.il
domain:adfox.ru
domain:adfox.yandex.ru
domain:admetrica.ru
domain:ads.yandex
domain:ads.yandex.ru
domain:adv.yandex.com
domain:adv.yandex.ru
domain:an.yandex.ru
domain:appmetrica.yandex.com
domain:appmetrica.yandex.net
domain:appmetrica.yandex.ru
domain:appmetrica.yango.com
domain:bs.yandex.ru
domain:clck.yandex.ru
domain:counter.yandex.ru
domain:mc.yandex.ru
domain:metrika.yandex.com
domain:metrika.yandex.net
domain:metrika.yandex.ru
domain:webvisor.com
domain:webvisor.org
domain:yabs.yandex.ru
domain:yads.tech
domain:yandex-metrica.ru
domain:yandexmetrica.com
domain:yango-ads.com
full:adfstat.yandex.ru
full:ads.yandex.com
full:ads.yango.com
full:adsdk.yandex.ru
full:amc.yandex.ru
full:analytics.mobile.yandex.net
full:clck.yandex.com
full:clck.yandex.net
full:clck.yango.com
full:informer.yandex.ru
full:log.strm.yandex.ru
full:mc.yandex.com
full:mc.yandex.net
full:mc.yango.com
full:pixel.yandex.com
full:report.ap.yandex-net.ru
