full:ykimg.alicdn.com
domain:9xsecndns.cn
domain:kumiao.com
domain:soku.com
domain:tudou.com
domain:ykimg.com
domain:youku.com
domain:youkuhonor.com
domain:youku.tv
domain:youkuplay.com
domain:ad.api.3g.youku.com
domain:ad.api.mobile.youku.com
domain:ad.mobile.youku.com
domain:adashx.ut.youku.com
domain:atm.youku.com
domain:e.stat.ykimg.com
domain:ems.youku.com
domain:guanggaoad.youku.com
domain:h-adashx.ut.youku.com
domain:lstat.youku.com
domain:mobilemsg.youku.com
domain:msg.youku.com
domain:p-log.ykimg.com
domain:passport-log.youku.com
domain:pl.youku.com
domain:s-adashx.ut.youku.com
domain:stat.youku.com
domain:statis.api.3g.youku.com
domain:v6-adashx.ut.youku.com
domain:yk-ssp.ad.youku.com
domain:ykad-data.youku.com
